JACK'S CAR RENTAL STARTING...
HASH STRING: 0063815901_73470_901_[1;20;5;10.0;-2.0;[3.0,4.0];[3.0,2.0];True;0.9;1.0e-04;1.0e-07;False;FTTTT]
============================================================================================================================================================================================================================================================
EXPERIMENT INFO:
{
  SEED: 1,
  JCR_MAX_CARS_AT_LOC: 20,
  JCR_MAX_CARS_MOVED: 5,
  JCR_REWARD_CAR_RENTED: 10.0,
  JCR_REWARD_CAR_MOVED: -2.0,
  JCR_REQUEST_POISSON_LAMBDAS_AT_LOC: [3.0, 4.0],
  JCR_RETURN_POISSON_LAMBDAS_AT_LOC: [3.0, 2.0],
  NUMPY_SINGLE_THREAD: True,
  GAMMA: 0.9,
  EPS: 0.0001,
  TOLERANCE_V: 1e-07,
  PLOTS: False,
  jcr_pi_contraction_cpu_numpy: (False, 'jcr_pi_contraction_cpu_numpy', 0, {}),
  jcr_pi_contraction_cuda_atomicmax: (True, 'jcr_pi_contraction_cuda_atomicmaxglosten', 5, {'lazy_stop_check': 5, 'tpb': 512}),
  jcr_pi_contraction_cuda_atomicmaxglosten: (True, 'jcr_pi_contraction_cuda_atomicmaxglosten', 5, {'lazy_stop_check': 5, 'tpb': 512}),
  jcr_pi_contraction_cuda_reducemax: (True, 'jcr_pi_contraction_cuda_reducemax', 5, {'lazy_stop_check': 5, 'tpb': 512}),
  jcr_pi_contraction_cuda_gridsync: (True, 'jcr_pi_contraction_cuda_gridsync', 5, {'tpb': 512})
}
============================================================================================================================================================================================================================================================
CPU AND SYSTEM:
{'cpu_name': 'AMD Ryzen 9 9950X 16-Core Processor',
 'os_machine': 'x86_64',
 'os_name': 'Linux 6.14.0-37-generic',
 'os_version': '#37~24.04.1-Ubuntu SMP PREEMPT_DYNAMIC Thu Nov 20 10:25:38 UTC '
               '2',
 'ram_size': '123.4 GB'}
GPU:
{'async_engine_count': 2,
 'can_map_host_memory': 1,
 'compute_capability': ComputeCapability(major=12, minor=0),
 'cores_per_SM': 128,
 'cores_total': 21760,
 'max_block_dim_x': 1024,
 'max_block_dim_y': 1024,
 'max_block_dim_z': 64,
 'max_grid_dim_x': 2147483647,
 'max_grid_dim_y': 65535,
 'max_grid_dim_z': 65535,
 'max_shared_memory_per_block': 49152,
 'max_threads_per_block': 1024,
 'multiprocessor_count': 170,
 'name': 'NVIDIA GeForce RTX 5090',
 'pci_bus_id': 1,
 'pci_device_id': 0,
 'unified_addressing': 1,
 'warp_size': 32}
============================================================================================================================================================================================================================================================
JCR INFO:
{
  MAX_CARS_AT_LOC: 20,
  MAX_CARS_MOVED: 5,
  REWARD_CAR_RENTED: 10.0,
  REWARD_CAR_MOVED: -2.0,
  REQUEST_POISSON_LAMBDAS_AT_LOC: [3.0, 4.0],
  RETURN_POISSON_LAMBDAS_AT_LOC: [3.0, 2.0]
}
JCR MDP JOINT DISTRIBUTION...
UNPICKLE OBJECTS... [from file: ../mdp_joint_distrs/mdp_joint_distr_jcr_20_5.pkl]
UNPICKLE OBJECTS DONE. [time: 0.058321237564086914 s]
JCR MDP JOINT DISTRIBUTION READY. [shape: (441, 11, 41, 441), entries: 87710931, type: float32, 0.33 GiB copied to device (gpu) in: 0.026773452758789062 s]
============================================================================================================================================================================================================================================================
V FOR INITIAL POLICY ZEROED. [shape: (441,)]
RANDOM INITIAL POLICY [shape: (441,)]:
[ 0 -4  2  2  3  2  4  0  0 -4 -4 -5 -5 -5 -2 -4  1  2  1 -1  1 -3  4 -3
 -1  2 -5  0 -3 -3  5 -1  3  1  1  5  0 -3 -3 -2 -1  4  2 -1  2  4  1 -4
 -3  2 -5  5 -5  1  1 -1  4  4  4  2 -4 -4  1  4  0 -4 -5 -4 -1 -4 -3  3
  0  3 -5 -2  1  5  5  5  4  3  2  2 -2 -2  1 -4  0  3 -4  5  4 -2 -3 -1
  3  0 -4  0 -4  5  2 -1  5 -5 -2  4  4 -3 -5  1 -5 -1  2  4  5 -3  0  2
  2  5  4  2  3  4  1 -5  4  4 -2  2  5 -2  2  1 -1  4  4  0  0  4  3 -2
  3  1  2  3 -5 -2 -3  5  5  1  2  2  5  4  2  4  4  2 -2 -5  5 -2 -5 -2
  3 -3  2 -5  2 -4 -4 -1  4 -2  2 -5 -1  3  4  1 -5  1 -1  0 -1  1 -3  5
 -5 -4  0  3 -1  2  0 -4  3 -4  2 -2 -1 -4  4 -1  2  1  2 -1 -1 -4  4 -5
  2 -3  0 -5  4  5  1  2 -5 -4 -4  3  2 -3  4  3  5 -4 -2 -1  4 -5  0  3
 -4  1  2  4  3 -3  2 -2 -1 -4  2 -3 -1  0  2 -4 -3  1  5  1  0 -5 -4  4
 -3  1  5  1 -3  2 -2  2  2 -5  1  0  0 -3 -4  5  1 -1  1 -4 -5  1  0 -2
 -4  1 -3 -4  0  0 -1 -1  5  2 -5  2  3  4  4  0 -2  2 -5 -5 -5  4 -2 -1
  4 -4  0 -1 -1 -3 -1  0  1  4  1  3 -1  3  4  1 -3 -1  2 -5  0  5  0  1
 -1 -1  0  0  3  0  3 -3  2  0 -4  5 -4  4 -5 -1  3  0  4  2 -5  4  5  3
 -5 -2 -1 -1 -3  2 -5  5  1 -5  1 -2  0 -1  1 -4 -3  5 -1  5 -2  4 -5 -4
  1  5 -5 -2  0  0  2  5 -3  0  1 -4  5 -5  3  2 -2  4 -5 -1  3 -1  3  2
 -3  1  2  4  4 -5 -4  1 -2  3  3 -4  5 -1  3 -2 -3 -2  5  2  1 -2  2 -3
 -2 -2  0  4  1 -2  1 -3  2]
============================================================================================================================================================================================================================================================
PI CONTRACTION APPROACH 2: jcr_pi_contraction_cuda_atomicmax...
---
REPETITION: 1/5:
JCR PI CONTRACTION CUDA ATOMICMAXGLOSTEN... [gamma: 0.9, eps: 0.0001, tolerance_v: 1e-07, lazy_stop_check: 5, tpb: 512]
[bpg: 441 (implied by number of states)]
JCR PI CONTRACTION CUDA ATOMICMAXGLOSTEN DONE. [d_inf: 6.1035156e-05, main iterations: 4, evaluation iterations total: 420, time: 0.06215476989746094 s]
---
REPETITION: 2/5:
JCR PI CONTRACTION CUDA ATOMICMAXGLOSTEN... [gamma: 0.9, eps: 0.0001, tolerance_v: 1e-07, lazy_stop_check: 5, tpb: 512]
[bpg: 441 (implied by number of states)]
JCR PI CONTRACTION CUDA ATOMICMAXGLOSTEN DONE. [d_inf: 6.1035156e-05, main iterations: 4, evaluation iterations total: 420, time: 0.060622453689575195 s]
---
REPETITION: 3/5:
JCR PI CONTRACTION CUDA ATOMICMAXGLOSTEN... [gamma: 0.9, eps: 0.0001, tolerance_v: 1e-07, lazy_stop_check: 5, tpb: 512]
[bpg: 441 (implied by number of states)]
JCR PI CONTRACTION CUDA ATOMICMAXGLOSTEN DONE. [d_inf: 6.1035156e-05, main iterations: 4, evaluation iterations total: 420, time: 0.0605618953704834 s]
---
REPETITION: 4/5:
JCR PI CONTRACTION CUDA ATOMICMAXGLOSTEN... [gamma: 0.9, eps: 0.0001, tolerance_v: 1e-07, lazy_stop_check: 5, tpb: 512]
[bpg: 441 (implied by number of states)]
JCR PI CONTRACTION CUDA ATOMICMAXGLOSTEN DONE. [d_inf: 6.1035156e-05, main iterations: 4, evaluation iterations total: 420, time: 0.06055951118469238 s]
---
REPETITION: 5/5:
JCR PI CONTRACTION CUDA ATOMICMAXGLOSTEN... [gamma: 0.9, eps: 0.0001, tolerance_v: 1e-07, lazy_stop_check: 5, tpb: 512]
[bpg: 441 (implied by number of states)]
JCR PI CONTRACTION CUDA ATOMICMAXGLOSTEN DONE. [d_inf: 6.1035156e-05, main iterations: 4, evaluation iterations total: 420, time: 0.06060457229614258 s]
***
SUMMARY:
V OUT:
[421.41388 431.3861  441.24182 450.8471  460.07993 468.87207 477.21042
 485.1142  492.9775  500.47333 507.88538 514.99115 521.7484  528.3488
 534.74304 540.8336  546.6405  552.1804  557.60565 562.8135  567.7684
 431.28766 441.25977 451.11517 460.71964 469.95096 478.74094 487.0767
 494.97748 502.47333 509.88538 516.9911  523.7484  530.3488  536.74304
 542.8336  548.6405  554.1804  559.6056  564.8135  569.7683  574.4612
 440.76117 450.73303 460.58688 470.18747 479.41183 488.1921  496.51605
 504.40375 511.88544 518.99115 525.7484  532.3488  538.74304 544.8336
 550.6405  556.1804  561.6056  566.8135  571.7683  576.4612  580.8573
 449.58435 459.55542 469.40543 478.99622 488.2032  496.95908 505.25385
 513.1096  520.55786 527.6286  534.3488  540.74304 546.8336  552.6405
 558.1804  563.6056  568.8135  573.7683  578.4612  582.8573  586.97046
 457.67487 467.64447 477.48737 487.05994 496.23474 504.94574 513.18713
 520.9856  528.3751  535.3867  542.0465  548.37787 554.40234 560.1394
 565.6056  570.8135  575.7684  580.4612  584.8573  588.97046 592.89233
 465.64447 475.48734 485.05994 494.4506  503.57617 512.2186  520.37897
 528.0912  535.3943  542.3211  548.89734 555.14514 561.0847  566.7347
 572.1111  577.2261  582.0846  586.6774  590.9705  594.89233 598.334
 473.48737 483.05994 492.45056 501.57614 510.36328 518.9138  526.9656
 534.5628  541.7521  548.5691  555.04016 561.18616 567.0256  572.5758
 577.85205 582.86584 587.6214  592.10925 596.29553 600.1113  603.4518
 481.05994 490.4506  499.57614 508.36328 516.9138  525.1601  533.0791
 540.5359  547.58636 554.27124 560.6177  566.6453  572.37134 577.8115
 582.98004 587.88727 592.53687 596.91895 601.00024 604.71344 607.958
 488.45056 497.5761  506.36328 514.9138  523.16003 531.07916 538.81714
 546.1134  553.005   559.5389  565.7438  571.6388  577.23944 582.56024
 587.6138  592.40967 596.9508  601.2269  605.20526 608.8202  611.9747
 495.5761  504.36328 512.9138  521.1601  529.0791  536.81714 544.24243
 551.3645  558.0829  564.4513  570.5013  576.25165 581.7166  586.90924
 591.84106 596.5205  600.94995 605.1189  608.9949  612.5143  615.58264
 502.36328 510.91385 519.16003 527.0791  534.8172  542.2425  549.3932
 556.3334  562.8695  569.06287 574.9482  580.5445  585.8653  590.92224
 595.7258  600.2839  604.59796 608.6574  612.43054 615.855   618.83936
 508.91382 517.1601  525.0791  532.8172  540.2425  547.3932  554.3334
 561.04785 567.39716 573.40967 579.12366 584.5593  589.7294  594.64453
 599.3146  603.74664 607.94165 611.88904 615.55774 618.88696 621.7877
 515.1601  523.0791  530.8172  538.24255 545.3932  552.3334  559.04785
 565.52515 571.68604 577.5148  583.05347 588.32367 593.33813 598.10693
 602.6392  606.94135 611.0143  614.8472  618.40985 621.64294 624.46
 521.0491  528.8172  536.2425  543.3932  550.3334  557.04785 563.52515
 569.77466 575.74756 581.3911  586.75195 591.8535  596.70886 601.328
 605.7192  609.8887  613.83704 617.5538  621.00916 624.14545 626.8786
 526.6371  534.2425  541.3932  548.33344 555.04785 561.52515 567.77466
 573.7988  579.58453 585.0424  590.2239  595.15466 599.8484  604.3152
 608.56323 612.5982  616.42065 620.02026 623.3678  626.40735 629.0568
 531.9564  539.3932  546.3334  553.04785 559.52515 565.7747  571.7987
 577.5891  583.1895  588.4621  593.46344 598.222   602.75287 607.06616
 611.1699  615.0698  618.7661  622.24866 625.4891  628.4327  630.99976
 537.02563 544.29236 551.04785 557.52515 563.77466 569.79877 575.5891
 581.1895  586.53906 591.62854 596.4511  601.0383  605.40674 609.5672
 613.5277  617.2936  620.8651  624.2324  627.3678  630.2179  632.70496
 541.85614 548.9542  555.52515 561.7747  567.79877 573.5891  579.1895
 584.53906 589.62854 594.5     599.14923 603.5698  607.7804  611.79236
 615.6138  619.2499  622.7009  625.9572  628.9918  631.75287 634.1642
 546.4544  553.3867  559.7747  565.7987  571.5891  577.1895  582.53906
 587.62854 592.5     597.1492  601.5699  605.7804  609.8304  613.704
 617.3959  620.91113 624.2501  627.4035  630.3452  633.02454 635.3669
 550.8213  557.5912  563.7988  569.5891  575.18945 580.53906 585.62854
 590.5     595.1492  599.5698  603.7804  607.8304  611.704   615.3958
 618.9111  622.25006 625.49036 628.55383 631.4147  634.02325 636.3064
 554.9475  561.55896 567.5891  573.1896  578.53906 583.62854 588.5
 593.1492  597.5698  601.7804  605.8303  609.704   613.3958  616.91113
 620.2501  623.49036 626.55383 629.4147  632.2012  634.7533  636.9894 ]
POLICY OUT:
[ 0  0  0  0  0  0  0  0 -1 -1 -2 -2 -2 -3 -3 -3 -3 -3 -4 -4 -4  0  0  0
  0  0  0  0  0  0 -1 -1 -1 -2 -2 -2 -2 -2 -3 -3 -3 -3  0  0  0  0  0  0
  0  0  0  0  0 -1 -1 -1 -1 -1 -2 -2 -2 -2 -2  0  0  0  0  0  0  0  0  0
  0  0  0  0  0  0 -1 -1 -1 -1 -1 -2  0  0  0  0  0  0  0  0  0  0  0  0
  0  0  0  0  0  0  0 -1 -1  1  1  1  0  0  0  0  0  0  0  0  0  0  0  0
  0  0  0  0  0  0  2  2  1  1  0  0  0  0  0  0  0  0  0  0  0  0  0  0
  0  0  0  3  2  2  1  1  0  0  0  0  0  0  0  0  0  0  0  0  0  0  0  0
  3  3  2  2  1  1  0  0  0  0  0  0  0  0  0  0  0  0  0  0  0  4  3  3
  2  2  1  0  0  0  0  0  0  0  0  0  0  0  0  0  0  0  4  4  3  3  2  1
  0  0  0  0  0  0  0  0  0  0  0  0  0  0  0  5  4  4  3  2  1  1  0  0
  0  0  0  0  0  0  0  0  0  0  0  0  5  5  4  3  2  2  1  0  0  0  0  0
  0  0  0  0  0  0  0  0  0  5  5  4  3  3  2  1  0  0  0  0  0  0  0  0
  0  0  0  0  0  0  5  5  4  4  3  2  1  0  0  0  0  0  0  0  0  0  0  0
  0  0  0  5  5  5  4  3  2  1  0  0  0  0  0  0  0  0  0  0  0  0  0  0
  5  5  5  4  3  2  1  1  0  0  0  0  0  0  0  0  0  0  0  0  0  5  5  5
  4  3  2  2  1  1  0  0  0  0  0  0  0  0  0  0  0  0  5  5  5  4  3  3
  2  2  1  1  1  1  0  0  0  0  0  0  0  0  0  5  5  5  4  4  3  3  2  2
  2  2  1  1  1  1  1  0  0  0  0  0  5  5  5  5  4  4  3  3  3  3  2  2
  2  2  2  1  1  1  0  0  0]
D_INF OF V VS REF: 0.0
D_INF OF POLICY VS REF: 0
D_INF (AT STOP) MEAN: 6.103515625e-05
MAIN ITERATIONS MEAN: 4.0
EVAL ITERATIONS TOTAL MEAN: 420.0
TIME MEAN: 0.060900640487670896 s, STD: 0.0006275352262525 s, STD_%: 1.0%
SPEEDUP VS REF: 1.0
============================================================================================================================================================================================================================================================
PI CONTRACTION APPROACH 3: jcr_pi_contraction_cuda_atomicmaxglosten...
---
REPETITION: 1/5:
JCR PI CONTRACTION CUDA ATOMICMAXGLOSTEN... [gamma: 0.9, eps: 0.0001, tolerance_v: 1e-07, lazy_stop_check: 5, tpb: 512]
[bpg: 441 (implied by number of states)]
JCR PI CONTRACTION CUDA ATOMICMAXGLOSTEN DONE. [d_inf: 6.1035156e-05, main iterations: 4, evaluation iterations total: 420, time: 0.060767412185668945 s]
---
REPETITION: 2/5:
JCR PI CONTRACTION CUDA ATOMICMAXGLOSTEN... [gamma: 0.9, eps: 0.0001, tolerance_v: 1e-07, lazy_stop_check: 5, tpb: 512]
[bpg: 441 (implied by number of states)]
JCR PI CONTRACTION CUDA ATOMICMAXGLOSTEN DONE. [d_inf: 6.1035156e-05, main iterations: 4, evaluation iterations total: 420, time: 0.06061673164367676 s]
---
REPETITION: 3/5:
JCR PI CONTRACTION CUDA ATOMICMAXGLOSTEN... [gamma: 0.9, eps: 0.0001, tolerance_v: 1e-07, lazy_stop_check: 5, tpb: 512]
[bpg: 441 (implied by number of states)]
JCR PI CONTRACTION CUDA ATOMICMAXGLOSTEN DONE. [d_inf: 6.1035156e-05, main iterations: 4, evaluation iterations total: 420, time: 0.060632944107055664 s]
---
REPETITION: 4/5:
JCR PI CONTRACTION CUDA ATOMICMAXGLOSTEN... [gamma: 0.9, eps: 0.0001, tolerance_v: 1e-07, lazy_stop_check: 5, tpb: 512]
[bpg: 441 (implied by number of states)]
JCR PI CONTRACTION CUDA ATOMICMAXGLOSTEN DONE. [d_inf: 6.1035156e-05, main iterations: 4, evaluation iterations total: 420, time: 0.0606381893157959 s]
---
REPETITION: 5/5:
JCR PI CONTRACTION CUDA ATOMICMAXGLOSTEN... [gamma: 0.9, eps: 0.0001, tolerance_v: 1e-07, lazy_stop_check: 5, tpb: 512]
[bpg: 441 (implied by number of states)]
JCR PI CONTRACTION CUDA ATOMICMAXGLOSTEN DONE. [d_inf: 6.1035156e-05, main iterations: 4, evaluation iterations total: 420, time: 0.06057310104370117 s]
***
SUMMARY:
V OUT:
[421.41388 431.3861  441.24182 450.8471  460.07993 468.87207 477.21042
 485.1142  492.9775  500.47333 507.88538 514.99115 521.7484  528.3488
 534.74304 540.8336  546.6405  552.1804  557.60565 562.8135  567.7684
 431.28766 441.25977 451.11517 460.71964 469.95096 478.74094 487.0767
 494.97748 502.47333 509.88538 516.9911  523.7484  530.3488  536.74304
 542.8336  548.6405  554.1804  559.6056  564.8135  569.7683  574.4612
 440.76117 450.73303 460.58688 470.18747 479.41183 488.1921  496.51605
 504.40375 511.88544 518.99115 525.7484  532.3488  538.74304 544.8336
 550.6405  556.1804  561.6056  566.8135  571.7683  576.4612  580.8573
 449.58435 459.55542 469.40543 478.99622 488.2032  496.95908 505.25385
 513.1096  520.55786 527.6286  534.3488  540.74304 546.8336  552.6405
 558.1804  563.6056  568.8135  573.7683  578.4612  582.8573  586.97046
 457.67487 467.64447 477.48737 487.05994 496.23474 504.94574 513.18713
 520.9856  528.3751  535.3867  542.0465  548.37787 554.40234 560.1394
 565.6056  570.8135  575.7684  580.4612  584.8573  588.97046 592.89233
 465.64447 475.48734 485.05994 494.4506  503.57617 512.2186  520.37897
 528.0912  535.3943  542.3211  548.89734 555.14514 561.0847  566.7347
 572.1111  577.2261  582.0846  586.6774  590.9705  594.89233 598.334
 473.48737 483.05994 492.45056 501.57614 510.36328 518.9138  526.9656
 534.5628  541.7521  548.5691  555.04016 561.18616 567.0256  572.5758
 577.85205 582.86584 587.6214  592.10925 596.29553 600.1113  603.4518
 481.05994 490.4506  499.57614 508.36328 516.9138  525.1601  533.0791
 540.5359  547.58636 554.27124 560.6177  566.6453  572.37134 577.8115
 582.98004 587.88727 592.53687 596.91895 601.00024 604.71344 607.958
 488.45056 497.5761  506.36328 514.9138  523.16003 531.07916 538.81714
 546.1134  553.005   559.5389  565.7438  571.6388  577.23944 582.56024
 587.6138  592.40967 596.9508  601.2269  605.20526 608.8202  611.9747
 495.5761  504.36328 512.9138  521.1601  529.0791  536.81714 544.24243
 551.3645  558.0829  564.4513  570.5013  576.25165 581.7166  586.90924
 591.84106 596.5205  600.94995 605.1189  608.9949  612.5143  615.58264
 502.36328 510.91385 519.16003 527.0791  534.8172  542.2425  549.3932
 556.3334  562.8695  569.06287 574.9482  580.5445  585.8653  590.92224
 595.7258  600.2839  604.59796 608.6574  612.43054 615.855   618.83936
 508.91382 517.1601  525.0791  532.8172  540.2425  547.3932  554.3334
 561.04785 567.39716 573.40967 579.12366 584.5593  589.7294  594.64453
 599.3146  603.74664 607.94165 611.88904 615.55774 618.88696 621.7877
 515.1601  523.0791  530.8172  538.24255 545.3932  552.3334  559.04785
 565.52515 571.68604 577.5148  583.05347 588.32367 593.33813 598.10693
 602.6392  606.94135 611.0143  614.8472  618.40985 621.64294 624.46
 521.0491  528.8172  536.2425  543.3932  550.3334  557.04785 563.52515
 569.77466 575.74756 581.3911  586.75195 591.8535  596.70886 601.328
 605.7192  609.8887  613.83704 617.5538  621.00916 624.14545 626.8786
 526.6371  534.2425  541.3932  548.33344 555.04785 561.52515 567.77466
 573.7988  579.58453 585.0424  590.2239  595.15466 599.8484  604.3152
 608.56323 612.5982  616.42065 620.02026 623.3678  626.40735 629.0568
 531.9564  539.3932  546.3334  553.04785 559.52515 565.7747  571.7987
 577.5891  583.1895  588.4621  593.46344 598.222   602.75287 607.06616
 611.1699  615.0698  618.7661  622.24866 625.4891  628.4327  630.99976
 537.02563 544.29236 551.04785 557.52515 563.77466 569.79877 575.5891
 581.1895  586.53906 591.62854 596.4511  601.0383  605.40674 609.5672
 613.5277  617.2936  620.8651  624.2324  627.3678  630.2179  632.70496
 541.85614 548.9542  555.52515 561.7747  567.79877 573.5891  579.1895
 584.53906 589.62854 594.5     599.14923 603.5698  607.7804  611.79236
 615.6138  619.2499  622.7009  625.9572  628.9918  631.75287 634.1642
 546.4544  553.3867  559.7747  565.7987  571.5891  577.1895  582.53906
 587.62854 592.5     597.1492  601.5699  605.7804  609.8304  613.704
 617.3959  620.91113 624.2501  627.4035  630.3452  633.02454 635.3669
 550.8213  557.5912  563.7988  569.5891  575.18945 580.53906 585.62854
 590.5     595.1492  599.5698  603.7804  607.8304  611.704   615.3958
 618.9111  622.25006 625.49036 628.55383 631.4147  634.02325 636.3064
 554.9475  561.55896 567.5891  573.1896  578.53906 583.62854 588.5
 593.1492  597.5698  601.7804  605.8303  609.704   613.3958  616.91113
 620.2501  623.49036 626.55383 629.4147  632.2012  634.7533  636.9894 ]
POLICY OUT:
[ 0  0  0  0  0  0  0  0 -1 -1 -2 -2 -2 -3 -3 -3 -3 -3 -4 -4 -4  0  0  0
  0  0  0  0  0  0 -1 -1 -1 -2 -2 -2 -2 -2 -3 -3 -3 -3  0  0  0  0  0  0
  0  0  0  0  0 -1 -1 -1 -1 -1 -2 -2 -2 -2 -2  0  0  0  0  0  0  0  0  0
  0  0  0  0  0  0 -1 -1 -1 -1 -1 -2  0  0  0  0  0  0  0  0  0  0  0  0
  0  0  0  0  0  0  0 -1 -1  1  1  1  0  0  0  0  0  0  0  0  0  0  0  0
  0  0  0  0  0  0  2  2  1  1  0  0  0  0  0  0  0  0  0  0  0  0  0  0
  0  0  0  3  2  2  1  1  0  0  0  0  0  0  0  0  0  0  0  0  0  0  0  0
  3  3  2  2  1  1  0  0  0  0  0  0  0  0  0  0  0  0  0  0  0  4  3  3
  2  2  1  0  0  0  0  0  0  0  0  0  0  0  0  0  0  0  4  4  3  3  2  1
  0  0  0  0  0  0  0  0  0  0  0  0  0  0  0  5  4  4  3  2  1  1  0  0
  0  0  0  0  0  0  0  0  0  0  0  0  5  5  4  3  2  2  1  0  0  0  0  0
  0  0  0  0  0  0  0  0  0  5  5  4  3  3  2  1  0  0  0  0  0  0  0  0
  0  0  0  0  0  0  5  5  4  4  3  2  1  0  0  0  0  0  0  0  0  0  0  0
  0  0  0  5  5  5  4  3  2  1  0  0  0  0  0  0  0  0  0  0  0  0  0  0
  5  5  5  4  3  2  1  1  0  0  0  0  0  0  0  0  0  0  0  0  0  5  5  5
  4  3  2  2  1  1  0  0  0  0  0  0  0  0  0  0  0  0  5  5  5  4  3  3
  2  2  1  1  1  1  0  0  0  0  0  0  0  0  0  5  5  5  4  4  3  3  2  2
  2  2  1  1  1  1  1  0  0  0  0  0  5  5  5  5  4  4  3  3  3  3  2  2
  2  2  2  1  1  1  0  0  0]
D_INF OF V VS REF: 0.0
D_INF OF POLICY VS REF: 0
D_INF (AT STOP) MEAN: 6.103515625e-05
MAIN ITERATIONS MEAN: 4.0
EVAL ITERATIONS TOTAL MEAN: 420.0
TIME MEAN: 0.060645675659179686 s, STD: 6.502730270233378e-05 s, STD_%: 0.1%
SPEEDUP VS REF: 1.004204171620151
============================================================================================================================================================================================================================================================
PI CONTRACTION APPROACH 4: jcr_pi_contraction_cuda_reducemax...
---
REPETITION: 1/5:
JCR PI CONTRACTION CUDA REDUCEMAX... [gamma: 0.9, eps: 0.0001, tolerance_v: 1e-07, lazy_stop_check: 5, tpb: 512]
[bpg: 441 (implied by number of states)]
JCR PI CONTRACTION CUDA REDUCEMAX DONE. [d_inf: 6.1035156e-05, main iterations: 4, evaluation iterations total: 420, time: 0.04241538047790527 s]
---
REPETITION: 2/5:
JCR PI CONTRACTION CUDA REDUCEMAX... [gamma: 0.9, eps: 0.0001, tolerance_v: 1e-07, lazy_stop_check: 5, tpb: 512]
[bpg: 441 (implied by number of states)]
JCR PI CONTRACTION CUDA REDUCEMAX DONE. [d_inf: 6.1035156e-05, main iterations: 4, evaluation iterations total: 420, time: 0.04247760772705078 s]
---
REPETITION: 3/5:
JCR PI CONTRACTION CUDA REDUCEMAX... [gamma: 0.9, eps: 0.0001, tolerance_v: 1e-07, lazy_stop_check: 5, tpb: 512]
[bpg: 441 (implied by number of states)]
JCR PI CONTRACTION CUDA REDUCEMAX DONE. [d_inf: 6.1035156e-05, main iterations: 4, evaluation iterations total: 420, time: 0.04236960411071777 s]
---
REPETITION: 4/5:
JCR PI CONTRACTION CUDA REDUCEMAX... [gamma: 0.9, eps: 0.0001, tolerance_v: 1e-07, lazy_stop_check: 5, tpb: 512]
[bpg: 441 (implied by number of states)]
JCR PI CONTRACTION CUDA REDUCEMAX DONE. [d_inf: 6.1035156e-05, main iterations: 4, evaluation iterations total: 420, time: 0.04241180419921875 s]
---
REPETITION: 5/5:
JCR PI CONTRACTION CUDA REDUCEMAX... [gamma: 0.9, eps: 0.0001, tolerance_v: 1e-07, lazy_stop_check: 5, tpb: 512]
[bpg: 441 (implied by number of states)]
JCR PI CONTRACTION CUDA REDUCEMAX DONE. [d_inf: 6.1035156e-05, main iterations: 4, evaluation iterations total: 420, time: 0.04240703582763672 s]
***
SUMMARY:
V OUT:
[421.41388 431.3861  441.24182 450.8471  460.07993 468.87204 477.2104
 485.11417 492.9775  500.47333 507.88538 514.99115 521.7484  528.3488
 534.743   540.8336  546.6405  552.1804  557.60565 562.8135  567.7684
 431.28766 441.25977 451.11517 460.71964 469.95096 478.74094 487.07666
 494.97748 502.47333 509.88538 516.9911  523.7484  530.3488  536.74304
 542.8336  548.6405  554.1804  559.6056  564.8135  569.7683  574.4612
 440.76117 450.73303 460.58688 470.18744 479.4118  488.19208 496.51605
 504.40372 511.8854  518.99115 525.7484  532.3488  538.74304 544.8336
 550.6405  556.1804  561.6056  566.8135  571.7683  576.4612  580.8573
 449.58435 459.55542 469.40543 478.99622 488.2032  496.95905 505.25385
 513.1096  520.55786 527.6286  534.3488  540.74304 546.8336  552.6405
 558.1804  563.6056  568.8135  573.7683  578.4612  582.8573  586.97046
 457.67487 467.64447 477.48737 487.05994 496.2347  504.94574 513.18713
 520.98553 528.3751  535.3867  542.0465  548.37787 554.40234 560.1394
 565.6056  570.8135  575.7684  580.4612  584.8573  588.97046 592.89233
 465.64447 475.48734 485.05994 494.45056 503.57614 512.2186  520.37897
 528.0912  535.3943  542.3211  548.89734 555.14514 561.0847  566.7347
 572.1111  577.2261  582.0846  586.6774  590.9705  594.89233 598.334
 473.48734 483.05994 492.45056 501.57614 510.36328 518.9138  526.9656
 534.5628  541.7521  548.5691  555.04016 561.18616 567.0256  572.5758
 577.85205 582.86584 587.6214  592.10925 596.29553 600.1113  603.4518
 481.05994 490.45056 499.5761  508.36328 516.9138  525.1601  533.0791
 540.5359  547.58636 554.27124 560.6177  566.64526 572.37134 577.8115
 582.98004 587.88727 592.53687 596.91895 601.00024 604.71344 607.958
 488.45056 497.5761  506.36325 514.9138  523.16003 531.0791  538.81714
 546.1134  553.005   559.5389  565.7438  571.6388  577.23944 582.56024
 587.6138  592.40967 596.9508  601.2269  605.20526 608.8202  611.9747
 495.5761  504.36328 512.9138  521.16003 529.0791  536.81714 544.24243
 551.3645  558.0829  564.4513  570.5013  576.25165 581.7166  586.90924
 591.841   596.5205  600.94995 605.1189  608.9949  612.5143  615.58264
 502.36325 510.91382 519.16003 527.0791  534.8172  542.2425  549.3932
 556.3334  562.8695  569.06287 574.9482  580.5445  585.8653  590.92224
 595.7258  600.2839  604.59796 608.6574  612.43054 615.855   618.83936
 508.91382 517.1601  525.0791  532.8172  540.2425  547.3932  554.3334
 561.04785 567.39716 573.40967 579.12366 584.5593  589.7294  594.64453
 599.3146  603.74664 607.94165 611.88904 615.55774 618.88696 621.7877
 515.1601  523.0791  530.8172  538.2425  545.3932  552.3334  559.04785
 565.52515 571.68604 577.5148  583.05347 588.32367 593.33813 598.10693
 602.6392  606.94135 611.0143  614.8472  618.40985 621.64294 624.46
 521.0491  528.8172  536.2425  543.3932  550.3334  557.04785 563.52515
 569.77466 575.74756 581.3911  586.75195 591.8535  596.70886 601.328
 605.7192  609.8887  613.83704 617.5538  621.00916 624.14545 626.8786
 526.6371  534.2425  541.3932  548.33344 555.04785 561.52515 567.77466
 573.7988  579.58453 585.0424  590.2239  595.1546  599.8484  604.3152
 608.56323 612.5982  616.42065 620.02026 623.3678  626.40735 629.0568
 531.9564  539.3932  546.3334  553.04785 559.52515 565.77466 571.7987
 577.5891  583.1895  588.4621  593.46344 598.222   602.75287 607.06616
 611.1699  615.0698  618.7661  622.24866 625.4891  628.4327  630.99976
 537.02563 544.29236 551.04785 557.52515 563.77466 569.79877 575.5891
 581.1895  586.53906 591.62854 596.4511  601.0383  605.40674 609.5672
 613.5277  617.2936  620.8651  624.2324  627.3678  630.2179  632.70496
 541.85614 548.9542  555.52515 561.7747  567.79877 573.5891  579.1895
 584.53906 589.62854 594.5     599.14923 603.5698  607.7804  611.79236
 615.6138  619.2499  622.7009  625.9572  628.9918  631.75287 634.1642
 546.4544  553.3867  559.7747  565.7987  571.5891  577.1895  582.53906
 587.62854 592.5     597.1492  601.5698  605.7804  609.8304  613.704
 617.3959  620.91113 624.2501  627.4035  630.3452  633.02454 635.3669
 550.8213  557.5912  563.7988  569.5891  575.18945 580.53906 585.62854
 590.5     595.1492  599.5698  603.7804  607.8304  611.704   615.39575
 618.9111  622.25006 625.49036 628.55383 631.4147  634.02325 636.3064
 554.9475  561.55896 567.5891  573.1896  578.53906 583.62854 588.5
 593.1492  597.5698  601.7804  605.8303  609.704   613.3958  616.91113
 620.2501  623.49036 626.55383 629.4147  632.2011  634.7533  636.9894 ]
POLICY OUT:
[ 0  0  0  0  0  0  0  0 -1 -1 -2 -2 -2 -3 -3 -3 -3 -3 -4 -4 -4  0  0  0
  0  0  0  0  0  0 -1 -1 -1 -2 -2 -2 -2 -2 -3 -3 -3 -3  0  0  0  0  0  0
  0  0  0  0  0 -1 -1 -1 -1 -1 -2 -2 -2 -2 -2  0  0  0  0  0  0  0  0  0
  0  0  0  0  0  0 -1 -1 -1 -1 -1 -2  0  0  0  0  0  0  0  0  0  0  0  0
  0  0  0  0  0  0  0 -1 -1  1  1  1  0  0  0  0  0  0  0  0  0  0  0  0
  0  0  0  0  0  0  2  2  1  1  0  0  0  0  0  0  0  0  0  0  0  0  0  0
  0  0  0  3  2  2  1  1  0  0  0  0  0  0  0  0  0  0  0  0  0  0  0  0
  3  3  2  2  1  1  0  0  0  0  0  0  0  0  0  0  0  0  0  0  0  4  3  3
  2  2  1  0  0  0  0  0  0  0  0  0  0  0  0  0  0  0  4  4  3  3  2  1
  0  0  0  0  0  0  0  0  0  0  0  0  0  0  0  5  4  4  3  2  1  1  0  0
  0  0  0  0  0  0  0  0  0  0  0  0  5  5  4  3  2  2  1  0  0  0  0  0
  0  0  0  0  0  0  0  0  0  5  5  4  3  3  2  1  0  0  0  0  0  0  0  0
  0  0  0  0  0  0  5  5  4  4  3  2  1  0  0  0  0  0  0  0  0  0  0  0
  0  0  0  5  5  5  4  3  2  1  0  0  0  0  0  0  0  0  0  0  0  0  0  0
  5  5  5  4  3  2  1  1  0  0  0  0  0  0  0  0  0  0  0  0  0  5  5  5
  4  3  2  2  1  1  0  0  0  0  0  0  0  0  0  0  0  0  5  5  5  4  3  3
  2  2  1  1  1  1  0  0  0  0  0  0  0  0  0  5  5  5  4  4  3  3  2  2
  2  2  1  1  1  1  1  0  0  0  0  0  5  5  5  5  4  4  3  3  3  3  2  2
  2  2  2  1  1  1  0  0  0]
D_INF OF V VS REF: 6.1035156e-05
D_INF OF POLICY VS REF: 0
D_INF (AT STOP) MEAN: 6.103515625e-05
MAIN ITERATIONS MEAN: 4.0
EVAL ITERATIONS TOTAL MEAN: 420.0
TIME MEAN: 0.04241628646850586 s, STD: 3.477362561369853e-05 s, STD_%: 0.1%
SPEEDUP VS REF: 1.4357843545047182
============================================================================================================================================================================================================================================================
PI CONTRACTION APPROACH 5: jcr_pi_contraction_cuda_gridsync...
---
REPETITION: 1/5:
JCR PI CONTRACTION CUDA GRIDSYNC... [gamma: 0.9, eps: 0.0001, tolerance_v: 1e-07, tpb: 512, assumed max_bpg_gridsync: None]
[discovered max_bpg_gridsync: 170; time: 8.702278137207031e-05 s]
[kernel eval -> bpg: 170 (cooperative group), tpb: 512, spb: 3]
[kernel improve -> bpg: 441 (implied by number of states), tpb: 512]
JCR PI CONTRACTION CUDA GRIDSYNC DONE. [d_inf: 6.1035156e-05, main iterations: 4, evaluation iterations total: 406, time: 0.03961920738220215 s]
---
REPETITION: 2/5:
JCR PI CONTRACTION CUDA GRIDSYNC... [gamma: 0.9, eps: 0.0001, tolerance_v: 1e-07, tpb: 512, assumed max_bpg_gridsync: None]
[discovered max_bpg_gridsync: 170; time: 4.3392181396484375e-05 s]
[kernel eval -> bpg: 170 (cooperative group), tpb: 512, spb: 3]
[kernel improve -> bpg: 441 (implied by number of states), tpb: 512]
JCR PI CONTRACTION CUDA GRIDSYNC DONE. [d_inf: 6.1035156e-05, main iterations: 4, evaluation iterations total: 406, time: 0.03939175605773926 s]
---
REPETITION: 3/5:
JCR PI CONTRACTION CUDA GRIDSYNC... [gamma: 0.9, eps: 0.0001, tolerance_v: 1e-07, tpb: 512, assumed max_bpg_gridsync: None]
[discovered max_bpg_gridsync: 170; time: 3.790855407714844e-05 s]
[kernel eval -> bpg: 170 (cooperative group), tpb: 512, spb: 3]
[kernel improve -> bpg: 441 (implied by number of states), tpb: 512]
JCR PI CONTRACTION CUDA GRIDSYNC DONE. [d_inf: 6.1035156e-05, main iterations: 4, evaluation iterations total: 406, time: 0.039324045181274414 s]
---
REPETITION: 4/5:
JCR PI CONTRACTION CUDA GRIDSYNC... [gamma: 0.9, eps: 0.0001, tolerance_v: 1e-07, tpb: 512, assumed max_bpg_gridsync: None]
[discovered max_bpg_gridsync: 170; time: 3.8623809814453125e-05 s]
[kernel eval -> bpg: 170 (cooperative group), tpb: 512, spb: 3]
[kernel improve -> bpg: 441 (implied by number of states), tpb: 512]
JCR PI CONTRACTION CUDA GRIDSYNC DONE. [d_inf: 6.1035156e-05, main iterations: 4, evaluation iterations total: 406, time: 0.03937840461730957 s]
---
REPETITION: 5/5:
JCR PI CONTRACTION CUDA GRIDSYNC... [gamma: 0.9, eps: 0.0001, tolerance_v: 1e-07, tpb: 512, assumed max_bpg_gridsync: None]
[discovered max_bpg_gridsync: 170; time: 3.7670135498046875e-05 s]
[kernel eval -> bpg: 170 (cooperative group), tpb: 512, spb: 3]
[kernel improve -> bpg: 441 (implied by number of states), tpb: 512]
JCR PI CONTRACTION CUDA GRIDSYNC DONE. [d_inf: 6.1035156e-05, main iterations: 4, evaluation iterations total: 406, time: 0.03939366340637207 s]
***
SUMMARY:
V OUT:
[421.41385 431.3861  441.24176 450.8471  460.0799  468.872   477.2104
 485.11417 492.97745 500.47327 507.88538 514.9911  521.7484  528.34875
 534.743   540.83356 546.6405  552.18036 557.6056  562.8135  567.7683
 431.2876  441.25977 451.11514 460.7196  469.95093 478.7409  487.07666
 494.97748 502.4733  509.88538 516.9911  523.7484  530.34875 536.743
 542.8336  548.6405  554.18036 559.6056  564.8135  569.7683  574.4612
 440.76114 450.733   460.58682 470.18744 479.4118  488.19208 496.51605
 504.4037  511.88538 518.9911  525.7484  532.3488  538.74304 544.83356
 550.6405  556.1804  561.6056  566.8135  571.7683  576.4612  580.8573
 449.58435 459.5554  469.40543 478.99615 488.2032  496.95905 505.25378
 513.1096  520.55786 527.62854 534.3488  540.743   546.83356 552.6405
 558.18036 563.6056  568.8135  573.7683  578.4612  582.8573  586.97046
 457.6748  467.64444 477.4873  487.0599  496.23468 504.94568 513.1871
 520.9855  528.3751  535.3867  542.04645 548.3778  554.40234 560.1394
 565.6056  570.8135  575.7683  580.4612  584.8573  588.97046 592.89233
 465.64444 475.4873  485.0599  494.45056 503.5761  512.21857 520.37897
 528.0911  535.3943  542.32104 548.8973  555.1451  561.0847  566.7347
 572.111   577.2261  582.08453 586.6774  590.97046 594.89233 598.334
 473.4873  483.0599  492.45053 501.5761  510.36325 518.9138  526.9656
 534.56274 541.752   548.5691  555.04016 561.1861  567.0255  572.57574
 577.85205 582.86584 587.62134 592.1092  596.29553 600.1113  603.4518
 481.0599  490.45053 499.5761  508.36325 516.9138  525.1601  533.0791
 540.5359  547.5863  554.27124 560.6176  566.64526 572.37134 577.8115
 582.98    587.88727 592.53687 596.91895 601.00024 604.71344 607.958
 488.45053 497.5761  506.36322 514.9138  523.16003 531.0791  538.81714
 546.1134  553.005   559.5389  565.7437  571.63873 577.23944 582.5602
 587.6138  592.40967 596.9508  601.2269  605.20526 608.8202  611.9747
 495.5761  504.36328 512.9138  521.16003 529.0791  536.81714 544.24243
 551.3645  558.0829  564.4513  570.5012  576.25165 581.7166  586.9092
 591.841   596.5205  600.94995 605.1189  608.9949  612.5142  615.58264
 502.36325 510.91382 519.16003 527.0791  534.8172  542.2425  549.3932
 556.3334  562.8695  569.06287 574.9482  580.54443 585.8653  590.92224
 595.7258  600.2839  604.5979  608.65735 612.43054 615.855   618.83936
 508.91382 517.16003 525.0791  532.8172  540.2425  547.3932  554.3334
 561.04785 567.3971  573.40967 579.12366 584.5593  589.7294  594.64453
 599.3146  603.7466  607.9416  611.88904 615.55774 618.88696 621.7877
 515.16003 523.0791  530.8172  538.24243 545.3932  552.3334  559.04785
 565.52515 571.68604 577.5148  583.05347 588.32367 593.3381  598.10693
 602.63916 606.94135 611.0142  614.8472  618.4098  621.64294 624.46
 521.0491  528.81714 536.2425  543.3932  550.3334  557.04785 563.52515
 569.77466 575.74756 581.3911  586.75195 591.8535  596.70886 601.3279
 605.7192  609.8887  613.83704 617.5538  621.00916 624.14545 626.8786
 526.6371  534.24243 541.3932  548.3334  555.04785 561.52515 567.77466
 573.7988  579.58453 585.0424  590.2239  595.15454 599.8484  604.3152
 608.56323 612.59814 616.42065 620.0202  623.3678  626.40735 629.0568
 531.9564  539.3932  546.3334  553.04785 559.52515 565.77466 571.7987
 577.58905 583.18945 588.4621  593.4634  598.222   602.75287 607.0661
 611.1699  615.0698  618.7661  622.24866 625.4891  628.4327  630.9997
 537.02563 544.29236 551.04785 557.52515 563.77466 569.79877 575.5891
 581.1895  586.539   591.62854 596.4511  601.03827 605.40674 609.56714
 613.5277  617.2936  620.8651  624.2324  627.3678  630.21783 632.70496
 541.8561  548.9542  555.52515 561.77466 567.79877 573.5891  579.1895
 584.53906 589.62854 594.5     599.1492  603.5698  607.7804  611.79236
 615.6138  619.2499  622.7009  625.9572  628.9918  631.75287 634.1642
 546.45435 553.3867  559.77466 565.7987  571.58905 577.1895  582.53906
 587.62854 592.5     597.1492  601.5698  605.7804  609.8304  613.704
 617.39575 620.91113 624.2501  627.4035  630.3452  633.02454 635.3669
 550.8212  557.5912  563.7988  569.58905 575.18945 580.53906 585.62854
 590.5     595.1492  599.5698  603.7804  607.8304  611.704   615.39575
 618.9111  622.25006 625.49036 628.55383 631.4146  634.0232  636.3064
 554.9475  561.55896 567.5891  573.1895  578.53906 583.62854 588.5
 593.1492  597.5698  601.7804  605.8303  609.704   613.39575 616.91113
 620.2501  623.49036 626.55383 629.4146  632.2011  634.75323 636.9894 ]
POLICY OUT:
[ 0  0  0  0  0  0  0  0 -1 -1 -2 -2 -2 -3 -3 -3 -3 -3 -4 -4 -4  0  0  0
  0  0  0  0  0  0 -1 -1 -1 -2 -2 -2 -2 -2 -3 -3 -3 -3  0  0  0  0  0  0
  0  0  0  0  0 -1 -1 -1 -1 -1 -2 -2 -2 -2 -2  0  0  0  0  0  0  0  0  0
  0  0  0  0  0  0 -1 -1 -1 -1 -1 -2  0  0  0  0  0  0  0  0  0  0  0  0
  0  0  0  0  0  0  0 -1 -1  1  1  1  0  0  0  0  0  0  0  0  0  0  0  0
  0  0  0  0  0  0  2  2  1  1  0  0  0  0  0  0  0  0  0  0  0  0  0  0
  0  0  0  3  2  2  1  1  0  0  0  0  0  0  0  0  0  0  0  0  0  0  0  0
  3  3  2  2  1  1  0  0  0  0  0  0  0  0  0  0  0  0  0  0  0  4  3  3
  2  2  1  0  0  0  0  0  0  0  0  0  0  0  0  0  0  0  4  4  3  3  2  1
  0  0  0  0  0  0  0  0  0  0  0  0  0  0  0  5  4  4  3  2  1  1  0  0
  0  0  0  0  0  0  0  0  0  0  0  0  5  5  4  3  2  2  1  0  0  0  0  0
  0  0  0  0  0  0  0  0  0  5  5  4  3  3  2  1  0  0  0  0  0  0  0  0
  0  0  0  0  0  0  5  5  4  4  3  2  1  0  0  0  0  0  0  0  0  0  0  0
  0  0  0  5  5  5  4  3  2  1  0  0  0  0  0  0  0  0  0  0  0  0  0  0
  5  5  5  4  3  2  1  1  0  0  0  0  0  0  0  0  0  0  0  0  0  5  5  5
  4  3  2  2  1  1  0  0  0  0  0  0  0  0  0  0  0  0  5  5  5  4  3  3
  2  2  1  1  1  1  0  0  0  0  0  0  0  0  0  5  5  5  4  4  3  3  2  2
  2  2  1  1  1  1  1  0  0  0  0  0  5  5  5  5  4  4  3  3  3  3  2  2
  2  2  2  1  1  1  0  0  0]
D_INF OF V VS REF: 0.00012207031
D_INF OF POLICY VS REF: 0
D_INF (AT STOP) MEAN: 6.103515625e-05
MAIN ITERATIONS MEAN: 4.0
EVAL ITERATIONS TOTAL MEAN: 406.0
TIME MEAN: 0.03942141532897949 s, STD: 0.00010208075712827183 s, STD_%: 0.3%
SPEEDUP VS REF: 1.5448618467765054
============================================================================================================================================================================================================================================================
============================================================================================================================================================================================================================================================
FINAL SUMMARY:
PI CONTRACTION APPROACH 1: jcr_pi_contraction_cpu_numpy OFF.
PI CONTRACTION APPROACH 2: jcr_pi_contraction_cuda_atomicmax (REFERENCE) -> MEAN MAIN ITERS: 4.0, MEAN EVAL ITERS TOTAL: 420.0, MEAN D_INF: 6.103515625e-05, MEAN TIME: 0.060900640487670896 s, TIME STD: 0.0006275352262525 s, STD_%: 1.0%, SPEED-UP: 1.00
PI CONTRACTION APPROACH 3: jcr_pi_contraction_cuda_atomicmaxglosten -> MEAN MAIN ITERS: 4.0, MEAN EVAL ITERS TOTAL: 420.0, MEAN D_INF: 6.103515625e-05, MEAN TIME: 0.060645675659179686 s, TIME STD: 6.502730270233378e-05 s, STD_%: 0.1%, SPEED-UP: 1.00
PI CONTRACTION APPROACH 4: jcr_pi_contraction_cuda_reducemax -> MEAN MAIN ITERS: 4.0, MEAN EVAL ITERS TOTAL: 420.0, MEAN D_INF: 6.103515625e-05, MEAN TIME: 0.04241628646850586 s, TIME STD: 3.477362561369853e-05 s, STD_%: 0.1%, SPEED-UP: 1.44
PI CONTRACTION APPROACH 5: jcr_pi_contraction_cuda_gridsync -> MEAN MAIN ITERS: 4.0, MEAN EVAL ITERS TOTAL: 406.0, MEAN D_INF: 6.103515625e-05, MEAN TIME: 0.03942141532897949 s, TIME STD: 0.00010208075712827183 s, STD_%: 0.3%, SPEED-UP: 1.54
JACK'S CAR RENTAL DONE. [hash string: 0063815901_73470_901_[1;20;5;10.0;-2.0;[3.0,4.0];[3.0,2.0];True;0.9;1.0e-04;1.0e-07;False;FTTTT], time: 1.108900547027588 s]
