JACK'S CAR RENTAL STARTING...
HASH STRING: 1321393540_15031_565_[1;10;5;10.0;-2.0;[3.0,4.0];[3.0,2.0];True;0.9;1.0e-04;1.0e-07;False;TTTTTT]
============================================================================================================================================================================================================================================================
EXPERIMENT INFO:
{
  SEED: 1,
  JCR_MAX_CARS_AT_LOC: 10,
  JCR_MAX_CARS_MOVED: 5,
  JCR_REWARD_CAR_RENTED: 10.0,
  JCR_REWARD_CAR_MOVED: -2.0,
  JCR_REQUEST_POISSON_LAMBDAS_AT_LOC: [3.0, 4.0],
  JCR_RETURN_POISSON_LAMBDAS_AT_LOC: [3.0, 2.0],
  NUMPY_SINGLE_THREAD: True,
  GAMMA: 0.9,
  EPS: 0.0001,
  TOLERANCE_V: 1e-07,
  PLOTS: False,
  jcr_pi_contraction_cpu_numpy: (True, 'jcr_pi_contraction_cpu_numpy', 10, {}),
  jcr_pi_contraction_cpu_numba_parallel: (True, 'jcr_pi_contraction_cpu_numba_parallel', 10, {}),
  jcr_pi_contraction_cuda_atomicmax: (True, 'jcr_pi_contraction_cuda_atomicmax', 10, {'lazy_stop_check': 5, 'tpb': 64}),
  jcr_pi_contraction_cuda_atomicmaxplain: (True, 'jcr_pi_contraction_cuda_atomicmaxplain', 10, {'lazy_stop_check': 5, 'tpb': 64}),
  jcr_pi_contraction_cuda_reducemax: (True, 'jcr_pi_contraction_cuda_reducemax', 10, {'lazy_stop_check': 5, 'tpb': 64}),
  jcr_pi_contraction_cuda_gridsync: (True, 'jcr_pi_contraction_cuda_gridsync', 10, {'tpb': 64})
}
============================================================================================================================================================================================================================================================
CPU AND SYSTEM:
{'cpu_name': 'Intel(R) Core(TM) i7-10700 CPU @ 2.90GHz',
 'os_machine': 'x86_64',
 'os_name': 'Linux 6.8.0-106-generic',
 'os_version': '#106-Ubuntu SMP PREEMPT_DYNAMIC Fri Mar  6 07:58:08 UTC 2026',
 'ram_size': '125.7 GB'}
GPU:
{'async_engine_count': 2,
 'can_map_host_memory': 1,
 'compute_capability': ComputeCapability(major=8, minor=6),
 'cores_per_SM': 128,
 'cores_total': 10496,
 'max_block_dim_x': 1024,
 'max_block_dim_y': 1024,
 'max_block_dim_z': 64,
 'max_grid_dim_x': 2147483647,
 'max_grid_dim_y': 65535,
 'max_grid_dim_z': 65535,
 'max_shared_memory_per_block': 49152,
 'max_threads_per_block': 1024,
 'multiprocessor_count': 82,
 'name': 'NVIDIA GeForce RTX 3090',
 'pci_bus_id': 1,
 'pci_device_id': 0,
 'unified_addressing': 1,
 'warp_size': 32}
============================================================================================================================================================================================================================================================
JCR INFO:
{
  MAX_CARS_AT_LOC: 10,
  MAX_CARS_MOVED: 5,
  REWARD_CAR_RENTED: 10.0,
  REWARD_CAR_MOVED: -2.0,
  REQUEST_POISSON_LAMBDAS_AT_LOC: [3.0, 4.0],
  RETURN_POISSON_LAMBDAS_AT_LOC: [3.0, 2.0]
}
JCR MDP JOINT DISTRIBUTION...
UNPICKLE OBJECTS... [from file: ../mdp_joint_distrs/mdp_joint_distr_jcr_10_5.pkl]
UNPICKLE OBJECTS DONE. [time: 0.20276331901550293 s]
JCR MDP JOINT DISTRIBUTION READY. [shape: (121, 11, 21, 121), entries: 3382071, type: float32, 0.01 GiB copied to device (gpu) in: 0.005549907684326172 s]
============================================================================================================================================================================================================================================================
V FOR INITIAL POLICY ZEROED. [shape: (121,)]
RANDOM INITIAL POLICY [shape: (121,)]:
[ 0 -4  2  2  3  2  4  0  0 -4 -4 -5 -5 -5 -2 -4  1  2  1 -1  1 -3  4 -3
 -1  2 -5  0 -3 -3  5 -1  3  1  1  5  0 -3 -3 -2 -1  4  2 -1  2  4  1 -4
 -3  2 -5  5 -5  1  1 -1  4  4  4  2 -4 -4  1  4  0 -4 -5 -4 -1 -4 -3  3
  0  3 -5 -2  1  5  5  5  4  3  2  2 -2 -2  1 -4  0  3 -4  5  4 -2 -3 -1
  3  0 -4  0 -4  5  2 -1  5 -5 -2  4  4 -3 -5  1 -5 -1  2  4  5 -3  0  2
  2]
============================================================================================================================================================================================================================================================
PI CONTRACTION APPROACH 1: jcr_pi_contraction_cpu_numpy...
---
REPETITION: 1/10:
JCR PI CONTRACTION CPU NUMPY... [gamma: 0.9, eps: 0.0001, tolerance_v: 1e-07]
JCR PI CONTRACTION CPU NUMPY DONE. [d_inf: 6.1035156e-05, main iterations: 3, evaluation iterations total: 326, time: 1.915147304534912 s]
---
REPETITION: 2/10:
JCR PI CONTRACTION CPU NUMPY... [gamma: 0.9, eps: 0.0001, tolerance_v: 1e-07]
JCR PI CONTRACTION CPU NUMPY DONE. [d_inf: 6.1035156e-05, main iterations: 3, evaluation iterations total: 326, time: 1.8935284614562988 s]
---
REPETITION: 3/10:
JCR PI CONTRACTION CPU NUMPY... [gamma: 0.9, eps: 0.0001, tolerance_v: 1e-07]
JCR PI CONTRACTION CPU NUMPY DONE. [d_inf: 6.1035156e-05, main iterations: 3, evaluation iterations total: 326, time: 1.9021201133728027 s]
---
REPETITION: 4/10:
JCR PI CONTRACTION CPU NUMPY... [gamma: 0.9, eps: 0.0001, tolerance_v: 1e-07]
JCR PI CONTRACTION CPU NUMPY DONE. [d_inf: 6.1035156e-05, main iterations: 3, evaluation iterations total: 326, time: 1.8984417915344238 s]
---
REPETITION: 5/10:
JCR PI CONTRACTION CPU NUMPY... [gamma: 0.9, eps: 0.0001, tolerance_v: 1e-07]
JCR PI CONTRACTION CPU NUMPY DONE. [d_inf: 6.1035156e-05, main iterations: 3, evaluation iterations total: 326, time: 1.8889844417572021 s]
---
REPETITION: 6/10:
JCR PI CONTRACTION CPU NUMPY... [gamma: 0.9, eps: 0.0001, tolerance_v: 1e-07]
JCR PI CONTRACTION CPU NUMPY DONE. [d_inf: 6.1035156e-05, main iterations: 3, evaluation iterations total: 326, time: 1.8906359672546387 s]
---
REPETITION: 7/10:
JCR PI CONTRACTION CPU NUMPY... [gamma: 0.9, eps: 0.0001, tolerance_v: 1e-07]
JCR PI CONTRACTION CPU NUMPY DONE. [d_inf: 6.1035156e-05, main iterations: 3, evaluation iterations total: 326, time: 1.8888049125671387 s]
---
REPETITION: 8/10:
JCR PI CONTRACTION CPU NUMPY... [gamma: 0.9, eps: 0.0001, tolerance_v: 1e-07]
JCR PI CONTRACTION CPU NUMPY DONE. [d_inf: 6.1035156e-05, main iterations: 3, evaluation iterations total: 326, time: 1.8907356262207031 s]
---
REPETITION: 9/10:
JCR PI CONTRACTION CPU NUMPY... [gamma: 0.9, eps: 0.0001, tolerance_v: 1e-07]
JCR PI CONTRACTION CPU NUMPY DONE. [d_inf: 6.1035156e-05, main iterations: 3, evaluation iterations total: 326, time: 1.885249376296997 s]
---
REPETITION: 10/10:
JCR PI CONTRACTION CPU NUMPY... [gamma: 0.9, eps: 0.0001, tolerance_v: 1e-07]
JCR PI CONTRACTION CPU NUMPY DONE. [d_inf: 6.1035156e-05, main iterations: 3, evaluation iterations total: 326, time: 1.8874142169952393 s]
***
SUMMARY:
V OUT:
[420.29095 430.26236 440.11365 449.7054  458.90796 467.64178 475.8748
 483.7346  491.4436  498.83368 505.95584 430.16125 440.1326  449.9834
 459.57413 468.77457 477.50543 485.73456 493.44357 500.83362 507.9558
 514.52    439.61914 449.59012 459.4389  469.02448 478.2155  486.93274
 495.1447  502.83365 509.95584 516.5201  522.92145 448.4021  458.37207
 468.21594 477.78854 486.95605 495.63928 503.8089  511.44983 518.5201
 524.92145 530.49634 456.41098 466.37912 476.2138  485.76254 494.8869
 503.50793 511.60083 519.15594 526.1359  532.44666 537.93494 464.3791
 474.2138  483.7626  492.9883  502.0472  510.57413 518.55145 525.97876
 532.827   539.0089  544.37775 472.21384 481.76257 490.9883  500.0472
 508.57416 516.91815 524.7429  532.0021  538.679   544.6962  549.9159
 479.76257 488.9883  498.04718 506.57413 514.91815 522.743   530.21643
 537.2768  543.7511  549.575   554.6217  486.98834 496.0472  504.57416
 512.91815 520.7429  528.21643 535.27673 541.78503 548.04224 553.65875
 558.5203  494.04718 502.57416 510.91812 518.74286 526.21643 533.2767
 539.785   546.0423  551.65894 556.92505 561.6066  500.57416 508.91815
 516.7429  524.21643 531.2768  537.7851  544.04236 549.6588  554.925
 559.6067  563.8891 ]
POLICY OUT:
[ 0  0  0  0  0  0  0 -1 -1 -2 -2  0  0  0  0  0  0  0  0 -1 -1 -2  0  0
  0  0  0  0  0  0  0 -1 -1  0  0  0  0  0  0  0  0  0  0  0  0  0  0  0
  0  0  0  0  0  0  0  1  1  1  0  0  0  0  0  0  0  0  2  2  1  1  1  0
  0  0  0  0  0  3  2  2  2  1  1  0  0  0  0  0  3  3  3  2  2  1  1  0
  0  0  0  4  4  3  3  2  2  1  1  1  0  0  5  4  4  3  3  2  2  2  1  1
  0]
D_INF OF V VS REF: 0.0
D_INF OF POLICY VS REF: 0
D_INF (AT STOP) MEAN: 6.103515625e-05
MAIN ITERATIONS MEAN: 3.0
EVAL ITERATIONS TOTAL MEAN: 326.0
TIME MEAN: 1.8941062211990356 s, STD: 0.008526707013049417 s, STD_%: 0.5%
SPEEDUP VS REF: 1.0
============================================================================================================================================================================================================================================================
PI CONTRACTION APPROACH 2: jcr_pi_contraction_cpu_numba_parallel...
---
REPETITION: 1/10:
JCR PI CONTRACTION CPU NUMBA PARALLEL... [gamma: 0.9, eps: 0.0001, tolerance_v: 1e-07]
JCR PI CONTRACTION CPU NUMBA PARALLEL DONE. [d_inf: [6.1035156e-05], main iterations: 3, evaluation iterations total: 326, time: 0.03038167953491211 s]
---
REPETITION: 2/10:
JCR PI CONTRACTION CPU NUMBA PARALLEL... [gamma: 0.9, eps: 0.0001, tolerance_v: 1e-07]
JCR PI CONTRACTION CPU NUMBA PARALLEL DONE. [d_inf: [6.1035156e-05], main iterations: 3, evaluation iterations total: 326, time: 0.028089284896850586 s]
---
REPETITION: 3/10:
JCR PI CONTRACTION CPU NUMBA PARALLEL... [gamma: 0.9, eps: 0.0001, tolerance_v: 1e-07]
JCR PI CONTRACTION CPU NUMBA PARALLEL DONE. [d_inf: [6.1035156e-05], main iterations: 3, evaluation iterations total: 326, time: 0.027912139892578125 s]
---
REPETITION: 4/10:
JCR PI CONTRACTION CPU NUMBA PARALLEL... [gamma: 0.9, eps: 0.0001, tolerance_v: 1e-07]
JCR PI CONTRACTION CPU NUMBA PARALLEL DONE. [d_inf: [6.1035156e-05], main iterations: 3, evaluation iterations total: 326, time: 0.028001070022583008 s]
---
REPETITION: 5/10:
JCR PI CONTRACTION CPU NUMBA PARALLEL... [gamma: 0.9, eps: 0.0001, tolerance_v: 1e-07]
JCR PI CONTRACTION CPU NUMBA PARALLEL DONE. [d_inf: [6.1035156e-05], main iterations: 3, evaluation iterations total: 326, time: 0.02777409553527832 s]
---
REPETITION: 6/10:
JCR PI CONTRACTION CPU NUMBA PARALLEL... [gamma: 0.9, eps: 0.0001, tolerance_v: 1e-07]
JCR PI CONTRACTION CPU NUMBA PARALLEL DONE. [d_inf: [6.1035156e-05], main iterations: 3, evaluation iterations total: 326, time: 0.027673721313476562 s]
---
REPETITION: 7/10:
JCR PI CONTRACTION CPU NUMBA PARALLEL... [gamma: 0.9, eps: 0.0001, tolerance_v: 1e-07]
JCR PI CONTRACTION CPU NUMBA PARALLEL DONE. [d_inf: [6.1035156e-05], main iterations: 3, evaluation iterations total: 326, time: 0.027791738510131836 s]
---
REPETITION: 8/10:
JCR PI CONTRACTION CPU NUMBA PARALLEL... [gamma: 0.9, eps: 0.0001, tolerance_v: 1e-07]
JCR PI CONTRACTION CPU NUMBA PARALLEL DONE. [d_inf: [6.1035156e-05], main iterations: 3, evaluation iterations total: 326, time: 0.02786087989807129 s]
---
REPETITION: 9/10:
JCR PI CONTRACTION CPU NUMBA PARALLEL... [gamma: 0.9, eps: 0.0001, tolerance_v: 1e-07]
JCR PI CONTRACTION CPU NUMBA PARALLEL DONE. [d_inf: [6.1035156e-05], main iterations: 3, evaluation iterations total: 326, time: 0.02775263786315918 s]
---
REPETITION: 10/10:
JCR PI CONTRACTION CPU NUMBA PARALLEL... [gamma: 0.9, eps: 0.0001, tolerance_v: 1e-07]
JCR PI CONTRACTION CPU NUMBA PARALLEL DONE. [d_inf: [6.1035156e-05], main iterations: 3, evaluation iterations total: 326, time: 0.027877330780029297 s]
***
SUMMARY:
V OUT:
[420.2909  430.26236 440.11365 449.7054  458.9079  467.64178 475.8748
 483.7346  491.44357 498.83365 505.9558  430.16122 440.1326  449.9834
 459.5741  468.77454 477.5054  485.73456 493.44357 500.83362 507.9558
 514.52    439.61908 449.5901  459.4389  469.02444 478.2155  486.93274
 495.14465 502.83365 509.9558  516.5201  522.9214  448.40207 458.37207
 468.2159  477.7885  486.95605 495.63928 503.8089  511.4498  518.5201
 524.92145 530.49634 456.41095 466.37912 476.2138  485.76254 494.8869
 503.50793 511.60083 519.15594 526.1359  532.44666 537.9349  464.3791
 474.2138  483.7626  492.9883  502.04718 510.57413 518.55145 525.9787
 532.82697 539.0089  544.37775 472.2138  481.76257 490.9883  500.04718
 508.57416 516.91815 524.74286 532.0021  538.679   544.6962  549.9159
 479.76257 488.9883  498.04718 506.57413 514.9181  522.743   530.21643
 537.2768  543.7511  549.575   554.6217  486.98828 496.0472  504.5741
 512.9181  520.74286 528.21643 535.27673 541.785   548.04224 553.65875
 558.52026 494.04718 502.57413 510.9181  518.74286 526.21643 533.2767
 539.785   546.0423  551.6589  556.92505 561.6066  500.57416 508.9181
 516.7429  524.21643 531.2768  537.78503 544.0423  549.6588  554.9249
 559.6066  563.8891 ]
POLICY OUT:
[ 0  0  0  0  0  0  0 -1 -1 -2 -2  0  0  0  0  0  0  0  0 -1 -1 -2  0  0
  0  0  0  0  0  0  0 -1 -1  0  0  0  0  0  0  0  0  0  0  0  0  0  0  0
  0  0  0  0  0  0  0  1  1  1  0  0  0  0  0  0  0  0  2  2  1  1  1  0
  0  0  0  0  0  3  2  2  2  1  1  0  0  0  0  0  3  3  3  2  2  1  1  0
  0  0  0  4  4  3  3  2  2  1  1  1  0  0  5  4  4  3  3  2  2  2  1  1
  0]
D_INF OF V VS REF: 6.1035156e-05
D_INF OF POLICY VS REF: 0
D_INF (AT STOP) MEAN: 6.103515625e-05
MAIN ITERATIONS MEAN: 3.0
EVAL ITERATIONS TOTAL MEAN: 326.0
TIME MEAN: 0.02811145782470703 s, STD: 0.0007655269361700572 s, STD_%: 2.7%
SPEEDUP VS REF: 67.37844166638396
============================================================================================================================================================================================================================================================
PI CONTRACTION APPROACH 3: jcr_pi_contraction_cuda_atomicmax...
GPU WARMED UP.
---
REPETITION: 1/10:
JCR PI CONTRACTION CUDA ATOMICMAX... [gamma: 0.9, eps: 0.0001, tolerance_v: 1e-07, lazy_stop_check: 5, tpb: 64]
[bpg: 121 (implied by number of states)]
JCR PI CONTRACTION CUDA ATOMICMAX DONE. [d_inf: 6.1035156e-05, main iterations: 3, evaluation iterations total: 325, time: 0.028448820114135742 s]
---
REPETITION: 2/10:
JCR PI CONTRACTION CUDA ATOMICMAX... [gamma: 0.9, eps: 0.0001, tolerance_v: 1e-07, lazy_stop_check: 5, tpb: 64]
[bpg: 121 (implied by number of states)]
JCR PI CONTRACTION CUDA ATOMICMAX DONE. [d_inf: 6.1035156e-05, main iterations: 3, evaluation iterations total: 325, time: 0.028497934341430664 s]
---
REPETITION: 3/10:
JCR PI CONTRACTION CUDA ATOMICMAX... [gamma: 0.9, eps: 0.0001, tolerance_v: 1e-07, lazy_stop_check: 5, tpb: 64]
[bpg: 121 (implied by number of states)]
JCR PI CONTRACTION CUDA ATOMICMAX DONE. [d_inf: 6.1035156e-05, main iterations: 3, evaluation iterations total: 325, time: 0.028286457061767578 s]
---
REPETITION: 4/10:
JCR PI CONTRACTION CUDA ATOMICMAX... [gamma: 0.9, eps: 0.0001, tolerance_v: 1e-07, lazy_stop_check: 5, tpb: 64]
[bpg: 121 (implied by number of states)]
JCR PI CONTRACTION CUDA ATOMICMAX DONE. [d_inf: 6.1035156e-05, main iterations: 3, evaluation iterations total: 325, time: 0.028792142868041992 s]
---
REPETITION: 5/10:
JCR PI CONTRACTION CUDA ATOMICMAX... [gamma: 0.9, eps: 0.0001, tolerance_v: 1e-07, lazy_stop_check: 5, tpb: 64]
[bpg: 121 (implied by number of states)]
JCR PI CONTRACTION CUDA ATOMICMAX DONE. [d_inf: 6.1035156e-05, main iterations: 3, evaluation iterations total: 325, time: 0.028313398361206055 s]
---
REPETITION: 6/10:
JCR PI CONTRACTION CUDA ATOMICMAX... [gamma: 0.9, eps: 0.0001, tolerance_v: 1e-07, lazy_stop_check: 5, tpb: 64]
[bpg: 121 (implied by number of states)]
JCR PI CONTRACTION CUDA ATOMICMAX DONE. [d_inf: 6.1035156e-05, main iterations: 3, evaluation iterations total: 325, time: 0.02829718589782715 s]
---
REPETITION: 7/10:
JCR PI CONTRACTION CUDA ATOMICMAX... [gamma: 0.9, eps: 0.0001, tolerance_v: 1e-07, lazy_stop_check: 5, tpb: 64]
[bpg: 121 (implied by number of states)]
JCR PI CONTRACTION CUDA ATOMICMAX DONE. [d_inf: 6.1035156e-05, main iterations: 3, evaluation iterations total: 325, time: 0.02828836441040039 s]
---
REPETITION: 8/10:
JCR PI CONTRACTION CUDA ATOMICMAX... [gamma: 0.9, eps: 0.0001, tolerance_v: 1e-07, lazy_stop_check: 5, tpb: 64]
[bpg: 121 (implied by number of states)]
JCR PI CONTRACTION CUDA ATOMICMAX DONE. [d_inf: 6.1035156e-05, main iterations: 3, evaluation iterations total: 325, time: 0.02848362922668457 s]
---
REPETITION: 9/10:
JCR PI CONTRACTION CUDA ATOMICMAX... [gamma: 0.9, eps: 0.0001, tolerance_v: 1e-07, lazy_stop_check: 5, tpb: 64]
[bpg: 121 (implied by number of states)]
JCR PI CONTRACTION CUDA ATOMICMAX DONE. [d_inf: 6.1035156e-05, main iterations: 3, evaluation iterations total: 325, time: 0.02850484848022461 s]
---
REPETITION: 10/10:
JCR PI CONTRACTION CUDA ATOMICMAX... [gamma: 0.9, eps: 0.0001, tolerance_v: 1e-07, lazy_stop_check: 5, tpb: 64]
[bpg: 121 (implied by number of states)]
JCR PI CONTRACTION CUDA ATOMICMAX DONE. [d_inf: 6.1035156e-05, main iterations: 3, evaluation iterations total: 325, time: 0.028336048126220703 s]
***
SUMMARY:
V OUT:
[420.2909  430.2624  440.1136  449.70544 458.9079  467.64178 475.87482
 483.73456 491.44354 498.83368 505.95584 430.16122 440.13257 449.9834
 459.57407 468.77454 477.50537 485.73456 493.44357 500.83362 507.9558
 514.52    439.6191  449.59006 459.4389  469.02448 478.2155  486.93268
 495.14465 502.83365 509.9558  516.52    522.9213  448.40207 458.372
 468.21588 477.7885  486.95605 495.63928 503.80893 511.4498  518.52
 524.9214  530.4963  456.41095 466.3791  476.2138  485.76257 494.8869
 503.50793 511.60083 519.15594 526.136   532.44666 537.9349  464.3791
 474.21378 483.76257 492.9883  502.04718 510.5741  518.5514  525.97864
 532.827   539.0089  544.37775 472.2138  481.76257 490.9883  500.04718
 508.57413 516.91815 524.7429  532.00214 538.679   544.69617 549.91583
 479.76257 488.98828 498.04718 506.57416 514.9181  522.7429  530.21643
 537.27673 543.7511  549.5751  554.62164 486.98828 496.04718 504.57413
 512.9181  520.7429  528.2164  535.27673 541.78503 548.04224 553.6588
 558.52026 494.04718 502.5741  510.91812 518.7429  526.2164  533.27673
 539.78503 546.04224 551.6588  556.92505 561.6066  500.57413 508.91812
 516.7429  524.21643 531.27673 537.785   544.04224 549.6588  554.92505
 559.6066  563.88904]
POLICY OUT:
[ 0  0  0  0  0  0  0 -1 -1 -2 -2  0  0  0  0  0  0  0  0 -1 -1 -2  0  0
  0  0  0  0  0  0  0 -1 -1  0  0  0  0  0  0  0  0  0  0  0  0  0  0  0
  0  0  0  0  0  0  0  1  1  1  0  0  0  0  0  0  0  0  2  2  1  1  1  0
  0  0  0  0  0  3  2  2  2  1  1  0  0  0  0  0  3  3  3  2  2  1  1  0
  0  0  0  4  4  3  3  2  2  1  1  1  0  0  5  4  4  3  3  2  2  2  1  1
  0]
D_INF OF V VS REF: 0.00012207031
D_INF OF POLICY VS REF: 0
D_INF (AT STOP) MEAN: 6.103515625e-05
MAIN ITERATIONS MEAN: 3.0
EVAL ITERATIONS TOTAL MEAN: 325.0
TIME MEAN: 0.028424882888793947 s, STD: 0.00015002032090381248 s, STD_%: 0.5%
SPEEDUP VS REF: 66.63549779991376
============================================================================================================================================================================================================================================================
PI CONTRACTION APPROACH 4: jcr_pi_contraction_cuda_atomicmaxplain...
---
REPETITION: 1/10:
JCR PI CONTRACTION CUDA ATOMICMAXPLAIN... [gamma: 0.9, eps: 0.0001, tolerance_v: 1e-07, lazy_stop_check: 5, tpb: 64]
[bpg: 121 (implied by number of states)]
JCR PI CONTRACTION CUDA ATOMICMAXPLAIN DONE. [d_inf: 6.1035156e-05, main iterations: 3, evaluation iterations total: 325, time: 0.028476238250732422 s]
---
REPETITION: 2/10:
JCR PI CONTRACTION CUDA ATOMICMAXPLAIN... [gamma: 0.9, eps: 0.0001, tolerance_v: 1e-07, lazy_stop_check: 5, tpb: 64]
[bpg: 121 (implied by number of states)]
JCR PI CONTRACTION CUDA ATOMICMAXPLAIN DONE. [d_inf: 6.1035156e-05, main iterations: 3, evaluation iterations total: 325, time: 0.028756380081176758 s]
---
REPETITION: 3/10:
JCR PI CONTRACTION CUDA ATOMICMAXPLAIN... [gamma: 0.9, eps: 0.0001, tolerance_v: 1e-07, lazy_stop_check: 5, tpb: 64]
[bpg: 121 (implied by number of states)]
JCR PI CONTRACTION CUDA ATOMICMAXPLAIN DONE. [d_inf: 6.1035156e-05, main iterations: 3, evaluation iterations total: 325, time: 0.02826714515686035 s]
---
REPETITION: 4/10:
JCR PI CONTRACTION CUDA ATOMICMAXPLAIN... [gamma: 0.9, eps: 0.0001, tolerance_v: 1e-07, lazy_stop_check: 5, tpb: 64]
[bpg: 121 (implied by number of states)]
JCR PI CONTRACTION CUDA ATOMICMAXPLAIN DONE. [d_inf: 6.1035156e-05, main iterations: 3, evaluation iterations total: 325, time: 0.02828216552734375 s]
---
REPETITION: 5/10:
JCR PI CONTRACTION CUDA ATOMICMAXPLAIN... [gamma: 0.9, eps: 0.0001, tolerance_v: 1e-07, lazy_stop_check: 5, tpb: 64]
[bpg: 121 (implied by number of states)]
JCR PI CONTRACTION CUDA ATOMICMAXPLAIN DONE. [d_inf: 6.1035156e-05, main iterations: 3, evaluation iterations total: 325, time: 0.02883768081665039 s]
---
REPETITION: 6/10:
JCR PI CONTRACTION CUDA ATOMICMAXPLAIN... [gamma: 0.9, eps: 0.0001, tolerance_v: 1e-07, lazy_stop_check: 5, tpb: 64]
[bpg: 121 (implied by number of states)]
JCR PI CONTRACTION CUDA ATOMICMAXPLAIN DONE. [d_inf: 6.1035156e-05, main iterations: 3, evaluation iterations total: 325, time: 0.02838611602783203 s]
---
REPETITION: 7/10:
JCR PI CONTRACTION CUDA ATOMICMAXPLAIN... [gamma: 0.9, eps: 0.0001, tolerance_v: 1e-07, lazy_stop_check: 5, tpb: 64]
[bpg: 121 (implied by number of states)]
JCR PI CONTRACTION CUDA ATOMICMAXPLAIN DONE. [d_inf: 6.1035156e-05, main iterations: 3, evaluation iterations total: 325, time: 0.028393030166625977 s]
---
REPETITION: 8/10:
JCR PI CONTRACTION CUDA ATOMICMAXPLAIN... [gamma: 0.9, eps: 0.0001, tolerance_v: 1e-07, lazy_stop_check: 5, tpb: 64]
[bpg: 121 (implied by number of states)]
JCR PI CONTRACTION CUDA ATOMICMAXPLAIN DONE. [d_inf: 6.1035156e-05, main iterations: 3, evaluation iterations total: 325, time: 0.028305530548095703 s]
---
REPETITION: 9/10:
JCR PI CONTRACTION CUDA ATOMICMAXPLAIN... [gamma: 0.9, eps: 0.0001, tolerance_v: 1e-07, lazy_stop_check: 5, tpb: 64]
[bpg: 121 (implied by number of states)]
JCR PI CONTRACTION CUDA ATOMICMAXPLAIN DONE. [d_inf: 6.1035156e-05, main iterations: 3, evaluation iterations total: 325, time: 0.02931976318359375 s]
---
REPETITION: 10/10:
JCR PI CONTRACTION CUDA ATOMICMAXPLAIN... [gamma: 0.9, eps: 0.0001, tolerance_v: 1e-07, lazy_stop_check: 5, tpb: 64]
[bpg: 121 (implied by number of states)]
JCR PI CONTRACTION CUDA ATOMICMAXPLAIN DONE. [d_inf: 6.1035156e-05, main iterations: 3, evaluation iterations total: 325, time: 0.0284576416015625 s]
***
SUMMARY:
V OUT:
[420.29095 430.2624  440.11362 449.70544 458.90793 467.6418  475.87482
 483.7346  491.44357 498.83368 505.95584 430.16125 440.13257 449.9834
 459.5741  468.77454 477.5054  485.7346  493.44357 500.83362 507.9558
 514.52    439.61914 449.5901  459.43893 469.02448 478.2155  486.93274
 495.14465 502.83368 509.95584 516.52    522.9213  448.40207 458.37207
 468.21594 477.7885  486.95605 495.6393  503.80896 511.44983 518.52
 524.9214  530.4963  456.41098 466.37912 476.2138  485.76257 494.8869
 503.50793 511.60083 519.15594 526.136   532.44666 537.9349  464.3791
 474.21378 483.76257 492.98834 502.04718 510.57416 518.5514  525.9787
 532.827   539.0089  544.37775 472.2138  481.76257 490.9883  500.04718
 508.57413 516.91815 524.7429  532.00214 538.679   544.69617 549.91583
 479.76257 488.98828 498.04718 506.57416 514.9181  522.7429  530.21643
 537.27673 543.7511  549.5751  554.62164 486.98834 496.04718 504.57413
 512.9181  520.7429  528.2164  535.27673 541.78503 548.0423  553.6588
 558.52026 494.04718 502.57413 510.91812 518.7429  526.21643 533.27673
 539.78503 546.04224 551.6588  556.92505 561.6066  500.57416 508.91815
 516.7429  524.21643 531.27673 537.785   544.04224 549.6588  554.92505
 559.6066  563.88904]
POLICY OUT:
[ 0  0  0  0  0  0  0 -1 -1 -2 -2  0  0  0  0  0  0  0  0 -1 -1 -2  0  0
  0  0  0  0  0  0  0 -1 -1  0  0  0  0  0  0  0  0  0  0  0  0  0  0  0
  0  0  0  0  0  0  0  1  1  1  0  0  0  0  0  0  0  0  2  2  1  1  1  0
  0  0  0  0  0  3  2  2  2  1  1  0  0  0  0  0  3  3  3  2  2  1  1  0
  0  0  0  4  4  3  3  2  2  1  1  1  0  0  5  4  4  3  3  2  2  2  1  1
  0]
D_INF OF V VS REF: 0.00012207031
D_INF OF POLICY VS REF: 0
D_INF (AT STOP) MEAN: 6.103515625e-05
MAIN ITERATIONS MEAN: 3.0
EVAL ITERATIONS TOTAL MEAN: 325.0
TIME MEAN: 0.028548169136047363 s, STD: 0.0003154093629948836 s, STD_%: 1.1%
SPEEDUP VS REF: 66.34773011791411
============================================================================================================================================================================================================================================================
PI CONTRACTION APPROACH 5: jcr_pi_contraction_cuda_reducemax...
---
REPETITION: 1/10:
JCR PI CONTRACTION CUDA REDUCEMAX... [gamma: 0.9, eps: 0.0001, tolerance_v: 1e-07, lazy_stop_check: 5, tpb: 64]
[bpg: 121 (implied by number of states)]
JCR PI CONTRACTION CUDA REDUCEMAX DONE. [d_inf: 6.1035156e-05, main iterations: 3, evaluation iterations total: 325, time: 0.0228118896484375 s]
---
REPETITION: 2/10:
JCR PI CONTRACTION CUDA REDUCEMAX... [gamma: 0.9, eps: 0.0001, tolerance_v: 1e-07, lazy_stop_check: 5, tpb: 64]
[bpg: 121 (implied by number of states)]
JCR PI CONTRACTION CUDA REDUCEMAX DONE. [d_inf: 6.1035156e-05, main iterations: 3, evaluation iterations total: 325, time: 0.022469758987426758 s]
---
REPETITION: 3/10:
JCR PI CONTRACTION CUDA REDUCEMAX... [gamma: 0.9, eps: 0.0001, tolerance_v: 1e-07, lazy_stop_check: 5, tpb: 64]
[bpg: 121 (implied by number of states)]
JCR PI CONTRACTION CUDA REDUCEMAX DONE. [d_inf: 6.1035156e-05, main iterations: 3, evaluation iterations total: 325, time: 0.022422313690185547 s]
---
REPETITION: 4/10:
JCR PI CONTRACTION CUDA REDUCEMAX... [gamma: 0.9, eps: 0.0001, tolerance_v: 1e-07, lazy_stop_check: 5, tpb: 64]
[bpg: 121 (implied by number of states)]
JCR PI CONTRACTION CUDA REDUCEMAX DONE. [d_inf: 6.1035156e-05, main iterations: 3, evaluation iterations total: 325, time: 0.022395849227905273 s]
---
REPETITION: 5/10:
JCR PI CONTRACTION CUDA REDUCEMAX... [gamma: 0.9, eps: 0.0001, tolerance_v: 1e-07, lazy_stop_check: 5, tpb: 64]
[bpg: 121 (implied by number of states)]
JCR PI CONTRACTION CUDA REDUCEMAX DONE. [d_inf: 6.1035156e-05, main iterations: 3, evaluation iterations total: 325, time: 0.022294282913208008 s]
---
REPETITION: 6/10:
JCR PI CONTRACTION CUDA REDUCEMAX... [gamma: 0.9, eps: 0.0001, tolerance_v: 1e-07, lazy_stop_check: 5, tpb: 64]
[bpg: 121 (implied by number of states)]
JCR PI CONTRACTION CUDA REDUCEMAX DONE. [d_inf: 6.1035156e-05, main iterations: 3, evaluation iterations total: 325, time: 0.022307395935058594 s]
---
REPETITION: 7/10:
JCR PI CONTRACTION CUDA REDUCEMAX... [gamma: 0.9, eps: 0.0001, tolerance_v: 1e-07, lazy_stop_check: 5, tpb: 64]
[bpg: 121 (implied by number of states)]
JCR PI CONTRACTION CUDA REDUCEMAX DONE. [d_inf: 6.1035156e-05, main iterations: 3, evaluation iterations total: 325, time: 0.022396087646484375 s]
---
REPETITION: 8/10:
JCR PI CONTRACTION CUDA REDUCEMAX... [gamma: 0.9, eps: 0.0001, tolerance_v: 1e-07, lazy_stop_check: 5, tpb: 64]
[bpg: 121 (implied by number of states)]
JCR PI CONTRACTION CUDA REDUCEMAX DONE. [d_inf: 6.1035156e-05, main iterations: 3, evaluation iterations total: 325, time: 0.0224149227142334 s]
---
REPETITION: 9/10:
JCR PI CONTRACTION CUDA REDUCEMAX... [gamma: 0.9, eps: 0.0001, tolerance_v: 1e-07, lazy_stop_check: 5, tpb: 64]
[bpg: 121 (implied by number of states)]
JCR PI CONTRACTION CUDA REDUCEMAX DONE. [d_inf: 6.1035156e-05, main iterations: 3, evaluation iterations total: 325, time: 0.022423505783081055 s]
---
REPETITION: 10/10:
JCR PI CONTRACTION CUDA REDUCEMAX... [gamma: 0.9, eps: 0.0001, tolerance_v: 1e-07, lazy_stop_check: 5, tpb: 64]
[bpg: 121 (implied by number of states)]
JCR PI CONTRACTION CUDA REDUCEMAX DONE. [d_inf: 6.1035156e-05, main iterations: 3, evaluation iterations total: 325, time: 0.02220940589904785 s]
***
SUMMARY:
V OUT:
[420.2909  430.2624  440.1136  449.70544 458.9079  467.64178 475.87482
 483.73456 491.44354 498.83368 505.95584 430.16122 440.13257 449.9834
 459.57407 468.77454 477.50537 485.73456 493.44357 500.83362 507.9558
 514.52    439.6191  449.59006 459.4389  469.02448 478.2155  486.93268
 495.14465 502.83365 509.9558  516.52    522.9213  448.40207 458.372
 468.21588 477.7885  486.95605 495.63928 503.80893 511.4498  518.52
 524.9214  530.4963  456.41095 466.3791  476.2138  485.76257 494.8869
 503.50793 511.60083 519.15594 526.136   532.44666 537.9349  464.3791
 474.21378 483.76257 492.9883  502.04718 510.5741  518.5514  525.97864
 532.827   539.0089  544.37775 472.2138  481.76257 490.9883  500.04718
 508.57413 516.91815 524.7429  532.00214 538.679   544.69617 549.91583
 479.76257 488.98828 498.04718 506.57416 514.9181  522.7429  530.21643
 537.27673 543.7511  549.5751  554.62164 486.98828 496.04718 504.57413
 512.9181  520.7429  528.2164  535.27673 541.78503 548.04224 553.6588
 558.52026 494.04718 502.5741  510.91812 518.7429  526.2164  533.27673
 539.78503 546.04224 551.6588  556.92505 561.6066  500.57413 508.91812
 516.7429  524.21643 531.27673 537.785   544.04224 549.6588  554.92505
 559.6066  563.88904]
POLICY OUT:
[ 0  0  0  0  0  0  0 -1 -1 -2 -2  0  0  0  0  0  0  0  0 -1 -1 -2  0  0
  0  0  0  0  0  0  0 -1 -1  0  0  0  0  0  0  0  0  0  0  0  0  0  0  0
  0  0  0  0  0  0  0  1  1  1  0  0  0  0  0  0  0  0  2  2  1  1  1  0
  0  0  0  0  0  3  2  2  2  1  1  0  0  0  0  0  3  3  3  2  2  1  1  0
  0  0  0  4  4  3  3  2  2  1  1  1  0  0  5  4  4  3  3  2  2  2  1  1
  0]
D_INF OF V VS REF: 0.00012207031
D_INF OF POLICY VS REF: 0
D_INF (AT STOP) MEAN: 6.103515625e-05
MAIN ITERATIONS MEAN: 3.0
EVAL ITERATIONS TOTAL MEAN: 325.0
TIME MEAN: 0.022414541244506835 s, STD: 0.0001515876950570095 s, STD_%: 0.7%
SPEEDUP VS REF: 84.50345695400868
============================================================================================================================================================================================================================================================
PI CONTRACTION APPROACH 6: jcr_pi_contraction_cuda_gridsync...
---
REPETITION: 1/10:
JCR PI CONTRACTION CUDA GRIDSYNC... [gamma: 0.9, eps: 0.0001, tolerance_v: 1e-07, tpb: 64, assumed max_bpg_gridsync: None]
[discovered max_bpg_gridsync: 656; time: 0.000125885009765625 s]
[kernel eval -> bpg: 121 (max_bpg_gridsync or number of states if smaller), tpb: 64, spb: 1]
[kernel improve -> bpg: 121 (implied by number of states), tpb: 64]
JCR PI CONTRACTION CUDA GRIDSYNC DONE. [d_inf: 6.1035156e-05, main iterations: 3, evaluation iterations total: 321, time: 0.0074536800384521484 s]
---
REPETITION: 2/10:
JCR PI CONTRACTION CUDA GRIDSYNC... [gamma: 0.9, eps: 0.0001, tolerance_v: 1e-07, tpb: 64, assumed max_bpg_gridsync: None]
[discovered max_bpg_gridsync: 656; time: 8.630752563476562e-05 s]
[kernel eval -> bpg: 121 (max_bpg_gridsync or number of states if smaller), tpb: 64, spb: 1]
[kernel improve -> bpg: 121 (implied by number of states), tpb: 64]
JCR PI CONTRACTION CUDA GRIDSYNC DONE. [d_inf: 6.1035156e-05, main iterations: 3, evaluation iterations total: 321, time: 0.007339000701904297 s]
---
REPETITION: 3/10:
JCR PI CONTRACTION CUDA GRIDSYNC... [gamma: 0.9, eps: 0.0001, tolerance_v: 1e-07, tpb: 64, assumed max_bpg_gridsync: None]
[discovered max_bpg_gridsync: 656; time: 8.249282836914062e-05 s]
[kernel eval -> bpg: 121 (max_bpg_gridsync or number of states if smaller), tpb: 64, spb: 1]
[kernel improve -> bpg: 121 (implied by number of states), tpb: 64]
JCR PI CONTRACTION CUDA GRIDSYNC DONE. [d_inf: 6.1035156e-05, main iterations: 3, evaluation iterations total: 321, time: 0.0072786808013916016 s]
---
REPETITION: 4/10:
JCR PI CONTRACTION CUDA GRIDSYNC... [gamma: 0.9, eps: 0.0001, tolerance_v: 1e-07, tpb: 64, assumed max_bpg_gridsync: None]
[discovered max_bpg_gridsync: 656; time: 8.797645568847656e-05 s]
[kernel eval -> bpg: 121 (max_bpg_gridsync or number of states if smaller), tpb: 64, spb: 1]
[kernel improve -> bpg: 121 (implied by number of states), tpb: 64]
JCR PI CONTRACTION CUDA GRIDSYNC DONE. [d_inf: 6.1035156e-05, main iterations: 3, evaluation iterations total: 321, time: 0.007390737533569336 s]
---
REPETITION: 5/10:
JCR PI CONTRACTION CUDA GRIDSYNC... [gamma: 0.9, eps: 0.0001, tolerance_v: 1e-07, tpb: 64, assumed max_bpg_gridsync: None]
[discovered max_bpg_gridsync: 656; time: 8.249282836914062e-05 s]
[kernel eval -> bpg: 121 (max_bpg_gridsync or number of states if smaller), tpb: 64, spb: 1]
[kernel improve -> bpg: 121 (implied by number of states), tpb: 64]
JCR PI CONTRACTION CUDA GRIDSYNC DONE. [d_inf: 6.1035156e-05, main iterations: 3, evaluation iterations total: 321, time: 0.0073168277740478516 s]
---
REPETITION: 6/10:
JCR PI CONTRACTION CUDA GRIDSYNC... [gamma: 0.9, eps: 0.0001, tolerance_v: 1e-07, tpb: 64, assumed max_bpg_gridsync: None]
[discovered max_bpg_gridsync: 656; time: 8.225440979003906e-05 s]
[kernel eval -> bpg: 121 (max_bpg_gridsync or number of states if smaller), tpb: 64, spb: 1]
[kernel improve -> bpg: 121 (implied by number of states), tpb: 64]
JCR PI CONTRACTION CUDA GRIDSYNC DONE. [d_inf: 6.1035156e-05, main iterations: 3, evaluation iterations total: 321, time: 0.00730443000793457 s]
---
REPETITION: 7/10:
JCR PI CONTRACTION CUDA GRIDSYNC... [gamma: 0.9, eps: 0.0001, tolerance_v: 1e-07, tpb: 64, assumed max_bpg_gridsync: None]
[discovered max_bpg_gridsync: 656; time: 8.344650268554688e-05 s]
[kernel eval -> bpg: 121 (max_bpg_gridsync or number of states if smaller), tpb: 64, spb: 1]
[kernel improve -> bpg: 121 (implied by number of states), tpb: 64]
JCR PI CONTRACTION CUDA GRIDSYNC DONE. [d_inf: 6.1035156e-05, main iterations: 3, evaluation iterations total: 321, time: 0.007281780242919922 s]
---
REPETITION: 8/10:
JCR PI CONTRACTION CUDA GRIDSYNC... [gamma: 0.9, eps: 0.0001, tolerance_v: 1e-07, tpb: 64, assumed max_bpg_gridsync: None]
[discovered max_bpg_gridsync: 656; time: 8.20159912109375e-05 s]
[kernel eval -> bpg: 121 (max_bpg_gridsync or number of states if smaller), tpb: 64, spb: 1]
[kernel improve -> bpg: 121 (implied by number of states), tpb: 64]
JCR PI CONTRACTION CUDA GRIDSYNC DONE. [d_inf: 6.1035156e-05, main iterations: 3, evaluation iterations total: 321, time: 0.007262706756591797 s]
---
REPETITION: 9/10:
JCR PI CONTRACTION CUDA GRIDSYNC... [gamma: 0.9, eps: 0.0001, tolerance_v: 1e-07, tpb: 64, assumed max_bpg_gridsync: None]
[discovered max_bpg_gridsync: 656; time: 8.130073547363281e-05 s]
[kernel eval -> bpg: 121 (max_bpg_gridsync or number of states if smaller), tpb: 64, spb: 1]
[kernel improve -> bpg: 121 (implied by number of states), tpb: 64]
JCR PI CONTRACTION CUDA GRIDSYNC DONE. [d_inf: 6.1035156e-05, main iterations: 3, evaluation iterations total: 321, time: 0.007294893264770508 s]
---
REPETITION: 10/10:
JCR PI CONTRACTION CUDA GRIDSYNC... [gamma: 0.9, eps: 0.0001, tolerance_v: 1e-07, tpb: 64, assumed max_bpg_gridsync: None]
[discovered max_bpg_gridsync: 656; time: 8.177757263183594e-05 s]
[kernel eval -> bpg: 121 (max_bpg_gridsync or number of states if smaller), tpb: 64, spb: 1]
[kernel improve -> bpg: 121 (implied by number of states), tpb: 64]
JCR PI CONTRACTION CUDA GRIDSYNC DONE. [d_inf: 6.1035156e-05, main iterations: 3, evaluation iterations total: 321, time: 0.007264137268066406 s]
***
SUMMARY:
V OUT:
[420.2909  430.26233 440.1136  449.70544 458.9079  467.64175 475.8748
 483.73453 491.44354 498.83362 505.95584 430.1612  440.13254 449.9834
 459.57407 468.77454 477.50537 485.73453 493.44354 500.83362 507.9558
 514.52    439.6191  449.59006 459.43887 469.02444 478.2155  486.93268
 495.14465 502.83365 509.9558  516.52    522.9213  448.40207 458.372
 468.21588 477.7885  486.95602 495.63925 503.8089  511.4498  518.52
 524.9214  530.4963  456.41095 466.3791  476.21378 485.76257 494.8869
 503.50793 511.60083 519.1559  526.136   532.44666 537.9348  464.3791
 474.21378 483.76257 492.98828 502.04718 510.5741  518.5514  525.97864
 532.827   539.0089  544.37775 472.21378 481.76254 490.9883  500.04715
 508.5741  516.9181  524.7429  532.0021  538.679   544.69617 549.91583
 479.76257 488.98828 498.04715 506.5741  514.9181  522.7429  530.21643
 537.27673 543.7511  549.5751  554.62164 486.98828 496.04718 504.57413
 512.9181  520.7429  528.2164  535.27673 541.78503 548.04224 553.6588
 558.52026 494.04715 502.5741  510.9181  518.7429  526.2164  533.27673
 539.78503 546.04224 551.6588  556.92505 561.6066  500.5741  508.9181
 516.74286 524.21643 531.27673 537.785   544.04224 549.6588  554.92505
 559.6066  563.88904]
POLICY OUT:
[ 0  0  0  0  0  0  0 -1 -1 -2 -2  0  0  0  0  0  0  0  0 -1 -1 -2  0  0
  0  0  0  0  0  0  0 -1 -1  0  0  0  0  0  0  0  0  0  0  0  0  0  0  0
  0  0  0  0  0  0  0  1  1  1  0  0  0  0  0  0  0  0  2  2  1  1  1  0
  0  0  0  0  0  3  2  2  2  1  1  0  0  0  0  0  3  3  3  2  2  1  1  0
  0  0  0  4  4  3  3  2  2  1  1  1  0  0  5  4  4  3  3  2  2  2  1  1
  0]
D_INF OF V VS REF: 0.00012207031
D_INF OF POLICY VS REF: 0
D_INF (AT STOP) MEAN: 6.103515625e-05
MAIN ITERATIONS MEAN: 3.0
EVAL ITERATIONS TOTAL MEAN: 321.0
TIME MEAN: 0.007318687438964844 s, STD: 5.802755572372158e-05 s, STD_%: 0.8%
SPEEDUP VS REF: 258.80408707096507
============================================================================================================================================================================================================================================================
============================================================================================================================================================================================================================================================
FINAL SUMMARY:
PI CONTRACTION APPROACH 1: jcr_pi_contraction_cpu_numpy (REFERENCE) -> MEAN MAIN ITERS: 3.0, MEAN EVAL ITERS TOTAL: 326.0, MEAN D_INF: 6.103515625e-05, MEAN TIME: 1.8941062211990356 s, TIME STD: 0.008526707013049417 s, STD_%: 0.5%, SPEED-UP: 1.00
PI CONTRACTION APPROACH 2: jcr_pi_contraction_cpu_numba_parallel -> MEAN MAIN ITERS: 3.0, MEAN EVAL ITERS TOTAL: 326.0, MEAN D_INF: 6.103515625e-05, MEAN TIME: 0.02811145782470703 s, TIME STD: 0.0007655269361700572 s, STD_%: 2.7%, SPEED-UP: 67.38
PI CONTRACTION APPROACH 3: jcr_pi_contraction_cuda_atomicmax -> MEAN MAIN ITERS: 3.0, MEAN EVAL ITERS TOTAL: 325.0, MEAN D_INF: 6.103515625e-05, MEAN TIME: 0.028424882888793947 s, TIME STD: 0.00015002032090381248 s, STD_%: 0.5%, SPEED-UP: 66.64
PI CONTRACTION APPROACH 4: jcr_pi_contraction_cuda_atomicmaxplain -> MEAN MAIN ITERS: 3.0, MEAN EVAL ITERS TOTAL: 325.0, MEAN D_INF: 6.103515625e-05, MEAN TIME: 0.028548169136047363 s, TIME STD: 0.0003154093629948836 s, STD_%: 1.1%, SPEED-UP: 66.35
PI CONTRACTION APPROACH 5: jcr_pi_contraction_cuda_reducemax -> MEAN MAIN ITERS: 3.0, MEAN EVAL ITERS TOTAL: 325.0, MEAN D_INF: 6.103515625e-05, MEAN TIME: 0.022414541244506835 s, TIME STD: 0.0001515876950570095 s, STD_%: 0.7%, SPEED-UP: 84.50
PI CONTRACTION APPROACH 6: jcr_pi_contraction_cuda_gridsync -> MEAN MAIN ITERS: 3.0, MEAN EVAL ITERS TOTAL: 321.0, MEAN D_INF: 6.103515625e-05, MEAN TIME: 0.007318687438964844 s, TIME STD: 5.802755572372158e-05 s, STD_%: 0.8%, SPEED-UP: 258.80
JACK'S CAR RENTAL DONE. [hash string: 1321393540_15031_565_[1;10;5;10.0;-2.0;[3.0,4.0];[3.0,2.0];True;0.9;1.0e-04;1.0e-07;False;TTTTTT], time: 20.365321397781372 s]
