JACK'S CAR RENTAL STARTING...
HASH STRING: 1409267368_80457_901_[1;10;10;10.0;-2.0;[3.0,4.0];[3.0,2.0];True;0.9;1.0e-04;1.0e-07;False;TTTTT]
============================================================================================================================================================================================================================================================
EXPERIMENT INFO:
{
  SEED: 1,
  JCR_MAX_CARS_AT_LOC: 10,
  JCR_MAX_CARS_MOVED: 10,
  JCR_REWARD_CAR_RENTED: 10.0,
  JCR_REWARD_CAR_MOVED: -2.0,
  JCR_REQUEST_POISSON_LAMBDAS_AT_LOC: [3.0, 4.0],
  JCR_RETURN_POISSON_LAMBDAS_AT_LOC: [3.0, 2.0],
  NUMPY_SINGLE_THREAD: True,
  GAMMA: 0.9,
  EPS: 0.0001,
  TOLERANCE_V: 1e-07,
  PLOTS: False,
  jcr_pi_contraction_cpu_numpy: (True, 'jcr_pi_contraction_cpu_numpy', 10, {}),
  jcr_pi_contraction_cuda_atomicmax: (True, 'jcr_pi_contraction_cuda_atomicmax', 10, {'lazy_stop_check': 5, 'tpb': 64}),
  jcr_pi_contraction_cuda_atomicmaxplain: (True, 'jcr_pi_contraction_cuda_atomicmaxplain', 10, {'lazy_stop_check': 5, 'tpb': 64}),
  jcr_pi_contraction_cuda_reducemax: (True, 'jcr_pi_contraction_cuda_reducemax', 10, {'lazy_stop_check': 5, 'tpb': 64}),
  jcr_pi_contraction_cuda_gridsync: (True, 'jcr_pi_contraction_cuda_gridsync', 10, {'tpb': 64})
}
============================================================================================================================================================================================================================================================
CPU AND SYSTEM:
{'cpu_name': 'AMD Ryzen 9 9950X 16-Core Processor',
 'os_machine': 'x86_64',
 'os_name': 'Linux 6.14.0-37-generic',
 'os_version': '#37~24.04.1-Ubuntu SMP PREEMPT_DYNAMIC Thu Nov 20 10:25:38 UTC '
               '2',
 'ram_size': '123.4 GB'}
GPU:
{'async_engine_count': 2,
 'can_map_host_memory': 1,
 'compute_capability': ComputeCapability(major=12, minor=0),
 'cores_per_SM': 128,
 'cores_total': 21760,
 'max_block_dim_x': 1024,
 'max_block_dim_y': 1024,
 'max_block_dim_z': 64,
 'max_grid_dim_x': 2147483647,
 'max_grid_dim_y': 65535,
 'max_grid_dim_z': 65535,
 'max_shared_memory_per_block': 49152,
 'max_threads_per_block': 1024,
 'multiprocessor_count': 170,
 'name': 'NVIDIA GeForce RTX 5090',
 'pci_bus_id': 1,
 'pci_device_id': 0,
 'unified_addressing': 1,
 'warp_size': 32}
============================================================================================================================================================================================================================================================
JCR INFO:
{
  MAX_CARS_AT_LOC: 10,
  MAX_CARS_MOVED: 10,
  REWARD_CAR_RENTED: 10.0,
  REWARD_CAR_MOVED: -2.0,
  REQUEST_POISSON_LAMBDAS_AT_LOC: [3.0, 4.0],
  RETURN_POISSON_LAMBDAS_AT_LOC: [3.0, 2.0]
}
JCR MDP JOINT DISTRIBUTION...
UNPICKLE OBJECTS... [from file: ../mdp_joint_distrs/mdp_joint_distr_jcr_10_10.pkl]
UNPICKLE OBJECTS DONE. [time: 0.0046880245208740234 s]
JCR MDP JOINT DISTRIBUTION READY. [shape: (121, 21, 21, 121), entries: 6456681, type: float32, 0.02 GiB copied to device (gpu) in: 0.0025904178619384766 s]
============================================================================================================================================================================================================================================================
V FOR INITIAL POLICY ZEROED. [shape: (121,)]
RANDOM INITIAL POLICY [shape: (121,)]:
[ -5  -9   1  -3   2  -3  -2  -3  -1   2   1  -5  -5  -9   5   7 -10   6
   6  -7  -9  -4   2   4  -3   4   3  10  -4   8   8   5  10  -3   6  -5
   8   8   0  10  -2   1  -4   0   2  -5  -8   4   5   8  -7  -6  10   1
  -1  -4   7  -8   6   0 -10  -6   3  -1  -1  -1  -3  -9  -9  -5  -9 -10
   7  -6   7  -8  -2  -5 -10   3   9  -4   5   0   0   3  -2  -3   3  -3
   9  -7   3  -4   7   7   0  -7   8  -6  -5   7  -5   1  -9   2  -3  10
   0   6   3   4   9  -1  -1   8 -10   5  -4 -10  -6]
============================================================================================================================================================================================================================================================
PI CONTRACTION APPROACH 1: jcr_pi_contraction_cpu_numpy...
---
REPETITION: 1/10:
JCR PI CONTRACTION CPU NUMPY... [gamma: 0.9, eps: 0.0001, tolerance_v: 1e-07]
JCR PI CONTRACTION CPU NUMPY DONE. [d_inf: 9.1552734e-05, main iterations: 4, evaluation iterations total: 408, time: 1.3857159614562988 s]
---
REPETITION: 2/10:
JCR PI CONTRACTION CPU NUMPY... [gamma: 0.9, eps: 0.0001, tolerance_v: 1e-07]
JCR PI CONTRACTION CPU NUMPY DONE. [d_inf: 9.1552734e-05, main iterations: 4, evaluation iterations total: 408, time: 1.3849260807037354 s]
---
REPETITION: 3/10:
JCR PI CONTRACTION CPU NUMPY... [gamma: 0.9, eps: 0.0001, tolerance_v: 1e-07]
JCR PI CONTRACTION CPU NUMPY DONE. [d_inf: 9.1552734e-05, main iterations: 4, evaluation iterations total: 408, time: 1.3861236572265625 s]
---
REPETITION: 4/10:
JCR PI CONTRACTION CPU NUMPY... [gamma: 0.9, eps: 0.0001, tolerance_v: 1e-07]
JCR PI CONTRACTION CPU NUMPY DONE. [d_inf: 9.1552734e-05, main iterations: 4, evaluation iterations total: 408, time: 1.3864002227783203 s]
---
REPETITION: 5/10:
JCR PI CONTRACTION CPU NUMPY... [gamma: 0.9, eps: 0.0001, tolerance_v: 1e-07]
JCR PI CONTRACTION CPU NUMPY DONE. [d_inf: 9.1552734e-05, main iterations: 4, evaluation iterations total: 408, time: 1.3870391845703125 s]
---
REPETITION: 6/10:
JCR PI CONTRACTION CPU NUMPY... [gamma: 0.9, eps: 0.0001, tolerance_v: 1e-07]
JCR PI CONTRACTION CPU NUMPY DONE. [d_inf: 9.1552734e-05, main iterations: 4, evaluation iterations total: 408, time: 1.3906292915344238 s]
---
REPETITION: 7/10:
JCR PI CONTRACTION CPU NUMPY... [gamma: 0.9, eps: 0.0001, tolerance_v: 1e-07]
JCR PI CONTRACTION CPU NUMPY DONE. [d_inf: 9.1552734e-05, main iterations: 4, evaluation iterations total: 408, time: 1.3906614780426025 s]
---
REPETITION: 8/10:
JCR PI CONTRACTION CPU NUMPY... [gamma: 0.9, eps: 0.0001, tolerance_v: 1e-07]
JCR PI CONTRACTION CPU NUMPY DONE. [d_inf: 9.1552734e-05, main iterations: 4, evaluation iterations total: 408, time: 1.3877332210540771 s]
---
REPETITION: 9/10:
JCR PI CONTRACTION CPU NUMPY... [gamma: 0.9, eps: 0.0001, tolerance_v: 1e-07]
JCR PI CONTRACTION CPU NUMPY DONE. [d_inf: 9.1552734e-05, main iterations: 4, evaluation iterations total: 408, time: 1.3872480392456055 s]
---
REPETITION: 10/10:
JCR PI CONTRACTION CPU NUMPY... [gamma: 0.9, eps: 0.0001, tolerance_v: 1e-07]
JCR PI CONTRACTION CPU NUMPY DONE. [d_inf: 9.1552734e-05, main iterations: 4, evaluation iterations total: 408, time: 1.3872461318969727 s]
***
SUMMARY:
V OUT:
[420.29092 430.26236 440.1136  449.7054  458.9079  467.64178 475.8748
 483.7346  491.44354 498.8336  505.9558  430.1612  440.13257 449.98334
 459.5741  468.77454 477.50537 485.73453 493.4435  500.83362 507.9558
 514.52    439.61908 449.59003 459.4389  469.02444 478.2155  486.93274
 495.14465 502.83365 509.9558  516.51996 522.9214  448.40207 458.372
 468.21588 477.7885  486.95602 495.63925 503.8089  511.44977 518.52
 524.9214  530.49634 456.41092 466.3791  476.21378 485.76254 494.8869
 503.50793 511.60083 519.1559  526.1359  532.44666 537.9348  464.3791
 474.21378 483.76257 492.98828 502.04718 510.5741  518.55145 525.9787
 532.82697 539.00885 544.37775 472.21375 481.76257 490.9883  500.04715
 508.57413 516.91815 524.74286 532.0021  538.67896 544.6962  549.9158
 479.7625  488.9883  498.04718 506.5741  514.9181  522.74286 530.2164
 537.2768  543.7511  549.575   554.6217  486.98825 496.04718 504.5741
 512.9181  520.74286 528.21643 535.27673 541.785   548.04224 553.65875
 558.52026 494.04718 502.57413 510.9181  518.74286 526.21643 533.2767
 539.785   546.04224 551.6588  556.925   561.60657 500.5741  508.9181
 516.7429  524.21643 531.27673 537.78503 544.0423  549.6588  554.9249
 559.6066  563.8891 ]
POLICY OUT:
[ 0  0  0  0  0  0  0 -1 -1 -2 -2  0  0  0  0  0  0  0  0 -1 -1 -2  0  0
  0  0  0  0  0  0  0 -1 -1  0  0  0  0  0  0  0  0  0  0  0  0  0  0  0
  0  0  0  0  0  0  0  1  1  1  0  0  0  0  0  0  0  0  2  2  1  1  1  0
  0  0  0  0  0  3  2  2  2  1  1  0  0  0  0  0  3  3  3  2  2  1  1  0
  0  0  0  4  4  3  3  2  2  1  1  1  0  0  5  4  4  3  3  2  2  2  1  1
  0]
D_INF OF V VS REF: 0.0
D_INF OF POLICY VS REF: 0
D_INF (AT STOP) MEAN: 9.1552734375e-05
MAIN ITERATIONS MEAN: 4.0
EVAL ITERATIONS TOTAL MEAN: 408.0
TIME MEAN: 1.387372326850891 s, STD: 0.001814683558735449 s, STD_%: 0.1%
SPEEDUP VS REF: 1.0
============================================================================================================================================================================================================================================================
PI CONTRACTION APPROACH 2: jcr_pi_contraction_cuda_atomicmax...
GPU WARMED UP.
---
REPETITION: 1/10:
JCR PI CONTRACTION CUDA ATOMICMAX... [gamma: 0.9, eps: 0.0001, tolerance_v: 1e-07, lazy_stop_check: 5, tpb: 64]
[bpg: 121 (implied by number of states)]
JCR PI CONTRACTION CUDA ATOMICMAX DONE. [d_inf: 6.1035156e-05, main iterations: 4, evaluation iterations total: 435, time: 0.014030218124389648 s]
---
REPETITION: 2/10:
JCR PI CONTRACTION CUDA ATOMICMAX... [gamma: 0.9, eps: 0.0001, tolerance_v: 1e-07, lazy_stop_check: 5, tpb: 64]
[bpg: 121 (implied by number of states)]
JCR PI CONTRACTION CUDA ATOMICMAX DONE. [d_inf: 6.1035156e-05, main iterations: 4, evaluation iterations total: 435, time: 0.013992071151733398 s]
---
REPETITION: 3/10:
JCR PI CONTRACTION CUDA ATOMICMAX... [gamma: 0.9, eps: 0.0001, tolerance_v: 1e-07, lazy_stop_check: 5, tpb: 64]
[bpg: 121 (implied by number of states)]
JCR PI CONTRACTION CUDA ATOMICMAX DONE. [d_inf: 6.1035156e-05, main iterations: 4, evaluation iterations total: 435, time: 0.01409602165222168 s]
---
REPETITION: 4/10:
JCR PI CONTRACTION CUDA ATOMICMAX... [gamma: 0.9, eps: 0.0001, tolerance_v: 1e-07, lazy_stop_check: 5, tpb: 64]
[bpg: 121 (implied by number of states)]
JCR PI CONTRACTION CUDA ATOMICMAX DONE. [d_inf: 6.1035156e-05, main iterations: 4, evaluation iterations total: 435, time: 0.01398611068725586 s]
---
REPETITION: 5/10:
JCR PI CONTRACTION CUDA ATOMICMAX... [gamma: 0.9, eps: 0.0001, tolerance_v: 1e-07, lazy_stop_check: 5, tpb: 64]
[bpg: 121 (implied by number of states)]
JCR PI CONTRACTION CUDA ATOMICMAX DONE. [d_inf: 6.1035156e-05, main iterations: 4, evaluation iterations total: 435, time: 0.013997793197631836 s]
---
REPETITION: 6/10:
JCR PI CONTRACTION CUDA ATOMICMAX... [gamma: 0.9, eps: 0.0001, tolerance_v: 1e-07, lazy_stop_check: 5, tpb: 64]
[bpg: 121 (implied by number of states)]
JCR PI CONTRACTION CUDA ATOMICMAX DONE. [d_inf: 6.1035156e-05, main iterations: 4, evaluation iterations total: 435, time: 0.013958930969238281 s]
---
REPETITION: 7/10:
JCR PI CONTRACTION CUDA ATOMICMAX... [gamma: 0.9, eps: 0.0001, tolerance_v: 1e-07, lazy_stop_check: 5, tpb: 64]
[bpg: 121 (implied by number of states)]
JCR PI CONTRACTION CUDA ATOMICMAX DONE. [d_inf: 6.1035156e-05, main iterations: 4, evaluation iterations total: 435, time: 0.013960123062133789 s]
---
REPETITION: 8/10:
JCR PI CONTRACTION CUDA ATOMICMAX... [gamma: 0.9, eps: 0.0001, tolerance_v: 1e-07, lazy_stop_check: 5, tpb: 64]
[bpg: 121 (implied by number of states)]
JCR PI CONTRACTION CUDA ATOMICMAX DONE. [d_inf: 6.1035156e-05, main iterations: 4, evaluation iterations total: 435, time: 0.01397848129272461 s]
---
REPETITION: 9/10:
JCR PI CONTRACTION CUDA ATOMICMAX... [gamma: 0.9, eps: 0.0001, tolerance_v: 1e-07, lazy_stop_check: 5, tpb: 64]
[bpg: 121 (implied by number of states)]
JCR PI CONTRACTION CUDA ATOMICMAX DONE. [d_inf: 6.1035156e-05, main iterations: 4, evaluation iterations total: 435, time: 0.013947486877441406 s]
---
REPETITION: 10/10:
JCR PI CONTRACTION CUDA ATOMICMAX... [gamma: 0.9, eps: 0.0001, tolerance_v: 1e-07, lazy_stop_check: 5, tpb: 64]
[bpg: 121 (implied by number of states)]
JCR PI CONTRACTION CUDA ATOMICMAX DONE. [d_inf: 6.1035156e-05, main iterations: 4, evaluation iterations total: 435, time: 0.014079570770263672 s]
***
SUMMARY:
V OUT:
[420.29102 430.26245 440.1137  449.70554 458.90802 467.64188 475.87488
 483.73468 491.44366 498.83374 505.95593 430.16132 440.13266 449.98352
 459.57422 468.77466 477.5055  485.73465 493.44366 500.83377 507.95593
 514.52014 439.6192  449.59015 459.439   469.02454 478.21564 486.9328
 495.14478 502.83377 509.95593 516.52014 522.92145 448.4022  458.37213
 468.216   477.78864 486.95618 495.63937 503.80902 511.44992 518.52014
 524.92145 530.4964  456.41104 466.3792  476.2139  485.7627  494.88702
 503.50806 511.60095 519.156   526.13605 532.4468  537.935   464.3792
 474.2139  483.7627  492.9884  502.04727 510.57422 518.5515  525.97876
 532.82715 539.00903 544.3779  472.21393 481.7627  490.98843 500.0473
 508.57422 516.9182  524.74304 532.0022  538.67914 544.6963  549.916
 479.76266 488.9884  498.0473  506.57425 514.9182  522.74304 530.21655
 537.27686 543.7512  549.5752  554.6218  486.9884  496.0473  504.57425
 512.9182  520.74304 528.2165  535.27686 541.78516 548.04236 553.65894
 558.52045 494.04727 502.57425 510.9182  518.74304 526.21643 533.27686
 539.7851  546.04236 551.65894 556.9252  561.60675 500.57422 508.9182
 516.74304 524.21655 531.27686 537.7851  544.04236 549.65894 554.9252
 559.60675 563.88916]
POLICY OUT:
[ 0  0  0  0  0  0  0 -1 -1 -2 -2  0  0  0  0  0  0  0  0 -1 -1 -2  0  0
  0  0  0  0  0  0  0 -1 -1  0  0  0  0  0  0  0  0  0  0  0  0  0  0  0
  0  0  0  0  0  0  0  1  1  1  0  0  0  0  0  0  0  0  2  2  1  1  1  0
  0  0  0  0  0  3  2  2  2  1  1  0  0  0  0  0  3  3  3  2  2  1  1  0
  0  0  0  4  4  3  3  2  2  1  1  1  0  0  5  4  4  3  3  2  2  2  1  1
  0]
D_INF OF V VS REF: 0.00024414062
D_INF OF POLICY VS REF: 0
D_INF (AT STOP) MEAN: 6.103515625e-05
MAIN ITERATIONS MEAN: 4.0
EVAL ITERATIONS TOTAL MEAN: 435.0
TIME MEAN: 0.014002680778503418 s, STD: 4.811559245037059e-05 s, STD_%: 0.3%
SPEEDUP VS REF: 99.07905127572086
============================================================================================================================================================================================================================================================
PI CONTRACTION APPROACH 3: jcr_pi_contraction_cuda_atomicmaxplain...
---
REPETITION: 1/10:
JCR PI CONTRACTION CUDA ATOMICMAXPLAIN... [gamma: 0.9, eps: 0.0001, tolerance_v: 1e-07, lazy_stop_check: 5, tpb: 64]
[bpg: 121 (implied by number of states)]
JCR PI CONTRACTION CUDA ATOMICMAXPLAIN DONE. [d_inf: 6.1035156e-05, main iterations: 4, evaluation iterations total: 435, time: 0.014872312545776367 s]
---
REPETITION: 2/10:
JCR PI CONTRACTION CUDA ATOMICMAXPLAIN... [gamma: 0.9, eps: 0.0001, tolerance_v: 1e-07, lazy_stop_check: 5, tpb: 64]
[bpg: 121 (implied by number of states)]
JCR PI CONTRACTION CUDA ATOMICMAXPLAIN DONE. [d_inf: 6.1035156e-05, main iterations: 4, evaluation iterations total: 435, time: 0.014766931533813477 s]
---
REPETITION: 3/10:
JCR PI CONTRACTION CUDA ATOMICMAXPLAIN... [gamma: 0.9, eps: 0.0001, tolerance_v: 1e-07, lazy_stop_check: 5, tpb: 64]
[bpg: 121 (implied by number of states)]
JCR PI CONTRACTION CUDA ATOMICMAXPLAIN DONE. [d_inf: 6.1035156e-05, main iterations: 4, evaluation iterations total: 435, time: 0.014739274978637695 s]
---
REPETITION: 4/10:
JCR PI CONTRACTION CUDA ATOMICMAXPLAIN... [gamma: 0.9, eps: 0.0001, tolerance_v: 1e-07, lazy_stop_check: 5, tpb: 64]
[bpg: 121 (implied by number of states)]
JCR PI CONTRACTION CUDA ATOMICMAXPLAIN DONE. [d_inf: 6.1035156e-05, main iterations: 4, evaluation iterations total: 435, time: 0.014749526977539062 s]
---
REPETITION: 5/10:
JCR PI CONTRACTION CUDA ATOMICMAXPLAIN... [gamma: 0.9, eps: 0.0001, tolerance_v: 1e-07, lazy_stop_check: 5, tpb: 64]
[bpg: 121 (implied by number of states)]
JCR PI CONTRACTION CUDA ATOMICMAXPLAIN DONE. [d_inf: 6.1035156e-05, main iterations: 4, evaluation iterations total: 435, time: 0.014729499816894531 s]
---
REPETITION: 6/10:
JCR PI CONTRACTION CUDA ATOMICMAXPLAIN... [gamma: 0.9, eps: 0.0001, tolerance_v: 1e-07, lazy_stop_check: 5, tpb: 64]
[bpg: 121 (implied by number of states)]
JCR PI CONTRACTION CUDA ATOMICMAXPLAIN DONE. [d_inf: 6.1035156e-05, main iterations: 4, evaluation iterations total: 435, time: 0.015027761459350586 s]
---
REPETITION: 7/10:
JCR PI CONTRACTION CUDA ATOMICMAXPLAIN... [gamma: 0.9, eps: 0.0001, tolerance_v: 1e-07, lazy_stop_check: 5, tpb: 64]
[bpg: 121 (implied by number of states)]
JCR PI CONTRACTION CUDA ATOMICMAXPLAIN DONE. [d_inf: 6.1035156e-05, main iterations: 4, evaluation iterations total: 435, time: 0.014986991882324219 s]
---
REPETITION: 8/10:
JCR PI CONTRACTION CUDA ATOMICMAXPLAIN... [gamma: 0.9, eps: 0.0001, tolerance_v: 1e-07, lazy_stop_check: 5, tpb: 64]
[bpg: 121 (implied by number of states)]
JCR PI CONTRACTION CUDA ATOMICMAXPLAIN DONE. [d_inf: 6.1035156e-05, main iterations: 4, evaluation iterations total: 435, time: 0.014520645141601562 s]
---
REPETITION: 9/10:
JCR PI CONTRACTION CUDA ATOMICMAXPLAIN... [gamma: 0.9, eps: 0.0001, tolerance_v: 1e-07, lazy_stop_check: 5, tpb: 64]
[bpg: 121 (implied by number of states)]
JCR PI CONTRACTION CUDA ATOMICMAXPLAIN DONE. [d_inf: 6.1035156e-05, main iterations: 4, evaluation iterations total: 435, time: 0.014495372772216797 s]
---
REPETITION: 10/10:
JCR PI CONTRACTION CUDA ATOMICMAXPLAIN... [gamma: 0.9, eps: 0.0001, tolerance_v: 1e-07, lazy_stop_check: 5, tpb: 64]
[bpg: 121 (implied by number of states)]
JCR PI CONTRACTION CUDA ATOMICMAXPLAIN DONE. [d_inf: 6.1035156e-05, main iterations: 4, evaluation iterations total: 435, time: 0.014551162719726562 s]
***
SUMMARY:
V OUT:
[420.29102 430.26245 440.1137  449.70554 458.90802 467.6419  475.87488
 483.73468 491.44366 498.83374 505.95593 430.16132 440.13266 449.98352
 459.57422 468.77466 477.5055  485.73468 493.44366 500.83377 507.95593
 514.52014 439.6192  449.59015 459.439   469.02457 478.21564 486.93286
 495.14478 502.83377 509.95593 516.52014 522.92145 448.4022  458.37213
 468.21603 477.78864 486.95618 495.63937 503.80905 511.44992 518.52014
 524.9215  530.4964  456.41107 466.3792  476.21393 485.7627  494.88702
 503.50806 511.60095 519.156   526.13605 532.4468  537.935   464.3792
 474.2139  483.7627  492.9884  502.04727 510.57425 518.5515  525.97876
 532.82715 539.00903 544.3779  472.21393 481.7627  490.98843 500.0473
 508.57425 516.9182  524.74304 532.0022  538.67914 544.6963  549.916
 479.7627  488.9884  498.0473  506.57425 514.9182  522.74304 530.21655
 537.27686 543.7512  549.5752  554.6218  486.9884  496.0473  504.57425
 512.9182  520.74304 528.2165  535.27686 541.78516 548.04236 553.65894
 558.52045 494.04727 502.57425 510.9182  518.74304 526.2165  533.27686
 539.7851  546.04236 551.65894 556.9252  561.60675 500.57422 508.9182
 516.74304 524.21655 531.27686 537.7851  544.04236 549.65894 554.9252
 559.60675 563.88916]
POLICY OUT:
[ 0  0  0  0  0  0  0 -1 -1 -2 -2  0  0  0  0  0  0  0  0 -1 -1 -2  0  0
  0  0  0  0  0  0  0 -1 -1  0  0  0  0  0  0  0  0  0  0  0  0  0  0  0
  0  0  0  0  0  0  0  1  1  1  0  0  0  0  0  0  0  0  2  2  1  1  1  0
  0  0  0  0  0  3  2  2  2  1  1  0  0  0  0  0  3  3  3  2  2  1  1  0
  0  0  0  4  4  3  3  2  2  1  1  1  0  0  5  4  4  3  3  2  2  2  1  1
  0]
D_INF OF V VS REF: 0.00024414062
D_INF OF POLICY VS REF: 0
D_INF (AT STOP) MEAN: 6.103515625e-05
MAIN ITERATIONS MEAN: 4.0
EVAL ITERATIONS TOTAL MEAN: 435.0
TIME MEAN: 0.014743947982788086 s, STD: 0.00017484501557758964 s, STD_%: 1.2%
SPEEDUP VS REF: 94.09774969841818
============================================================================================================================================================================================================================================================
PI CONTRACTION APPROACH 4: jcr_pi_contraction_cuda_reducemax...
---
REPETITION: 1/10:
JCR PI CONTRACTION CUDA REDUCEMAX... [gamma: 0.9, eps: 0.0001, tolerance_v: 1e-07, lazy_stop_check: 5, tpb: 64]
[bpg: 121 (implied by number of states)]
JCR PI CONTRACTION CUDA REDUCEMAX DONE. [d_inf: 6.1035156e-05, main iterations: 4, evaluation iterations total: 435, time: 0.01110076904296875 s]
---
REPETITION: 2/10:
JCR PI CONTRACTION CUDA REDUCEMAX... [gamma: 0.9, eps: 0.0001, tolerance_v: 1e-07, lazy_stop_check: 5, tpb: 64]
[bpg: 121 (implied by number of states)]
JCR PI CONTRACTION CUDA REDUCEMAX DONE. [d_inf: 6.1035156e-05, main iterations: 4, evaluation iterations total: 435, time: 0.01109623908996582 s]
---
REPETITION: 3/10:
JCR PI CONTRACTION CUDA REDUCEMAX... [gamma: 0.9, eps: 0.0001, tolerance_v: 1e-07, lazy_stop_check: 5, tpb: 64]
[bpg: 121 (implied by number of states)]
JCR PI CONTRACTION CUDA REDUCEMAX DONE. [d_inf: 6.1035156e-05, main iterations: 4, evaluation iterations total: 435, time: 0.011024951934814453 s]
---
REPETITION: 4/10:
JCR PI CONTRACTION CUDA REDUCEMAX... [gamma: 0.9, eps: 0.0001, tolerance_v: 1e-07, lazy_stop_check: 5, tpb: 64]
[bpg: 121 (implied by number of states)]
JCR PI CONTRACTION CUDA REDUCEMAX DONE. [d_inf: 6.1035156e-05, main iterations: 4, evaluation iterations total: 435, time: 0.010952472686767578 s]
---
REPETITION: 5/10:
JCR PI CONTRACTION CUDA REDUCEMAX... [gamma: 0.9, eps: 0.0001, tolerance_v: 1e-07, lazy_stop_check: 5, tpb: 64]
[bpg: 121 (implied by number of states)]
JCR PI CONTRACTION CUDA REDUCEMAX DONE. [d_inf: 6.1035156e-05, main iterations: 4, evaluation iterations total: 435, time: 0.010836362838745117 s]
---
REPETITION: 6/10:
JCR PI CONTRACTION CUDA REDUCEMAX... [gamma: 0.9, eps: 0.0001, tolerance_v: 1e-07, lazy_stop_check: 5, tpb: 64]
[bpg: 121 (implied by number of states)]
JCR PI CONTRACTION CUDA REDUCEMAX DONE. [d_inf: 6.1035156e-05, main iterations: 4, evaluation iterations total: 435, time: 0.010870218276977539 s]
---
REPETITION: 7/10:
JCR PI CONTRACTION CUDA REDUCEMAX... [gamma: 0.9, eps: 0.0001, tolerance_v: 1e-07, lazy_stop_check: 5, tpb: 64]
[bpg: 121 (implied by number of states)]
JCR PI CONTRACTION CUDA REDUCEMAX DONE. [d_inf: 6.1035156e-05, main iterations: 4, evaluation iterations total: 435, time: 0.010904550552368164 s]
---
REPETITION: 8/10:
JCR PI CONTRACTION CUDA REDUCEMAX... [gamma: 0.9, eps: 0.0001, tolerance_v: 1e-07, lazy_stop_check: 5, tpb: 64]
[bpg: 121 (implied by number of states)]
JCR PI CONTRACTION CUDA REDUCEMAX DONE. [d_inf: 6.1035156e-05, main iterations: 4, evaluation iterations total: 435, time: 0.010994911193847656 s]
---
REPETITION: 9/10:
JCR PI CONTRACTION CUDA REDUCEMAX... [gamma: 0.9, eps: 0.0001, tolerance_v: 1e-07, lazy_stop_check: 5, tpb: 64]
[bpg: 121 (implied by number of states)]
JCR PI CONTRACTION CUDA REDUCEMAX DONE. [d_inf: 6.1035156e-05, main iterations: 4, evaluation iterations total: 435, time: 0.010859012603759766 s]
---
REPETITION: 10/10:
JCR PI CONTRACTION CUDA REDUCEMAX... [gamma: 0.9, eps: 0.0001, tolerance_v: 1e-07, lazy_stop_check: 5, tpb: 64]
[bpg: 121 (implied by number of states)]
JCR PI CONTRACTION CUDA REDUCEMAX DONE. [d_inf: 6.1035156e-05, main iterations: 4, evaluation iterations total: 435, time: 0.010910987854003906 s]
***
SUMMARY:
V OUT:
[420.29102 430.26245 440.1137  449.70554 458.90802 467.64188 475.87488
 483.73468 491.44366 498.83374 505.95593 430.16132 440.13266 449.98352
 459.57422 468.77466 477.5055  485.73465 493.44366 500.83377 507.95593
 514.52014 439.6192  449.59015 459.439   469.02454 478.21564 486.9328
 495.14478 502.83377 509.95593 516.52014 522.92145 448.4022  458.37213
 468.216   477.78864 486.95618 495.63937 503.80902 511.44992 518.52014
 524.92145 530.4964  456.41104 466.3792  476.2139  485.7627  494.88702
 503.50806 511.60095 519.156   526.13605 532.4468  537.935   464.3792
 474.2139  483.7627  492.9884  502.04727 510.57422 518.5515  525.97876
 532.82715 539.00903 544.3779  472.21393 481.7627  490.98843 500.0473
 508.57422 516.9182  524.74304 532.0022  538.67914 544.6963  549.916
 479.76266 488.9884  498.0473  506.57425 514.9182  522.74304 530.21655
 537.27686 543.7512  549.5752  554.6218  486.9884  496.0473  504.57425
 512.9182  520.74304 528.2165  535.27686 541.78516 548.04236 553.65894
 558.52045 494.04727 502.57425 510.9182  518.74304 526.21643 533.27686
 539.7851  546.04236 551.65894 556.9252  561.60675 500.57422 508.9182
 516.74304 524.21655 531.27686 537.7851  544.04236 549.65894 554.9252
 559.60675 563.88916]
POLICY OUT:
[ 0  0  0  0  0  0  0 -1 -1 -2 -2  0  0  0  0  0  0  0  0 -1 -1 -2  0  0
  0  0  0  0  0  0  0 -1 -1  0  0  0  0  0  0  0  0  0  0  0  0  0  0  0
  0  0  0  0  0  0  0  1  1  1  0  0  0  0  0  0  0  0  2  2  1  1  1  0
  0  0  0  0  0  3  2  2  2  1  1  0  0  0  0  0  3  3  3  2  2  1  1  0
  0  0  0  4  4  3  3  2  2  1  1  1  0  0  5  4  4  3  3  2  2  2  1  1
  0]
D_INF OF V VS REF: 0.00024414062
D_INF OF POLICY VS REF: 0
D_INF (AT STOP) MEAN: 6.103515625e-05
MAIN ITERATIONS MEAN: 4.0
EVAL ITERATIONS TOTAL MEAN: 435.0
TIME MEAN: 0.010955047607421876 s, STD: 9.091102696391158e-05 s, STD_%: 0.8%
SPEEDUP VS REF: 126.64229098474823
============================================================================================================================================================================================================================================================
PI CONTRACTION APPROACH 5: jcr_pi_contraction_cuda_gridsync...
---
REPETITION: 1/10:
JCR PI CONTRACTION CUDA GRIDSYNC... [gamma: 0.9, eps: 0.0001, tolerance_v: 1e-07, tpb: 64, assumed max_bpg_gridsync: None]
[discovered max_bpg_gridsync: 2040; time: 9.083747863769531e-05 s]
[kernel eval -> bpg: 121 (max_bpg_gridsync or number of states if smaller), tpb: 64, spb: 1]
[kernel improve -> bpg: 121 (implied by number of states), tpb: 64]
JCR PI CONTRACTION CUDA GRIDSYNC DONE. [d_inf: 6.1035156e-05, main iterations: 4, evaluation iterations total: 411, time: 0.007652997970581055 s]
---
REPETITION: 2/10:
JCR PI CONTRACTION CUDA GRIDSYNC... [gamma: 0.9, eps: 0.0001, tolerance_v: 1e-07, tpb: 64, assumed max_bpg_gridsync: None]
[discovered max_bpg_gridsync: 2040; time: 4.1484832763671875e-05 s]
[kernel eval -> bpg: 121 (max_bpg_gridsync or number of states if smaller), tpb: 64, spb: 1]
[kernel improve -> bpg: 121 (implied by number of states), tpb: 64]
JCR PI CONTRACTION CUDA GRIDSYNC DONE. [d_inf: 6.1035156e-05, main iterations: 4, evaluation iterations total: 411, time: 0.007513761520385742 s]
---
REPETITION: 3/10:
JCR PI CONTRACTION CUDA GRIDSYNC... [gamma: 0.9, eps: 0.0001, tolerance_v: 1e-07, tpb: 64, assumed max_bpg_gridsync: None]
[discovered max_bpg_gridsync: 2040; time: 3.886222839355469e-05 s]
[kernel eval -> bpg: 121 (max_bpg_gridsync or number of states if smaller), tpb: 64, spb: 1]
[kernel improve -> bpg: 121 (implied by number of states), tpb: 64]
JCR PI CONTRACTION CUDA GRIDSYNC DONE. [d_inf: 6.1035156e-05, main iterations: 4, evaluation iterations total: 411, time: 0.007445812225341797 s]
---
REPETITION: 4/10:
JCR PI CONTRACTION CUDA GRIDSYNC... [gamma: 0.9, eps: 0.0001, tolerance_v: 1e-07, tpb: 64, assumed max_bpg_gridsync: None]
[discovered max_bpg_gridsync: 2040; time: 4.57763671875e-05 s]
[kernel eval -> bpg: 121 (max_bpg_gridsync or number of states if smaller), tpb: 64, spb: 1]
[kernel improve -> bpg: 121 (implied by number of states), tpb: 64]
JCR PI CONTRACTION CUDA GRIDSYNC DONE. [d_inf: 6.1035156e-05, main iterations: 4, evaluation iterations total: 411, time: 0.007525205612182617 s]
---
REPETITION: 5/10:
JCR PI CONTRACTION CUDA GRIDSYNC... [gamma: 0.9, eps: 0.0001, tolerance_v: 1e-07, tpb: 64, assumed max_bpg_gridsync: None]
[discovered max_bpg_gridsync: 2040; time: 3.8623809814453125e-05 s]
[kernel eval -> bpg: 121 (max_bpg_gridsync or number of states if smaller), tpb: 64, spb: 1]
[kernel improve -> bpg: 121 (implied by number of states), tpb: 64]
JCR PI CONTRACTION CUDA GRIDSYNC DONE. [d_inf: 6.1035156e-05, main iterations: 4, evaluation iterations total: 411, time: 0.0074634552001953125 s]
---
REPETITION: 6/10:
JCR PI CONTRACTION CUDA GRIDSYNC... [gamma: 0.9, eps: 0.0001, tolerance_v: 1e-07, tpb: 64, assumed max_bpg_gridsync: None]
[discovered max_bpg_gridsync: 2040; time: 4.124641418457031e-05 s]
[kernel eval -> bpg: 121 (max_bpg_gridsync or number of states if smaller), tpb: 64, spb: 1]
[kernel improve -> bpg: 121 (implied by number of states), tpb: 64]
JCR PI CONTRACTION CUDA GRIDSYNC DONE. [d_inf: 6.1035156e-05, main iterations: 4, evaluation iterations total: 411, time: 0.007445335388183594 s]
---
REPETITION: 7/10:
JCR PI CONTRACTION CUDA GRIDSYNC... [gamma: 0.9, eps: 0.0001, tolerance_v: 1e-07, tpb: 64, assumed max_bpg_gridsync: None]
[discovered max_bpg_gridsync: 2040; time: 3.7670135498046875e-05 s]
[kernel eval -> bpg: 121 (max_bpg_gridsync or number of states if smaller), tpb: 64, spb: 1]
[kernel improve -> bpg: 121 (implied by number of states), tpb: 64]
JCR PI CONTRACTION CUDA GRIDSYNC DONE. [d_inf: 6.1035156e-05, main iterations: 4, evaluation iterations total: 411, time: 0.007527351379394531 s]
---
REPETITION: 8/10:
JCR PI CONTRACTION CUDA GRIDSYNC... [gamma: 0.9, eps: 0.0001, tolerance_v: 1e-07, tpb: 64, assumed max_bpg_gridsync: None]
[discovered max_bpg_gridsync: 2040; time: 3.933906555175781e-05 s]
[kernel eval -> bpg: 121 (max_bpg_gridsync or number of states if smaller), tpb: 64, spb: 1]
[kernel improve -> bpg: 121 (implied by number of states), tpb: 64]
JCR PI CONTRACTION CUDA GRIDSYNC DONE. [d_inf: 6.1035156e-05, main iterations: 4, evaluation iterations total: 411, time: 0.007457256317138672 s]
---
REPETITION: 9/10:
JCR PI CONTRACTION CUDA GRIDSYNC... [gamma: 0.9, eps: 0.0001, tolerance_v: 1e-07, tpb: 64, assumed max_bpg_gridsync: None]
[discovered max_bpg_gridsync: 2040; time: 3.790855407714844e-05 s]
[kernel eval -> bpg: 121 (max_bpg_gridsync or number of states if smaller), tpb: 64, spb: 1]
[kernel improve -> bpg: 121 (implied by number of states), tpb: 64]
JCR PI CONTRACTION CUDA GRIDSYNC DONE. [d_inf: 6.1035156e-05, main iterations: 4, evaluation iterations total: 411, time: 0.00745844841003418 s]
---
REPETITION: 10/10:
JCR PI CONTRACTION CUDA GRIDSYNC... [gamma: 0.9, eps: 0.0001, tolerance_v: 1e-07, tpb: 64, assumed max_bpg_gridsync: None]
[discovered max_bpg_gridsync: 2040; time: 3.719329833984375e-05 s]
[kernel eval -> bpg: 121 (max_bpg_gridsync or number of states if smaller), tpb: 64, spb: 1]
[kernel improve -> bpg: 121 (implied by number of states), tpb: 64]
JCR PI CONTRACTION CUDA GRIDSYNC DONE. [d_inf: 6.1035156e-05, main iterations: 4, evaluation iterations total: 411, time: 0.007440090179443359 s]
***
SUMMARY:
V OUT:
[420.2909  430.26233 440.1136  449.7054  458.9079  467.64175 475.87476
 483.73453 491.44354 498.83362 505.95584 430.1612  440.13254 449.9834
 459.57407 468.77454 477.50537 485.73453 493.44354 500.83362 507.9558
 514.52    439.61908 449.59003 459.43887 469.02444 478.21548 486.93268
 495.14465 502.83362 509.9558  516.52    522.9213  448.40207 458.372
 468.21588 477.7885  486.956   495.63925 503.8089  511.44977 518.52
 524.9214  530.4963  456.41092 466.3791  476.21378 485.76257 494.88684
 503.5079  511.60083 519.1559  526.1359  532.44666 537.9348  464.3791
 474.21378 483.76254 492.98828 502.04718 510.5741  518.5514  525.97864
 532.827   539.0089  544.37775 472.21378 481.76254 490.9883  500.04715
 508.5741  516.9181  524.7429  532.0021  538.679   544.69617 549.91583
 479.76257 488.98828 498.04715 506.5741  514.9181  522.7429  530.21643
 537.27673 543.7511  549.5751  554.62164 486.98828 496.04718 504.5741
 512.9181  520.7429  528.2164  535.27673 541.78503 548.04224 553.6588
 558.52026 494.04715 502.5741  510.9181  518.7429  526.2164  533.27673
 539.785   546.04224 551.6588  556.92505 561.6066  500.5741  508.9181
 516.74286 524.2164  531.27673 537.785   544.04224 549.6588  554.92505
 559.6066  563.88904]
POLICY OUT:
[ 0  0  0  0  0  0  0 -1 -1 -2 -2  0  0  0  0  0  0  0  0 -1 -1 -2  0  0
  0  0  0  0  0  0  0 -1 -1  0  0  0  0  0  0  0  0  0  0  0  0  0  0  0
  0  0  0  0  0  0  0  1  1  1  0  0  0  0  0  0  0  0  2  2  1  1  1  0
  0  0  0  0  0  3  2  2  2  1  1  0  0  0  0  0  3  3  3  2  2  1  1  0
  0  0  0  4  4  3  3  2  2  1  1  1  0  0  5  4  4  3  3  2  2  2  1  1
  0]
D_INF OF V VS REF: 0.00012207031
D_INF OF POLICY VS REF: 0
D_INF (AT STOP) MEAN: 6.103515625e-05
MAIN ITERATIONS MEAN: 4.0
EVAL ITERATIONS TOTAL MEAN: 411.0
TIME MEAN: 0.007492971420288086 s, STD: 6.236182382711626e-05 s, STD_%: 0.8%
SPEEDUP VS REF: 185.1564952048823
============================================================================================================================================================================================================================================================
============================================================================================================================================================================================================================================================
FINAL SUMMARY:
PI CONTRACTION APPROACH 1: jcr_pi_contraction_cpu_numpy (REFERENCE) -> MEAN MAIN ITERS: 4.0, MEAN EVAL ITERS TOTAL: 408.0, MEAN D_INF: 9.1552734375e-05, MEAN TIME: 1.387372326850891 s, TIME STD: 0.001814683558735449 s, STD_%: 0.1%, SPEED-UP: 1.00
PI CONTRACTION APPROACH 2: jcr_pi_contraction_cuda_atomicmax -> MEAN MAIN ITERS: 4.0, MEAN EVAL ITERS TOTAL: 435.0, MEAN D_INF: 6.103515625e-05, MEAN TIME: 0.014002680778503418 s, TIME STD: 4.811559245037059e-05 s, STD_%: 0.3%, SPEED-UP: 99.08
PI CONTRACTION APPROACH 3: jcr_pi_contraction_cuda_atomicmaxplain -> MEAN MAIN ITERS: 4.0, MEAN EVAL ITERS TOTAL: 435.0, MEAN D_INF: 6.103515625e-05, MEAN TIME: 0.014743947982788086 s, TIME STD: 0.00017484501557758964 s, STD_%: 1.2%, SPEED-UP: 94.10
PI CONTRACTION APPROACH 4: jcr_pi_contraction_cuda_reducemax -> MEAN MAIN ITERS: 4.0, MEAN EVAL ITERS TOTAL: 435.0, MEAN D_INF: 6.103515625e-05, MEAN TIME: 0.010955047607421876 s, TIME STD: 9.091102696391158e-05 s, STD_%: 0.8%, SPEED-UP: 126.64
PI CONTRACTION APPROACH 5: jcr_pi_contraction_cuda_gridsync -> MEAN MAIN ITERS: 4.0, MEAN EVAL ITERS TOTAL: 411.0, MEAN D_INF: 6.103515625e-05, MEAN TIME: 0.007492971420288086 s, TIME STD: 6.236182382711626e-05 s, STD_%: 0.8%, SPEED-UP: 185.16
JACK'S CAR RENTAL DONE. [hash string: 1409267368_80457_901_[1;10;10;10.0;-2.0;[3.0,4.0];[3.0,2.0];True;0.9;1.0e-04;1.0e-07;False;TTTTT], time: 14.361924886703491 s]
