JACK'S CAR RENTAL STARTING...
HASH STRING: 1797136516_96022_692_[1;20;5;10.0;-2.0;[3.0,4.0];[3.0,2.0];True;0.9;1.0e-02;1.0e-07;False;TTTTF]
============================================================================================================================================================================================================================================================
EXPERIMENT INFO:
{
  SEED: 1,
  JCR_MAX_CARS_AT_LOC: 20,
  JCR_MAX_CARS_MOVED: 5,
  JCR_REWARD_CAR_RENTED: 10.0,
  JCR_REWARD_CAR_MOVED: -2.0,
  JCR_REQUEST_POISSON_LAMBDAS_AT_LOC: [3.0, 4.0],
  JCR_RETURN_POISSON_LAMBDAS_AT_LOC: [3.0, 2.0],
  NUMPY_SINGLE_THREAD: True,
  GAMMA: 0.9,
  EPS: 0.01,
  TOLERANCE_V: 1e-07,
  PLOTS: False,
  jcr_pi_contraction_cpu_numpy: (True, 'jcr_pi_contraction_cpu_numpy', 3, {}),
  jcr_pi_contraction_cuda_atomicmax: (True, 'jcr_pi_contraction_cuda_atomicmaxglosten', 3, {'lazy_stop_check': 5, 'tpb': 512}),
  jcr_pi_contraction_cuda_atomicmaxglosten: (True, 'jcr_pi_contraction_cuda_atomicmaxglosten', 3, {'lazy_stop_check': 5, 'tpb': 512}),
  jcr_pi_contraction_cuda_reducemax: (True, 'jcr_pi_contraction_cuda_reducemax', 3, {'lazy_stop_check': 5, 'tpb': 512}),
  jcr_pi_contraction_cuda_gridsync: (False, 'jcr_pi_contraction_cuda_gridsync', 0, {})
}
============================================================================================================================================================================================================================================================
CPU AND SYSTEM:
{'cpu_name': 'Intel(R) Xeon(R) CPU E3-1505M v5 @ 2.80GHz',
 'os_machine': 'AMD64',
 'os_name': 'Windows 10',
 'os_version': '10.0.19045',
 'ram_size': '63.9 GB'}
GPU:
{'async_engine_count': 5,
 'can_map_host_memory': 1,
 'compute_capability': (5, 2),
 'cores_per_SM': 128,
 'cores_total': 1280,
 'max_block_dim_x': 1024,
 'max_block_dim_y': 1024,
 'max_block_dim_z': 64,
 'max_grid_dim_x': 2147483647,
 'max_grid_dim_y': 65535,
 'max_grid_dim_z': 65535,
 'max_shared_memory_per_block': 49152,
 'max_threads_per_block': 1024,
 'multiprocessor_count': 10,
 'name': 'Quadro M4000M',
 'pci_bus_id': 1,
 'pci_device_id': 0,
 'unified_addressing': 1,
 'warp_size': 32}
============================================================================================================================================================================================================================================================
JCR INFO:
{
  MAX_CARS_AT_LOC: 20,
  MAX_CARS_MOVED: 5,
  REWARD_CAR_RENTED: 10.0,
  REWARD_CAR_MOVED: -2.0,
  REQUEST_POISSON_LAMBDAS_AT_LOC: [3.0, 4.0],
  RETURN_POISSON_LAMBDAS_AT_LOC: [3.0, 2.0]
}
JCR MDP JOINT DISTRIBUTION...
UNPICKLE OBJECTS... [from file: ../mdp_joint_distrs/mdp_joint_distr_jcr_20_5.pkl]
UNPICKLE OBJECTS DONE. [time: 0.11768507957458496 s]
JCR MDP JOINT DISTRIBUTION READY. [shape: (441, 11, 41, 441), entries: 87710931, type: float32, 0.33 GiB copied to device (gpu) in: 0.08577108383178711 s]
============================================================================================================================================================================================================================================================
V FOR INITIAL POLICY ZEROED. [shape: (441,)]
RANDOM INITIAL POLICY [shape: (441,)]:
[ 0 -4  2  2  3  2  4  0  0 -4 -4 -5 -5 -5 -2 -4  1  2  1 -1  1 -3  4 -3
 -1  2 -5  0 -3 -3  5 -1  3  1  1  5  0 -3 -3 -2 -1  4  2 -1  2  4  1 -4
 -3  2 -5  5 -5  1  1 -1  4  4  4  2 -4 -4  1  4  0 -4 -5 -4 -1 -4 -3  3
  0  3 -5 -2  1  5  5  5  4  3  2  2 -2 -2  1 -4  0  3 -4  5  4 -2 -3 -1
  3  0 -4  0 -4  5  2 -1  5 -5 -2  4  4 -3 -5  1 -5 -1  2  4  5 -3  0  2
  2  5  4  2  3  4  1 -5  4  4 -2  2  5 -2  2  1 -1  4  4  0  0  4  3 -2
  3  1  2  3 -5 -2 -3  5  5  1  2  2  5  4  2  4  4  2 -2 -5  5 -2 -5 -2
  3 -3  2 -5  2 -4 -4 -1  4 -2  2 -5 -1  3  4  1 -5  1 -1  0 -1  1 -3  5
 -5 -4  0  3 -1  2  0 -4  3 -4  2 -2 -1 -4  4 -1  2  1  2 -1 -1 -4  4 -5
  2 -3  0 -5  4  5  1  2 -5 -4 -4  3  2 -3  4  3  5 -4 -2 -1  4 -5  0  3
 -4  1  2  4  3 -3  2 -2 -1 -4  2 -3 -1  0  2 -4 -3  1  5  1  0 -5 -4  4
 -3  1  5  1 -3  2 -2  2  2 -5  1  0  0 -3 -4  5  1 -1  1 -4 -5  1  0 -2
 -4  1 -3 -4  0  0 -1 -1  5  2 -5  2  3  4  4  0 -2  2 -5 -5 -5  4 -2 -1
  4 -4  0 -1 -1 -3 -1  0  1  4  1  3 -1  3  4  1 -3 -1  2 -5  0  5  0  1
 -1 -1  0  0  3  0  3 -3  2  0 -4  5 -4  4 -5 -1  3  0  4  2 -5  4  5  3
 -5 -2 -1 -1 -3  2 -5  5  1 -5  1 -2  0 -1  1 -4 -3  5 -1  5 -2  4 -5 -4
  1  5 -5 -2  0  0  2  5 -3  0  1 -4  5 -5  3  2 -2  4 -5 -1  3 -1  3  2
 -3  1  2  4  4 -5 -4  1 -2  3  3 -4  5 -1  3 -2 -3 -2  5  2  1 -2  2 -3
 -2 -2  0  4  1 -2  1 -3  2]
============================================================================================================================================================================================================================================================
PI CONTRACTION APPROACH 1: jcr_pi_contraction_cpu_numpy...
---
REPETITION: 1/3:
JCR PI CONTRACTION CPU NUMPY... [gamma: 0.9, eps: 0.01, tolerance_v: 1e-07]
JCR PI CONTRACTION CPU NUMPY DONE. [d_inf: 0.0095825195, main iterations: 4, evaluation iterations total: 177, time: 35.37525677680969 s]
---
REPETITION: 2/3:
JCR PI CONTRACTION CPU NUMPY... [gamma: 0.9, eps: 0.01, tolerance_v: 1e-07]
JCR PI CONTRACTION CPU NUMPY DONE. [d_inf: 0.0095825195, main iterations: 4, evaluation iterations total: 177, time: 18.816242694854736 s]
---
REPETITION: 3/3:
JCR PI CONTRACTION CPU NUMPY... [gamma: 0.9, eps: 0.01, tolerance_v: 1e-07]
JCR PI CONTRACTION CPU NUMPY DONE. [d_inf: 0.0095825195, main iterations: 4, evaluation iterations total: 177, time: 18.845120191574097 s]
***
SUMMARY:
V OUT:
[421.36523 431.33746 441.19315 450.7985  460.03125 468.82336 477.16168
 485.06543 492.92874 500.4245  507.83658 514.9422  521.69946 528.2998
 534.69385 540.78436 546.5911  552.1309  557.55597 562.7637  567.7183
 431.239   441.21112 451.0665  460.671   469.90228 478.69223 487.02795
 494.9287  502.4245  509.83658 516.9422  523.69946 530.2998  536.69385
 542.78436 548.5911  554.1309  559.55597 564.76373 569.7183  574.411
 440.71255 450.6844  460.5382  470.13882 479.36316 488.1434  496.46735
 504.35495 511.83655 518.9422  525.69946 532.2998  538.69385 544.78436
 550.5911  556.1309  561.55597 566.76373 571.7183  576.411   580.8068
 449.5357  459.50674 469.35675 478.9475  488.15448 496.91037 505.20508
 513.0608  520.509   527.5796  534.2998  540.69385 546.78436 552.5911
 558.1309  563.55597 568.7637  573.7184  578.41095 582.8068  586.9198
 457.62616 467.5958  477.43866 487.01126 496.186   504.89694 513.1383
 520.93665 528.3262  535.33765 541.9973  548.3286  554.35297 560.0899
 565.55597 570.7637  575.7183  580.411   584.8068  588.9198  592.8413
 465.5958  475.43863 485.01123 494.4018  503.52734 512.1698  520.3301
 528.04224 535.3453  542.2719  548.848   555.0957  561.0352  566.685
 572.0613  577.1761  582.03436 586.627   590.9198  594.8413  598.2826
 473.43866 483.01123 492.40182 501.52734 510.31442 518.8649  526.91656
 534.51373 541.7028  548.51984 554.9907  561.1365  566.97577 572.5259
 577.802   582.8156  587.5709  592.0585  596.24457 600.06    603.4002
 481.01123 490.4018  499.52734 508.31442 516.8649  525.1111  533.03
 540.48663 547.537   554.22174 560.568   566.59546 572.3213  577.76135
 582.9297  587.83673 592.4861  596.868   600.9489  604.6618  607.90607
 488.40182 497.52734 506.31442 514.8649  523.1111  531.03    538.76794
 546.06396 552.95544 559.48914 565.6938  571.5886  577.18915 582.5097
 587.5631  592.3588  596.8997  601.1756  605.1536  608.76825 611.92236
 495.52734 504.31442 512.8649  521.1111  529.03    536.76794 544.19305
 551.3149  558.033   564.4013  570.45105 576.2012  581.66595 586.8584
 591.7899  596.46924 600.89844 605.06714 608.9429  612.462   615.53
 502.31442 510.8649  519.1111  527.03    534.76794 542.19305 549.34357
 556.28357 562.8194  569.0126  574.8976  580.4937  585.8143  590.871
 595.6744  600.23224 604.546   608.6052  612.37805 615.8022  618.78625
 508.8649  517.1111  525.03    532.76794 540.19305 547.34357 554.28357
 560.99774 567.3468  573.3591  579.0728  584.5082  589.6779  594.5929
 599.2627  603.69446 607.8892  611.8364  615.50476 618.8337  621.73413
 515.1111  523.03    530.76794 538.19305 545.34357 552.28357 558.99774
 565.47473 571.6354  577.4638  583.0022  588.2721  593.2863  598.0549
 602.58685 606.88873 610.9613  614.79407 618.3564  621.5891  624.4059
 521.      528.76794 536.19305 543.3435  550.28357 556.9978  563.4747
 569.724   575.6966  581.3398  586.7003  591.80164 596.6567  601.27545
 605.6664  609.8356  613.78357 617.5     620.955   624.091   626.8238
 526.5878  534.19305 541.34357 548.28357 554.99774 561.47473 567.724
 573.7477  579.5332  584.9908  590.1719  595.1023  599.7958  604.2622
 608.50995 612.54456 616.36664 619.9658  623.31305 626.3522  629.0013
 531.9069  539.34357 546.28357 552.99774 559.47473 565.724   571.74774
 577.5377  583.1378  588.41003 593.4111  598.1693  602.6998  607.01276
 611.11615 615.0157  618.7115  622.1936  625.43353 628.3767  630.94336
 536.97595 544.24255 550.99774 557.47473 563.72394 569.74774 575.5377
 581.1378  586.48706 591.5762  596.3984  600.98517 605.3533  609.51337
 613.47345 617.2389  620.80994 624.17676 627.3115  630.16113 632.6477
 541.8062  548.9041  555.47473 561.72394 567.74774 573.5377  579.1378
 584.487   589.5762  594.44727 599.0961  603.5164  607.72656 611.73804
 615.55896 619.19464 622.64514 625.9008  628.9349  631.6953  634.10614
 546.4042  553.33624 559.724   565.74774 571.5377  577.1378  582.487
 587.5762  592.44727 597.0961  601.51636 605.72656 609.7761  613.6493
 617.3406  620.85535 624.1937  627.3465  630.28754 632.96625 635.3081
 550.77075 557.54047 563.74774 569.5377  575.1378  580.487   585.5762
 590.44727 595.0961  599.5164  603.72656 607.7761  611.64923 615.3406
 618.85535 622.1937  625.43353 628.49634 631.35645 633.96436 636.24695
 554.89667 561.5079  567.5377  573.1378  578.487   583.5762  588.44727
 593.0961  597.5164  601.72656 605.7761  609.64923 613.3406  616.85535
 620.1937  623.43353 626.49634 629.35645 632.14246 634.6939  636.92944]
POLICY OUT:
[ 0  0  0  0  0  0  0  0 -1 -1 -2 -2 -2 -3 -3 -3 -3 -3 -4 -4 -4  0  0  0
  0  0  0  0  0  0 -1 -1 -1 -2 -2 -2 -2 -2 -3 -3 -3 -3  0  0  0  0  0  0
  0  0  0  0  0 -1 -1 -1 -1 -1 -2 -2 -2 -2 -2  0  0  0  0  0  0  0  0  0
  0  0  0  0  0  0 -1 -1 -1 -1 -1 -2  0  0  0  0  0  0  0  0  0  0  0  0
  0  0  0  0  0  0  0 -1 -1  1  1  1  0  0  0  0  0  0  0  0  0  0  0  0
  0  0  0  0  0  0  2  2  1  1  0  0  0  0  0  0  0  0  0  0  0  0  0  0
  0  0  0  3  2  2  1  1  0  0  0  0  0  0  0  0  0  0  0  0  0  0  0  0
  3  3  2  2  1  1  0  0  0  0  0  0  0  0  0  0  0  0  0  0  0  4  3  3
  2  2  1  0  0  0  0  0  0  0  0  0  0  0  0  0  0  0  4  4  3  3  2  1
  0  0  0  0  0  0  0  0  0  0  0  0  0  0  0  5  4  4  3  2  1  1  0  0
  0  0  0  0  0  0  0  0  0  0  0  0  5  5  4  3  2  2  1  0  0  0  0  0
  0  0  0  0  0  0  0  0  0  5  5  4  3  3  2  1  0  0  0  0  0  0  0  0
  0  0  0  0  0  0  5  5  4  4  3  2  1  0  0  0  0  0  0  0  0  0  0  0
  0  0  0  5  5  5  4  3  2  1  0  0  0  0  0  0  0  0  0  0  0  0  0  0
  5  5  5  4  3  2  1  1  0  0  0  0  0  0  0  0  0  0  0  0  0  5  5  5
  4  3  2  2  1  1  0  0  0  0  0  0  0  0  0  0  0  0  5  5  5  4  3  3
  2  2  1  1  1  1  0  0  0  0  0  0  0  0  0  5  5  5  4  4  3  3  2  2
  2  2  1  1  1  1  1  0  0  0  0  0  5  5  5  5  4  4  3  3  3  3  2  2
  2  2  2  1  1  1  0  0  0]
D_INF OF V VS REF: 0.0
D_INF OF POLICY VS REF: 0
D_INF (AT STOP) MEAN: 0.00958251953125
MAIN ITERATIONS MEAN: 4.0
EVAL ITERATIONS TOTAL MEAN: 177.0
TIME MEAN: 24.345539887746174 s, STD: 7.799196517040454 s, STD_%: 32.0%
SPEEDUP VS REF: 1.0
============================================================================================================================================================================================================================================================
PI CONTRACTION APPROACH 2: jcr_pi_contraction_cuda_atomicmax...
---
REPETITION: 1/3:
JCR PI CONTRACTION CUDA ATOMICMAXGLOSTEN... [gamma: 0.9, eps: 0.01, tolerance_v: 1e-07, lazy_stop_check: 5, tpb: 512]
[bpg: 441 (implied by number of states)]
JCR PI CONTRACTION CUDA ATOMICMAXGLOSTEN DONE. [d_inf: 0.0076904297, main iterations: 4, evaluation iterations total: 185, time: 0.6303243637084961 s]
---
REPETITION: 2/3:
JCR PI CONTRACTION CUDA ATOMICMAXGLOSTEN... [gamma: 0.9, eps: 0.01, tolerance_v: 1e-07, lazy_stop_check: 5, tpb: 512]
[bpg: 441 (implied by number of states)]
JCR PI CONTRACTION CUDA ATOMICMAXGLOSTEN DONE. [d_inf: 0.0076904297, main iterations: 4, evaluation iterations total: 185, time: 0.41262006759643555 s]
---
REPETITION: 3/3:
JCR PI CONTRACTION CUDA ATOMICMAXGLOSTEN... [gamma: 0.9, eps: 0.01, tolerance_v: 1e-07, lazy_stop_check: 5, tpb: 512]
[bpg: 441 (implied by number of states)]
JCR PI CONTRACTION CUDA ATOMICMAXGLOSTEN DONE. [d_inf: 0.0076904297, main iterations: 4, evaluation iterations total: 185, time: 0.4149160385131836 s]
***
SUMMARY:
V OUT:
[421.37103 431.34326 441.19894 450.80426 460.03708 468.82916 477.1675
 485.07126 492.93457 500.43033 507.8424  514.9481  521.7053  528.30566
 534.69977 540.7903  546.5971  552.13696 557.562   562.7698  567.7245
 431.2448  441.21695 451.07233 460.67676 469.90808 478.69806 487.03375
 494.93457 502.43036 509.8424  516.94806 523.7053  530.30566 536.6998
 542.7903  548.59705 554.1369  559.562   564.7698  569.7245  574.41724
 440.71832 450.6902  460.544   470.14462 479.36896 488.14923 496.47314
 504.36078 511.8424  518.94806 525.7053  532.30566 538.6998  544.79034
 550.5971  556.1369  561.562   566.7698  571.7245  576.41724 580.8131
 449.5415  459.51257 469.36258 478.95334 488.1603  496.9162  505.21094
 513.06665 520.51483 527.5855  534.30566 540.6998  546.7903  552.59705
 558.1369  563.562   568.7698  573.7245  578.4172  582.8131  586.92615
 457.63196 467.6016  477.44446 487.01703 496.19183 504.9028  513.14417
 520.9425  528.33203 535.34357 542.0033  548.3346  554.359   560.09595
 565.562   570.7698  575.7245  580.4172  584.8131  588.92615 592.8478
 465.6016  475.44446 485.01703 494.40765 503.5332  512.17566 520.33594
 528.0481  535.3512  542.27783 548.854   555.10175 561.04126 566.6911
 572.0674  577.1822  582.0405  586.6333  590.92615 594.8478  598.2892
 473.44446 483.01703 492.40765 501.5332  510.3203  518.87085 526.9225
 534.51965 541.7088  548.52576 554.99677 561.1426  566.9819  572.53204
 577.8081  582.8218  587.57715 592.0648  596.251   600.0665  603.40686
 481.01706 490.40765 499.5332  508.3203  516.87085 525.11707 533.036
 540.4927  547.5431  554.22784 560.5741  566.6016  572.32745 577.7676
 582.9359  587.843   592.49243 596.87427 600.9553  604.66833 607.9127
 488.40762 497.5332  506.3203  514.87085 523.11707 531.036   538.7739
 546.07007 552.96155 559.4953  565.69995 571.59485 577.1954  582.516
 587.56934 592.3651  596.90607 601.182   605.1601  608.77484 611.9291
 495.5332  504.3203  512.87085 521.11707 529.036   536.7739  544.1991
 551.32104 558.03925 564.4076  570.4573  576.2075  581.6723  586.86475
 591.79626 596.47565 600.9049  605.0736  608.94934 612.46857 615.53674
 502.32028 510.87082 519.117   527.036   534.7739  542.19916 549.34973
 556.2898  562.8257  569.0189  574.90393 580.5001  585.82074 590.87744
 595.68085 600.23865 604.5525  608.61176 612.38464 615.80884 618.79297
 508.8708  517.117   525.036   532.774   540.1991  547.34973 554.2898
 561.0041  567.35315 573.3655  579.0793  584.51465 589.68445 594.5994
 599.2693  603.70105 607.8958  611.843   615.5114  618.84033 621.74097
 515.117   523.036   530.7739  538.1991  545.34973 552.2898  559.004
 565.4811  571.64185 577.47034 583.0088  588.2787  593.2929  598.0615
 602.5935  606.89545 610.968   614.8008  618.3631  621.59595 624.4127
 521.006   528.7739  536.1991  543.34973 550.2898  557.004   563.4811
 569.73047 575.7031  581.3464  586.707   591.80835 596.66345 601.2821
 605.6731  609.8423  613.7904  617.5069  620.9619  624.098   626.8308
 526.5939  534.19916 541.34973 548.2898  555.004   561.4811  567.73047
 573.7543  579.53986 584.99744 590.1786  595.109   599.80255 604.26904
 608.51685 612.5515  616.3736  619.9728  623.32007 626.3593  629.00854
 531.913   539.34973 546.2898  553.004   559.4811  565.73047 571.7543
 577.5444  583.14453 588.4168  593.41785 598.17615 602.70667 607.01965
 611.12317 615.0227  618.7186  622.2008  625.4408  628.3841  630.9508
 536.9822  544.2488  551.0041  557.4811  563.73047 569.7543  575.5443
 581.14453 586.4938  591.583   596.4053  600.9921  605.3602  609.5204
 613.4805  617.2461  620.81726 624.18414 627.3191  630.16876 632.65546
 541.8125  548.9104  555.4811  561.73047 567.7543  573.5443  579.14453
 584.4938  589.583   594.45416 599.1031  603.5234  607.7336  611.7452
 615.5662  619.2019  622.6526  625.90845 628.9426  631.70325 634.1142
 546.4105  553.34265 559.73047 565.7543  571.5444  577.14453 582.4938
 587.583   592.4541  597.103   601.5234  605.73364 609.78326 613.6565
 617.3479  620.8628  624.2014  627.3543  630.29553 632.9744  635.3164
 550.77716 557.5469  563.7543  569.5443  575.14453 580.4938  585.583
 590.45416 595.103   599.5234  603.7336  607.78326 611.6565  615.34796
 618.8628  622.20135 625.4413  628.5044  631.3646  633.9727  636.2555
 554.9032  561.51447 567.5443  573.14453 578.4938  583.583   588.4541
 593.103   597.5234  601.73364 605.78326 609.6565  613.3479  616.8628
 620.20135 623.4413  626.5044  629.3646  632.1508  634.70245 636.93823]
POLICY OUT:
[ 0  0  0  0  0  0  0  0 -1 -1 -2 -2 -2 -3 -3 -3 -3 -3 -4 -4 -4  0  0  0
  0  0  0  0  0  0 -1 -1 -1 -2 -2 -2 -2 -2 -3 -3 -3 -3  0  0  0  0  0  0
  0  0  0  0  0 -1 -1 -1 -1 -1 -2 -2 -2 -2 -2  0  0  0  0  0  0  0  0  0
  0  0  0  0  0  0 -1 -1 -1 -1 -1 -2  0  0  0  0  0  0  0  0  0  0  0  0
  0  0  0  0  0  0  0 -1 -1  1  1  1  0  0  0  0  0  0  0  0  0  0  0  0
  0  0  0  0  0  0  2  2  1  1  0  0  0  0  0  0  0  0  0  0  0  0  0  0
  0  0  0  3  2  2  1  1  0  0  0  0  0  0  0  0  0  0  0  0  0  0  0  0
  3  3  2  2  1  1  0  0  0  0  0  0  0  0  0  0  0  0  0  0  0  4  3  3
  2  2  1  0  0  0  0  0  0  0  0  0  0  0  0  0  0  0  4  4  3  3  2  1
  0  0  0  0  0  0  0  0  0  0  0  0  0  0  0  5  4  4  3  2  1  1  0  0
  0  0  0  0  0  0  0  0  0  0  0  0  5  5  4  3  2  2  1  0  0  0  0  0
  0  0  0  0  0  0  0  0  0  5  5  4  3  3  2  1  0  0  0  0  0  0  0  0
  0  0  0  0  0  0  5  5  4  4  3  2  1  0  0  0  0  0  0  0  0  0  0  0
  0  0  0  5  5  5  4  3  2  1  0  0  0  0  0  0  0  0  0  0  0  0  0  0
  5  5  5  4  3  2  1  1  0  0  0  0  0  0  0  0  0  0  0  0  0  5  5  5
  4  3  2  2  1  1  0  0  0  0  0  0  0  0  0  0  0  0  5  5  5  4  3  3
  2  2  1  1  1  1  0  0  0  0  0  0  0  0  0  5  5  5  4  4  3  3  2  2
  2  2  1  1  1  1  1  0  0  0  0  0  5  5  5  5  4  4  3  3  3  3  2  2
  2  2  2  1  1  1  0  0  0]
D_INF OF V VS REF: 0.0087890625
D_INF OF POLICY VS REF: 0
D_INF (AT STOP) MEAN: 0.0076904296875
MAIN ITERATIONS MEAN: 4.0
EVAL ITERATIONS TOTAL MEAN: 185.0
TIME MEAN: 0.48595348993937176 s, STD: 0.10208992691171173 s, STD_%: 21.0%
SPEEDUP VS REF: 50.09849788460941
============================================================================================================================================================================================================================================================
PI CONTRACTION APPROACH 3: jcr_pi_contraction_cuda_atomicmaxglosten...
---
REPETITION: 1/3:
JCR PI CONTRACTION CUDA ATOMICMAXGLOSTEN... [gamma: 0.9, eps: 0.01, tolerance_v: 1e-07, lazy_stop_check: 5, tpb: 512]
[bpg: 441 (implied by number of states)]
JCR PI CONTRACTION CUDA ATOMICMAXGLOSTEN DONE. [d_inf: 0.0076904297, main iterations: 4, evaluation iterations total: 185, time: 0.41684651374816895 s]
---
REPETITION: 2/3:
JCR PI CONTRACTION CUDA ATOMICMAXGLOSTEN... [gamma: 0.9, eps: 0.01, tolerance_v: 1e-07, lazy_stop_check: 5, tpb: 512]
[bpg: 441 (implied by number of states)]
JCR PI CONTRACTION CUDA ATOMICMAXGLOSTEN DONE. [d_inf: 0.0076904297, main iterations: 4, evaluation iterations total: 185, time: 0.4109029769897461 s]
---
REPETITION: 3/3:
JCR PI CONTRACTION CUDA ATOMICMAXGLOSTEN... [gamma: 0.9, eps: 0.01, tolerance_v: 1e-07, lazy_stop_check: 5, tpb: 512]
[bpg: 441 (implied by number of states)]
JCR PI CONTRACTION CUDA ATOMICMAXGLOSTEN DONE. [d_inf: 0.0076904297, main iterations: 4, evaluation iterations total: 185, time: 0.41289544105529785 s]
***
SUMMARY:
V OUT:
[421.37103 431.34326 441.19894 450.80426 460.03708 468.82916 477.1675
 485.07126 492.93457 500.43033 507.8424  514.9481  521.7053  528.30566
 534.69977 540.7903  546.5971  552.13696 557.562   562.7698  567.7245
 431.2448  441.21695 451.07233 460.67676 469.90808 478.69806 487.03375
 494.93457 502.43036 509.8424  516.94806 523.7053  530.30566 536.6998
 542.7903  548.59705 554.1369  559.562   564.7698  569.7245  574.41724
 440.71832 450.6902  460.544   470.14462 479.36896 488.14923 496.47314
 504.36078 511.8424  518.94806 525.7053  532.30566 538.6998  544.79034
 550.5971  556.1369  561.562   566.7698  571.7245  576.41724 580.8131
 449.5415  459.51257 469.36258 478.95334 488.1603  496.9162  505.21094
 513.06665 520.51483 527.5855  534.30566 540.6998  546.7903  552.59705
 558.1369  563.562   568.7698  573.7245  578.4172  582.8131  586.92615
 457.63196 467.6016  477.44446 487.01703 496.19183 504.9028  513.14417
 520.9425  528.33203 535.34357 542.0033  548.3346  554.359   560.09595
 565.562   570.7698  575.7245  580.4172  584.8131  588.92615 592.8478
 465.6016  475.44446 485.01703 494.40765 503.5332  512.17566 520.33594
 528.0481  535.3512  542.27783 548.854   555.10175 561.04126 566.6911
 572.0674  577.1822  582.0405  586.6333  590.92615 594.8478  598.2892
 473.44446 483.01703 492.40765 501.5332  510.3203  518.87085 526.9225
 534.51965 541.7088  548.52576 554.99677 561.1426  566.9819  572.53204
 577.8081  582.8218  587.57715 592.0648  596.251   600.0665  603.40686
 481.01706 490.40765 499.5332  508.3203  516.87085 525.11707 533.036
 540.4927  547.5431  554.22784 560.5741  566.6016  572.32745 577.7676
 582.9359  587.843   592.49243 596.87427 600.9553  604.66833 607.9127
 488.40762 497.5332  506.3203  514.87085 523.11707 531.036   538.7739
 546.07007 552.96155 559.4953  565.69995 571.59485 577.1954  582.516
 587.56934 592.3651  596.90607 601.182   605.1601  608.77484 611.9291
 495.5332  504.3203  512.87085 521.11707 529.036   536.7739  544.1991
 551.32104 558.03925 564.4076  570.4573  576.2075  581.6723  586.86475
 591.79626 596.47565 600.9049  605.0736  608.94934 612.46857 615.53674
 502.32028 510.87082 519.117   527.036   534.7739  542.19916 549.34973
 556.2898  562.8257  569.0189  574.90393 580.5001  585.82074 590.87744
 595.68085 600.23865 604.5525  608.61176 612.38464 615.80884 618.79297
 508.8708  517.117   525.036   532.774   540.1991  547.34973 554.2898
 561.0041  567.35315 573.3655  579.0793  584.51465 589.68445 594.5994
 599.2693  603.70105 607.8958  611.843   615.5114  618.84033 621.74097
 515.117   523.036   530.7739  538.1991  545.34973 552.2898  559.004
 565.4811  571.64185 577.47034 583.0088  588.2787  593.2929  598.0615
 602.5935  606.89545 610.968   614.8008  618.3631  621.59595 624.4127
 521.006   528.7739  536.1991  543.34973 550.2898  557.004   563.4811
 569.73047 575.7031  581.3464  586.707   591.80835 596.66345 601.2821
 605.6731  609.8423  613.7904  617.5069  620.9619  624.098   626.8308
 526.5939  534.19916 541.34973 548.2898  555.004   561.4811  567.73047
 573.7543  579.53986 584.99744 590.1786  595.109   599.80255 604.26904
 608.51685 612.5515  616.3736  619.9728  623.32007 626.3593  629.00854
 531.913   539.34973 546.2898  553.004   559.4811  565.73047 571.7543
 577.5444  583.14453 588.4168  593.41785 598.17615 602.70667 607.01965
 611.12317 615.0227  618.7186  622.2008  625.4408  628.3841  630.9508
 536.9822  544.2488  551.0041  557.4811  563.73047 569.7543  575.5443
 581.14453 586.4938  591.583   596.4053  600.9921  605.3602  609.5204
 613.4805  617.2461  620.81726 624.18414 627.3191  630.16876 632.65546
 541.8125  548.9104  555.4811  561.73047 567.7543  573.5443  579.14453
 584.4938  589.583   594.45416 599.1031  603.5234  607.7336  611.7452
 615.5662  619.2019  622.6526  625.90845 628.9426  631.70325 634.1142
 546.4105  553.34265 559.73047 565.7543  571.5444  577.14453 582.4938
 587.583   592.4541  597.103   601.5234  605.73364 609.78326 613.6565
 617.3479  620.8628  624.2014  627.3543  630.29553 632.9744  635.3164
 550.77716 557.5469  563.7543  569.5443  575.14453 580.4938  585.583
 590.45416 595.103   599.5234  603.7336  607.78326 611.6565  615.34796
 618.8628  622.20135 625.4413  628.5044  631.3646  633.9727  636.2555
 554.9032  561.51447 567.5443  573.14453 578.4938  583.583   588.4541
 593.103   597.5234  601.73364 605.78326 609.6565  613.3479  616.8628
 620.20135 623.4413  626.5044  629.3646  632.1508  634.70245 636.93823]
POLICY OUT:
[ 0  0  0  0  0  0  0  0 -1 -1 -2 -2 -2 -3 -3 -3 -3 -3 -4 -4 -4  0  0  0
  0  0  0  0  0  0 -1 -1 -1 -2 -2 -2 -2 -2 -3 -3 -3 -3  0  0  0  0  0  0
  0  0  0  0  0 -1 -1 -1 -1 -1 -2 -2 -2 -2 -2  0  0  0  0  0  0  0  0  0
  0  0  0  0  0  0 -1 -1 -1 -1 -1 -2  0  0  0  0  0  0  0  0  0  0  0  0
  0  0  0  0  0  0  0 -1 -1  1  1  1  0  0  0  0  0  0  0  0  0  0  0  0
  0  0  0  0  0  0  2  2  1  1  0  0  0  0  0  0  0  0  0  0  0  0  0  0
  0  0  0  3  2  2  1  1  0  0  0  0  0  0  0  0  0  0  0  0  0  0  0  0
  3  3  2  2  1  1  0  0  0  0  0  0  0  0  0  0  0  0  0  0  0  4  3  3
  2  2  1  0  0  0  0  0  0  0  0  0  0  0  0  0  0  0  4  4  3  3  2  1
  0  0  0  0  0  0  0  0  0  0  0  0  0  0  0  5  4  4  3  2  1  1  0  0
  0  0  0  0  0  0  0  0  0  0  0  0  5  5  4  3  2  2  1  0  0  0  0  0
  0  0  0  0  0  0  0  0  0  5  5  4  3  3  2  1  0  0  0  0  0  0  0  0
  0  0  0  0  0  0  5  5  4  4  3  2  1  0  0  0  0  0  0  0  0  0  0  0
  0  0  0  5  5  5  4  3  2  1  0  0  0  0  0  0  0  0  0  0  0  0  0  0
  5  5  5  4  3  2  1  1  0  0  0  0  0  0  0  0  0  0  0  0  0  5  5  5
  4  3  2  2  1  1  0  0  0  0  0  0  0  0  0  0  0  0  5  5  5  4  3  3
  2  2  1  1  1  1  0  0  0  0  0  0  0  0  0  5  5  5  4  4  3  3  2  2
  2  2  1  1  1  1  1  0  0  0  0  0  5  5  5  5  4  4  3  3  3  3  2  2
  2  2  2  1  1  1  0  0  0]
D_INF OF V VS REF: 0.0087890625
D_INF OF POLICY VS REF: 0
D_INF (AT STOP) MEAN: 0.0076904296875
MAIN ITERATIONS MEAN: 4.0
EVAL ITERATIONS TOTAL MEAN: 185.0
TIME MEAN: 0.4135483105977376 s, STD: 0.002469964409900819 s, STD_%: 0.6%
SPEEDUP VS REF: 58.86988113325244
============================================================================================================================================================================================================================================================
PI CONTRACTION APPROACH 4: jcr_pi_contraction_cuda_reducemax...
---
REPETITION: 1/3:
JCR PI CONTRACTION CUDA REDUCEMAX... [gamma: 0.9, eps: 0.01, tolerance_v: 1e-07, lazy_stop_check: 5, tpb: 512]
[bpg: 441 (implied by number of states)]
JCR PI CONTRACTION CUDA REDUCEMAX DONE. [d_inf: 0.0076904297, main iterations: 4, evaluation iterations total: 185, time: 0.39990997314453125 s]
---
REPETITION: 2/3:
JCR PI CONTRACTION CUDA REDUCEMAX... [gamma: 0.9, eps: 0.01, tolerance_v: 1e-07, lazy_stop_check: 5, tpb: 512]
[bpg: 441 (implied by number of states)]
JCR PI CONTRACTION CUDA REDUCEMAX DONE. [d_inf: 0.0076904297, main iterations: 4, evaluation iterations total: 185, time: 0.3979377746582031 s]
---
REPETITION: 3/3:
JCR PI CONTRACTION CUDA REDUCEMAX... [gamma: 0.9, eps: 0.01, tolerance_v: 1e-07, lazy_stop_check: 5, tpb: 512]
[bpg: 441 (implied by number of states)]
JCR PI CONTRACTION CUDA REDUCEMAX DONE. [d_inf: 0.0076904297, main iterations: 4, evaluation iterations total: 185, time: 0.3939807415008545 s]
***
SUMMARY:
V OUT:
[421.36633 431.33856 441.1942  450.79956 460.03235 468.82443 477.16278
 485.06653 492.9298  500.4256  507.83765 514.94336 521.70056 528.30084
 534.69495 540.7854  546.59216 552.13196 557.557   562.7648  567.7195
 431.24005 441.21222 451.06757 460.67206 469.90338 478.6933  487.02905
 494.9298  502.42557 509.83765 516.9433  523.70056 530.3009  536.69495
 542.78546 548.59216 554.13196 559.557   564.7648  569.7195  574.4121
 440.71362 450.68546 460.53928 470.13986 479.36426 488.14447 496.46838
 504.35602 511.83765 518.9433  525.70056 532.3009  538.69495 544.78546
 550.59216 556.13196 561.557   566.7648  571.71936 576.4121  580.8079
 449.53677 459.5078  469.35782 478.94858 488.15558 496.91144 505.20618
 513.0619  520.51    527.5807  534.3009  540.69495 546.7854  552.59216
 558.13196 563.557   568.7648  573.7194  578.4121  582.808   586.9209
 457.62726 467.59686 477.43973 487.0123  496.18707 504.898   513.1394
 520.93774 528.3273  535.33875 541.9984  548.3297  554.3541  560.09094
 565.55707 570.7648  575.7194  580.4121  584.8079  588.9209  592.8424
 465.59686 475.43973 485.0123  494.40292 503.52844 512.17084 520.3311
 528.0433  535.3463  542.27295 548.8491  555.0968  561.0363  566.6861
 572.0624  577.1771  582.03546 586.6281  590.92084 594.8424  598.2837
 473.43976 483.0123  492.4029  501.52844 510.3155  518.86597 526.91766
 534.51483 541.70386 548.5209  554.9918  561.1376  566.97687 572.527
 577.8031  582.8167  587.572   592.0596  596.24567 600.06104 603.40125
 481.01233 490.4029  499.52844 508.3155  516.86597 525.1122  533.0311
 540.48773 547.5381  554.22284 560.5691  566.59656 572.3224  577.76245
 582.9307  587.8378  592.4872  596.869   600.95    604.6629  607.9071
 488.4029  497.52844 506.31552 514.86597 523.1122  531.0311  538.769
 546.06506 552.95654 559.4902  565.6949  571.5897  577.19025 582.5108
 587.56415 592.35986 596.90076 601.1767  605.1547  608.76935 611.92346
 495.52844 504.3155  512.86597 521.1122  529.0311  536.769   544.1941
 551.316   558.0341  564.40247 570.45215 576.2023  581.6671  586.85944
 591.791   596.47034 600.89954 605.06824 608.944   612.463   615.53107
 502.3155  510.866   519.1122  527.0311  534.769   542.19415 549.3446
 556.28467 562.8205  569.0137  574.8987  580.49475 585.8153  590.8721
 595.6755  600.2333  604.54706 608.60626 612.37915 615.8033  618.78735
 508.86597 517.1122  525.0311  532.769   540.1941  547.3446  554.28467
 560.9989  567.3479  573.3601  579.07385 584.5092  589.67896 594.594
 599.2638  603.69556 607.8903  611.8375  615.50586 618.8347  621.7352
 515.1122  523.0311  530.76904 538.19415 545.3446  552.28467 558.9989
 565.4758  571.6365  577.4649  583.0033  588.2732  593.28735 598.05597
 602.58795 606.88983 610.9624  614.79517 618.3574  621.5902  624.4069
 521.0011  528.76904 536.19415 543.3446  550.28467 556.9989  563.4758
 569.7251  575.69763 581.3408  586.7014  591.8027  596.6577  601.2765
 605.6674  609.8367  613.78467 617.5011  620.95605 624.0921  626.8249
 526.58887 534.1941  541.3446  548.28467 554.9989  561.4758  567.7251
 573.74884 579.5343  584.9918  590.173   595.1034  599.7969  604.2633
 608.511   612.54565 616.36774 619.9669  623.3141  626.3533  629.0023
 531.90796 539.3446  546.28467 552.9989  559.4758  565.7251  571.7488
 577.5388  583.1389  588.41113 593.4121  598.1704  602.70087 607.0138
 611.1172  615.0167  618.7126  622.1947  625.4347  628.3778  630.94446
 536.97705 544.24365 550.99884 557.4758  563.7251  569.74884 575.5388
 581.13885 586.4881  591.5773  596.3995  600.98627 605.3544  609.5144
 613.4745  617.24    620.81104 624.1778  627.3126  630.16223 632.6488
 541.80725 548.90515 555.4758  561.7251  567.74884 573.5388  579.1389
 584.48816 589.5773  594.44836 599.09717 603.51746 607.72766 611.73914
 615.56006 619.1957  622.6462  625.90186 628.936   631.6964  634.10724
 546.4053  553.3374  559.7251  565.7488  571.53876 577.1389  582.4881
 587.5773  592.44836 597.09717 601.51746 605.72766 609.7772  613.6503
 617.3417  620.85645 624.1948  627.34753 630.2886  632.9673  635.3092
 550.77185 557.5415  563.7488  569.5388  575.1389  580.48816 585.5773
 590.44836 595.09717 599.51746 603.72766 607.7772  611.6503  615.3417
 618.85645 622.1948  625.4346  628.49744 631.35754 633.96545 636.248
 554.8978  561.509   567.5388  573.1389  578.48804 583.5773  588.44836
 593.09717 597.51746 601.72766 605.7772  609.6503  613.3417  616.85645
 620.19476 623.4346  626.49744 629.35754 632.14355 634.69495 636.93054]
POLICY OUT:
[ 0  0  0  0  0  0  0  0 -1 -1 -2 -2 -2 -3 -3 -3 -3 -3 -4 -4 -4  0  0  0
  0  0  0  0  0  0 -1 -1 -1 -2 -2 -2 -2 -2 -3 -3 -3 -3  0  0  0  0  0  0
  0  0  0  0  0 -1 -1 -1 -1 -1 -2 -2 -2 -2 -2  0  0  0  0  0  0  0  0  0
  0  0  0  0  0  0 -1 -1 -1 -1 -1 -2  0  0  0  0  0  0  0  0  0  0  0  0
  0  0  0  0  0  0  0 -1 -1  1  1  1  0  0  0  0  0  0  0  0  0  0  0  0
  0  0  0  0  0  0  2  2  1  1  0  0  0  0  0  0  0  0  0  0  0  0  0  0
  0  0  0  3  2  2  1  1  0  0  0  0  0  0  0  0  0  0  0  0  0  0  0  0
  3  3  2  2  1  1  0  0  0  0  0  0  0  0  0  0  0  0  0  0  0  4  3  3
  2  2  1  0  0  0  0  0  0  0  0  0  0  0  0  0  0  0  4  4  3  3  2  1
  0  0  0  0  0  0  0  0  0  0  0  0  0  0  0  5  4  4  3  2  1  1  0  0
  0  0  0  0  0  0  0  0  0  0  0  0  5  5  4  3  2  2  1  0  0  0  0  0
  0  0  0  0  0  0  0  0  0  5  5  4  3  3  2  1  0  0  0  0  0  0  0  0
  0  0  0  0  0  0  5  5  4  4  3  2  1  0  0  0  0  0  0  0  0  0  0  0
  0  0  0  5  5  5  4  3  2  1  0  0  0  0  0  0  0  0  0  0  0  0  0  0
  5  5  5  4  3  2  1  1  0  0  0  0  0  0  0  0  0  0  0  0  0  5  5  5
  4  3  2  2  1  1  0  0  0  0  0  0  0  0  0  0  0  0  5  5  5  4  3  3
  2  2  1  1  1  1  0  0  0  0  0  0  0  0  0  5  5  5  4  4  3  3  2  2
  2  2  1  1  1  1  1  0  0  0  0  0  5  5  5  5  4  4  3  3  3  3  2  2
  2  2  2  1  1  1  0  0  0]
D_INF OF V VS REF: 0.001159668
D_INF OF POLICY VS REF: 0
D_INF (AT STOP) MEAN: 0.0076904296875
MAIN ITERATIONS MEAN: 4.0
EVAL ITERATIONS TOTAL MEAN: 185.0
TIME MEAN: 0.3972761631011963 s, STD: 0.002465393053229472 s, STD_%: 0.6%
SPEEDUP VS REF: 61.281149358927806
============================================================================================================================================================================================================================================================
============================================================================================================================================================================================================================================================
FINAL SUMMARY:
PI CONTRACTION APPROACH 1: jcr_pi_contraction_cpu_numpy (REFERENCE) -> MEAN MAIN ITERS: 4.0, MEAN EVAL ITERS TOTAL: 177.0, MEAN D_INF: 0.00958251953125, MEAN TIME: 24.345539887746174 s, TIME STD: 7.799196517040454 s, STD_%: 32.0%, SPEED-UP: 1.00
PI CONTRACTION APPROACH 2: jcr_pi_contraction_cuda_atomicmax -> MEAN MAIN ITERS: 4.0, MEAN EVAL ITERS TOTAL: 185.0, MEAN D_INF: 0.0076904296875, MEAN TIME: 0.48595348993937176 s, TIME STD: 0.10208992691171173 s, STD_%: 21.0%, SPEED-UP: 50.10
PI CONTRACTION APPROACH 3: jcr_pi_contraction_cuda_atomicmaxglosten -> MEAN MAIN ITERS: 4.0, MEAN EVAL ITERS TOTAL: 185.0, MEAN D_INF: 0.0076904296875, MEAN TIME: 0.4135483105977376 s, TIME STD: 0.002469964409900819 s, STD_%: 0.6%, SPEED-UP: 58.87
PI CONTRACTION APPROACH 4: jcr_pi_contraction_cuda_reducemax -> MEAN MAIN ITERS: 4.0, MEAN EVAL ITERS TOTAL: 185.0, MEAN D_INF: 0.0076904296875, MEAN TIME: 0.3972761631011963 s, TIME STD: 0.002465393053229472 s, STD_%: 0.6%, SPEED-UP: 61.28
PI CONTRACTION APPROACH 5: jcr_pi_contraction_cuda_gridsync OFF.
JACK'S CAR RENTAL DONE. [hash string: 1797136516_96022_692_[1;20;5;10.0;-2.0;[3.0,4.0];[3.0,2.0];True;0.9;1.0e-02;1.0e-07;False;TTTTF], time: 77.1593382358551 s]
