JACK'S CAR RENTAL STARTING...
HASH STRING: 1839826929_65770_325_[1;20;10;10.0;-2.0;[3.0,4.0];[3.0,2.0];True;0.9;1.0e-04;1.0e-07;False;TTTTT]
============================================================================================================================================================================================================================================================
EXPERIMENT INFO:
{
  SEED: 1,
  JCR_MAX_CARS_AT_LOC: 20,
  JCR_MAX_CARS_MOVED: 10,
  JCR_REWARD_CAR_RENTED: 10.0,
  JCR_REWARD_CAR_MOVED: -2.0,
  JCR_REQUEST_POISSON_LAMBDAS_AT_LOC: [3.0, 4.0],
  JCR_RETURN_POISSON_LAMBDAS_AT_LOC: [3.0, 2.0],
  NUMPY_SINGLE_THREAD: True,
  GAMMA: 0.9,
  EPS: 0.0001,
  TOLERANCE_V: 1e-07,
  PLOTS: False,
  jcr_pi_contraction_cpu_numpy: (True, 'jcr_pi_contraction_cpu_numpy', 10, {}),
  jcr_pi_contraction_cuda_atomicmax: (True, 'jcr_pi_contraction_cuda_atomicmax', 10, {'lazy_stop_check': 5, 'tpb': 64}),
  jcr_pi_contraction_cuda_atomicmaxglosten: (True, 'jcr_pi_contraction_cuda_atomicmaxglosten', 10, {'lazy_stop_check': 5, 'tpb': 64}),
  jcr_pi_contraction_cuda_reducemax: (True, 'jcr_pi_contraction_cuda_reducemax', 10, {'lazy_stop_check': 5, 'tpb': 64}),
  jcr_pi_contraction_cuda_gridsync: (True, 'jcr_pi_contraction_cuda_gridsync', 10, {'tpb': 64})
}
============================================================================================================================================================================================================================================================
CPU AND SYSTEM:
{'cpu_name': 'Intel(R) Core(TM) i7-10700 CPU @ 2.90GHz',
 'os_machine': 'x86_64',
 'os_name': 'Linux 6.8.0-90-generic',
 'os_version': '#91-Ubuntu SMP PREEMPT_DYNAMIC Tue Nov 18 14:14:30 UTC 2025',
 'ram_size': '125.7 GB'}
GPU:
{'async_engine_count': 2,
 'can_map_host_memory': 1,
 'compute_capability': ComputeCapability(major=8, minor=6),
 'cores_per_SM': 128,
 'cores_total': 10496,
 'max_block_dim_x': 1024,
 'max_block_dim_y': 1024,
 'max_block_dim_z': 64,
 'max_grid_dim_x': 2147483647,
 'max_grid_dim_y': 65535,
 'max_grid_dim_z': 65535,
 'max_shared_memory_per_block': 49152,
 'max_threads_per_block': 1024,
 'multiprocessor_count': 82,
 'name': 'NVIDIA GeForce RTX 3090',
 'pci_bus_id': 1,
 'pci_device_id': 0,
 'unified_addressing': 1,
 'warp_size': 32}
============================================================================================================================================================================================================================================================
JCR INFO:
{
  MAX_CARS_AT_LOC: 20,
  MAX_CARS_MOVED: 10,
  REWARD_CAR_RENTED: 10.0,
  REWARD_CAR_MOVED: -2.0,
  REQUEST_POISSON_LAMBDAS_AT_LOC: [3.0, 4.0],
  RETURN_POISSON_LAMBDAS_AT_LOC: [3.0, 2.0]
}
JCR MDP JOINT DISTRIBUTION...
UNPICKLE OBJECTS... [from file: ../mdp_joint_distrs/mdp_joint_distr_jcr_20_10.pkl]
UNPICKLE OBJECTS DONE. [time: 0.17189979553222656 s]
JCR MDP JOINT DISTRIBUTION READY. [shape: (441, 21, 41, 441), entries: 167448141, type: float32, 0.62 GiB copied to device (gpu) in: 0.05577993392944336 s]
============================================================================================================================================================================================================================================================
V FOR INITIAL POLICY ZEROED. [shape: (441,)]
RANDOM INITIAL POLICY [shape: (441,)]:
[ -5  -9   1  -3   2  -3  -2  -3  -1   2   1  -5  -5  -9   5   7 -10   6
   6  -7  -9  -4   2   4  -3   4   3  10  -4   8   8   5  10  -3   6  -5
   8   8   0  10  -2   1  -4   0   2  -5  -8   4   5   8  -7  -6  10   1
  -1  -4   7  -8   6   0 -10  -6   3  -1  -1  -1  -3  -9  -9  -5  -9 -10
   7  -6   7  -8  -2  -5 -10   3   9  -4   5   0   0   3  -2  -3   3  -3
   9  -7   3  -4   7   7   0  -7   8  -6  -5   7  -5   1  -9   2  -3  10
   0   6   3   4   9  -1  -1   8 -10   5  -4 -10  -6  -3   0   5   1  -8
   4  -3   3  -3  -2  -1 -10  -1  -7  -3   0  -7   1  -6  -1  -5  -2   9
  -2  -4  -2   3 -10   9  -8   0  -4   5   5  -1  -3   1   9   6   0   5
   4  -7 -10  -7   8   6  -9   5   7  -6   3  -7  -3 -10  -6  -1   3   6
  -4  10   4  10  -4   5  -8   2   6  -9  -2   1  10  -3  -5   3   7  -2
   7   1   4   2  -3   1  -7  10   7  -1  -6   4  -3  -3  10   3  -6   7
   6  -3   3   8 -10  -1   3   0 -10   7   7  -2  -3   8   0   7  -7  10
 -10  -5   2  -9  -1   8   9  -6  -9  -3  -8  -6   2  -3   7  -8  -4   0
   3 -10   7  -1   8  -4   3  -8   4  -3  -7  -3  -3   6  -5   5  -5   8
   7   0  -4  10  -9   6   3   4  -5   3   3  -7   7   8  -9  10  10   0
  -3 -10   2   5  -1  -7  -3   6 -10   6   9  10   7  -5   4   3  -6  10
  -8  10   1  -5  -4   3  -4   5  -6   1  -1  -4  -8  10  -3   6  -5  -6
  10  -5  -2  -8   3  -3  -5   7   0   7  -1   5   6   3  10  -2  -5   4
   3   5   6  -1   4   0   3   6  -7  10  10   5  -8   4   4 -10   0  -4
 -10   1  -7   3  -6  -4  -9  -8   0  10   0   9  -1   6   7 -10  -7  -5
  -5   0   8   4  -5  -9   0   6  -2   1   3  -3  -7 -10  -6  -2   4  10
  -2   3  -3   8  -4   5  -1  -1 -10  -9   2   9   2   7   0  10   2   5
   5   5   1   5   4   9   8   9   1  -3   1   5   9  -3  -8  -7   9   3
   5  -1   4   5  -4   9  -8  -3  -6]
============================================================================================================================================================================================================================================================
PI CONTRACTION APPROACH 1: jcr_pi_contraction_cpu_numpy...
---
REPETITION: 1/10:
JCR PI CONTRACTION CPU NUMPY... [gamma: 0.9, eps: 0.0001, tolerance_v: 1e-07]
JCR PI CONTRACTION CPU NUMPY DONE. [d_inf: 6.1035156e-05, main iterations: 4, evaluation iterations total: 413, time: 21.198797464370728 s]
---
REPETITION: 2/10:
JCR PI CONTRACTION CPU NUMPY... [gamma: 0.9, eps: 0.0001, tolerance_v: 1e-07]
JCR PI CONTRACTION CPU NUMPY DONE. [d_inf: 6.1035156e-05, main iterations: 4, evaluation iterations total: 413, time: 21.348464965820312 s]
---
REPETITION: 3/10:
JCR PI CONTRACTION CPU NUMPY... [gamma: 0.9, eps: 0.0001, tolerance_v: 1e-07]
JCR PI CONTRACTION CPU NUMPY DONE. [d_inf: 6.1035156e-05, main iterations: 4, evaluation iterations total: 413, time: 21.32915711402893 s]
---
REPETITION: 4/10:
JCR PI CONTRACTION CPU NUMPY... [gamma: 0.9, eps: 0.0001, tolerance_v: 1e-07]
JCR PI CONTRACTION CPU NUMPY DONE. [d_inf: 6.1035156e-05, main iterations: 4, evaluation iterations total: 413, time: 21.285470962524414 s]
---
REPETITION: 5/10:
JCR PI CONTRACTION CPU NUMPY... [gamma: 0.9, eps: 0.0001, tolerance_v: 1e-07]
JCR PI CONTRACTION CPU NUMPY DONE. [d_inf: 6.1035156e-05, main iterations: 4, evaluation iterations total: 413, time: 21.204655647277832 s]
---
REPETITION: 6/10:
JCR PI CONTRACTION CPU NUMPY... [gamma: 0.9, eps: 0.0001, tolerance_v: 1e-07]
JCR PI CONTRACTION CPU NUMPY DONE. [d_inf: 6.1035156e-05, main iterations: 4, evaluation iterations total: 413, time: 21.25353741645813 s]
---
REPETITION: 7/10:
JCR PI CONTRACTION CPU NUMPY... [gamma: 0.9, eps: 0.0001, tolerance_v: 1e-07]
JCR PI CONTRACTION CPU NUMPY DONE. [d_inf: 6.1035156e-05, main iterations: 4, evaluation iterations total: 413, time: 21.313835620880127 s]
---
REPETITION: 8/10:
JCR PI CONTRACTION CPU NUMPY... [gamma: 0.9, eps: 0.0001, tolerance_v: 1e-07]
JCR PI CONTRACTION CPU NUMPY DONE. [d_inf: 6.1035156e-05, main iterations: 4, evaluation iterations total: 413, time: 21.287928581237793 s]
---
REPETITION: 9/10:
JCR PI CONTRACTION CPU NUMPY... [gamma: 0.9, eps: 0.0001, tolerance_v: 1e-07]
JCR PI CONTRACTION CPU NUMPY DONE. [d_inf: 6.1035156e-05, main iterations: 4, evaluation iterations total: 413, time: 21.311102867126465 s]
---
REPETITION: 10/10:
JCR PI CONTRACTION CPU NUMPY... [gamma: 0.9, eps: 0.0001, tolerance_v: 1e-07]
JCR PI CONTRACTION CPU NUMPY DONE. [d_inf: 6.1035156e-05, main iterations: 4, evaluation iterations total: 413, time: 21.311712503433228 s]
***
SUMMARY:
V OUT:
[421.414   431.38623 441.2419  450.84723 460.08008 468.87216 477.2106
 485.11435 492.97763 500.47345 507.8856  514.99133 521.74866 528.34906
 534.74335 540.83386 546.6407  552.1807  557.606   562.81396 567.76874
 431.28778 441.25992 451.11526 460.71976 469.95105 478.7411  487.0768
 494.97766 502.4735  509.88556 516.99133 523.74866 530.34906 536.7432
 542.8339  548.64087 554.1807  559.606   564.81396 569.7686  574.4616
 440.76135 450.73315 460.58698 470.1876  479.41196 488.19223 496.51617
 504.40387 511.8856  518.99133 525.74866 532.34906 538.7432  544.83386
 550.6408  556.1807  561.606   566.81384 571.76874 576.4616  580.85767
 449.58447 459.55554 469.40558 478.9963  488.2033  496.95923 505.25397
 513.10974 520.55804 527.6288  534.349   540.7433  546.83386 552.64087
 558.1806  563.60596 568.8139  573.7688  578.4616  582.85785 586.971
 457.675   467.64465 477.48752 487.06012 496.23486 504.94592 513.1873
 520.9858  528.3753  535.3869  542.04675 548.3782  554.4027  560.1397
 565.6059  570.8139  575.76886 580.46173 584.85785 588.971   592.893
 465.64462 475.4875  485.06006 494.45078 503.57632 512.2188  520.3792
 528.09143 535.3946  542.3214  548.8977  555.14545 561.08514 566.7351
 572.1114  577.22656 582.0851  586.6779  590.971   594.8929  598.3345
 473.4875  483.0601  492.45074 501.5763  510.36353 518.9141  526.9659
 534.5632  541.75244 548.5696  555.04065 561.18665 567.02606 572.5764
 577.85266 582.8664  587.62195 592.10986 596.29626 600.11194 603.4525
 481.0601  490.45074 499.57626 508.36356 516.9141  525.1605  533.07965
 540.5364  547.5869  554.2719  560.61835 566.6461  572.37213 577.81226
 582.9808  587.8881  592.5377  596.9198  601.001   604.7143  607.95886
 488.45074 497.57635 506.36356 514.9141  523.16046 531.0796  538.8179
 546.11414 553.00586 559.53973 565.7447  571.6398  577.24054 582.5612
 587.6148  592.4108  596.9519  601.22797 605.2063  608.82117 611.97577
 495.57635 504.36353 512.91406 521.1605  529.0796  536.81793 544.2435
 551.36554 558.0839  564.45264 570.50256 576.253   581.71796 586.91064
 591.8423  596.52185 600.95123 605.12024 608.99615 612.5154  615.58405
 502.36353 510.91412 519.16046 527.0796  534.8179  542.2435  549.3949
 556.335   562.87103 569.0646  574.95    580.54626 585.8672  590.92395
 595.72766 600.2855  604.59955 608.65894 612.432   615.8565  618.8409
 508.9141  517.1605  525.0795  532.8179  540.2436  547.3949  554.3349
 561.0503  567.3994  573.412   579.126   584.56165 589.73175 594.64685
 599.3169  603.7487  607.94366 611.8909  615.5596  618.8888  621.78937
 515.1605  523.0795  530.8179  538.2435  545.39484 552.3349  559.0503
 565.5286  571.6892  577.518   583.0566  588.32666 593.3411  598.10956
 602.64185 606.9438  611.01654 614.8494  618.41187 621.64484 624.462
 521.0796  528.8179  536.2436  543.39484 550.33496 557.0503  563.5287
 569.7799  575.752   581.395   586.7559  591.8572  596.71246 601.3311
 605.7223  609.89154 613.83966 617.5564  621.01154 624.14764 626.8807
 526.8178  534.24347 541.3949  548.33496 555.0503  561.52875 567.7798
 573.80634 579.59045 585.0476  590.2285  595.1591  599.8525  604.319
 608.5668  612.6015  616.42377 620.023   623.3704  626.40985 629.05914
 532.2435  539.39484 546.33496 553.0503  559.5287  565.77997 571.80615
 577.5992  583.197   588.4683  593.469   598.2271  602.7574  607.0704
 611.17395 615.0735  618.76953 622.2518  625.49194 628.4353  631.0023
 537.39484 544.33496 551.05023 557.5287  563.7799  569.8061  575.5993
 581.1971  586.5483  591.63586 596.4572  601.0438  605.41174 609.57184
 613.5319  617.29755 620.8688  624.23566 627.3707  630.22076 632.70764
 542.335   549.05035 555.5287  561.77997 567.8061  573.59924 579.197
 584.5484  589.63586 594.5081  599.15594 603.5757  607.7856  611.7971
 615.6182  619.25385 622.7047  625.9606  628.99506 631.7559  634.16693
 547.0503  553.5286  559.7799  565.80634 571.59924 577.19696 582.5482
 587.6358  592.5081  597.15594 601.57574 605.78564 609.83563 613.70886
 617.4002  620.9152  624.25385 627.40686 630.3484  633.0275  635.3698
 551.5287  557.77997 563.8063  569.5993  575.197   580.5483  585.6358
 590.5082  595.1559  599.5757  603.7856  607.83563 611.70874 615.4003
 618.91516 622.2539  625.4942  628.5573  631.418   634.0263  636.30927
 555.7799  561.80615 567.5992  573.19696 578.54834 583.6358  588.50806
 593.1558  597.57556 601.78577 605.83563 609.70886 613.40015 616.9153
 620.2539  623.494   626.5573  629.4179  632.2044  634.7563  636.99225]
POLICY OUT:
[ 0  0  0  0  0  0  0  0 -1 -1 -2 -2 -2 -3 -3 -3 -3 -3 -4 -4 -4  0  0  0
  0  0  0  0  0  0 -1 -1 -1 -2 -2 -2 -2 -2 -3 -3 -3 -3  0  0  0  0  0  0
  0  0  0  0  0 -1 -1 -1 -1 -1 -2 -2 -2 -2 -2  0  0  0  0  0  0  0  0  0
  0  0  0  0  0  0 -1 -1 -1 -1 -1 -2  0  0  0  0  0  0  0  0  0  0  0  0
  0  0  0  0  0  0  0 -1 -1  1  1  1  0  0  0  0  0  0  0  0  0  0  0  0
  0  0  0  0  0  0  2  2  1  1  0  0  0  0  0  0  0  0  0  0  0  0  0  0
  0  0  0  3  2  2  1  1  0  0  0  0  0  0  0  0  0  0  0  0  0  0  0  0
  3  3  2  2  1  1  0  0  0  0  0  0  0  0  0  0  0  0  0  0  0  4  3  3
  2  2  1  0  0  0  0  0  0  0  0  0  0  0  0  0  0  0  4  4  3  3  2  1
  0  0  0  0  0  0  0  0  0  0  0  0  0  0  0  5  4  4  3  2  1  1  0  0
  0  0  0  0  0  0  0  0  0  0  0  0  5  5  4  3  2  2  1  0  0  0  0  0
  0  0  0  0  0  0  0  0  0  6  5  4  3  3  2  1  0  0  0  0  0  0  0  0
  0  0  0  0  0  0  6  5  4  4  3  2  1  0  0  0  0  0  0  0  0  0  0  0
  0  0  0  6  5  5  4  3  2  1  0  0  0  0  0  0  0  0  0  0  0  0  0  0
  6  6  5  4  3  2  1  1  0  0  0  0  0  0  0  0  0  0  0  0  0  7  6  5
  4  3  2  2  1  1  0  0  0  0  0  0  0  0  0  0  0  0  7  6  5  4  3  3
  2  2  1  1  1  1  0  0  0  0  0  0  0  0  0  7  6  5  4  4  3  3  2  2
  2  2  1  1  1  1  1  0  0  0  0  0  7  6  5  5  4  4  3  3  3  3  2  2
  2  2  2  1  1  1  0  0  0]
D_INF OF V VS REF: 0.0
D_INF OF POLICY VS REF: 0
D_INF (AT STOP) MEAN: 6.103515625e-05
MAIN ITERATIONS MEAN: 4.0
EVAL ITERATIONS TOTAL MEAN: 413.0
TIME MEAN: 21.284466314315797 s, STD: 0.04804789242561186 s, STD_%: 0.2%
SPEEDUP VS REF: 1.0
============================================================================================================================================================================================================================================================
PI CONTRACTION APPROACH 2: jcr_pi_contraction_cuda_atomicmax...
GPU WARMED UP.
---
REPETITION: 1/10:
JCR PI CONTRACTION CUDA ATOMICMAX... [gamma: 0.9, eps: 0.0001, tolerance_v: 1e-07, lazy_stop_check: 5, tpb: 64]
[bpg: 441 (implied by number of states)]
JCR PI CONTRACTION CUDA ATOMICMAX DONE. [d_inf: 6.1035156e-05, main iterations: 4, evaluation iterations total: 400, time: 0.0906367301940918 s]
---
REPETITION: 2/10:
JCR PI CONTRACTION CUDA ATOMICMAX... [gamma: 0.9, eps: 0.0001, tolerance_v: 1e-07, lazy_stop_check: 5, tpb: 64]
[bpg: 441 (implied by number of states)]
JCR PI CONTRACTION CUDA ATOMICMAX DONE. [d_inf: 6.1035156e-05, main iterations: 4, evaluation iterations total: 400, time: 0.08928918838500977 s]
---
REPETITION: 3/10:
JCR PI CONTRACTION CUDA ATOMICMAX... [gamma: 0.9, eps: 0.0001, tolerance_v: 1e-07, lazy_stop_check: 5, tpb: 64]
[bpg: 441 (implied by number of states)]
JCR PI CONTRACTION CUDA ATOMICMAX DONE. [d_inf: 6.1035156e-05, main iterations: 4, evaluation iterations total: 400, time: 0.08918190002441406 s]
---
REPETITION: 4/10:
JCR PI CONTRACTION CUDA ATOMICMAX... [gamma: 0.9, eps: 0.0001, tolerance_v: 1e-07, lazy_stop_check: 5, tpb: 64]
[bpg: 441 (implied by number of states)]
JCR PI CONTRACTION CUDA ATOMICMAX DONE. [d_inf: 6.1035156e-05, main iterations: 4, evaluation iterations total: 400, time: 0.08910274505615234 s]
---
REPETITION: 5/10:
JCR PI CONTRACTION CUDA ATOMICMAX... [gamma: 0.9, eps: 0.0001, tolerance_v: 1e-07, lazy_stop_check: 5, tpb: 64]
[bpg: 441 (implied by number of states)]
JCR PI CONTRACTION CUDA ATOMICMAX DONE. [d_inf: 6.1035156e-05, main iterations: 4, evaluation iterations total: 400, time: 0.08913016319274902 s]
---
REPETITION: 6/10:
JCR PI CONTRACTION CUDA ATOMICMAX... [gamma: 0.9, eps: 0.0001, tolerance_v: 1e-07, lazy_stop_check: 5, tpb: 64]
[bpg: 441 (implied by number of states)]
JCR PI CONTRACTION CUDA ATOMICMAX DONE. [d_inf: 6.1035156e-05, main iterations: 4, evaluation iterations total: 400, time: 0.0890958309173584 s]
---
REPETITION: 7/10:
JCR PI CONTRACTION CUDA ATOMICMAX... [gamma: 0.9, eps: 0.0001, tolerance_v: 1e-07, lazy_stop_check: 5, tpb: 64]
[bpg: 441 (implied by number of states)]
JCR PI CONTRACTION CUDA ATOMICMAX DONE. [d_inf: 6.1035156e-05, main iterations: 4, evaluation iterations total: 400, time: 0.08903121948242188 s]
---
REPETITION: 8/10:
JCR PI CONTRACTION CUDA ATOMICMAX... [gamma: 0.9, eps: 0.0001, tolerance_v: 1e-07, lazy_stop_check: 5, tpb: 64]
[bpg: 441 (implied by number of states)]
JCR PI CONTRACTION CUDA ATOMICMAX DONE. [d_inf: 6.1035156e-05, main iterations: 4, evaluation iterations total: 400, time: 0.08896780014038086 s]
---
REPETITION: 9/10:
JCR PI CONTRACTION CUDA ATOMICMAX... [gamma: 0.9, eps: 0.0001, tolerance_v: 1e-07, lazy_stop_check: 5, tpb: 64]
[bpg: 441 (implied by number of states)]
JCR PI CONTRACTION CUDA ATOMICMAX DONE. [d_inf: 6.1035156e-05, main iterations: 4, evaluation iterations total: 400, time: 0.08915376663208008 s]
---
REPETITION: 10/10:
JCR PI CONTRACTION CUDA ATOMICMAX... [gamma: 0.9, eps: 0.0001, tolerance_v: 1e-07, lazy_stop_check: 5, tpb: 64]
[bpg: 441 (implied by number of states)]
JCR PI CONTRACTION CUDA ATOMICMAX DONE. [d_inf: 6.1035156e-05, main iterations: 4, evaluation iterations total: 400, time: 0.08910250663757324 s]
***
SUMMARY:
V OUT:
[421.41412 431.3863  441.242   450.84735 460.08014 468.87228 477.21066
 485.11444 492.97772 500.47357 507.88568 514.9914  521.7488  528.3492
 534.7434  540.834   546.64087 552.18085 557.60614 562.8141  567.7689
 431.28784 441.26    451.1154  460.71985 469.95114 478.74115 487.0769
 494.97772 502.47357 509.88568 516.99146 523.7488  530.3491  536.7434
 542.834   548.6409  554.1808  559.6061  564.8141  569.76886 574.4618
 440.7614  450.73325 460.58707 470.18768 479.41208 488.19232 496.5163
 504.404   511.88568 518.99146 525.7488  532.3492  538.7434  544.834
 550.64087 556.1809  561.6061  566.8141  571.7689  576.4618  580.8579
 449.5846  459.55566 469.40564 478.99643 488.20343 496.95932 505.2541
 513.10986 520.5581  527.6289  534.3491  540.7434  546.834   552.64087
 558.18085 563.60614 568.814   573.7689  578.4618  582.8579  586.9712
 457.67505 467.6447  477.48755 487.06018 496.235   504.94598 513.1874
 520.98584 528.3755  535.3871  542.0469  548.3783  554.40283 560.1399
 565.60614 570.814   575.76886 580.4618  584.8579  588.9712  592.89307
 465.6447  475.48758 485.06018 494.45087 503.57642 512.21893 520.3793
 528.09155 535.3948  542.32153 548.89777 555.1456  561.0853  566.7353
 572.1117  577.22675 582.0852  586.67816 590.9712  594.89307 598.3347
 473.48758 483.06018 492.45084 501.57642 510.36362 518.9142  526.96594
 534.56323 541.75256 548.5697  555.0408  561.18677 567.02625 572.57654
 577.85284 582.86664 587.6222  592.11005 596.2964  600.1122  603.4527
 481.06018 490.45084 499.57642 508.36365 516.9142  525.1606  533.0797
 540.5365  547.58704 554.272   560.61847 566.6462  572.37225 577.8125
 582.98096 587.8883  592.53784 596.9199  601.0012  604.7145  607.959
 488.45084 497.57642 506.36362 514.9142  523.1606  531.0797  538.818
 546.1142  553.0059  559.53986 565.74475 571.6399  577.2406  582.56134
 587.615   592.4109  596.952   601.22815 605.2065  608.8214  611.9758
 495.57642 504.36365 512.9142  521.16064 529.0797  536.818   544.24365
 551.36566 558.0841  564.45264 570.5027  576.25305 581.71814 586.9107
 591.8425  596.522   600.9514  605.12036 608.99634 612.5157  615.5841
 502.36362 510.9142  519.16064 527.0797  534.81793 542.24365 549.39496
 556.3351  562.8712  569.0647  574.95    580.5464  585.86725 590.9241
 595.7277  600.2857  604.59973 608.6592  612.4322  615.85657 618.84094
 508.91418 517.1606  525.0797  532.81793 540.24365 547.39496 554.3351
 561.05035 567.39954 573.4121  579.12616 584.56177 589.73175 594.6469
 599.3169  603.7488  607.9437  611.8911  615.5597  618.8888  621.78955
 515.16064 523.0797  530.81793 538.24365 545.39496 552.3351  559.0504
 565.5288  571.6894  577.51794 583.05664 588.3268  593.3411  598.10986
 602.64197 606.944   611.0167  614.8496  618.4121  621.64514 624.46204
 521.0797  528.818   536.24365 543.39496 550.3351  557.05035 563.5288
 569.78    575.7521  581.3952  586.7559  591.8573  596.7125  601.3314
 605.7224  609.8917  613.8399  617.5565  621.01166 624.1479  626.8809
 526.818   534.24365 541.39496 548.3351  555.05035 561.5288  567.78
 573.8063  579.5905  585.0476  590.22864 595.15906 599.8526  604.31915
 608.5669  612.6017  616.4238  620.0232  623.3706  626.41003 629.0593
 532.24365 539.3949  546.3351  553.0504  559.5288  565.78    571.8063
 577.59924 583.19714 588.4684  593.46906 598.2271  602.75757 607.07056
 611.174   615.0736  618.76953 622.2519  625.49207 628.4355  631.0024
 537.39496 544.3351  551.05035 557.5288  563.78    569.8063  575.59924
 581.19714 586.5484  591.6359  596.4574  601.04395 605.41187 609.5719
 613.532   617.2976  620.8689  624.23584 627.371   630.2209  632.70776
 542.3351  549.05035 555.5288  561.78    567.8063  573.59924 579.19714
 584.54846 589.63586 594.5083  599.156   603.5758  607.78577 611.79724
 615.6183  619.254   622.7047  625.96075 628.9951  631.756   634.1671
 547.05035 553.5288  559.78    565.8063  571.59924 577.19714 582.54846
 587.6359  592.50824 597.156   601.57574 605.7858  609.8358  613.70886
 617.4003  620.9153  624.25397 627.4071  630.3486  633.0277  635.36993
 551.5288  557.78    563.80634 569.59924 575.19714 580.54846 585.63586
 590.50824 595.15594 599.5758  603.78577 607.8358  611.70886 615.4004
 618.9153  622.25397 625.49426 628.5575  631.418   634.0265  636.30945
 555.78    561.80634 567.59924 573.19714 578.5484  583.63586 588.50824
 593.15594 597.5758  601.78577 605.8358  609.70886 613.4004  616.9153
 620.254   623.49426 626.5575  629.4181  632.2045  634.7565  636.9925 ]
POLICY OUT:
[ 0  0  0  0  0  0  0  0 -1 -1 -2 -2 -2 -3 -3 -3 -3 -3 -4 -4 -4  0  0  0
  0  0  0  0  0  0 -1 -1 -1 -2 -2 -2 -2 -2 -3 -3 -3 -3  0  0  0  0  0  0
  0  0  0  0  0 -1 -1 -1 -1 -1 -2 -2 -2 -2 -2  0  0  0  0  0  0  0  0  0
  0  0  0  0  0  0 -1 -1 -1 -1 -1 -2  0  0  0  0  0  0  0  0  0  0  0  0
  0  0  0  0  0  0  0 -1 -1  1  1  1  0  0  0  0  0  0  0  0  0  0  0  0
  0  0  0  0  0  0  2  2  1  1  0  0  0  0  0  0  0  0  0  0  0  0  0  0
  0  0  0  3  2  2  1  1  0  0  0  0  0  0  0  0  0  0  0  0  0  0  0  0
  3  3  2  2  1  1  0  0  0  0  0  0  0  0  0  0  0  0  0  0  0  4  3  3
  2  2  1  0  0  0  0  0  0  0  0  0  0  0  0  0  0  0  4  4  3  3  2  1
  0  0  0  0  0  0  0  0  0  0  0  0  0  0  0  5  4  4  3  2  1  1  0  0
  0  0  0  0  0  0  0  0  0  0  0  0  5  5  4  3  2  2  1  0  0  0  0  0
  0  0  0  0  0  0  0  0  0  6  5  4  3  3  2  1  0  0  0  0  0  0  0  0
  0  0  0  0  0  0  6  5  4  4  3  2  1  0  0  0  0  0  0  0  0  0  0  0
  0  0  0  6  5  5  4  3  2  1  0  0  0  0  0  0  0  0  0  0  0  0  0  0
  6  6  5  4  3  2  1  1  0  0  0  0  0  0  0  0  0  0  0  0  0  7  6  5
  4  3  2  2  1  1  0  0  0  0  0  0  0  0  0  0  0  0  7  6  5  4  3  3
  2  2  1  1  1  1  0  0  0  0  0  0  0  0  0  7  6  5  4  4  3  3  2  2
  2  2  1  1  1  1  1  0  0  0  0  0  7  6  5  5  4  4  3  3  3  3  2  2
  2  2  2  1  1  1  0  0  0]
D_INF OF V VS REF: 0.00030517578
D_INF OF POLICY VS REF: 0
D_INF (AT STOP) MEAN: 6.103515625e-05
MAIN ITERATIONS MEAN: 4.0
EVAL ITERATIONS TOTAL MEAN: 400.0
TIME MEAN: 0.08926918506622314 s, STD: 0.0004630165346231926 s, STD_%: 0.5%
SPEEDUP VS REF: 238.43016264264318
============================================================================================================================================================================================================================================================
PI CONTRACTION APPROACH 3: jcr_pi_contraction_cuda_atomicmaxglosten...
---
REPETITION: 1/10:
JCR PI CONTRACTION CUDA ATOMICMAXGLOSTEN... [gamma: 0.9, eps: 0.0001, tolerance_v: 1e-07, lazy_stop_check: 5, tpb: 64]
[bpg: 441 (implied by number of states)]
JCR PI CONTRACTION CUDA ATOMICMAXGLOSTEN DONE. [d_inf: 6.1035156e-05, main iterations: 4, evaluation iterations total: 400, time: 0.08909869194030762 s]
---
REPETITION: 2/10:
JCR PI CONTRACTION CUDA ATOMICMAXGLOSTEN... [gamma: 0.9, eps: 0.0001, tolerance_v: 1e-07, lazy_stop_check: 5, tpb: 64]
[bpg: 441 (implied by number of states)]
JCR PI CONTRACTION CUDA ATOMICMAXGLOSTEN DONE. [d_inf: 6.1035156e-05, main iterations: 4, evaluation iterations total: 400, time: 0.0889139175415039 s]
---
REPETITION: 3/10:
JCR PI CONTRACTION CUDA ATOMICMAXGLOSTEN... [gamma: 0.9, eps: 0.0001, tolerance_v: 1e-07, lazy_stop_check: 5, tpb: 64]
[bpg: 441 (implied by number of states)]
JCR PI CONTRACTION CUDA ATOMICMAXGLOSTEN DONE. [d_inf: 6.1035156e-05, main iterations: 4, evaluation iterations total: 400, time: 0.08884382247924805 s]
---
REPETITION: 4/10:
JCR PI CONTRACTION CUDA ATOMICMAXGLOSTEN... [gamma: 0.9, eps: 0.0001, tolerance_v: 1e-07, lazy_stop_check: 5, tpb: 64]
[bpg: 441 (implied by number of states)]
JCR PI CONTRACTION CUDA ATOMICMAXGLOSTEN DONE. [d_inf: 6.1035156e-05, main iterations: 4, evaluation iterations total: 400, time: 0.08868074417114258 s]
---
REPETITION: 5/10:
JCR PI CONTRACTION CUDA ATOMICMAXGLOSTEN... [gamma: 0.9, eps: 0.0001, tolerance_v: 1e-07, lazy_stop_check: 5, tpb: 64]
[bpg: 441 (implied by number of states)]
JCR PI CONTRACTION CUDA ATOMICMAXGLOSTEN DONE. [d_inf: 6.1035156e-05, main iterations: 4, evaluation iterations total: 400, time: 0.08885931968688965 s]
---
REPETITION: 6/10:
JCR PI CONTRACTION CUDA ATOMICMAXGLOSTEN... [gamma: 0.9, eps: 0.0001, tolerance_v: 1e-07, lazy_stop_check: 5, tpb: 64]
[bpg: 441 (implied by number of states)]
JCR PI CONTRACTION CUDA ATOMICMAXGLOSTEN DONE. [d_inf: 6.1035156e-05, main iterations: 4, evaluation iterations total: 400, time: 0.08881378173828125 s]
---
REPETITION: 7/10:
JCR PI CONTRACTION CUDA ATOMICMAXGLOSTEN... [gamma: 0.9, eps: 0.0001, tolerance_v: 1e-07, lazy_stop_check: 5, tpb: 64]
[bpg: 441 (implied by number of states)]
JCR PI CONTRACTION CUDA ATOMICMAXGLOSTEN DONE. [d_inf: 6.1035156e-05, main iterations: 4, evaluation iterations total: 400, time: 0.08906769752502441 s]
---
REPETITION: 8/10:
JCR PI CONTRACTION CUDA ATOMICMAXGLOSTEN... [gamma: 0.9, eps: 0.0001, tolerance_v: 1e-07, lazy_stop_check: 5, tpb: 64]
[bpg: 441 (implied by number of states)]
JCR PI CONTRACTION CUDA ATOMICMAXGLOSTEN DONE. [d_inf: 6.1035156e-05, main iterations: 4, evaluation iterations total: 400, time: 0.08878207206726074 s]
---
REPETITION: 9/10:
JCR PI CONTRACTION CUDA ATOMICMAXGLOSTEN... [gamma: 0.9, eps: 0.0001, tolerance_v: 1e-07, lazy_stop_check: 5, tpb: 64]
[bpg: 441 (implied by number of states)]
JCR PI CONTRACTION CUDA ATOMICMAXGLOSTEN DONE. [d_inf: 6.1035156e-05, main iterations: 4, evaluation iterations total: 400, time: 0.08880448341369629 s]
---
REPETITION: 10/10:
JCR PI CONTRACTION CUDA ATOMICMAXGLOSTEN... [gamma: 0.9, eps: 0.0001, tolerance_v: 1e-07, lazy_stop_check: 5, tpb: 64]
[bpg: 441 (implied by number of states)]
JCR PI CONTRACTION CUDA ATOMICMAXGLOSTEN DONE. [d_inf: 6.1035156e-05, main iterations: 4, evaluation iterations total: 400, time: 0.08864331245422363 s]
***
SUMMARY:
V OUT:
[421.41412 431.38632 441.242   450.84735 460.08017 468.87228 477.21066
 485.11444 492.97772 500.47357 507.88568 514.9914  521.7488  528.3492
 534.7434  540.834   546.64087 552.18085 557.60614 562.8141  567.7689
 431.28784 441.26    451.1154  460.71985 469.95114 478.74115 487.0769
 494.97778 502.47357 509.88568 516.99146 523.7488  530.3491  536.7434
 542.834   548.6409  554.18085 559.6061  564.8141  569.76886 574.4618
 440.7614  450.73325 460.5871  470.18768 479.41208 488.19232 496.5163
 504.404   511.88568 518.99146 525.7488  532.3492  538.7434  544.834
 550.64087 556.1809  561.6061  566.8141  571.7689  576.4618  580.8579
 449.5846  459.55566 469.40564 478.99643 488.20343 496.95935 505.2541
 513.10986 520.5581  527.6289  534.3491  540.7434  546.834   552.64087
 558.18085 563.6062  568.814   573.7689  578.4618  582.8579  586.9712
 457.6751  467.6447  477.4876  487.06018 496.235   504.94598 513.1874
 520.98584 528.3755  535.3871  542.0469  548.3783  554.40283 560.1399
 565.60614 570.814   575.7689  580.4618  584.8579  588.9712  592.89307
 465.6447  475.48758 485.06018 494.45087 503.57642 512.21893 520.3793
 528.09155 535.3948  542.32153 548.89777 555.1456  561.0853  566.7353
 572.1117  577.22675 582.0852  586.67816 590.97125 594.89307 598.3347
 473.4876  483.06018 492.45084 501.57642 510.36365 518.9142  526.96594
 534.56323 541.75256 548.5697  555.0408  561.18677 567.02625 572.57654
 577.8529  582.86664 587.6222  592.11005 596.2964  600.1122  603.4527
 481.06018 490.45084 499.57642 508.36365 516.9142  525.1606  533.0797
 540.5365  547.58704 554.27203 560.61847 566.6462  572.37225 577.8125
 582.98096 587.8883  592.53784 596.9199  601.0012  604.7145  607.959
 488.45084 497.57642 506.36365 514.9142  523.1606  531.0797  538.818
 546.11426 553.0059  559.53986 565.74475 571.6399  577.2406  582.5614
 587.615   592.4109  596.952   601.22815 605.2065  608.8214  611.9758
 495.57642 504.36365 512.9142  521.16064 529.0797  536.818   544.24365
 551.3657  558.0841  564.45264 570.5027  576.25305 581.71814 586.91077
 591.8425  596.52203 600.9514  605.12036 608.99634 612.5157  615.5841
 502.36365 510.9142  519.16064 527.0797  534.818   542.24365 549.39496
 556.3351  562.8712  569.0647  574.95    580.5464  585.86725 590.92413
 595.7277  600.2857  604.59973 608.6592  612.4322  615.85657 618.84094
 508.91425 517.1606  525.0797  532.818   540.24365 547.39496 554.3351
 561.05035 567.39954 573.4121  579.12616 584.56177 589.73175 594.6469
 599.3169  603.7488  607.9438  611.8911  615.5597  618.8888  621.78955
 515.16064 523.0797  530.818   538.24365 545.39496 552.3351  559.0504
 565.5288  571.6894  577.51794 583.05664 588.3268  593.3411  598.10986
 602.64197 606.944   611.0167  614.8496  618.4121  621.64514 624.46204
 521.0797  528.818   536.24365 543.39496 550.3351  557.05035 563.5288
 569.78    575.7521  581.39526 586.7559  591.8573  596.7125  601.3314
 605.7224  609.8917  613.8399  617.5565  621.01166 624.14795 626.8809
 526.818   534.24365 541.39496 548.3351  555.0504  561.5288  567.78
 573.80634 579.5906  585.0476  590.22864 595.15906 599.8526  604.31915
 608.5669  612.6017  616.4238  620.0232  623.3706  626.41003 629.0593
 532.24365 539.39496 546.3351  553.0504  559.5288  565.78    571.8063
 577.59924 583.19714 588.4684  593.46906 598.2272  602.75757 607.07056
 611.174   615.0736  618.7696  622.2519  625.49207 628.43555 631.0024
 537.39496 544.3351  551.05035 557.5288  563.78    569.8063  575.59924
 581.19714 586.54846 591.6359  596.4574  601.04395 605.41187 609.5719
 613.53204 617.2976  620.8689  624.23584 627.371   630.2209  632.70776
 542.3351  549.05035 555.5288  561.78    567.8063  573.59924 579.19714
 584.54846 589.63586 594.5083  599.156   603.5758  607.78577 611.79724
 615.6183  619.254   622.7047  625.96075 628.9951  631.756   634.1672
 547.05035 553.5288  559.78    565.8063  571.59924 577.19714 582.54846
 587.6359  592.50824 597.156   601.5758  605.7858  609.8358  613.70886
 617.4003  620.9153  624.25397 627.4071  630.3486  633.0277  635.36993
 551.5288  557.78    563.80634 569.59924 575.19714 580.54846 585.63586
 590.50824 595.15594 599.5758  603.78577 607.8358  611.70886 615.4004
 618.9153  622.25397 625.49426 628.5575  631.418   634.0265  636.30945
 555.78    561.80634 567.59924 573.19714 578.5484  583.63586 588.50824
 593.156   597.5758  601.78577 605.8358  609.70886 613.4004  616.9153
 620.254   623.49426 626.5575  629.4181  632.2045  634.7565  636.9925 ]
POLICY OUT:
[ 0  0  0  0  0  0  0  0 -1 -1 -2 -2 -2 -3 -3 -3 -3 -3 -4 -4 -4  0  0  0
  0  0  0  0  0  0 -1 -1 -1 -2 -2 -2 -2 -2 -3 -3 -3 -3  0  0  0  0  0  0
  0  0  0  0  0 -1 -1 -1 -1 -1 -2 -2 -2 -2 -2  0  0  0  0  0  0  0  0  0
  0  0  0  0  0  0 -1 -1 -1 -1 -1 -2  0  0  0  0  0  0  0  0  0  0  0  0
  0  0  0  0  0  0  0 -1 -1  1  1  1  0  0  0  0  0  0  0  0  0  0  0  0
  0  0  0  0  0  0  2  2  1  1  0  0  0  0  0  0  0  0  0  0  0  0  0  0
  0  0  0  3  2  2  1  1  0  0  0  0  0  0  0  0  0  0  0  0  0  0  0  0
  3  3  2  2  1  1  0  0  0  0  0  0  0  0  0  0  0  0  0  0  0  4  3  3
  2  2  1  0  0  0  0  0  0  0  0  0  0  0  0  0  0  0  4  4  3  3  2  1
  0  0  0  0  0  0  0  0  0  0  0  0  0  0  0  5  4  4  3  2  1  1  0  0
  0  0  0  0  0  0  0  0  0  0  0  0  5  5  4  3  2  2  1  0  0  0  0  0
  0  0  0  0  0  0  0  0  0  6  5  4  3  3  2  1  0  0  0  0  0  0  0  0
  0  0  0  0  0  0  6  5  4  4  3  2  1  0  0  0  0  0  0  0  0  0  0  0
  0  0  0  6  5  5  4  3  2  1  0  0  0  0  0  0  0  0  0  0  0  0  0  0
  6  6  5  4  3  2  1  1  0  0  0  0  0  0  0  0  0  0  0  0  0  7  6  5
  4  3  2  2  1  1  0  0  0  0  0  0  0  0  0  0  0  0  7  6  5  4  3  3
  2  2  1  1  1  1  0  0  0  0  0  0  0  0  0  7  6  5  4  4  3  3  2  2
  2  2  1  1  1  1  1  0  0  0  0  0  7  6  5  5  4  4  3  3  3  3  2  2
  2  2  2  1  1  1  0  0  0]
D_INF OF V VS REF: 0.00030517578
D_INF OF POLICY VS REF: 0
D_INF (AT STOP) MEAN: 6.103515625e-05
MAIN ITERATIONS MEAN: 4.0
EVAL ITERATIONS TOTAL MEAN: 400.0
TIME MEAN: 0.08885078430175782 s, STD: 0.00013885575827443604 s, STD_%: 0.2%
SPEEDUP VS REF: 239.5529367757613
============================================================================================================================================================================================================================================================
PI CONTRACTION APPROACH 4: jcr_pi_contraction_cuda_reducemax...
---
REPETITION: 1/10:
JCR PI CONTRACTION CUDA REDUCEMAX... [gamma: 0.9, eps: 0.0001, tolerance_v: 1e-07, lazy_stop_check: 5, tpb: 64]
[bpg: 441 (implied by number of states)]
JCR PI CONTRACTION CUDA REDUCEMAX DONE. [d_inf: 6.1035156e-05, main iterations: 4, evaluation iterations total: 400, time: 0.08680891990661621 s]
---
REPETITION: 2/10:
JCR PI CONTRACTION CUDA REDUCEMAX... [gamma: 0.9, eps: 0.0001, tolerance_v: 1e-07, lazy_stop_check: 5, tpb: 64]
[bpg: 441 (implied by number of states)]
JCR PI CONTRACTION CUDA REDUCEMAX DONE. [d_inf: 6.1035156e-05, main iterations: 4, evaluation iterations total: 400, time: 0.08684086799621582 s]
---
REPETITION: 3/10:
JCR PI CONTRACTION CUDA REDUCEMAX... [gamma: 0.9, eps: 0.0001, tolerance_v: 1e-07, lazy_stop_check: 5, tpb: 64]
[bpg: 441 (implied by number of states)]
JCR PI CONTRACTION CUDA REDUCEMAX DONE. [d_inf: 6.1035156e-05, main iterations: 4, evaluation iterations total: 400, time: 0.08674383163452148 s]
---
REPETITION: 4/10:
JCR PI CONTRACTION CUDA REDUCEMAX... [gamma: 0.9, eps: 0.0001, tolerance_v: 1e-07, lazy_stop_check: 5, tpb: 64]
[bpg: 441 (implied by number of states)]
JCR PI CONTRACTION CUDA REDUCEMAX DONE. [d_inf: 6.1035156e-05, main iterations: 4, evaluation iterations total: 400, time: 0.08662199974060059 s]
---
REPETITION: 5/10:
JCR PI CONTRACTION CUDA REDUCEMAX... [gamma: 0.9, eps: 0.0001, tolerance_v: 1e-07, lazy_stop_check: 5, tpb: 64]
[bpg: 441 (implied by number of states)]
JCR PI CONTRACTION CUDA REDUCEMAX DONE. [d_inf: 6.1035156e-05, main iterations: 4, evaluation iterations total: 400, time: 0.08672833442687988 s]
---
REPETITION: 6/10:
JCR PI CONTRACTION CUDA REDUCEMAX... [gamma: 0.9, eps: 0.0001, tolerance_v: 1e-07, lazy_stop_check: 5, tpb: 64]
[bpg: 441 (implied by number of states)]
JCR PI CONTRACTION CUDA REDUCEMAX DONE. [d_inf: 6.1035156e-05, main iterations: 4, evaluation iterations total: 400, time: 0.08680915832519531 s]
---
REPETITION: 7/10:
JCR PI CONTRACTION CUDA REDUCEMAX... [gamma: 0.9, eps: 0.0001, tolerance_v: 1e-07, lazy_stop_check: 5, tpb: 64]
[bpg: 441 (implied by number of states)]
JCR PI CONTRACTION CUDA REDUCEMAX DONE. [d_inf: 6.1035156e-05, main iterations: 4, evaluation iterations total: 400, time: 0.08682990074157715 s]
---
REPETITION: 8/10:
JCR PI CONTRACTION CUDA REDUCEMAX... [gamma: 0.9, eps: 0.0001, tolerance_v: 1e-07, lazy_stop_check: 5, tpb: 64]
[bpg: 441 (implied by number of states)]
JCR PI CONTRACTION CUDA REDUCEMAX DONE. [d_inf: 6.1035156e-05, main iterations: 4, evaluation iterations total: 400, time: 0.086761474609375 s]
---
REPETITION: 9/10:
JCR PI CONTRACTION CUDA REDUCEMAX... [gamma: 0.9, eps: 0.0001, tolerance_v: 1e-07, lazy_stop_check: 5, tpb: 64]
[bpg: 441 (implied by number of states)]
JCR PI CONTRACTION CUDA REDUCEMAX DONE. [d_inf: 6.1035156e-05, main iterations: 4, evaluation iterations total: 400, time: 0.08676481246948242 s]
---
REPETITION: 10/10:
JCR PI CONTRACTION CUDA REDUCEMAX... [gamma: 0.9, eps: 0.0001, tolerance_v: 1e-07, lazy_stop_check: 5, tpb: 64]
[bpg: 441 (implied by number of states)]
JCR PI CONTRACTION CUDA REDUCEMAX DONE. [d_inf: 6.1035156e-05, main iterations: 4, evaluation iterations total: 400, time: 0.08675193786621094 s]
***
SUMMARY:
V OUT:
[421.41412 431.3863  441.242   450.84735 460.08014 468.87228 477.21066
 485.11444 492.97772 500.47357 507.88568 514.9914  521.7488  528.3492
 534.7434  540.834   546.64087 552.18085 557.60614 562.8141  567.7689
 431.28784 441.26    451.1154  460.71985 469.95114 478.74115 487.0769
 494.97772 502.47357 509.88568 516.99146 523.7488  530.3491  536.7434
 542.834   548.6409  554.1808  559.6061  564.8141  569.76886 574.4618
 440.7614  450.73325 460.58707 470.18768 479.41208 488.19232 496.5163
 504.404   511.88568 518.99146 525.7488  532.3492  538.7434  544.834
 550.64087 556.1809  561.6061  566.8141  571.7689  576.4618  580.8579
 449.5846  459.55566 469.40564 478.99643 488.20343 496.95932 505.2541
 513.10986 520.5581  527.6289  534.3491  540.7434  546.834   552.64087
 558.18085 563.60614 568.814   573.7689  578.4618  582.8579  586.9712
 457.67505 467.6447  477.48755 487.06018 496.235   504.94598 513.1874
 520.98584 528.3755  535.3871  542.0469  548.3783  554.40283 560.1399
 565.60614 570.814   575.76886 580.4618  584.8579  588.9712  592.89307
 465.6447  475.48758 485.06018 494.45087 503.57642 512.21893 520.3793
 528.09155 535.3948  542.32153 548.89777 555.1456  561.0853  566.7353
 572.1117  577.22675 582.0852  586.67816 590.9712  594.89307 598.3347
 473.48758 483.06018 492.45084 501.57642 510.36362 518.9142  526.96594
 534.56323 541.75256 548.5697  555.0408  561.18677 567.02625 572.57654
 577.85284 582.86664 587.6222  592.11005 596.2964  600.1122  603.4527
 481.06018 490.45084 499.57642 508.36365 516.9142  525.1606  533.0797
 540.5365  547.58704 554.272   560.61847 566.6462  572.37225 577.8125
 582.98096 587.8883  592.53784 596.9199  601.0012  604.7145  607.959
 488.45084 497.57642 506.36362 514.9142  523.1606  531.0797  538.818
 546.1142  553.0059  559.53986 565.74475 571.6399  577.2406  582.56134
 587.615   592.4109  596.952   601.22815 605.2065  608.8214  611.9758
 495.57642 504.36365 512.9142  521.16064 529.0797  536.818   544.24365
 551.36566 558.0841  564.45264 570.5027  576.25305 581.71814 586.9107
 591.8425  596.522   600.9514  605.12036 608.99634 612.5157  615.5841
 502.36362 510.9142  519.16064 527.0797  534.81793 542.24365 549.39496
 556.3351  562.8712  569.0647  574.95    580.5464  585.86725 590.9241
 595.7277  600.2857  604.59973 608.6592  612.4322  615.85657 618.84094
 508.91418 517.1606  525.0797  532.81793 540.24365 547.39496 554.3351
 561.05035 567.39954 573.4121  579.12616 584.56177 589.73175 594.6469
 599.3169  603.7488  607.9437  611.8911  615.5597  618.8888  621.78955
 515.16064 523.0797  530.81793 538.24365 545.39496 552.3351  559.0504
 565.5288  571.6894  577.51794 583.05664 588.3268  593.3411  598.10986
 602.64197 606.944   611.0167  614.8496  618.4121  621.64514 624.46204
 521.0797  528.818   536.24365 543.39496 550.3351  557.05035 563.5288
 569.78    575.7521  581.3952  586.7559  591.8573  596.7125  601.3314
 605.7224  609.8917  613.8399  617.5565  621.01166 624.1479  626.8809
 526.818   534.24365 541.39496 548.3351  555.05035 561.5288  567.78
 573.8063  579.5905  585.0476  590.22864 595.15906 599.8526  604.31915
 608.5669  612.6017  616.4238  620.0232  623.3706  626.41003 629.0593
 532.24365 539.3949  546.3351  553.0504  559.5288  565.78    571.8063
 577.59924 583.19714 588.4684  593.46906 598.2271  602.75757 607.07056
 611.174   615.0736  618.76953 622.2519  625.49207 628.4355  631.0024
 537.39496 544.3351  551.05035 557.5288  563.78    569.8063  575.59924
 581.19714 586.5484  591.6359  596.4574  601.04395 605.41187 609.5719
 613.532   617.2976  620.8689  624.23584 627.371   630.2209  632.70776
 542.3351  549.05035 555.5288  561.78    567.8063  573.59924 579.19714
 584.54846 589.63586 594.5083  599.156   603.5758  607.78577 611.79724
 615.6183  619.254   622.7047  625.96075 628.9951  631.756   634.1671
 547.05035 553.5288  559.78    565.8063  571.59924 577.19714 582.54846
 587.6359  592.50824 597.156   601.57574 605.7858  609.8358  613.70886
 617.4003  620.9153  624.25397 627.4071  630.3486  633.0277  635.36993
 551.5288  557.78    563.80634 569.59924 575.19714 580.54846 585.63586
 590.50824 595.15594 599.5758  603.78577 607.8358  611.70886 615.4004
 618.9153  622.25397 625.49426 628.5575  631.418   634.0265  636.30945
 555.78    561.80634 567.59924 573.19714 578.5484  583.63586 588.50824
 593.15594 597.5758  601.78577 605.8358  609.70886 613.4004  616.9153
 620.254   623.49426 626.5575  629.4181  632.2045  634.7565  636.9925 ]
POLICY OUT:
[ 0  0  0  0  0  0  0  0 -1 -1 -2 -2 -2 -3 -3 -3 -3 -3 -4 -4 -4  0  0  0
  0  0  0  0  0  0 -1 -1 -1 -2 -2 -2 -2 -2 -3 -3 -3 -3  0  0  0  0  0  0
  0  0  0  0  0 -1 -1 -1 -1 -1 -2 -2 -2 -2 -2  0  0  0  0  0  0  0  0  0
  0  0  0  0  0  0 -1 -1 -1 -1 -1 -2  0  0  0  0  0  0  0  0  0  0  0  0
  0  0  0  0  0  0  0 -1 -1  1  1  1  0  0  0  0  0  0  0  0  0  0  0  0
  0  0  0  0  0  0  2  2  1  1  0  0  0  0  0  0  0  0  0  0  0  0  0  0
  0  0  0  3  2  2  1  1  0  0  0  0  0  0  0  0  0  0  0  0  0  0  0  0
  3  3  2  2  1  1  0  0  0  0  0  0  0  0  0  0  0  0  0  0  0  4  3  3
  2  2  1  0  0  0  0  0  0  0  0  0  0  0  0  0  0  0  4  4  3  3  2  1
  0  0  0  0  0  0  0  0  0  0  0  0  0  0  0  5  4  4  3  2  1  1  0  0
  0  0  0  0  0  0  0  0  0  0  0  0  5  5  4  3  2  2  1  0  0  0  0  0
  0  0  0  0  0  0  0  0  0  6  5  4  3  3  2  1  0  0  0  0  0  0  0  0
  0  0  0  0  0  0  6  5  4  4  3  2  1  0  0  0  0  0  0  0  0  0  0  0
  0  0  0  6  5  5  4  3  2  1  0  0  0  0  0  0  0  0  0  0  0  0  0  0
  6  6  5  4  3  2  1  1  0  0  0  0  0  0  0  0  0  0  0  0  0  7  6  5
  4  3  2  2  1  1  0  0  0  0  0  0  0  0  0  0  0  0  7  6  5  4  3  3
  2  2  1  1  1  1  0  0  0  0  0  0  0  0  0  7  6  5  4  4  3  3  2  2
  2  2  1  1  1  1  1  0  0  0  0  0  7  6  5  5  4  4  3  3  3  3  2  2
  2  2  2  1  1  1  0  0  0]
D_INF OF V VS REF: 0.00030517578
D_INF OF POLICY VS REF: 0
D_INF (AT STOP) MEAN: 6.103515625e-05
MAIN ITERATIONS MEAN: 4.0
EVAL ITERATIONS TOTAL MEAN: 400.0
TIME MEAN: 0.08676612377166748 s, STD: 6.0215419440645335e-05 s, STD_%: 0.1%
SPEEDUP VS REF: 245.30848433805457
============================================================================================================================================================================================================================================================
PI CONTRACTION APPROACH 5: jcr_pi_contraction_cuda_gridsync...
---
REPETITION: 1/10:
JCR PI CONTRACTION CUDA GRIDSYNC... [gamma: 0.9, eps: 0.0001, tolerance_v: 1e-07, tpb: 64, assumed max_bpg_gridsync: None]
[discovered max_bpg_gridsync: 656; time: 0.00013375282287597656 s]
[kernel eval -> bpg: 441 (max_bpg_gridsync or number of states if smaller), tpb: 64, spb: 1]
[kernel improve -> bpg: 441 (implied by number of states), tpb: 64]
JCR PI CONTRACTION CUDA GRIDSYNC DONE. [d_inf: 6.1035156e-05, main iterations: 4, evaluation iterations total: 385, time: 0.07973527908325195 s]
---
REPETITION: 2/10:
JCR PI CONTRACTION CUDA GRIDSYNC... [gamma: 0.9, eps: 0.0001, tolerance_v: 1e-07, tpb: 64, assumed max_bpg_gridsync: None]
[discovered max_bpg_gridsync: 656; time: 8.845329284667969e-05 s]
[kernel eval -> bpg: 441 (max_bpg_gridsync or number of states if smaller), tpb: 64, spb: 1]
[kernel improve -> bpg: 441 (implied by number of states), tpb: 64]
JCR PI CONTRACTION CUDA GRIDSYNC DONE. [d_inf: 6.1035156e-05, main iterations: 4, evaluation iterations total: 385, time: 0.07952046394348145 s]
---
REPETITION: 3/10:
JCR PI CONTRACTION CUDA GRIDSYNC... [gamma: 0.9, eps: 0.0001, tolerance_v: 1e-07, tpb: 64, assumed max_bpg_gridsync: None]
[discovered max_bpg_gridsync: 656; time: 8.463859558105469e-05 s]
[kernel eval -> bpg: 441 (max_bpg_gridsync or number of states if smaller), tpb: 64, spb: 1]
[kernel improve -> bpg: 441 (implied by number of states), tpb: 64]
JCR PI CONTRACTION CUDA GRIDSYNC DONE. [d_inf: 6.1035156e-05, main iterations: 4, evaluation iterations total: 385, time: 0.07943201065063477 s]
---
REPETITION: 4/10:
JCR PI CONTRACTION CUDA GRIDSYNC... [gamma: 0.9, eps: 0.0001, tolerance_v: 1e-07, tpb: 64, assumed max_bpg_gridsync: None]
[discovered max_bpg_gridsync: 656; time: 8.225440979003906e-05 s]
[kernel eval -> bpg: 441 (max_bpg_gridsync or number of states if smaller), tpb: 64, spb: 1]
[kernel improve -> bpg: 441 (implied by number of states), tpb: 64]
JCR PI CONTRACTION CUDA GRIDSYNC DONE. [d_inf: 6.1035156e-05, main iterations: 4, evaluation iterations total: 385, time: 0.07813310623168945 s]
---
REPETITION: 5/10:
JCR PI CONTRACTION CUDA GRIDSYNC... [gamma: 0.9, eps: 0.0001, tolerance_v: 1e-07, tpb: 64, assumed max_bpg_gridsync: None]
[discovered max_bpg_gridsync: 656; time: 8.0108642578125e-05 s]
[kernel eval -> bpg: 441 (max_bpg_gridsync or number of states if smaller), tpb: 64, spb: 1]
[kernel improve -> bpg: 441 (implied by number of states), tpb: 64]
JCR PI CONTRACTION CUDA GRIDSYNC DONE. [d_inf: 6.1035156e-05, main iterations: 4, evaluation iterations total: 385, time: 0.07740211486816406 s]
---
REPETITION: 6/10:
JCR PI CONTRACTION CUDA GRIDSYNC... [gamma: 0.9, eps: 0.0001, tolerance_v: 1e-07, tpb: 64, assumed max_bpg_gridsync: None]
[discovered max_bpg_gridsync: 656; time: 8.296966552734375e-05 s]
[kernel eval -> bpg: 441 (max_bpg_gridsync or number of states if smaller), tpb: 64, spb: 1]
[kernel improve -> bpg: 441 (implied by number of states), tpb: 64]
JCR PI CONTRACTION CUDA GRIDSYNC DONE. [d_inf: 6.1035156e-05, main iterations: 4, evaluation iterations total: 385, time: 0.07714605331420898 s]
---
REPETITION: 7/10:
JCR PI CONTRACTION CUDA GRIDSYNC... [gamma: 0.9, eps: 0.0001, tolerance_v: 1e-07, tpb: 64, assumed max_bpg_gridsync: None]
[discovered max_bpg_gridsync: 656; time: 7.963180541992188e-05 s]
[kernel eval -> bpg: 441 (max_bpg_gridsync or number of states if smaller), tpb: 64, spb: 1]
[kernel improve -> bpg: 441 (implied by number of states), tpb: 64]
JCR PI CONTRACTION CUDA GRIDSYNC DONE. [d_inf: 6.1035156e-05, main iterations: 4, evaluation iterations total: 385, time: 0.07492375373840332 s]
---
REPETITION: 8/10:
JCR PI CONTRACTION CUDA GRIDSYNC... [gamma: 0.9, eps: 0.0001, tolerance_v: 1e-07, tpb: 64, assumed max_bpg_gridsync: None]
[discovered max_bpg_gridsync: 656; time: 0.00014138221740722656 s]
[kernel eval -> bpg: 441 (max_bpg_gridsync or number of states if smaller), tpb: 64, spb: 1]
[kernel improve -> bpg: 441 (implied by number of states), tpb: 64]
JCR PI CONTRACTION CUDA GRIDSYNC DONE. [d_inf: 6.1035156e-05, main iterations: 4, evaluation iterations total: 385, time: 0.07506012916564941 s]
---
REPETITION: 9/10:
JCR PI CONTRACTION CUDA GRIDSYNC... [gamma: 0.9, eps: 0.0001, tolerance_v: 1e-07, tpb: 64, assumed max_bpg_gridsync: None]
[discovered max_bpg_gridsync: 656; time: 8.177757263183594e-05 s]
[kernel eval -> bpg: 441 (max_bpg_gridsync or number of states if smaller), tpb: 64, spb: 1]
[kernel improve -> bpg: 441 (implied by number of states), tpb: 64]
JCR PI CONTRACTION CUDA GRIDSYNC DONE. [d_inf: 6.1035156e-05, main iterations: 4, evaluation iterations total: 385, time: 0.07426071166992188 s]
---
REPETITION: 10/10:
JCR PI CONTRACTION CUDA GRIDSYNC... [gamma: 0.9, eps: 0.0001, tolerance_v: 1e-07, tpb: 64, assumed max_bpg_gridsync: None]
[discovered max_bpg_gridsync: 656; time: 8.177757263183594e-05 s]
[kernel eval -> bpg: 441 (max_bpg_gridsync or number of states if smaller), tpb: 64, spb: 1]
[kernel improve -> bpg: 441 (implied by number of states), tpb: 64]
JCR PI CONTRACTION CUDA GRIDSYNC DONE. [d_inf: 6.1035156e-05, main iterations: 4, evaluation iterations total: 385, time: 0.07335066795349121 s]
***
SUMMARY:
V OUT:
[421.414   431.38623 441.24194 450.8473  460.08005 468.8722  477.21057
 485.11435 492.97766 500.4735  507.88562 514.99133 521.74866 528.34906
 534.7433  540.83386 546.6408  552.1808  557.6061  562.81396 567.7688
 431.28778 441.25992 451.1153  460.71976 469.95108 478.7411  487.07684
 494.97766 502.4735  509.88562 516.99133 523.74866 530.34906 536.7433
 542.834   548.64087 554.1808  559.6061  564.81396 569.7688  574.46173
 440.76132 450.73315 460.587   470.1876  479.412   488.19226 496.51624
 504.4039  511.88562 518.99133 525.7487  532.3491  538.7433  544.8339
 550.64087 556.1808  561.606   566.81396 571.7688  576.46173 580.8579
 449.58453 459.55557 469.40558 478.99634 488.20334 496.95923 505.25403
 513.1098  520.55804 527.6288  534.34906 540.7433  546.8339  552.64087
 558.1808  563.6061  568.81396 573.76886 578.4617  582.85785 586.9711
 457.675   467.64465 477.48752 487.0601  496.2349  504.9459  513.1873
 520.9858  528.37537 535.38696 542.04675 548.3782  554.4027  560.1398
 565.6061  570.81396 575.76886 580.4617  584.8579  588.9712  592.893
 465.64462 475.48752 485.0601  494.45078 503.57635 512.2188  520.3792
 528.09143 535.39465 542.3214  548.8977  555.14557 561.0852  566.73517
 572.11163 577.2267  582.0852  586.6781  590.9711  594.89294 598.3346
 473.4875  483.06012 492.45074 501.57635 510.36353 518.9142  526.96594
 534.5632  541.75244 548.5696  555.0408  561.1867  567.0262  572.5765
 577.8528  582.8666  587.6221  592.11    596.2963  600.11206 603.4526
 481.0601  490.45078 499.57635 508.36353 516.91406 525.1605  533.0796
 540.5364  547.587   554.272   560.6184  566.64606 572.37213 577.8124
 582.98096 587.8882  592.5378  596.91986 601.0011  604.71436 607.9589
 488.45078 497.57635 506.36356 514.9141  523.1605  531.0796  538.8179
 546.11414 553.00586 559.5398  565.74475 571.6398  577.24054 582.56134
 587.61487 592.4108  596.952   601.2281  605.20636 608.8213  611.97577
 495.57635 504.36353 512.91406 521.1605  529.0796  536.8179  544.2435
 551.3656  558.084   564.4526  570.5026  576.253   581.7181  586.91064
 591.8424  596.522   600.9514  605.12024 608.9962  612.5156  615.584
 502.36353 510.91412 519.1605  527.0796  534.8179  542.2435  549.3949
 556.33496 562.8711  569.0646  574.94995 580.54626 585.8671  590.9241
 595.72766 600.28564 604.5997  608.65906 612.4321  615.85657 618.8409
 508.91412 517.1605  525.0796  532.8179  540.2435  547.39484 554.33496
 561.0503  567.3994  573.412   579.1261  584.5617  589.7317  594.64685
 599.31683 603.7488  607.9437  611.89105 615.55963 618.8888  621.7895
 515.1605  523.0796  530.8179  538.2435  545.3949  552.335   559.0503
 565.5287  571.68933 577.5179  583.0565  588.32666 593.34106 598.10974
 602.64185 606.9439  611.01666 614.84955 618.4121  621.645   624.462
 521.0796  528.8179  536.2435  543.3949  550.335   557.0503  563.5287
 569.78    575.752   581.39514 586.75586 591.8573  596.71246 601.3313
 605.72235 609.8916  613.8398  617.5564  621.0116  624.1478  626.8808
 526.8179  534.2435  541.3949  548.335   555.0503  561.5287  567.77997
 573.8063  579.59045 585.0475  590.22864 595.159   599.85254 604.31903
 608.5668  612.60156 616.42377 620.0232  623.37054 626.4099  629.05927
 532.2435  539.3949  546.335   553.0503  559.5287  565.78    571.8062
 577.59924 583.197   588.4683  593.469   598.22705 602.7575  607.07043
 611.17395 615.0735  618.76953 622.25183 625.492   628.4355  631.0024
 537.3949  544.335   551.0503  557.5287  563.77997 569.8062  575.5992
 581.197   586.54834 591.63586 596.4573  601.0438  605.41174 609.5718
 613.532   617.29755 620.8688  624.23584 627.3709  630.2208  632.70776
 542.33496 549.0503  555.5287  561.78    567.8063  573.59924 579.197
 584.54834 589.63586 594.5082  599.1559  603.5757  607.7857  611.7971
 615.61816 619.2539  622.7047  625.9607  628.99506 631.7559  634.1671
 547.0503  553.5287  559.77997 565.8062  571.59924 577.1971  582.54834
 587.6358  592.5082  597.1559  601.57574 605.7857  609.8357  613.7088
 617.40027 620.91516 624.2539  627.407   630.3485  633.02765 635.3699
 551.5287  557.77997 563.8063  569.5992  575.197   580.54834 585.6358
 590.5082  595.1559  599.5757  603.7857  607.8357  611.70886 615.40027
 618.91516 622.2539  625.49414 628.5574  631.41797 634.02637 636.30945
 555.77997 561.8063  567.59924 573.197   578.54834 583.6358  588.5082
 593.1559  597.5757  601.7857  605.8357  609.7088  613.40027 616.91516
 620.2539  623.49414 626.55743 629.41797 632.20447 634.7564  636.99243]
POLICY OUT:
[ 0  0  0  0  0  0  0  0 -1 -1 -2 -2 -2 -3 -3 -3 -3 -3 -4 -4 -4  0  0  0
  0  0  0  0  0  0 -1 -1 -1 -2 -2 -2 -2 -2 -3 -3 -3 -3  0  0  0  0  0  0
  0  0  0  0  0 -1 -1 -1 -1 -1 -2 -2 -2 -2 -2  0  0  0  0  0  0  0  0  0
  0  0  0  0  0  0 -1 -1 -1 -1 -1 -2  0  0  0  0  0  0  0  0  0  0  0  0
  0  0  0  0  0  0  0 -1 -1  1  1  1  0  0  0  0  0  0  0  0  0  0  0  0
  0  0  0  0  0  0  2  2  1  1  0  0  0  0  0  0  0  0  0  0  0  0  0  0
  0  0  0  3  2  2  1  1  0  0  0  0  0  0  0  0  0  0  0  0  0  0  0  0
  3  3  2  2  1  1  0  0  0  0  0  0  0  0  0  0  0  0  0  0  0  4  3  3
  2  2  1  0  0  0  0  0  0  0  0  0  0  0  0  0  0  0  4  4  3  3  2  1
  0  0  0  0  0  0  0  0  0  0  0  0  0  0  0  5  4  4  3  2  1  1  0  0
  0  0  0  0  0  0  0  0  0  0  0  0  5  5  4  3  2  2  1  0  0  0  0  0
  0  0  0  0  0  0  0  0  0  6  5  4  3  3  2  1  0  0  0  0  0  0  0  0
  0  0  0  0  0  0  6  5  4  4  3  2  1  0  0  0  0  0  0  0  0  0  0  0
  0  0  0  6  5  5  4  3  2  1  0  0  0  0  0  0  0  0  0  0  0  0  0  0
  6  6  5  4  3  2  1  1  0  0  0  0  0  0  0  0  0  0  0  0  0  7  6  5
  4  3  2  2  1  1  0  0  0  0  0  0  0  0  0  0  0  0  7  6  5  4  3  3
  2  2  1  1  1  1  0  0  0  0  0  0  0  0  0  7  6  5  4  4  3  3  2  2
  2  2  1  1  1  1  1  0  0  0  0  0  7  6  5  5  4  4  3  3  3  3  2  2
  2  2  2  1  1  1  0  0  0]
D_INF OF V VS REF: 0.00024414062
D_INF OF POLICY VS REF: 0
D_INF (AT STOP) MEAN: 6.103515625e-05
MAIN ITERATIONS MEAN: 4.0
EVAL ITERATIONS TOTAL MEAN: 385.0
TIME MEAN: 0.07689642906188965 s, STD: 0.002236159130519919 s, STD_%: 2.9%
SPEEDUP VS REF: 276.79394965382744
============================================================================================================================================================================================================================================================
============================================================================================================================================================================================================================================================
FINAL SUMMARY:
PI CONTRACTION APPROACH 1: jcr_pi_contraction_cpu_numpy (REFERENCE) -> MEAN MAIN ITERS: 4.0, MEAN EVAL ITERS TOTAL: 413.0, MEAN D_INF: 6.103515625e-05, MEAN TIME: 21.284466314315797 s, TIME STD: 0.04804789242561186 s, STD_%: 0.2%, SPEED-UP: 1.00
PI CONTRACTION APPROACH 2: jcr_pi_contraction_cuda_atomicmax -> MEAN MAIN ITERS: 4.0, MEAN EVAL ITERS TOTAL: 400.0, MEAN D_INF: 6.103515625e-05, MEAN TIME: 0.08926918506622314 s, TIME STD: 0.0004630165346231926 s, STD_%: 0.5%, SPEED-UP: 238.43
PI CONTRACTION APPROACH 3: jcr_pi_contraction_cuda_atomicmaxglosten -> MEAN MAIN ITERS: 4.0, MEAN EVAL ITERS TOTAL: 400.0, MEAN D_INF: 6.103515625e-05, MEAN TIME: 0.08885078430175782 s, TIME STD: 0.00013885575827443604 s, STD_%: 0.2%, SPEED-UP: 239.55
PI CONTRACTION APPROACH 4: jcr_pi_contraction_cuda_reducemax -> MEAN MAIN ITERS: 4.0, MEAN EVAL ITERS TOTAL: 400.0, MEAN D_INF: 6.103515625e-05, MEAN TIME: 0.08676612377166748 s, TIME STD: 6.0215419440645335e-05 s, STD_%: 0.1%, SPEED-UP: 245.31
PI CONTRACTION APPROACH 5: jcr_pi_contraction_cuda_gridsync -> MEAN MAIN ITERS: 4.0, MEAN EVAL ITERS TOTAL: 385.0, MEAN D_INF: 6.103515625e-05, MEAN TIME: 0.07689642906188965 s, TIME STD: 0.002236159130519919 s, STD_%: 2.9%, SPEED-UP: 276.79
JACK'S CAR RENTAL DONE. [hash string: 1839826929_65770_325_[1;20;10;10.0;-2.0;[3.0,4.0];[3.0,2.0];True;0.9;1.0e-04;1.0e-07;False;TTTTT], time: 216.56906652450562 s]
