JACK'S CAR RENTAL STARTING...
HASH STRING: 2558383017_94107_692_[1;20;5;10.0;-2.0;[3.0,4.0];[3.0,2.0];True;0.9;1.0e-04;1.0e-07;True;FFFTF]
============================================================================================================================================================================================================================================================
EXPERIMENT INFO:
{
  SEED: 1,
  JCR_MAX_CARS_AT_LOC: 20,
  JCR_MAX_CARS_MOVED: 5,
  JCR_REWARD_CAR_RENTED: 10.0,
  JCR_REWARD_CAR_MOVED: -2.0,
  JCR_REQUEST_POISSON_LAMBDAS_AT_LOC: [3.0, 4.0],
  JCR_RETURN_POISSON_LAMBDAS_AT_LOC: [3.0, 2.0],
  NUMPY_SINGLE_THREAD: True,
  GAMMA: 0.9,
  EPS: 0.0001,
  TOLERANCE_V: 1e-07,
  PLOTS: True,
  jcr_pi_contraction_cpu_numpy: (False, 'jcr_pi_contraction_cpu_numpy', 0, {}),
  jcr_pi_contraction_cuda_atomicmax: (False, 'jcr_pi_contraction_cuda_atomicmax', 0, {}),
  jcr_pi_contraction_cuda_atomicmaxplain: (False, 'jcr_pi_contraction_cuda_atomicmaxplain', 0, {}),
  jcr_pi_contraction_cuda_reducemax: (True, 'jcr_pi_contraction_cuda_reducemax', 1, {'lazy_stop_check': 5, 'tpb': 64}),
  jcr_pi_contraction_cuda_gridsync: (False, 'jcr_pi_contraction_cuda_gridsync', 0, {})
}
============================================================================================================================================================================================================================================================
CPU AND SYSTEM:
{'cpu_name': 'Intel(R) Xeon(R) CPU E3-1505M v5 @ 2.80GHz',
 'os_machine': 'AMD64',
 'os_name': 'Windows 10',
 'os_version': '10.0.19045',
 'ram_size': '63.9 GB'}
GPU:
{'async_engine_count': 5,
 'can_map_host_memory': 1,
 'compute_capability': (5, 2),
 'cores_per_SM': 128,
 'cores_total': 1280,
 'max_block_dim_x': 1024,
 'max_block_dim_y': 1024,
 'max_block_dim_z': 64,
 'max_grid_dim_x': 2147483647,
 'max_grid_dim_y': 65535,
 'max_grid_dim_z': 65535,
 'max_shared_memory_per_block': 49152,
 'max_threads_per_block': 1024,
 'multiprocessor_count': 10,
 'name': 'Quadro M4000M',
 'pci_bus_id': 1,
 'pci_device_id': 0,
 'unified_addressing': 1,
 'warp_size': 32}
============================================================================================================================================================================================================================================================
JCR INFO:
{
  MAX_CARS_AT_LOC: 20,
  MAX_CARS_MOVED: 5,
  REWARD_CAR_RENTED: 10.0,
  REWARD_CAR_MOVED: -2.0,
  REQUEST_POISSON_LAMBDAS_AT_LOC: [3.0, 4.0],
  RETURN_POISSON_LAMBDAS_AT_LOC: [3.0, 2.0]
}
JCR MDP JOINT DISTRIBUTION...
UNPICKLE OBJECTS... [from file: ../mdp_joint_distrs/mdp_joint_distr_jcr_20_5.pkl]
UNPICKLE OBJECTS DONE. [time: 0.12270617485046387 s]
JCR MDP JOINT DISTRIBUTION READY. [shape: (441, 11, 41, 441), entries: 87710931, type: float32, 0.33 GiB copied to device (gpu) in: 0.08174586296081543 s]
============================================================================================================================================================================================================================================================
V FOR INITIAL POLICY ZEROED. [shape: (441,)]
RANDOM INITIAL POLICY [shape: (441,)]:
[ 0 -4  2  2  3  2  4  0  0 -4 -4 -5 -5 -5 -2 -4  1  2  1 -1  1 -3  4 -3
 -1  2 -5  0 -3 -3  5 -1  3  1  1  5  0 -3 -3 -2 -1  4  2 -1  2  4  1 -4
 -3  2 -5  5 -5  1  1 -1  4  4  4  2 -4 -4  1  4  0 -4 -5 -4 -1 -4 -3  3
  0  3 -5 -2  1  5  5  5  4  3  2  2 -2 -2  1 -4  0  3 -4  5  4 -2 -3 -1
  3  0 -4  0 -4  5  2 -1  5 -5 -2  4  4 -3 -5  1 -5 -1  2  4  5 -3  0  2
  2  5  4  2  3  4  1 -5  4  4 -2  2  5 -2  2  1 -1  4  4  0  0  4  3 -2
  3  1  2  3 -5 -2 -3  5  5  1  2  2  5  4  2  4  4  2 -2 -5  5 -2 -5 -2
  3 -3  2 -5  2 -4 -4 -1  4 -2  2 -5 -1  3  4  1 -5  1 -1  0 -1  1 -3  5
 -5 -4  0  3 -1  2  0 -4  3 -4  2 -2 -1 -4  4 -1  2  1  2 -1 -1 -4  4 -5
  2 -3  0 -5  4  5  1  2 -5 -4 -4  3  2 -3  4  3  5 -4 -2 -1  4 -5  0  3
 -4  1  2  4  3 -3  2 -2 -1 -4  2 -3 -1  0  2 -4 -3  1  5  1  0 -5 -4  4
 -3  1  5  1 -3  2 -2  2  2 -5  1  0  0 -3 -4  5  1 -1  1 -4 -5  1  0 -2
 -4  1 -3 -4  0  0 -1 -1  5  2 -5  2  3  4  4  0 -2  2 -5 -5 -5  4 -2 -1
  4 -4  0 -1 -1 -3 -1  0  1  4  1  3 -1  3  4  1 -3 -1  2 -5  0  5  0  1
 -1 -1  0  0  3  0  3 -3  2  0 -4  5 -4  4 -5 -1  3  0  4  2 -5  4  5  3
 -5 -2 -1 -1 -3  2 -5  5  1 -5  1 -2  0 -1  1 -4 -3  5 -1  5 -2  4 -5 -4
  1  5 -5 -2  0  0  2  5 -3  0  1 -4  5 -5  3  2 -2  4 -5 -1  3 -1  3  2
 -3  1  2  4  4 -5 -4  1 -2  3  3 -4  5 -1  3 -2 -3 -2  5  2  1 -2  2 -3
 -2 -2  0  4  1 -2  1 -3  2]
============================================================================================================================================================================================================================================================
PI CONTRACTION APPROACH 4: jcr_pi_contraction_cuda_reducemax...
GPU WARMED UP.
---
REPETITION: 1/1:
JCR PI CONTRACTION CUDA REDUCEMAX... [gamma: 0.9, eps: 0.0001, tolerance_v: 1e-07, lazy_stop_check: 5, tpb: 64]
[bpg: 441 (implied by number of states)]
---
[main iteration 1:]
[policy evaluation iteration 5 [d_inf: 38.97899, time: 0.0 s]]
[policy evaluation iteration 10 [d_inf: 18.624817, time: 0.000997304916381836 s]]
[policy evaluation iteration 15 [d_inf: 10.187317, time: 0.0 s]]
[policy evaluation iteration 20 [d_inf: 5.854431, time: 0.0 s]]
[policy evaluation iteration 25 [d_inf: 3.420929, time: 0.0 s]]
[policy evaluation iteration 30 [d_inf: 2.0118408, time: 0.0 s]]
[policy evaluation iteration 35 [d_inf: 1.1860962, time: 0.0 s]]
[policy evaluation iteration 40 [d_inf: 0.6999512, time: 0.0 s]]
[policy evaluation iteration 45 [d_inf: 0.41326904, time: 0.0 s]]
[policy evaluation iteration 50 [d_inf: 0.24401855, time: 0.0 s]]
[policy evaluation iteration 55 [d_inf: 0.144104, time: 0.0 s]]
[policy evaluation iteration 60 [d_inf: 0.08514404, time: 0.0 s]]
[policy evaluation iteration 65 [d_inf: 0.05029297, time: 0.0 s]]
[policy evaluation iteration 70 [d_inf: 0.029785156, time: 0.0009999275207519531 s]]
[policy evaluation iteration 75 [d_inf: 0.017578125, time: 0.0 s]]
[policy evaluation iteration 80 [d_inf: 0.010375977, time: 0.0 s]]
[policy evaluation iteration 85 [d_inf: 0.006164551, time: 0.0 s]]
[policy evaluation iteration 90 [d_inf: 0.0036621094, time: 0.0 s]]
[policy evaluation iteration 95 [d_inf: 0.0021972656, time: 0.0 s]]
[policy evaluation iteration 100 [d_inf: 0.0013427734, time: 0.0 s]]
[policy evaluation iteration 105 [d_inf: 0.00079345703, time: 0.0 s]]
[policy evaluation iteration 110 [d_inf: 0.00048828125, time: 0.0 s]]
[policy evaluation iteration 115 [d_inf: 0.00036621094, time: 0.0 s]]
[policy evaluation iteration 120 [d_inf: 0.00024414062, time: 0.0 s]]
[policy evaluation iteration 125 [d_inf: 0.00012207031, time: 0.0009894371032714844 s]]
[policy evaluation iteration 130 [d_inf: 0.00012207031, time: 0.0 s]]
[policy evaluation iteration 135 [d_inf: 0.00012207031, time: 0.0 s]]
[policy evaluation iteration 140 [d_inf: 0.00012207031, time: 0.0 s]]
[policy evaluation iteration 145 [d_inf: 6.1035156e-05, time: 0.0 s]]
[policy improvement [policy_stable: False, d_inf: 6.1035156e-05, d_inf <= tolerance_v: False, time: 0.012937545776367188 s]]
---
[main iteration 2:]
[policy evaluation iteration 5 [d_inf: 6.6950073, time: 0.0 s]]
[policy evaluation iteration 10 [d_inf: 3.8828125, time: 0.0 s]]
[policy evaluation iteration 15 [d_inf: 2.265564, time: 0.0 s]]
[policy evaluation iteration 20 [d_inf: 1.310852, time: 0.0 s]]
[policy evaluation iteration 25 [d_inf: 0.7651367, time: 0.0 s]]
[policy evaluation iteration 30 [d_inf: 0.449646, time: 0.0 s]]
[policy evaluation iteration 35 [d_inf: 0.26513672, time: 0.0 s]]
[policy evaluation iteration 40 [d_inf: 0.15649414, time: 0.0 s]]
[policy evaluation iteration 45 [d_inf: 0.09240723, time: 0.0 s]]
[policy evaluation iteration 50 [d_inf: 0.05456543, time: 0.0 s]]
[policy evaluation iteration 55 [d_inf: 0.032226562, time: 0.0 s]]
[policy evaluation iteration 60 [d_inf: 0.019104004, time: 0.0 s]]
[policy evaluation iteration 65 [d_inf: 0.011291504, time: 0.0 s]]
[policy evaluation iteration 70 [d_inf: 0.006713867, time: 0.0 s]]
[policy evaluation iteration 75 [d_inf: 0.0040283203, time: 0.0 s]]
[policy evaluation iteration 80 [d_inf: 0.0024414062, time: 0.0009860992431640625 s]]
[policy evaluation iteration 85 [d_inf: 0.0014648438, time: 0.0 s]]
[policy evaluation iteration 90 [d_inf: 0.0008544922, time: 0.0 s]]
[policy evaluation iteration 95 [d_inf: 0.0005493164, time: 0.0009949207305908203 s]]
[policy evaluation iteration 100 [d_inf: 0.00036621094, time: 0.000995635986328125 s]]
[policy evaluation iteration 105 [d_inf: 0.00024414062, time: 0.0 s]]
[policy evaluation iteration 110 [d_inf: 0.00018310547, time: 0.0 s]]
[policy evaluation iteration 115 [d_inf: 0.00012207031, time: 0.0 s]]
[policy evaluation iteration 120 [d_inf: 0.00012207031, time: 0.0 s]]
[policy evaluation iteration 125 [d_inf: 0.00012207031, time: 0.0 s]]
[policy evaluation iteration 130 [d_inf: 0.00012207031, time: 0.0 s]]
[policy evaluation iteration 135 [d_inf: 0.00012207031, time: 0.0 s]]
[policy evaluation iteration 140 [d_inf: 6.1035156e-05, time: 0.0 s]]
[policy improvement [policy_stable: False, d_inf: 6.1035156e-05, d_inf <= tolerance_v: False, time: 0.011974573135375977 s]]
---
[main iteration 3:]
[policy evaluation iteration 5 [d_inf: 0.2477417, time: 0.0009980201721191406 s]]
[policy evaluation iteration 10 [d_inf: 0.12097168, time: 0.0009737014770507812 s]]
[policy evaluation iteration 15 [d_inf: 0.049926758, time: 0.0 s]]
[policy evaluation iteration 20 [d_inf: 0.01940918, time: 0.0009722709655761719 s]]
[policy evaluation iteration 25 [d_inf: 0.008911133, time: 0.000997781753540039 s]]
[policy evaluation iteration 30 [d_inf: 0.004699707, time: 0.0 s]]
[policy evaluation iteration 35 [d_inf: 0.0026855469, time: 0.0 s]]
[policy evaluation iteration 40 [d_inf: 0.0015869141, time: 0.0 s]]
[policy evaluation iteration 45 [d_inf: 0.0009765625, time: 0.0 s]]
[policy evaluation iteration 50 [d_inf: 0.00061035156, time: 0.0 s]]
[policy evaluation iteration 55 [d_inf: 0.00036621094, time: 0.0 s]]
[policy evaluation iteration 60 [d_inf: 0.00024414062, time: 0.0009894371032714844 s]]
[policy evaluation iteration 65 [d_inf: 0.00018310547, time: 0.0 s]]
[policy evaluation iteration 70 [d_inf: 0.00012207031, time: 0.0 s]]
[policy evaluation iteration 75 [d_inf: 0.00012207031, time: 0.0 s]]
[policy evaluation iteration 80 [d_inf: 0.00012207031, time: 0.0 s]]
[policy evaluation iteration 85 [d_inf: 6.1035156e-05, time: 0.0 s]]
[policy improvement [policy_stable: False, d_inf: 6.1035156e-05, d_inf <= tolerance_v: False, time: 0.011973857879638672 s]]
---
[main iteration 4:]
[policy evaluation iteration 5 [d_inf: 0.002746582, time: 0.0 s]]
[policy evaluation iteration 10 [d_inf: 0.0006713867, time: 0.0 s]]
[policy evaluation iteration 15 [d_inf: 0.00024414062, time: 0.0 s]]
[policy evaluation iteration 20 [d_inf: 0.00012207031, time: 0.0 s]]
[policy evaluation iteration 25 [d_inf: 0.00012207031, time: 0.0 s]]
[policy evaluation iteration 30 [d_inf: 0.00012207031, time: 0.0 s]]
[policy evaluation iteration 35 [d_inf: 0.00012207031, time: 0.0009970664978027344 s]]
[policy evaluation iteration 40 [d_inf: 6.1035156e-05, time: 0.0 s]]
[policy improvement [policy_stable: True, d_inf: 6.1035156e-05, d_inf <= tolerance_v: False, time: 0.011003494262695312 s]]
JCR PI CONTRACTION CUDA REDUCEMAX DONE. [d_inf: 6.1035156e-05, main iterations: 4, evaluation iterations total: 410, time: 54.22663903236389 s]
***
SUMMARY:
V OUT:
[421.41394 431.3861  441.24182 450.84717 460.07993 468.87207 477.21045
 485.1142  492.97754 500.47333 507.88544 514.99115 521.7485  528.3488
 534.74304 540.8336  546.6405  552.1804  557.60565 562.8135  567.7683
 431.28766 441.25983 451.1152  460.71967 469.95096 478.74097 487.0767
 494.97754 502.47333 509.88544 516.99115 523.7485  530.3488  536.74304
 542.8336  548.6405  554.1804  559.6056  564.8135  569.7683  574.46124
 440.7612  450.73303 460.5869  470.1875  479.41187 488.1921  496.5161
 504.40375 511.88544 518.99115 525.74854 532.3488  538.74304 544.8336
 550.6405  556.1804  561.6056  566.8135  571.7683  576.46124 580.8573
 449.5844  459.55545 469.40543 478.99622 488.20322 496.9591  505.25385
 513.1096  520.55786 527.62866 534.3489  540.74304 546.8336  552.6405
 558.1804  563.6056  568.8135  573.7683  578.4612  582.8573  586.97046
 457.67487 467.64453 477.48737 487.05997 496.23474 504.94574 513.18713
 520.9856  528.3752  535.3867  542.0465  548.3779  554.40234 560.1394
 565.6056  570.81354 575.7684  580.4612  584.8573  588.97046 592.89233
 465.6445  475.48737 485.05997 494.4506  503.57617 512.2186  520.37897
 528.0912  535.3944  542.3211  548.89734 555.14514 561.0848  566.7347
 572.11115 577.2261  582.0846  586.6774  590.9705  594.89233 598.334
 473.48737 483.05994 492.4506  501.57617 510.36328 518.9138  526.9656
 534.5628  541.7521  548.56915 555.04016 561.18616 567.0256  572.5758
 577.8521  582.86584 587.6214  592.1092  596.29553 600.1113  603.4518
 481.05994 490.4506  499.57617 508.36328 516.9138  525.16016 533.0792
 540.5359  547.5864  554.2713  560.6177  566.6453  572.3714  577.8115
 582.98004 587.8873  592.53687 596.91895 601.00024 604.71344 607.958
 488.45056 497.57617 506.36328 514.9138  523.16016 531.0792  538.8172
 546.1134  553.00507 559.53894 565.7438  571.6388  577.23944 582.56024
 587.6138  592.40967 596.95087 601.2269  605.20526 608.82025 611.9747
 495.57617 504.36328 512.9138  521.16016 529.07916 536.81726 544.24255
 551.36456 558.0829  564.4514  570.50134 576.25165 581.7167  586.90924
 591.84106 596.5205  600.94995 605.1189  608.99493 612.5142  615.5827
 502.36328 510.91388 519.16016 527.0792  534.8172  542.2425  549.3932
 556.3335  562.8695  569.063   574.9482  580.54456 585.8653  590.92224
 595.7258  600.28394 604.59796 608.6574  612.43054 615.855   618.83936
 508.91388 517.16016 525.0792  532.8172  540.24255 547.3932  554.3335
 561.0479  567.3972  573.4097  579.1237  584.5593  589.7294  594.64453
 599.3146  603.7466  607.94165 611.88904 615.55774 618.88696 621.7877
 515.1601  523.0792  530.8172  538.24255 545.39325 552.3335  559.0479
 565.52515 571.68616 577.51483 583.05347 588.32367 593.33813 598.107
 602.6392  606.9414  611.0142  614.8472  618.40985 621.64294 624.46
 521.0492  528.8172  536.24255 543.3932  550.33344 557.048   563.52515
 569.7747  575.7476  581.3911  586.752   591.8535  596.70886 601.328
 605.71924 609.8887  613.83704 617.55383 621.00916 624.14545 626.8786
 526.63715 534.24255 541.3932  548.33344 555.0479  561.52515 567.7748
 573.7988  579.5846  585.0424  590.2239  595.15466 599.8484  604.3152
 608.56323 612.59827 616.42065 620.02026 623.3678  626.40735 629.0568
 531.9564  539.39325 546.3335  553.048   559.52515 565.7748  571.79877
 577.5891  583.1895  588.4621  593.4635  598.22205 602.75287 607.06616
 611.1699  615.0698  618.7661  622.24866 625.4891  628.4327  630.99976
 537.0257  544.2925  551.0479  557.52515 563.7748  569.79877 575.5891
 581.1895  586.5391  591.6286  596.4512  601.0383  605.40674 609.5672
 613.5277  617.2936  620.8652  624.2324  627.3678  630.2179  632.7049
 541.8562  548.95435 555.52515 561.7747  567.7988  573.5891  579.1895
 584.53906 589.62854 594.5     599.14923 603.5699  607.7804  611.79236
 615.6138  619.2499  622.7009  625.9572  628.9918  631.75287 634.1642
 546.45447 553.3867  559.7748  565.7988  571.5891  577.1896  582.53906
 587.62854 592.5     597.14923 601.5699  605.7804  609.8304  613.704
 617.3959  620.91113 624.2501  627.4035  630.3452  633.02454 635.3669
 550.8213  557.5912  563.7988  569.5891  575.1896  580.5391  585.62854
 590.5     595.14923 599.5699  603.78046 607.83044 611.704   615.3959
 618.91113 622.25006 625.49036 628.55383 631.4147  634.02325 636.3064
 554.9475  561.55896 567.5891  573.1896  578.53906 583.6286  588.5
 593.1492  597.5699  601.78046 605.8304  609.704   613.3959  616.91113
 620.2501  623.49036 626.55383 629.4147  632.2011  634.7533  636.9894 ]
POLICY OUT:
[ 0  0  0  0  0  0  0  0 -1 -1 -2 -2 -2 -3 -3 -3 -3 -3 -4 -4 -4  0  0  0
  0  0  0  0  0  0 -1 -1 -1 -2 -2 -2 -2 -2 -3 -3 -3 -3  0  0  0  0  0  0
  0  0  0  0  0 -1 -1 -1 -1 -1 -2 -2 -2 -2 -2  0  0  0  0  0  0  0  0  0
  0  0  0  0  0  0 -1 -1 -1 -1 -1 -2  0  0  0  0  0  0  0  0  0  0  0  0
  0  0  0  0  0  0  0 -1 -1  1  1  1  0  0  0  0  0  0  0  0  0  0  0  0
  0  0  0  0  0  0  2  2  1  1  0  0  0  0  0  0  0  0  0  0  0  0  0  0
  0  0  0  3  2  2  1  1  0  0  0  0  0  0  0  0  0  0  0  0  0  0  0  0
  3  3  2  2  1  1  0  0  0  0  0  0  0  0  0  0  0  0  0  0  0  4  3  3
  2  2  1  0  0  0  0  0  0  0  0  0  0  0  0  0  0  0  4  4  3  3  2  1
  0  0  0  0  0  0  0  0  0  0  0  0  0  0  0  5  4  4  3  2  1  1  0  0
  0  0  0  0  0  0  0  0  0  0  0  0  5  5  4  3  2  2  1  0  0  0  0  0
  0  0  0  0  0  0  0  0  0  5  5  4  3  3  2  1  0  0  0  0  0  0  0  0
  0  0  0  0  0  0  5  5  4  4  3  2  1  0  0  0  0  0  0  0  0  0  0  0
  0  0  0  5  5  5  4  3  2  1  0  0  0  0  0  0  0  0  0  0  0  0  0  0
  5  5  5  4  3  2  1  1  0  0  0  0  0  0  0  0  0  0  0  0  0  5  5  5
  4  3  2  2  1  1  0  0  0  0  0  0  0  0  0  0  0  0  5  5  5  4  3  3
  2  2  1  1  1  1  0  0  0  0  0  0  0  0  0  5  5  5  4  4  3  3  2  2
  2  2  1  1  1  1  1  0  0  0  0  0  5  5  5  5  4  4  3  3  3  3  2  2
  2  2  2  1  1  1  0  0  0]
D_INF OF V VS REF: 0.0
D_INF OF POLICY VS REF: 0
D_INF (AT STOP) MEAN: 6.103515625e-05
MAIN ITERATIONS MEAN: 4.0
EVAL ITERATIONS TOTAL MEAN: 410.0
TIME MEAN: 54.22663903236389 s, STD: 0.0 s, STD_%: 0.0%
SPEEDUP VS REF: 1.0
============================================================================================================================================================================================================================================================
============================================================================================================================================================================================================================================================
FINAL SUMMARY:
PI CONTRACTION APPROACH 1: jcr_pi_contraction_cpu_numpy OFF.
PI CONTRACTION APPROACH 2: jcr_pi_contraction_cuda_atomicmax OFF.
PI CONTRACTION APPROACH 3: jcr_pi_contraction_cuda_atomicmaxplain OFF.
PI CONTRACTION APPROACH 4: jcr_pi_contraction_cuda_reducemax (REFERENCE) -> MEAN MAIN ITERS: 4.0, MEAN EVAL ITERS TOTAL: 410.0, MEAN D_INF: 6.103515625e-05, MEAN TIME: 54.22663903236389 s, TIME STD: 0.0 s, STD_%: 0.0%, SPEED-UP: 1.00
PI CONTRACTION APPROACH 5: jcr_pi_contraction_cuda_gridsync OFF.
JACK'S CAR RENTAL DONE. [hash string: 2558383017_94107_692_[1;20;5;10.0;-2.0;[3.0,4.0];[3.0,2.0];True;0.9;1.0e-04;1.0e-07;True;FFFTF], time: 58.55496597290039 s]
