JACK'S CAR RENTAL STARTING...
HASH STRING: 2586093981_31230_565_[1;30;10;10.0;-2.0;[3.0,4.0];[3.0,2.0];True;0.9;1.0e-04;1.0e-07;False;FFFFFT]
============================================================================================================================================================================================================================================================
EXPERIMENT INFO:
{
  SEED: 1,
  JCR_MAX_CARS_AT_LOC: 30,
  JCR_MAX_CARS_MOVED: 10,
  JCR_REWARD_CAR_RENTED: 10.0,
  JCR_REWARD_CAR_MOVED: -2.0,
  JCR_REQUEST_POISSON_LAMBDAS_AT_LOC: [3.0, 4.0],
  JCR_RETURN_POISSON_LAMBDAS_AT_LOC: [3.0, 2.0],
  NUMPY_SINGLE_THREAD: True,
  GAMMA: 0.9,
  EPS: 0.0001,
  TOLERANCE_V: 1e-07,
  PLOTS: False,
  jcr_pi_contraction_cpu_numpy: (False, 'jcr_pi_contraction_cpu_numpy', 0, {}),
  jcr_pi_contraction_cpu_numba_parallel: (False, 'jcr_pi_contraction_cpu_numba_parallel', 0, {}),
  jcr_pi_contraction_cuda_atomicmax: (False, 'jcr_pi_contraction_cuda_atomicmax', 0, {}),
  jcr_pi_contraction_cuda_atomicmaxplain: (False, 'jcr_pi_contraction_cuda_atomicmaxplain', 0, {}),
  jcr_pi_contraction_cuda_reducemax: (False, 'jcr_pi_contraction_cuda_reducemax', 0, {}),
  jcr_pi_contraction_cuda_gridsync: (True, 'jcr_pi_contraction_cuda_gridsync', 1, {'tpb': 64})
}
============================================================================================================================================================================================================================================================
CPU AND SYSTEM:
{'cpu_name': 'Intel(R) Core(TM) i7-10700 CPU @ 2.90GHz',
 'os_machine': 'x86_64',
 'os_name': 'Linux 6.8.0-106-generic',
 'os_version': '#106-Ubuntu SMP PREEMPT_DYNAMIC Fri Mar  6 07:58:08 UTC 2026',
 'ram_size': '125.7 GB'}
GPU:
{'async_engine_count': 2,
 'can_map_host_memory': 1,
 'compute_capability': ComputeCapability(major=8, minor=6),
 'cores_per_SM': 128,
 'cores_total': 10496,
 'max_block_dim_x': 1024,
 'max_block_dim_y': 1024,
 'max_block_dim_z': 64,
 'max_grid_dim_x': 2147483647,
 'max_grid_dim_y': 65535,
 'max_grid_dim_z': 65535,
 'max_shared_memory_per_block': 49152,
 'max_threads_per_block': 1024,
 'multiprocessor_count': 82,
 'name': 'NVIDIA GeForce RTX 3090',
 'pci_bus_id': 1,
 'pci_device_id': 0,
 'unified_addressing': 1,
 'warp_size': 32}
============================================================================================================================================================================================================================================================
JCR INFO:
{
  MAX_CARS_AT_LOC: 30,
  MAX_CARS_MOVED: 10,
  REWARD_CAR_RENTED: 10.0,
  REWARD_CAR_MOVED: -2.0,
  REQUEST_POISSON_LAMBDAS_AT_LOC: [3.0, 4.0],
  RETURN_POISSON_LAMBDAS_AT_LOC: [3.0, 2.0]
}
JCR MDP JOINT DISTRIBUTION...
UNPICKLE OBJECTS... [from file: ../mdp_joint_distrs/mdp_joint_distr_jcr_30_10.pkl]
UNPICKLE OBJECTS DONE. [time: 1.2685394287109375 s]
JCR MDP JOINT DISTRIBUTION READY. [shape: (961, 21, 61, 961), entries: 1183030401, type: float32, 4.41 GiB copied to device (gpu) in: 0.38626599311828613 s]
============================================================================================================================================================================================================================================================
V FOR INITIAL POLICY ZEROED. [shape: (961,)]
RANDOM INITIAL POLICY [shape: (961,)]:
[ -5  -9   1  -3   2  -3  -2  -3  -1   2   1  -5  -5  -9   5   7 -10   6
   6  -7  -9  -4   2   4  -3   4   3  10  -4   8   8   5  10  -3   6  -5
   8   8   0  10  -2   1  -4   0   2  -5  -8   4   5   8  -7  -6  10   1
  -1  -4   7  -8   6   0 -10  -6   3  -1  -1  -1  -3  -9  -9  -5  -9 -10
   7  -6   7  -8  -2  -5 -10   3   9  -4   5   0   0   3  -2  -3   3  -3
   9  -7   3  -4   7   7   0  -7   8  -6  -5   7  -5   1  -9   2  -3  10
   0   6   3   4   9  -1  -1   8 -10   5  -4 -10  -6  -3   0   5   1  -8
   4  -3   3  -3  -2  -1 -10  -1  -7  -3   0  -7   1  -6  -1  -5  -2   9
  -2  -4  -2   3 -10   9  -8   0  -4   5   5  -1  -3   1   9   6   0   5
   4  -7 -10  -7   8   6  -9   5   7  -6   3  -7  -3 -10  -6  -1   3   6
  -4  10   4  10  -4   5  -8   2   6  -9  -2   1  10  -3  -5   3   7  -2
   7   1   4   2  -3   1  -7  10   7  -1  -6   4  -3  -3  10   3  -6   7
   6  -3   3   8 -10  -1   3   0 -10   7   7  -2  -3   8   0   7  -7  10
 -10  -5   2  -9  -1   8   9  -6  -9  -3  -8  -6   2  -3   7  -8  -4   0
   3 -10   7  -1   8  -4   3  -8   4  -3  -7  -3  -3   6  -5   5  -5   8
   7   0  -4  10  -9   6   3   4  -5   3   3  -7   7   8  -9  10  10   0
  -3 -10   2   5  -1  -7  -3   6 -10   6   9  10   7  -5   4   3  -6  10
  -8  10   1  -5  -4   3  -4   5  -6   1  -1  -4  -8  10  -3   6  -5  -6
  10  -5  -2  -8   3  -3  -5   7   0   7  -1   5   6   3  10  -2  -5   4
   3   5   6  -1   4   0   3   6  -7  10  10   5  -8   4   4 -10   0  -4
 -10   1  -7   3  -6  -4  -9  -8   0  10   0   9  -1   6   7 -10  -7  -5
  -5   0   8   4  -5  -9   0   6  -2   1   3  -3  -7 -10  -6  -2   4  10
  -2   3  -3   8  -4   5  -1  -1 -10  -9   2   9   2   7   0  10   2   5
   5   5   1   5   4   9   8   9   1  -3   1   5   9  -3  -8  -7   9   3
   5  -1   4   5  -4   9  -8  -3  -6   6  -6 -10  10   9  -7  -7   9  -6
  -5  -9   5  -4   2   5  -2  -3  -9  -5   5   7 -10   3 -10   0  -5   0
  -8   0  -8  -8   6   7  -6   0 -10  10   4  10   4   8   7   5  -3   7
  -7   7  -5  -4  -1   0  -8   3   3  -4   3  10  -4  -4   6  -2   6  -9
   8  -6  -4   2  -6  -1   2  -6 -10   9   6   6   9   8  -1 -10   6   6
  -3   9   9   5  -8   0   3  -6   8   3   4  -4   4  -7  -7   8  -7   6
  -8   4  -5   5   8  -3  -1   4   3 -10   5  -5   2  10  -5  -5   8  -1
   4  10   2   1  -5   5   5   2   8   2   3  10   2   1  -3  -2  -5  -3
   1  10   2  10   8   9  -4  -9  -8   6  -6   4  -5  -8  -9   3   1  -5
  -1  -8  10  -1  -1   1  -9   2   8 -10   4   0 -10  -4  10   8  -3   8
 -10 -10  -8  -3  10  -7  -4   8   2  -3  -4  -4   7   9   5  -6   6  -6
  -9  -4   3  -6  -2   2  -8   4  -2  -5   0   0   5  -8   9  -1  -1  10
   0   4   3  10   2   8   4   0   8   1   2  -1   6  -6   7   6   6 -10
   9  -1   0   5  10  -7   2  -1  -9   7  -3  -8  10  -1   4  -6   4   3
  -8   4   5   6  -9 -10  -2  -1  -8  -8  -7   3   1  -1   5  -6  -9  -6
  -9  -2   8  -9   3  -4   9   9  -1   4   4  -2   7  -3  -8   6  -4  -5
   2  -8  -8   7   4   0   1   4  -3   0 -10  -2  10  -6   6   1  -5   1
  -1  -6   3  -3  -2   0   1   5  -4  -5 -10  -1   4   8  -6   4  -3   1
   9  -7  -8  -2 -10  -9   4   2   7  -4 -10   2  -9  -9  -4  -6  -7   8
   4  -7   5  -5  10  -4   8   8 -10   8  -1   4  -3   6   6  -7  -3   1
  -3  -8   4  -2  -2  -2   6  -8   1 -10   0  -3   2   7  10  -5  -9  -6
   0  -7  -1   1  -5   4   7  -5   6  -3   0   9   7  10   8   8   4  -7
  -4   7   9   0  -6  -2   8   6  -6  -2   9   2   2  -4   3   9   6  -3
  -6   8   8  -2  -6   7  -7   2  -8   5   2 -10  -5 -10   4   5 -10  -6
   4   7   0  -6   2   8  -3 -10  -5   7   6  -6   0 -10   1  10   2  -1
  -1   1  -7   2   7  -1   5   4   9   3  -6  -9  -6  -8  -3  -3  -7  -4
  -8  -6  -8   5   0  -3   4  -3   8   0  -4  -3  -4   6   4   7  -5  -7
   9  -4   5  -2   4  -2  -5   8  -5   0  -3   4   8  -5   5  -1   4  -9
  -5   9  -3   3   3   1   4  -8  -1  -8  -7   6  -7   5  -7   9  -9   5
  -7   2   6  -5  -7 -10   4]
============================================================================================================================================================================================================================================================
PI CONTRACTION APPROACH 6: jcr_pi_contraction_cuda_gridsync...
GPU WARMED UP.
---
REPETITION: 1/1:
JCR PI CONTRACTION CUDA GRIDSYNC... [gamma: 0.9, eps: 0.0001, tolerance_v: 1e-07, tpb: 64, assumed max_bpg_gridsync: None]
[discovered max_bpg_gridsync: 656; time: 0.00017762184143066406 s]
[kernel eval -> bpg: 656 (max_bpg_gridsync or number of states if smaller), tpb: 64, spb: 2]
[kernel improve -> bpg: 961 (implied by number of states), tpb: 64]
JCR PI CONTRACTION CUDA GRIDSYNC DONE. [d_inf: 6.1035156e-05, main iterations: 4, evaluation iterations total: 406, time: 0.6251964569091797 s]
***
SUMMARY:
V OUT:
[421.41693 431.38916 441.24487 450.85022 460.08313 468.87543 477.21408
 485.1183  492.98163 500.47806 507.89035 514.997   521.7556  528.35693
 534.7533  540.8469  546.65857 552.20667 557.63745 562.8631  567.85376
 572.6231  577.18274 581.54266 585.71185 589.69867 593.5541  597.273
 600.8275  604.225   607.4704  431.29068 441.26285 451.11823 460.72275
 469.95416 478.74432 487.08035 494.98163 502.47806 509.89032 516.997
 523.7556  530.35693 536.7532  542.8469  548.65857 554.2066  559.63745
 564.86304 569.85376 574.62305 579.1827  583.54266 587.71185 591.6986
 595.5541  599.2731  602.8275  606.225   609.47034 612.56433 440.7643
 450.73615 460.58997 470.1906  479.4151  488.19556 496.51984 504.40802
 511.89032 518.997   525.7556  532.3569  538.7533  544.8469  550.65857
 556.20667 561.63745 566.86304 571.85376 576.62305 581.18274 585.54266
 589.71185 593.69867 597.5541  601.273   604.8275  608.225   611.47034
 614.5643  617.49854 449.58755 459.5586  469.40863 478.9995  488.2066
 496.96277 505.25793 513.11426 520.56323 527.63513 534.35693 540.7533
 546.8469  552.65857 558.20667 563.63745 568.86304 573.85376 578.62305
 583.18274 587.54266 591.71185 595.6986  599.5541  603.273   606.8275
 610.225   613.47034 616.5643  619.49854 622.24915 457.67822 467.6479
 477.49078 487.06345 496.23843 504.94977 513.1918  520.99084 528.3816
 535.39453 542.05634 548.39044 554.41876 560.1616  565.63745 570.86304
 575.85376 580.62305 585.18274 589.54266 593.71185 597.6987  601.5541
 605.2731  608.8275  612.225   615.4704  618.56433 621.49854 624.24915
 626.76843 465.64786 475.49075 485.06345 494.45447 503.5803  512.22327
 520.3844  528.0977  535.40247 542.3312  548.91016 555.16156 561.10614
 566.7633  572.1513  577.28687 582.1854  586.8607  591.3251  595.589
 599.66235 603.5541  607.2731  610.8275  614.225   617.47034 620.56433
 623.4986  626.24915 628.76843 631.0818  473.49078 483.06345 492.45447
 501.58032 510.3682  518.9195  526.97235 534.5713  541.7627  548.58276
 555.0576  561.2085  567.0545  572.6139  577.9043  582.9418  587.74164
 592.31775 596.6823  600.8466  604.82086 608.6145  612.2366  615.69543
 618.9984  622.15    625.1509  627.99243 630.6515  633.08185 635.2147
 481.06342 490.45447 499.58032 508.3682  516.9195  525.1673  533.0881
 540.54724 547.6011  554.2903  560.6421  566.67664 572.41144 577.8634
 583.04895 587.98364 592.6819  597.15735 601.42236 605.48804 609.365
 613.06274 616.59045 619.9565  623.1676  626.2285  629.1394  631.8922
 634.464   636.8103  638.86536 488.45447 497.5803  506.3682  514.9195
 523.1673  531.0881  538.82935 546.1293  553.0259  559.56604 565.7788
 571.6834  577.296   582.63196 587.7064  592.53394 597.1284  601.5027
 605.66876 609.6378  613.42017 617.02545 620.4627  623.74    626.864
 629.83923 632.66583 635.3359  637.8271  640.0967  642.0814  495.58032
 504.3682  512.9195  521.1673  529.0881  536.8294  544.25964 551.3872
 558.113   564.49084 570.5521  576.31604 581.79736 587.0098  591.9675
 596.6838  601.1717  605.44354 609.51086 613.38434 617.0741  620.5896
 623.93945 627.1317  630.1727  633.067   635.8146  638.4077  640.8248
 643.02454 644.94617 502.3682  510.9195  519.1673  527.08813 534.82935
 542.25964 549.4181  556.3667  562.9138  569.121   575.0227  580.63824
 585.98145 591.0646  595.9006  600.5019  604.88074 609.0486  613.01636
 616.79456 620.39264 623.8198  627.0845  630.19434 633.15564 635.97253
 638.64514 641.166   643.5141  645.6494  647.51337 508.9195  517.1673
 525.0881  532.8294  540.2597  547.4181  554.3667  561.0973  567.46295
 573.49585 579.23364 584.69653 589.89716 594.84717 599.5581  604.0416
 608.3092  612.3716  616.23914 619.92163 623.42847 626.7682  629.94904
 632.97815 635.86194 638.604   641.2047  643.6567  645.9396  648.0144
 649.82477 515.1673  523.0881  530.82935 538.25964 545.41815 552.3667
 559.0973  565.59973 571.7849  577.6432  583.2162  588.52466 593.58105
 598.396   602.9801  607.34436 611.49927 615.4552  619.2219  622.8087
 626.22437 629.47723 632.5751  635.52484 638.3325  641.0017  643.5327
 645.9182  648.13855 650.156   651.9155  521.0881  528.82935 536.25964
 543.4181  550.3667  557.0973  563.5997  569.8888  575.897   581.5834
 586.99316 592.1481  597.0605  601.74023 606.19727 610.44183 614.4839
 618.3331  621.9989  625.49    628.8148  631.98145 634.997   637.8684
 640.6012  643.1991  645.66205 647.98303 650.1428  652.10486 653.8158
 526.82935 534.2597  541.4181  548.36664 555.0973  561.5997  567.88873
 573.9765  579.81287 585.3316  590.5814  595.5855  600.35583 604.90186
 609.2329  613.3585  617.2882  621.0315  624.5968  627.9928  631.2274
 634.30835 637.24255 640.0366  642.6957  645.2234  647.61975 649.8777
 651.97864 653.88696 655.551   532.25964 539.41815 546.36664 553.0973
 559.5997  565.8888  571.97644 577.87305 583.5435  588.8999  593.9945
 598.85144 603.4829  607.8977  612.10474 616.11316 619.9321  623.5703
 627.0364  630.33826 633.48364 636.47986 639.33374 642.0514  644.63794
 647.0968  649.4277  651.624   653.66754 655.5237  657.14197 537.41815
 544.3667  551.0973  557.5997  563.8888  569.9765  575.87305 581.5874
 587.0984  592.2984  597.24304 601.9574  606.45386 610.7407  614.82654
 618.7201  622.4302  625.96533 629.3335  632.5427  635.6002  638.51306
 641.2877  643.9302  646.44543 648.8365  651.1034  653.2394  655.2268
 657.032   658.6059  542.3667  549.0973  555.59973 561.8888  567.9765
 573.87305 579.5874  585.12805 590.4861  595.5359  600.336   604.9127
 609.2783  613.44104 617.40894 621.1904  624.79407 628.22815 631.5005
 634.6187  637.58984 640.4208  643.1176  645.6863  648.1315  650.4563
 652.66034 654.7374  656.67017 658.42566 659.9563  547.0973  553.5997
 559.8888  565.97656 571.87305 577.5874  583.12805 588.5029  593.7145
 598.6201  603.28125 607.7252  611.96436 616.0066  619.85986 623.5322
 627.0321  630.36755 633.54614 636.5753  639.4619  642.2125  644.83325
 647.3297  649.7063  651.9662  654.1091  656.12866 658.00793 659.71515
 661.20374 551.5997  557.8888  563.97656 569.87305 575.5874  581.12805
 586.5029  591.7195  596.79065 601.5579  606.0852  610.4011  614.51794
 618.4435  622.1854  625.7516  629.1504  632.38965 635.4767  638.4189
 641.2229  643.89514 646.4414  648.8673  651.17725 653.3739  655.45703
 657.42065 659.24817 660.90845 662.3563  555.8888  561.97656 567.87305
 573.5874  579.12805 584.5029  589.7195  594.79065 599.7212  604.3552
 608.75354 612.94543 616.9436  620.75574 624.3894  627.8523  631.1526
 634.2981  637.29596 640.1533  642.87683 645.47253 647.94653 650.30383
 652.5487  654.684   656.70935 658.6188  660.3961  662.0111  663.4196
 559.9765  565.87305 571.5874  577.12805 582.5029  587.7195  592.79065
 597.7212  602.5116  607.01685 611.29    615.3614  619.244   622.9458
 626.4738  629.83606 633.0403  636.0943  639.0053  641.78015 644.42535
 646.94696 649.3506  651.64136 653.8235  655.8994  657.86896 659.7262
 661.4553  663.0268  664.3976  563.87305 569.5874  575.12805 580.5029
 585.7195  590.79065 595.7212  600.5115  605.16565 609.5457  613.69666
 617.65027 621.42    625.01355 628.43835 631.7021  634.8126  637.77747
 640.604   643.2986  645.8679  648.31775 650.65356 652.88025 655.0019
 657.02094 658.937   660.7444  662.4274  663.9574  665.29224 567.5874
 573.12805 578.5029  583.7195  588.79065 593.7212  598.51154 603.16565
 607.6853  611.9426  615.9734  619.8109  623.4692  626.9564  630.2799
 633.44727 636.4663  639.3445  642.08875 644.7059  647.2019  649.58264
 651.85333 654.0188  656.08276 658.04767 659.9131  661.6731  663.3127
 664.80347 666.10443 571.12805 576.5029  581.7195  586.79065 591.7212
 596.51154 601.1656  605.6853  610.0691  614.20483 618.11633 621.8385
 625.3865  628.7686  631.9924  635.0653  637.9951  640.78906 643.4541
 645.9966  648.4225  650.73737 652.9463  655.0537  657.06335 658.9773
 660.7951  662.5109  664.1099  665.5643  666.8337  574.5029  579.7195
 584.79065 589.7212  594.51154 599.1656  603.6853  608.06915 612.3097
 616.3244  620.1168  623.7239  627.1621  630.4403  633.566   636.5467
 639.3899  642.1028  644.69183 647.1633  649.52295 651.77576 653.9269
 655.9802  657.9394  659.8063  661.5802  663.2554  664.81714 666.23816
 667.4789  577.7195  582.79065 587.7212  592.51154 597.16565 601.6853
 606.0691  610.30963 614.3902  618.2848  621.9586  625.4514  628.7809
 631.9567  634.9867  637.8782  640.6383  643.2739  645.7914  648.19653
 650.4945  652.69025 654.7882  656.79236 658.7057  660.53    662.26447
 663.9032  665.43164 666.82275 668.03784 580.79065 585.7212  590.51154
 595.16565 599.6853  604.0691  608.30963 612.39014 616.2848  620.05804
 623.61615 626.99725 630.22107 633.29803 636.2362  639.04285 641.725
 644.28894 646.7406  649.0852  651.32764 653.4723  655.5231  657.48364
 659.3566  661.14374 662.84375 664.4507  665.9502  667.3156  668.5085
 583.7212  588.51154 593.1656  597.6853  602.06915 606.30963 610.3902
 614.2848  618.0581  621.6161  625.05383 628.3303  631.45514 634.4401
 637.29346 640.0226  642.6339  645.13367 647.5271  649.8189  652.0133
 654.114   656.1247  658.0484  659.8875  661.6434  663.3147  664.8952
 666.3707  667.7147  668.8893  586.51154 591.1656  595.68536 600.0691
 604.30963 608.3902  612.2848  616.0581  619.61615 623.05383 626.3302
 629.45514 632.4562  635.36053 638.14014 640.8022  643.3531  645.7985
 648.1433  650.39154 652.54675 654.61206 656.5906  658.48486 660.2971
 662.0283  663.6769  665.23676 666.6935  668.02075 669.181   589.16565
 593.6853  598.0691  602.3097  606.39014 610.2848  614.0581  617.61615
 621.05383 624.3302  627.45514 630.4561  633.3606  636.14014 638.8021
 641.3784  643.88153 646.28455 648.5918  650.80676 652.9324  654.97125
 656.92584 658.7985  660.59106 662.3042  663.9363  665.4811  666.9242
 668.2393  669.3892 ]
POLICY OUT:
[ 0  0  0  0  0  0  0  0 -1 -1 -2 -2 -2 -3 -3 -3 -3 -3 -4 -4 -4 -4 -4 -4
 -4 -4 -5 -5 -5 -5 -5  0  0  0  0  0  0  0  0  0 -1 -1 -1 -2 -2 -2 -2 -2
 -3 -3 -3 -3 -3 -3 -3 -3 -4 -4 -4 -4 -4 -4  0  0  0  0  0  0  0  0  0  0
  0 -1 -1 -1 -1 -1 -2 -2 -2 -2 -2 -2 -2 -2 -3 -3 -3 -3 -3 -3 -3  0  0  0
  0  0  0  0  0  0  0  0  0  0  0  0 -1 -1 -1 -1 -1 -1 -1 -1 -2 -2 -2 -2
 -2 -2 -2 -2  0  0  0  0  0  0  0  0  0  0  0  0  0  0  0  0  0  0  0  0
  0  0 -1 -1 -1 -1 -1 -1 -1 -1 -1  1  1  1  0  0  0  0  0  0  0  0  0  0
  0  0  0  0  0  0  0  0  0  0  0  0  0  0  0  0  0 -1  2  2  1  1  0  0
  0  0  0  0  0  0  0  0  0  0  0  0  0  0  0  0  0  0  0  0  0  0  0  0
  0  3  2  2  1  1  0  0  0  0  0  0  0  0  0  0  0  0  0  0  0  0  0  0
  0  0  0  0  0  0  0  0  3  3  2  2  1  1  0  0  0  0  0  0  0  0  0  0
  0  0  0  0  0  0  0  0  0  0  0  0  0  0  0  4  3  3  2  2  1  0  0  0
  0  0  0  0  0  0  0  0  0  0  0  0  0  0  0  0  0  0  0  0  0  0  4  4
  3  3  2  1  0  0  0  0  0  0  0  0  0  0  0  0  0  0  0  0  0  0  0  0
  0  0  0  0  0  5  4  4  3  2  1  1  0  0  0  0  0  0  0  0  0  0  0  0
  0  0  0  0  0  0  0  0  0  0  0  0  5  5  4  3  2  2  1  0  0  0  0  0
  0  0  0  0  0  0  0  0  0  0  0  0  0  0  0  0  0  0  0  6  5  4  3  3
  2  1  0  0  0  0  0  0  0  0  0  0  0  0  0  0  0  0  0  0  0  0  0  0
  0  0  6  5  4  4  3  2  1  0  0  0  0  0  0  0  0  0  0  0  0  0  0  0
  0  0  0  0  0  0  0  0  0  6  5  5  4  3  2  1  0  0  0  0  0  0  0  0
  0  0  0  0  0  0  0  0  0  0  0  0  0  0  0  0  6  6  5  4  3  2  1  0
  0  0  0  0  0  0  0  0  0  0  0  0  0  0  0  0  0  0  0  0  0  0  0  7
  6  5  4  3  2  1  0  0  0  0  0  0  0  0  0  0  0  0  0  0  0  0  0  0
  0  0  0  0  0  0  7  6  5  4  3  2  1  0  0  0  0  0  0  0  0  0  0  0
  0  0  0  0  0  0  0  0  0  0  0  0  0  7  6  5  4  3  2  1  0  0  0  0
  0  0  0  0  0  0  0  0  0  0  0  0  0  0  0  0  0  0  0  0  7  6  5  4
  3  2  1  1  0  0  0  0  0  0  0  0  0  0  0  0  0  0  0  0  0  0  0  0
  0  0  0  7  6  5  4  3  2  2  1  0  0  0  0  0  0  0  0  0  0  0  0  0
  0  0  0  0  0  0  0  0  0  0  7  6  5  4  3  3  2  1  0  0  0  0  0  0
  0  0  0  0  0  0  0  0  0  0  0  0  0  0  0  0  0  7  6  5  4  4  3  2
  1  0  0  0  0  0  0  0  0  0  0  0  0  0  0  0  0  0  0  0  0  0  0  0
  7  6  5  5  4  3  2  1  0  0  0  0  0  0  0  0  0  0  0  0  0  0  0  0
  0  0  0  0  0  0  0  7  6  6  5  4  3  2  1  0  0  0  0  0  0  0  0  0
  0  0  0  0  0  0  0  0  0  0  0  0  0  0  7  7  6  5  4  3  2  1  0  0
  0  0  0  0  0  0  0  0  0  0  0  0  0  0  0  0  0  0  0  0  0  8  7  6
  5  4  3  2  1  1  0  0  0  0  0  0  0  0  0  0  0  0  0  0  0  0  0  0
  0  0  0  0  8  7  6  5  4  3  2  2  1  1  0  0  0  0  0  0  0  0  0  0
  0  0  0  0  0  0  0  0  0  0  0  8  7  6  5  4  3  3  2  2  1  1  1  0
  0  0  0  0  0  0  0  0  0  0  0  0  0  0  0  0  0  0  8  7  6  5  4  4
  3  3  2  2  2  1  1  1  1  0  0  0  0  0  0  0  0  0  0  0  0  0  0  0
  0]
D_INF OF V VS REF: 0.0
D_INF OF POLICY VS REF: 0
D_INF (AT STOP) MEAN: 6.103515625e-05
MAIN ITERATIONS MEAN: 4.0
EVAL ITERATIONS TOTAL MEAN: 406.0
TIME MEAN: 0.6251964569091797 s, STD: 0.0 s, STD_%: 0.0%
SPEEDUP VS REF: 1.0
============================================================================================================================================================================================================================================================
============================================================================================================================================================================================================================================================
FINAL SUMMARY:
PI CONTRACTION APPROACH 1: jcr_pi_contraction_cpu_numpy OFF.
PI CONTRACTION APPROACH 2: jcr_pi_contraction_cpu_numba_parallel OFF.
PI CONTRACTION APPROACH 3: jcr_pi_contraction_cuda_atomicmax OFF.
PI CONTRACTION APPROACH 4: jcr_pi_contraction_cuda_atomicmaxplain OFF.
PI CONTRACTION APPROACH 5: jcr_pi_contraction_cuda_reducemax OFF.
PI CONTRACTION APPROACH 6: jcr_pi_contraction_cuda_gridsync (REFERENCE) -> MEAN MAIN ITERS: 4.0, MEAN EVAL ITERS TOTAL: 406.0, MEAN D_INF: 6.103515625e-05, MEAN TIME: 0.6251964569091797 s, TIME STD: 0.0 s, STD_%: 0.0%, SPEED-UP: 1.00
JACK'S CAR RENTAL DONE. [hash string: 2586093981_31230_565_[1;30;10;10.0;-2.0;[3.0,4.0];[3.0,2.0];True;0.9;1.0e-04;1.0e-07;False;FFFFFT], time: 15.467710494995117 s]
