JACK'S CAR RENTAL STARTING...
HASH STRING: 2853271466_00459_901_[1;30;10;10.0;-2.0;[3.0,4.0];[3.0,2.0];True;0.9;1.0e-04;1.0e-07;False;TTTTT]
============================================================================================================================================================================================================================================================
EXPERIMENT INFO:
{
  SEED: 1,
  JCR_MAX_CARS_AT_LOC: 30,
  JCR_MAX_CARS_MOVED: 10,
  JCR_REWARD_CAR_RENTED: 10.0,
  JCR_REWARD_CAR_MOVED: -2.0,
  JCR_REQUEST_POISSON_LAMBDAS_AT_LOC: [3.0, 4.0],
  JCR_RETURN_POISSON_LAMBDAS_AT_LOC: [3.0, 2.0],
  NUMPY_SINGLE_THREAD: True,
  GAMMA: 0.9,
  EPS: 0.0001,
  TOLERANCE_V: 1e-07,
  PLOTS: False,
  jcr_pi_contraction_cpu_numpy: (True, 'jcr_pi_contraction_cpu_numpy', 10, {}),
  jcr_pi_contraction_cuda_atomicmax: (True, 'jcr_pi_contraction_cuda_atomicmax', 10, {'lazy_stop_check': 5, 'tpb': 64}),
  jcr_pi_contraction_cuda_atomicmaxplain: (True, 'jcr_pi_contraction_cuda_atomicmaxplain', 10, {'lazy_stop_check': 5, 'tpb': 64}),
  jcr_pi_contraction_cuda_reducemax: (True, 'jcr_pi_contraction_cuda_reducemax', 10, {'lazy_stop_check': 5, 'tpb': 64}),
  jcr_pi_contraction_cuda_gridsync: (True, 'jcr_pi_contraction_cuda_gridsync', 10, {'tpb': 64})
}
============================================================================================================================================================================================================================================================
CPU AND SYSTEM:
{'cpu_name': 'AMD Ryzen 9 9950X 16-Core Processor',
 'os_machine': 'x86_64',
 'os_name': 'Linux 6.14.0-37-generic',
 'os_version': '#37~24.04.1-Ubuntu SMP PREEMPT_DYNAMIC Thu Nov 20 10:25:38 UTC '
               '2',
 'ram_size': '123.4 GB'}
GPU:
{'async_engine_count': 2,
 'can_map_host_memory': 1,
 'compute_capability': ComputeCapability(major=12, minor=0),
 'cores_per_SM': 128,
 'cores_total': 21760,
 'max_block_dim_x': 1024,
 'max_block_dim_y': 1024,
 'max_block_dim_z': 64,
 'max_grid_dim_x': 2147483647,
 'max_grid_dim_y': 65535,
 'max_grid_dim_z': 65535,
 'max_shared_memory_per_block': 49152,
 'max_threads_per_block': 1024,
 'multiprocessor_count': 170,
 'name': 'NVIDIA GeForce RTX 5090',
 'pci_bus_id': 1,
 'pci_device_id': 0,
 'unified_addressing': 1,
 'warp_size': 32}
============================================================================================================================================================================================================================================================
JCR INFO:
{
  MAX_CARS_AT_LOC: 30,
  MAX_CARS_MOVED: 10,
  REWARD_CAR_RENTED: 10.0,
  REWARD_CAR_MOVED: -2.0,
  REQUEST_POISSON_LAMBDAS_AT_LOC: [3.0, 4.0],
  RETURN_POISSON_LAMBDAS_AT_LOC: [3.0, 2.0]
}
JCR MDP JOINT DISTRIBUTION...
UNPICKLE OBJECTS... [from file: ../mdp_joint_distrs/mdp_joint_distr_jcr_30_10.pkl]
UNPICKLE OBJECTS DONE. [time: 0.7453224658966064 s]
JCR MDP JOINT DISTRIBUTION READY. [shape: (961, 21, 61, 961), entries: 1183030401, type: float32, 4.41 GiB copied to device (gpu) in: 0.34798741340637207 s]
============================================================================================================================================================================================================================================================
V FOR INITIAL POLICY ZEROED. [shape: (961,)]
RANDOM INITIAL POLICY [shape: (961,)]:
[ -5  -9   1  -3   2  -3  -2  -3  -1   2   1  -5  -5  -9   5   7 -10   6
   6  -7  -9  -4   2   4  -3   4   3  10  -4   8   8   5  10  -3   6  -5
   8   8   0  10  -2   1  -4   0   2  -5  -8   4   5   8  -7  -6  10   1
  -1  -4   7  -8   6   0 -10  -6   3  -1  -1  -1  -3  -9  -9  -5  -9 -10
   7  -6   7  -8  -2  -5 -10   3   9  -4   5   0   0   3  -2  -3   3  -3
   9  -7   3  -4   7   7   0  -7   8  -6  -5   7  -5   1  -9   2  -3  10
   0   6   3   4   9  -1  -1   8 -10   5  -4 -10  -6  -3   0   5   1  -8
   4  -3   3  -3  -2  -1 -10  -1  -7  -3   0  -7   1  -6  -1  -5  -2   9
  -2  -4  -2   3 -10   9  -8   0  -4   5   5  -1  -3   1   9   6   0   5
   4  -7 -10  -7   8   6  -9   5   7  -6   3  -7  -3 -10  -6  -1   3   6
  -4  10   4  10  -4   5  -8   2   6  -9  -2   1  10  -3  -5   3   7  -2
   7   1   4   2  -3   1  -7  10   7  -1  -6   4  -3  -3  10   3  -6   7
   6  -3   3   8 -10  -1   3   0 -10   7   7  -2  -3   8   0   7  -7  10
 -10  -5   2  -9  -1   8   9  -6  -9  -3  -8  -6   2  -3   7  -8  -4   0
   3 -10   7  -1   8  -4   3  -8   4  -3  -7  -3  -3   6  -5   5  -5   8
   7   0  -4  10  -9   6   3   4  -5   3   3  -7   7   8  -9  10  10   0
  -3 -10   2   5  -1  -7  -3   6 -10   6   9  10   7  -5   4   3  -6  10
  -8  10   1  -5  -4   3  -4   5  -6   1  -1  -4  -8  10  -3   6  -5  -6
  10  -5  -2  -8   3  -3  -5   7   0   7  -1   5   6   3  10  -2  -5   4
   3   5   6  -1   4   0   3   6  -7  10  10   5  -8   4   4 -10   0  -4
 -10   1  -7   3  -6  -4  -9  -8   0  10   0   9  -1   6   7 -10  -7  -5
  -5   0   8   4  -5  -9   0   6  -2   1   3  -3  -7 -10  -6  -2   4  10
  -2   3  -3   8  -4   5  -1  -1 -10  -9   2   9   2   7   0  10   2   5
   5   5   1   5   4   9   8   9   1  -3   1   5   9  -3  -8  -7   9   3
   5  -1   4   5  -4   9  -8  -3  -6   6  -6 -10  10   9  -7  -7   9  -6
  -5  -9   5  -4   2   5  -2  -3  -9  -5   5   7 -10   3 -10   0  -5   0
  -8   0  -8  -8   6   7  -6   0 -10  10   4  10   4   8   7   5  -3   7
  -7   7  -5  -4  -1   0  -8   3   3  -4   3  10  -4  -4   6  -2   6  -9
   8  -6  -4   2  -6  -1   2  -6 -10   9   6   6   9   8  -1 -10   6   6
  -3   9   9   5  -8   0   3  -6   8   3   4  -4   4  -7  -7   8  -7   6
  -8   4  -5   5   8  -3  -1   4   3 -10   5  -5   2  10  -5  -5   8  -1
   4  10   2   1  -5   5   5   2   8   2   3  10   2   1  -3  -2  -5  -3
   1  10   2  10   8   9  -4  -9  -8   6  -6   4  -5  -8  -9   3   1  -5
  -1  -8  10  -1  -1   1  -9   2   8 -10   4   0 -10  -4  10   8  -3   8
 -10 -10  -8  -3  10  -7  -4   8   2  -3  -4  -4   7   9   5  -6   6  -6
  -9  -4   3  -6  -2   2  -8   4  -2  -5   0   0   5  -8   9  -1  -1  10
   0   4   3  10   2   8   4   0   8   1   2  -1   6  -6   7   6   6 -10
   9  -1   0   5  10  -7   2  -1  -9   7  -3  -8  10  -1   4  -6   4   3
  -8   4   5   6  -9 -10  -2  -1  -8  -8  -7   3   1  -1   5  -6  -9  -6
  -9  -2   8  -9   3  -4   9   9  -1   4   4  -2   7  -3  -8   6  -4  -5
   2  -8  -8   7   4   0   1   4  -3   0 -10  -2  10  -6   6   1  -5   1
  -1  -6   3  -3  -2   0   1   5  -4  -5 -10  -1   4   8  -6   4  -3   1
   9  -7  -8  -2 -10  -9   4   2   7  -4 -10   2  -9  -9  -4  -6  -7   8
   4  -7   5  -5  10  -4   8   8 -10   8  -1   4  -3   6   6  -7  -3   1
  -3  -8   4  -2  -2  -2   6  -8   1 -10   0  -3   2   7  10  -5  -9  -6
   0  -7  -1   1  -5   4   7  -5   6  -3   0   9   7  10   8   8   4  -7
  -4   7   9   0  -6  -2   8   6  -6  -2   9   2   2  -4   3   9   6  -3
  -6   8   8  -2  -6   7  -7   2  -8   5   2 -10  -5 -10   4   5 -10  -6
   4   7   0  -6   2   8  -3 -10  -5   7   6  -6   0 -10   1  10   2  -1
  -1   1  -7   2   7  -1   5   4   9   3  -6  -9  -6  -8  -3  -3  -7  -4
  -8  -6  -8   5   0  -3   4  -3   8   0  -4  -3  -4   6   4   7  -5  -7
   9  -4   5  -2   4  -2  -5   8  -5   0  -3   4   8  -5   5  -1   4  -9
  -5   9  -3   3   3   1   4  -8  -1  -8  -7   6  -7   5  -7   9  -9   5
  -7   2   6  -5  -7 -10   4]
============================================================================================================================================================================================================================================================
PI CONTRACTION APPROACH 1: jcr_pi_contraction_cpu_numpy...
---
REPETITION: 1/10:
JCR PI CONTRACTION CPU NUMPY... [gamma: 0.9, eps: 0.0001, tolerance_v: 1e-07]
JCR PI CONTRACTION CPU NUMPY DONE. [d_inf: 6.1035156e-05, main iterations: 4, evaluation iterations total: 442, time: 45.35596036911011 s]
---
REPETITION: 2/10:
JCR PI CONTRACTION CPU NUMPY... [gamma: 0.9, eps: 0.0001, tolerance_v: 1e-07]
JCR PI CONTRACTION CPU NUMPY DONE. [d_inf: 6.1035156e-05, main iterations: 4, evaluation iterations total: 442, time: 44.89390468597412 s]
---
REPETITION: 3/10:
JCR PI CONTRACTION CPU NUMPY... [gamma: 0.9, eps: 0.0001, tolerance_v: 1e-07]
JCR PI CONTRACTION CPU NUMPY DONE. [d_inf: 6.1035156e-05, main iterations: 4, evaluation iterations total: 442, time: 45.03803038597107 s]
---
REPETITION: 4/10:
JCR PI CONTRACTION CPU NUMPY... [gamma: 0.9, eps: 0.0001, tolerance_v: 1e-07]
JCR PI CONTRACTION CPU NUMPY DONE. [d_inf: 6.1035156e-05, main iterations: 4, evaluation iterations total: 442, time: 44.9452338218689 s]
---
REPETITION: 5/10:
JCR PI CONTRACTION CPU NUMPY... [gamma: 0.9, eps: 0.0001, tolerance_v: 1e-07]
JCR PI CONTRACTION CPU NUMPY DONE. [d_inf: 6.1035156e-05, main iterations: 4, evaluation iterations total: 442, time: 45.018367767333984 s]
---
REPETITION: 6/10:
JCR PI CONTRACTION CPU NUMPY... [gamma: 0.9, eps: 0.0001, tolerance_v: 1e-07]
JCR PI CONTRACTION CPU NUMPY DONE. [d_inf: 6.1035156e-05, main iterations: 4, evaluation iterations total: 442, time: 45.03563380241394 s]
---
REPETITION: 7/10:
JCR PI CONTRACTION CPU NUMPY... [gamma: 0.9, eps: 0.0001, tolerance_v: 1e-07]
JCR PI CONTRACTION CPU NUMPY DONE. [d_inf: 6.1035156e-05, main iterations: 4, evaluation iterations total: 442, time: 45.16609501838684 s]
---
REPETITION: 8/10:
JCR PI CONTRACTION CPU NUMPY... [gamma: 0.9, eps: 0.0001, tolerance_v: 1e-07]
JCR PI CONTRACTION CPU NUMPY DONE. [d_inf: 6.1035156e-05, main iterations: 4, evaluation iterations total: 442, time: 45.18964862823486 s]
---
REPETITION: 9/10:
JCR PI CONTRACTION CPU NUMPY... [gamma: 0.9, eps: 0.0001, tolerance_v: 1e-07]
JCR PI CONTRACTION CPU NUMPY DONE. [d_inf: 6.1035156e-05, main iterations: 4, evaluation iterations total: 442, time: 45.20248746871948 s]
---
REPETITION: 10/10:
JCR PI CONTRACTION CPU NUMPY... [gamma: 0.9, eps: 0.0001, tolerance_v: 1e-07]
JCR PI CONTRACTION CPU NUMPY DONE. [d_inf: 6.1035156e-05, main iterations: 4, evaluation iterations total: 442, time: 45.06955337524414 s]
***
SUMMARY:
V OUT:
[421.41693 431.38916 441.2448  450.85022 460.0831  468.8754  477.21405
 485.11823 492.98157 500.47803 507.8903  514.99695 521.7556  528.3569
 534.7532  540.84686 546.65845 552.20654 557.6375  562.863   567.85364
 572.62305 577.18256 581.54254 585.71185 589.69867 593.55396 597.273
 600.8274  604.225   607.4702  431.29068 441.26282 451.1182  460.72272
 469.95413 478.74432 487.08032 494.9816  502.47806 509.89032 516.99695
 523.7556  530.35693 536.7532  542.84686 548.65845 554.2066  559.6374
 564.8631  569.85364 574.623   579.18256 583.5426  587.71173 591.69855
 595.55396 599.27295 602.8274  606.22485 609.47015 612.56415 440.76425
 450.7361  460.58997 470.19058 479.41507 488.19553 496.51984 504.408
 511.8903  518.99695 525.7556  532.3569  538.75323 544.84686 550.6585
 556.2066  561.63745 566.863   571.8537  576.6229  581.1826  585.54266
 589.7118  593.6986  597.55396 601.2728  604.8274  608.22504 611.47034
 614.56415 617.4985  449.58752 459.5586  469.40863 478.99945 488.2066
 496.9627  505.25787 513.1142  520.56323 527.63513 534.3569  540.75323
 546.84686 552.6585  558.2066  563.63727 568.863   573.85376 578.623
 583.1826  587.5426  591.7118  595.69855 599.5541  603.2729  606.8275
 610.22485 613.47034 616.5643  619.4985  622.24896 457.6782  467.64783
 477.49072 487.06342 496.2384  504.94977 513.19165 520.99084 528.38153
 535.3945  542.0563  548.3904  554.4187  560.16156 565.6374  570.863
 575.85364 580.623   585.18256 589.54254 593.71173 597.6986  601.55414
 605.2728  608.8275  612.2248  615.47015 618.56415 621.4984  624.2491
 626.7685  465.64786 475.49075 485.06345 494.45444 503.5803  512.22327
 520.38434 528.0977  535.4024  542.3312  548.91003 555.1615  561.1061
 566.76324 572.1512  577.28674 582.18536 586.86053 591.325   595.5888
 599.66223 603.554   607.273   610.82745 614.22485 617.4703  620.5642
 623.4984  626.2491  628.7684  631.0816  473.49072 483.06342 492.45444
 501.58026 510.36816 518.91943 526.9723  534.57117 541.76263 548.5827
 555.05756 561.20844 567.0543  572.6138  577.9042  582.94165 587.7416
 592.31757 596.6822  600.8465  604.82074 608.6144  612.23645 615.6953
 618.9982  622.1499  625.15063 627.9924  630.65137 633.0817  635.2146
 481.06342 490.45444 499.5803  508.36813 516.91943 525.16724 533.088
 540.5473  547.6011  554.2903  560.642   566.6767  572.41144 577.8634
 583.0489  587.9835  592.6819  597.1572  601.4222  605.4879  609.3649
 613.0626  616.59045 619.95624 623.16754 626.22845 629.13947 631.89215
 634.464   636.8101  638.8653  488.45447 497.5803  506.3682  514.91943
 523.1673  531.0881  538.8293  546.1292  553.02594 559.566   565.7787
 571.6834  577.29596 582.6319  587.70636 592.534   597.12836 601.50256
 605.6688  609.63776 613.42004 617.0253  620.4626  623.7398  626.86395
 629.83923 632.6657  635.3357  637.8271  640.0966  642.08124 495.58032
 504.36816 512.91943 521.1673  529.088   536.82935 544.25964 551.3872
 558.11285 564.4908  570.5522  576.3161  581.7973  587.00977 591.9673
 596.6837  601.17163 605.44354 609.5107  613.3842  617.07404 620.5895
 623.9394  627.13165 630.1724  633.067   635.81445 638.4076  640.82465
 643.0245  644.9462  502.36816 510.91943 519.1673  527.0881  534.82935
 542.2596  549.4182  556.36664 562.9137  569.121   575.02264 580.6383
 585.9814  591.0645  595.9006  600.50183 604.88055 609.0486  613.0164
 616.7945  620.3924  623.81976 627.0844  630.1944  633.15564 635.9725
 638.6452  641.16595 643.51416 645.6495  647.51337 508.91946 517.1673
 525.0881  532.8294  540.25964 547.4181  554.3665  561.0974  567.46295
 573.4957  579.2336  584.69635 589.8971  594.8471  599.55817 604.0417
 608.30927 612.37146 616.239   619.9216  623.42834 626.7682  629.9491
 632.9782  635.8618  638.6039  641.2047  643.6567  645.9395  648.0144
 649.8248  515.1673  523.088   530.82935 538.2596  545.4181  552.36664
 559.09735 565.59955 571.78485 577.6432  583.2162  588.5247  593.5811
 598.3958  602.9801  607.34424 611.4992  615.4552  619.22205 622.8086
 626.22437 629.4771  632.5751  635.52466 638.33234 641.00165 643.5327
 645.9182  648.1384  650.1559  651.91565 521.088   528.8293  536.25964
 543.4181  550.3666  557.0973  563.5997  569.8888  575.89703 581.5834
 586.9931  592.1481  597.0604  601.74005 606.1971  610.4418  614.4838
 618.33307 621.99896 625.49    628.8148  631.9813  634.99695 637.86835
 640.60114 643.19904 645.6619  647.9829  650.14276 652.1048  653.8158
 526.8293  534.2596  541.4181  548.36664 555.09735 561.5997  567.8887
 573.9765  579.81287 585.3315  590.5813  595.5854  600.3558  604.9017
 609.2329  613.3584  617.2882  621.03143 624.59674 627.99274 631.2275
 634.3082  637.2425  640.0365  642.69556 645.2234  647.6196  649.8776
 651.9785  653.8869  655.55084 532.25964 539.4181  546.3667  553.09735
 559.5996  565.8887  571.97644 577.8729  583.54346 588.8998  593.9944
 598.8514  603.4827  607.89764 612.1046  616.1131  619.9321  623.5702
 627.03625 630.33813 633.48364 636.47986 639.3336  642.05133 644.6378
 647.0966  649.42755 651.62396 653.66754 655.5235  657.1418  537.418
 544.36664 551.09735 557.5997  563.8887  569.97644 575.87305 581.5874
 587.0983  592.29834 597.2429  601.95734 606.4538  610.74066 614.82654
 618.72    622.43024 625.9651  629.33344 632.5427  635.6002  638.5128
 641.2876  643.93    646.4453  648.83636 651.1032  653.2393  655.2267
 657.0319  658.6058  542.3666  549.0974  555.5997  561.88873 567.97644
 573.87305 579.58734 585.1279  590.4859  595.53577 600.3359  604.9127
 609.27826 613.44104 617.409   621.19037 624.79395 628.22797 631.5005
 634.6186  637.5896  640.42053 643.11755 645.6863  648.13135 650.4562
 652.6603  654.7373  656.67004 658.42554 659.95624 547.0973  553.5997
 559.88873 565.97644 571.8731  577.5874  583.1279  588.5028  593.71423
 598.61993 603.28107 607.7251  611.9643  616.00665 619.8598  623.53217
 627.03217 630.3673  633.546   636.57526 639.46185 642.2124  644.833
 647.32947 649.70624 651.9661  654.109   656.1287  658.0078  659.7151
 661.2036  551.5996  557.88873 563.97656 569.87305 575.5874  581.1279
 586.50275 591.7194  596.79065 601.55774 606.085   610.40094 614.5178
 618.44336 622.1852  625.7516  629.1504  632.3895  635.4765  638.41864
 641.2228  643.89496 646.44135 648.8673  651.1772  653.3737  655.45703
 657.4205  659.24805 660.9084  662.35626 555.88873 561.9765  567.87305
 573.5874  579.12805 584.5028  589.7194  594.7905  599.72107 604.3553
 608.7535  612.9453  616.94354 620.75574 624.3893  627.8521  631.1526
 634.29785 637.29565 640.1532  642.87665 645.47253 647.9464  650.3037
 652.5487  654.684   656.70917 658.6185  660.396   662.0111  663.4196
 559.97644 565.87305 571.5875  577.12805 582.50287 587.71936 592.79047
 597.72107 602.5113  607.0167  611.2898  615.3613  619.24396 622.9456
 626.47375 629.8359  633.0403  636.0943  639.00525 641.77997 644.4253
 646.9468  649.3504  651.64136 653.8233  655.8994  657.86884 659.7261
 661.4553  663.0267  664.3974  563.8729  569.58734 575.128   580.50287
 585.71936 590.79047 595.7211  600.5114  605.16547 609.5456  613.69666
 617.65027 621.4198  625.01355 628.4382  631.702   634.81244 637.77747
 640.6039  643.29846 645.8678  648.3176  650.65344 652.8802  655.0017
 657.0208  658.937   660.7444  662.42737 663.95746 665.29224 567.5873
 573.128   578.5028  583.71936 588.7906  593.72107 598.5115  603.1654
 607.6851  611.9425  615.9733  619.8106  623.46893 626.9562  630.2796
 633.44714 636.46606 639.3443  642.0887  644.7058  647.2017  649.5825
 651.8534  654.0186  656.0826  658.0476  659.91296 661.67303 663.31274
 664.8035  666.1043  571.12805 576.50287 581.7195  586.7906  591.7211
 596.5114  601.1654  605.68524 610.0688  614.2048  618.11615 621.8383
 625.3863  628.76843 631.99225 635.0652  637.99493 640.7889  643.45386
 645.99646 648.42236 650.7373  652.94617 655.0536  657.0631  658.9771
 660.795   662.5108  664.10986 665.56433 666.8337  574.5029  579.7194
 584.79065 589.7212  594.51135 599.16547 603.6852  608.069   612.3093
 616.3242  620.11664 623.72363 627.1618  630.44025 633.5656  636.5466
 639.38965 642.1026  644.69165 647.1633  649.5228  651.7756  653.92676
 655.98004 657.93933 659.8063  661.5801  663.25543 664.8171  666.2381
 667.4788  577.7194  582.7906  587.7211  592.51135 597.1655  601.6851
 606.06885 610.3095  614.38995 618.28467 621.95844 625.4512  628.78076
 631.9566  634.9864  637.8779  640.6382  643.2738  645.79114 648.1964
 650.4944  652.6902  654.78815 656.7921  658.7055  660.52997 662.26447
 663.90314 665.4316  666.82275 668.03784 580.7906  585.72107 590.5114
 595.16534 599.6852  604.06903 608.30945 612.39    616.28467 620.05786
 623.61597 626.997   630.22076 633.2977  636.236   639.04285 641.72473
 644.28876 646.7403  649.08514 651.32764 653.4722  655.52295 657.48346
 659.3566  661.1438  662.84375 664.4507  665.9502  667.3157  668.5085
 583.7211  588.51135 593.16547 597.6852  602.069   606.3096  610.39
 614.28467 618.05786 621.61584 625.0536  628.33014 631.45483 634.44
 637.29333 640.0226  642.63385 645.1335  647.5271  649.8188  652.0132
 654.11395 656.1245  658.0484  659.88745 661.6432  663.31464 664.8952
 666.3707  667.71466 668.88934 586.5114  591.16547 595.68524 600.0689
 604.3095  608.3901  612.2847  616.05786 619.61597 623.05365 626.3302
 629.45483 632.45593 635.3605  638.14014 640.802   643.35297 645.79834
 648.14325 650.3914  652.5465  654.6119  656.59045 658.4846  660.29724
 662.0282  663.6768  665.2367  666.69354 668.02075 669.181   589.1656
 593.6852  598.06903 602.30945 606.39    610.2847  614.058   617.6159
 621.0536  624.33014 627.4549  630.45593 633.3604  636.14    638.80206
 641.37823 643.8814  646.2844  648.5918  650.8066  652.9323  654.9712
 656.9258  658.7984  660.591   662.3041  663.9362  665.48096 666.9241
 668.2393  669.38934]
POLICY OUT:
[ 0  0  0  0  0  0  0  0 -1 -1 -2 -2 -2 -3 -3 -3 -3 -3 -4 -4 -4 -4 -4 -4
 -4 -4 -5 -5 -5 -5 -5  0  0  0  0  0  0  0  0  0 -1 -1 -1 -2 -2 -2 -2 -2
 -3 -3 -3 -3 -3 -3 -3 -3 -4 -4 -4 -4 -4 -4  0  0  0  0  0  0  0  0  0  0
  0 -1 -1 -1 -1 -1 -2 -2 -2 -2 -2 -2 -2 -2 -3 -3 -3 -3 -3 -3 -3  0  0  0
  0  0  0  0  0  0  0  0  0  0  0  0 -1 -1 -1 -1 -1 -1 -1 -1 -2 -2 -2 -2
 -2 -2 -2 -2  0  0  0  0  0  0  0  0  0  0  0  0  0  0  0  0  0  0  0  0
  0  0 -1 -1 -1 -1 -1 -1 -1 -1 -1  1  1  1  0  0  0  0  0  0  0  0  0  0
  0  0  0  0  0  0  0  0  0  0  0  0  0  0  0  0  0 -1  2  2  1  1  0  0
  0  0  0  0  0  0  0  0  0  0  0  0  0  0  0  0  0  0  0  0  0  0  0  0
  0  3  2  2  1  1  0  0  0  0  0  0  0  0  0  0  0  0  0  0  0  0  0  0
  0  0  0  0  0  0  0  0  3  3  2  2  1  1  0  0  0  0  0  0  0  0  0  0
  0  0  0  0  0  0  0  0  0  0  0  0  0  0  0  4  3  3  2  2  1  0  0  0
  0  0  0  0  0  0  0  0  0  0  0  0  0  0  0  0  0  0  0  0  0  0  4  4
  3  3  2  1  0  0  0  0  0  0  0  0  0  0  0  0  0  0  0  0  0  0  0  0
  0  0  0  0  0  5  4  4  3  2  1  1  0  0  0  0  0  0  0  0  0  0  0  0
  0  0  0  0  0  0  0  0  0  0  0  0  5  5  4  3  2  2  1  0  0  0  0  0
  0  0  0  0  0  0  0  0  0  0  0  0  0  0  0  0  0  0  0  6  5  4  3  3
  2  1  0  0  0  0  0  0  0  0  0  0  0  0  0  0  0  0  0  0  0  0  0  0
  0  0  6  5  4  4  3  2  1  0  0  0  0  0  0  0  0  0  0  0  0  0  0  0
  0  0  0  0  0  0  0  0  0  6  5  5  4  3  2  1  0  0  0  0  0  0  0  0
  0  0  0  0  0  0  0  0  0  0  0  0  0  0  0  0  6  6  5  4  3  2  1  0
  0  0  0  0  0  0  0  0  0  0  0  0  0  0  0  0  0  0  0  0  0  0  0  7
  6  5  4  3  2  1  0  0  0  0  0  0  0  0  0  0  0  0  0  0  0  0  0  0
  0  0  0  0  0  0  7  6  5  4  3  2  1  0  0  0  0  0  0  0  0  0  0  0
  0  0  0  0  0  0  0  0  0  0  0  0  0  7  6  5  4  3  2  1  0  0  0  0
  0  0  0  0  0  0  0  0  0  0  0  0  0  0  0  0  0  0  0  0  7  6  5  4
  3  2  1  1  0  0  0  0  0  0  0  0  0  0  0  0  0  0  0  0  0  0  0  0
  0  0  0  7  6  5  4  3  2  2  1  0  0  0  0  0  0  0  0  0  0  0  0  0
  0  0  0  0  0  0  0  0  0  0  7  6  5  4  3  3  2  1  0  0  0  0  0  0
  0  0  0  0  0  0  0  0  0  0  0  0  0  0  0  0  0  7  6  5  4  4  3  2
  1  0  0  0  0  0  0  0  0  0  0  0  0  0  0  0  0  0  0  0  0  0  0  0
  7  6  5  5  4  3  2  1  0  0  0  0  0  0  0  0  0  0  0  0  0  0  0  0
  0  0  0  0  0  0  0  7  6  6  5  4  3  2  1  0  0  0  0  0  0  0  0  0
  0  0  0  0  0  0  0  0  0  0  0  0  0  0  7  7  6  5  4  3  2  1  0  0
  0  0  0  0  0  0  0  0  0  0  0  0  0  0  0  0  0  0  0  0  0  8  7  6
  5  4  3  2  1  1  0  0  0  0  0  0  0  0  0  0  0  0  0  0  0  0  0  0
  0  0  0  0  8  7  6  5  4  3  2  2  1  1  0  0  0  0  0  0  0  0  0  0
  0  0  0  0  0  0  0  0  0  0  0  8  7  6  5  4  3  3  2  2  1  1  1  0
  0  0  0  0  0  0  0  0  0  0  0  0  0  0  0  0  0  0  8  7  6  5  4  4
  3  3  2  2  2  1  1  1  1  0  0  0  0  0  0  0  0  0  0  0  0  0  0  0
  0]
D_INF OF V VS REF: 0.0
D_INF OF POLICY VS REF: 0
D_INF (AT STOP) MEAN: 6.103515625e-05
MAIN ITERATIONS MEAN: 4.0
EVAL ITERATIONS TOTAL MEAN: 442.0
TIME MEAN: 45.09149153232575 s, STD: 0.1302700221686476 s, STD_%: 0.3%
SPEEDUP VS REF: 1.0
============================================================================================================================================================================================================================================================
PI CONTRACTION APPROACH 2: jcr_pi_contraction_cuda_atomicmax...
GPU WARMED UP.
---
REPETITION: 1/10:
JCR PI CONTRACTION CUDA ATOMICMAX... [gamma: 0.9, eps: 0.0001, tolerance_v: 1e-07, lazy_stop_check: 5, tpb: 64]
[bpg: 961 (implied by number of states)]
JCR PI CONTRACTION CUDA ATOMICMAX DONE. [d_inf: 0.0, main iterations: 4, evaluation iterations total: 430, time: 0.1850292682647705 s]
---
REPETITION: 2/10:
JCR PI CONTRACTION CUDA ATOMICMAX... [gamma: 0.9, eps: 0.0001, tolerance_v: 1e-07, lazy_stop_check: 5, tpb: 64]
[bpg: 961 (implied by number of states)]
JCR PI CONTRACTION CUDA ATOMICMAX DONE. [d_inf: 0.0, main iterations: 4, evaluation iterations total: 430, time: 0.17967438697814941 s]
---
REPETITION: 3/10:
JCR PI CONTRACTION CUDA ATOMICMAX... [gamma: 0.9, eps: 0.0001, tolerance_v: 1e-07, lazy_stop_check: 5, tpb: 64]
[bpg: 961 (implied by number of states)]
JCR PI CONTRACTION CUDA ATOMICMAX DONE. [d_inf: 0.0, main iterations: 4, evaluation iterations total: 430, time: 0.17479562759399414 s]
---
REPETITION: 4/10:
JCR PI CONTRACTION CUDA ATOMICMAX... [gamma: 0.9, eps: 0.0001, tolerance_v: 1e-07, lazy_stop_check: 5, tpb: 64]
[bpg: 961 (implied by number of states)]
JCR PI CONTRACTION CUDA ATOMICMAX DONE. [d_inf: 0.0, main iterations: 4, evaluation iterations total: 430, time: 0.17052602767944336 s]
---
REPETITION: 5/10:
JCR PI CONTRACTION CUDA ATOMICMAX... [gamma: 0.9, eps: 0.0001, tolerance_v: 1e-07, lazy_stop_check: 5, tpb: 64]
[bpg: 961 (implied by number of states)]
JCR PI CONTRACTION CUDA ATOMICMAX DONE. [d_inf: 0.0, main iterations: 4, evaluation iterations total: 430, time: 0.16657328605651855 s]
---
REPETITION: 6/10:
JCR PI CONTRACTION CUDA ATOMICMAX... [gamma: 0.9, eps: 0.0001, tolerance_v: 1e-07, lazy_stop_check: 5, tpb: 64]
[bpg: 961 (implied by number of states)]
JCR PI CONTRACTION CUDA ATOMICMAX DONE. [d_inf: 0.0, main iterations: 4, evaluation iterations total: 430, time: 0.1631317138671875 s]
---
REPETITION: 7/10:
JCR PI CONTRACTION CUDA ATOMICMAX... [gamma: 0.9, eps: 0.0001, tolerance_v: 1e-07, lazy_stop_check: 5, tpb: 64]
[bpg: 961 (implied by number of states)]
JCR PI CONTRACTION CUDA ATOMICMAX DONE. [d_inf: 0.0, main iterations: 4, evaluation iterations total: 430, time: 0.16294097900390625 s]
---
REPETITION: 8/10:
JCR PI CONTRACTION CUDA ATOMICMAX... [gamma: 0.9, eps: 0.0001, tolerance_v: 1e-07, lazy_stop_check: 5, tpb: 64]
[bpg: 961 (implied by number of states)]
JCR PI CONTRACTION CUDA ATOMICMAX DONE. [d_inf: 0.0, main iterations: 4, evaluation iterations total: 430, time: 0.1628725528717041 s]
---
REPETITION: 9/10:
JCR PI CONTRACTION CUDA ATOMICMAX... [gamma: 0.9, eps: 0.0001, tolerance_v: 1e-07, lazy_stop_check: 5, tpb: 64]
[bpg: 961 (implied by number of states)]
JCR PI CONTRACTION CUDA ATOMICMAX DONE. [d_inf: 0.0, main iterations: 4, evaluation iterations total: 430, time: 0.16295862197875977 s]
---
REPETITION: 10/10:
JCR PI CONTRACTION CUDA ATOMICMAX... [gamma: 0.9, eps: 0.0001, tolerance_v: 1e-07, lazy_stop_check: 5, tpb: 64]
[bpg: 961 (implied by number of states)]
JCR PI CONTRACTION CUDA ATOMICMAX DONE. [d_inf: 0.0, main iterations: 4, evaluation iterations total: 430, time: 0.16293001174926758 s]
***
SUMMARY:
V OUT:
[421.41693 431.38916 441.24487 450.85022 460.08313 468.87543 477.21408
 485.1183  492.98163 500.47806 507.89038 514.997   521.7556  528.35693
 534.7533  540.8469  546.65857 552.20667 557.63745 562.8631  567.85376
 572.6231  577.18274 581.54266 585.71185 589.69867 593.55414 597.2731
 600.82764 604.225   607.4704  431.29068 441.26285 451.11823 460.72275
 469.95416 478.74432 487.08038 494.98163 502.4781  509.89032 516.997
 523.7556  530.35693 536.75323 542.8469  548.65857 554.20667 559.63745
 564.86304 569.85376 574.62305 579.18274 583.54266 587.71185 591.6986
 595.5541  599.2731  602.8275  606.225   609.47034 612.56433 440.7643
 450.73615 460.58997 470.1906  479.4151  488.19556 496.51984 504.40802
 511.89035 518.997   525.7556  532.35693 538.7533  544.8469  550.65857
 556.20667 561.63745 566.86304 571.85376 576.62305 581.18274 585.5427
 589.7119  593.69867 597.5541  601.2731  604.8275  608.225   611.47034
 614.5643  617.49854 449.58755 459.5586  469.40863 478.9995  488.2066
 496.96277 505.25793 513.11426 520.5633  527.6352  534.35693 540.7533
 546.847   552.6586  558.20667 563.63745 568.8631  573.85376 578.62305
 583.18274 587.5427  591.71185 595.6986  599.5541  603.2731  606.8275
 610.225   613.47034 616.5643  619.49854 622.24915 457.67822 467.6479
 477.49078 487.06345 496.23843 504.94977 513.1918  520.99084 528.3816
 535.39453 542.05634 548.39044 554.41876 560.1616  565.63745 570.86304
 575.8538  580.62305 585.18274 589.54266 593.71185 597.6987  601.5541
 605.2731  608.8275  612.225   615.4704  618.56433 621.49854 624.24915
 626.76843 465.6479  475.49078 485.06345 494.45447 503.5803  512.22327
 520.3844  528.0977  535.40247 542.3312  548.91016 555.16156 561.10614
 566.7633  572.1513  577.28687 582.1854  586.8607  591.3251  595.58905
 599.66235 603.5541  607.2731  610.8275  614.225   617.47034 620.56433
 623.4986  626.24915 628.76843 631.08185 473.49078 483.06345 492.45447
 501.58032 510.3682  518.9195  526.97235 534.5713  541.7627  548.58276
 555.05774 561.2085  567.0545  572.6139  577.9043  582.9418  587.7417
 592.31775 596.6823  600.8466  604.82086 608.6145  612.2366  615.6955
 618.9984  622.15    625.1509  627.99243 630.6515  633.08185 635.2147
 481.06345 490.45447 499.58032 508.3682  516.9195  525.16736 533.0881
 540.54724 547.6011  554.2903  560.6421  566.67664 572.41144 577.8634
 583.04895 587.98364 592.6819  597.1574  601.42236 605.48804 609.365
 613.06274 616.59045 619.9565  623.1676  626.2285  629.13947 631.8922
 634.464   636.8103  638.86536 488.45447 497.5803  506.3682  514.9195
 523.1673  531.0881  538.8294  546.1293  553.0259  559.56604 565.7788
 571.6834  577.296   582.632   587.7064  592.53394 597.1284  601.5027
 605.66876 609.6378  613.42017 617.0255  620.4627  623.74    626.864
 629.83923 632.66583 635.3359  637.82715 640.0967  642.0814  495.58032
 504.36823 512.9195  521.1673  529.0881  536.8294  544.2597  551.38727
 558.11304 564.49084 570.5521  576.31604 581.79736 587.0099  591.9675
 596.6838  601.1717  605.44354 609.51086 613.38434 617.0741  620.5896
 623.93945 627.1317  630.1727  633.067   635.8146  638.4077  640.8248
 643.02454 644.94617 502.3682  510.9195  519.1673  527.08813 534.8294
 542.25964 549.4182  556.3667  562.9138  569.121   575.0227  580.6383
 585.98145 591.0646  595.90063 600.5019  604.88074 609.0486  613.01636
 616.79456 620.39264 623.8198  627.0845  630.19434 633.15564 635.97253
 638.64514 641.166   643.51416 645.6495  647.5134  508.9195  517.1673
 525.0881  532.8294  540.2597  547.4181  554.3667  561.09735 567.463
 573.49585 579.2337  584.69653 589.89716 594.84717 599.5581  604.0416
 608.3092  612.3716  616.23914 619.92163 623.42847 626.7682  629.94904
 632.9782  635.86194 638.604   641.2048  643.6567  645.9396  648.01447
 649.8248  515.1673  523.0881  530.8294  538.2597  545.41815 552.3667
 559.09735 565.59973 571.7849  577.64325 583.2162  588.52466 593.58105
 598.396   602.9801  607.34436 611.49927 615.4552  619.2219  622.8087
 626.22437 629.47723 632.5751  635.5249  638.3325  641.00183 643.5327
 645.9182  648.13855 650.156   651.91565 521.0881  528.82935 536.25964
 543.41815 550.3667  557.0973  563.59973 569.8888  575.8971  581.5834
 586.99316 592.1481  597.0605  601.74023 606.19727 610.44183 614.4839
 618.3331  621.9989  625.49    628.8149  631.98145 634.9971  637.8684
 640.6013  643.1991  645.6621  647.98303 650.1428  652.10486 653.8159
 526.82935 534.2597  541.4181  548.3667  555.0973  561.59973 567.8888
 573.97656 579.81287 585.3316  590.5814  595.5855  600.35583 604.90186
 609.2329  613.3585  617.28827 621.0315  624.5968  627.9928  631.2275
 634.30835 637.24255 640.0366  642.6957  645.2235  647.61975 649.8777
 651.97864 653.8871  655.551   532.25964 539.41815 546.3667  553.09735
 559.59973 565.8888  571.97656 577.87305 583.5436  588.89996 593.9945
 598.85144 603.4829  607.8977  612.10474 616.11316 619.9321  623.5703
 627.0364  630.33826 633.48364 636.47986 639.33374 642.0514  644.63794
 647.0968  649.42773 651.624   653.6676  655.5237  657.142   537.41815
 544.3667  551.09735 557.59973 563.8888  569.97656 575.87305 581.5874
 587.0984  592.29846 597.24304 601.9574  606.45386 610.7407  614.82654
 618.7201  622.4302  625.96533 629.3336  632.5427  635.6002  638.51306
 641.2877  643.9302  646.44543 648.83655 651.1034  653.2394  655.22687
 657.03204 658.60596 542.3667  549.09735 555.59973 561.8888  567.97656
 573.87305 579.58746 585.12805 590.4861  595.5359  600.336   604.9127
 609.2783  613.44104 617.40894 621.1904  624.79407 628.22815 631.5006
 634.6188  637.58984 640.4208  643.1177  645.6863  648.1315  650.4563
 652.6604  654.7375  656.67017 658.4257  659.95636 547.09735 553.59973
 559.8888  565.97656 571.87305 577.5874  583.12805 588.5029  593.7145
 598.6201  603.28125 607.7252  611.96436 616.0067  619.85986 623.5322
 627.0321  630.36755 633.5462  636.5753  639.4619  642.2125  644.83325
 647.3297  649.7064  651.9663  654.10913 656.12866 658.00806 659.7152
 661.2038  551.59973 557.8888  563.97656 569.87305 575.5874  581.12805
 586.5029  591.7195  596.7907  601.5579  606.08527 610.4012  614.51794
 618.4435  622.1854  625.7516  629.15045 632.38965 635.4768  638.41895
 641.2229  643.89514 646.44147 648.8673  651.17725 653.3739  655.45715
 657.4207  659.24817 660.9085  662.35645 555.8888  561.97656 567.87305
 573.5874  579.12805 584.5029  589.7195  594.79065 599.7212  604.3552
 608.75354 612.94543 616.9436  620.75574 624.3894  627.8523  631.1527
 634.2981  637.29596 640.1533  642.87683 645.47266 647.9466  650.30383
 652.54877 654.6841  656.7095  658.6189  660.3962  662.0112  663.4197
 559.9765  565.87305 571.5874  577.12805 582.5029  587.7195  592.79065
 597.7212  602.5116  607.01685 611.29    615.36145 619.2441  622.9458
 626.4739  629.83606 633.0403  636.09436 639.0054  641.78015 644.4254
 646.94696 649.3506  651.6415  653.8235  655.8994  657.8691  659.72626
 661.45544 663.02686 664.3976  563.87305 569.5874  575.12805 580.5029
 585.7195  590.7907  595.7212  600.51154 605.16565 609.5457  613.69666
 617.65027 621.42    625.01355 628.43835 631.70215 634.8126  637.7776
 640.604   643.2987  645.8679  648.31775 650.65356 652.88025 655.00195
 657.021   658.93713 660.7444  662.4275  663.9575  665.2923  567.5874
 573.12805 578.5029  583.7195  588.7907  593.7212  598.51154 603.16565
 607.6853  611.9426  615.9734  619.8109  623.46924 626.9564  630.2799
 633.44727 636.4663  639.3445  642.0888  644.70593 647.2019  649.58264
 651.8534  654.0188  656.08276 658.0477  659.9131  661.6731  663.31274
 664.80347 666.1045  571.12805 576.5029  581.7195  586.7907  591.7212
 596.5116  601.16565 605.6853  610.06915 614.20496 618.11633 621.83856
 625.3865  628.7686  631.9924  635.0653  637.9951  640.78906 643.4541
 645.9966  648.4225  650.73737 652.9463  655.0537  657.06335 658.97736
 660.79517 662.511   664.11    665.56433 666.8338  574.5029  579.7195
 584.79065 589.7212  594.51154 599.16565 603.6853  608.06915 612.3097
 616.3244  620.1168  623.72394 627.1621  630.4403  633.566   636.54675
 639.38995 642.1028  644.69183 647.1633  649.52295 651.7758  653.9269
 655.9802  657.9394  659.8063  661.5802  663.2554  664.8172  666.2382
 667.4789  577.7195  582.79065 587.7212  592.51154 597.16565 601.6853
 606.06915 610.3097  614.39026 618.2848  621.9586  625.4515  628.7809
 631.9568  634.9867  637.8782  640.6383  643.2739  645.79144 648.19653
 650.4945  652.69025 654.78827 656.79236 658.7057  660.53    662.2645
 663.9032  665.43164 666.8228  668.03784 580.79065 585.7212  590.51154
 595.16565 599.6853  604.0691  608.30963 612.39026 616.28485 620.0581
 623.61615 626.9973  630.22107 633.2981  636.2362  639.0429  641.725
 644.28894 646.7406  649.0852  651.3277  653.4723  655.5231  657.48364
 659.3567  661.14374 662.84375 664.45074 665.95026 667.3157  668.50854
 583.7212  588.51154 593.16565 597.6853  602.06915 606.30963 610.3902
 614.2848  618.0581  621.6162  625.05383 628.3303  631.4552  634.4402
 637.2935  640.0226  642.634   645.13367 647.5271  649.8189  652.0133
 654.1141  656.1247  658.04846 659.8876  661.64343 663.3147  664.89526
 666.3707  667.7148  668.88934 586.51154 591.1656  595.68536 600.06915
 604.3097  608.3902  612.2848  616.0581  619.6162  623.05383 626.3303
 629.4552  632.4562  635.3606  638.14026 640.80225 643.35315 645.7986
 648.1434  650.3916  652.54675 654.61206 656.5906  658.48486 660.29724
 662.0283  663.67694 665.23676 666.6935  668.0209  669.18115 589.16565
 593.6853  598.06915 602.3097  606.39014 610.2848  614.0581  617.6162
 621.05383 624.33026 627.45514 630.4562  633.3606  636.14026 638.80225
 641.3784  643.8816  646.28455 648.59186 650.8068  652.9324  654.9713
 656.9259  658.7986  660.59106 662.30426 663.9363  665.4811  666.9242
 668.23944 669.38934]
POLICY OUT:
[ 0  0  0  0  0  0  0  0 -1 -1 -2 -2 -2 -3 -3 -3 -3 -3 -4 -4 -4 -4 -4 -4
 -4 -4 -5 -5 -5 -5 -5  0  0  0  0  0  0  0  0  0 -1 -1 -1 -2 -2 -2 -2 -2
 -3 -3 -3 -3 -3 -3 -3 -3 -4 -4 -4 -4 -4 -4  0  0  0  0  0  0  0  0  0  0
  0 -1 -1 -1 -1 -1 -2 -2 -2 -2 -2 -2 -2 -2 -3 -3 -3 -3 -3 -3 -3  0  0  0
  0  0  0  0  0  0  0  0  0  0  0  0 -1 -1 -1 -1 -1 -1 -1 -1 -2 -2 -2 -2
 -2 -2 -2 -2  0  0  0  0  0  0  0  0  0  0  0  0  0  0  0  0  0  0  0  0
  0  0 -1 -1 -1 -1 -1 -1 -1 -1 -1  1  1  1  0  0  0  0  0  0  0  0  0  0
  0  0  0  0  0  0  0  0  0  0  0  0  0  0  0  0  0 -1  2  2  1  1  0  0
  0  0  0  0  0  0  0  0  0  0  0  0  0  0  0  0  0  0  0  0  0  0  0  0
  0  3  2  2  1  1  0  0  0  0  0  0  0  0  0  0  0  0  0  0  0  0  0  0
  0  0  0  0  0  0  0  0  3  3  2  2  1  1  0  0  0  0  0  0  0  0  0  0
  0  0  0  0  0  0  0  0  0  0  0  0  0  0  0  4  3  3  2  2  1  0  0  0
  0  0  0  0  0  0  0  0  0  0  0  0  0  0  0  0  0  0  0  0  0  0  4  4
  3  3  2  1  0  0  0  0  0  0  0  0  0  0  0  0  0  0  0  0  0  0  0  0
  0  0  0  0  0  5  4  4  3  2  1  1  0  0  0  0  0  0  0  0  0  0  0  0
  0  0  0  0  0  0  0  0  0  0  0  0  5  5  4  3  2  2  1  0  0  0  0  0
  0  0  0  0  0  0  0  0  0  0  0  0  0  0  0  0  0  0  0  6  5  4  3  3
  2  1  0  0  0  0  0  0  0  0  0  0  0  0  0  0  0  0  0  0  0  0  0  0
  0  0  6  5  4  4  3  2  1  0  0  0  0  0  0  0  0  0  0  0  0  0  0  0
  0  0  0  0  0  0  0  0  0  6  5  5  4  3  2  1  0  0  0  0  0  0  0  0
  0  0  0  0  0  0  0  0  0  0  0  0  0  0  0  0  6  6  5  4  3  2  1  0
  0  0  0  0  0  0  0  0  0  0  0  0  0  0  0  0  0  0  0  0  0  0  0  7
  6  5  4  3  2  1  0  0  0  0  0  0  0  0  0  0  0  0  0  0  0  0  0  0
  0  0  0  0  0  0  7  6  5  4  3  2  1  0  0  0  0  0  0  0  0  0  0  0
  0  0  0  0  0  0  0  0  0  0  0  0  0  7  6  5  4  3  2  1  0  0  0  0
  0  0  0  0  0  0  0  0  0  0  0  0  0  0  0  0  0  0  0  0  7  6  5  4
  3  2  1  1  0  0  0  0  0  0  0  0  0  0  0  0  0  0  0  0  0  0  0  0
  0  0  0  7  6  5  4  3  2  2  1  0  0  0  0  0  0  0  0  0  0  0  0  0
  0  0  0  0  0  0  0  0  0  0  7  6  5  4  3  3  2  1  0  0  0  0  0  0
  0  0  0  0  0  0  0  0  0  0  0  0  0  0  0  0  0  7  6  5  4  4  3  2
  1  0  0  0  0  0  0  0  0  0  0  0  0  0  0  0  0  0  0  0  0  0  0  0
  7  6  5  5  4  3  2  1  0  0  0  0  0  0  0  0  0  0  0  0  0  0  0  0
  0  0  0  0  0  0  0  7  6  6  5  4  3  2  1  0  0  0  0  0  0  0  0  0
  0  0  0  0  0  0  0  0  0  0  0  0  0  0  7  7  6  5  4  3  2  1  0  0
  0  0  0  0  0  0  0  0  0  0  0  0  0  0  0  0  0  0  0  0  0  8  7  6
  5  4  3  2  1  1  0  0  0  0  0  0  0  0  0  0  0  0  0  0  0  0  0  0
  0  0  0  0  8  7  6  5  4  3  2  2  1  1  0  0  0  0  0  0  0  0  0  0
  0  0  0  0  0  0  0  0  0  0  0  8  7  6  5  4  3  3  2  2  1  1  1  0
  0  0  0  0  0  0  0  0  0  0  0  0  0  0  0  0  0  0  8  7  6  5  4  4
  3  3  2  2  2  1  1  1  1  0  0  0  0  0  0  0  0  0  0  0  0  0  0  0
  0]
D_INF OF V VS REF: 0.00036621094
D_INF OF POLICY VS REF: 0
D_INF (AT STOP) MEAN: 0.0
MAIN ITERATIONS MEAN: 4.0
EVAL ITERATIONS TOTAL MEAN: 430.0
TIME MEAN: 0.1691432476043701 s, STD: 0.007710505246669299 s, STD_%: 4.6%
SPEEDUP VS REF: 266.5875946629319
============================================================================================================================================================================================================================================================
PI CONTRACTION APPROACH 3: jcr_pi_contraction_cuda_atomicmaxplain...
---
REPETITION: 1/10:
JCR PI CONTRACTION CUDA ATOMICMAXPLAIN... [gamma: 0.9, eps: 0.0001, tolerance_v: 1e-07, lazy_stop_check: 5, tpb: 64]
[bpg: 961 (implied by number of states)]
JCR PI CONTRACTION CUDA ATOMICMAXPLAIN DONE. [d_inf: 0.0, main iterations: 4, evaluation iterations total: 430, time: 0.1711409091949463 s]
---
REPETITION: 2/10:
JCR PI CONTRACTION CUDA ATOMICMAXPLAIN... [gamma: 0.9, eps: 0.0001, tolerance_v: 1e-07, lazy_stop_check: 5, tpb: 64]
[bpg: 961 (implied by number of states)]
JCR PI CONTRACTION CUDA ATOMICMAXPLAIN DONE. [d_inf: 0.0, main iterations: 4, evaluation iterations total: 430, time: 0.1709895133972168 s]
---
REPETITION: 3/10:
JCR PI CONTRACTION CUDA ATOMICMAXPLAIN... [gamma: 0.9, eps: 0.0001, tolerance_v: 1e-07, lazy_stop_check: 5, tpb: 64]
[bpg: 961 (implied by number of states)]
JCR PI CONTRACTION CUDA ATOMICMAXPLAIN DONE. [d_inf: 0.0, main iterations: 4, evaluation iterations total: 430, time: 0.17083287239074707 s]
---
REPETITION: 4/10:
JCR PI CONTRACTION CUDA ATOMICMAXPLAIN... [gamma: 0.9, eps: 0.0001, tolerance_v: 1e-07, lazy_stop_check: 5, tpb: 64]
[bpg: 961 (implied by number of states)]
JCR PI CONTRACTION CUDA ATOMICMAXPLAIN DONE. [d_inf: 0.0, main iterations: 4, evaluation iterations total: 430, time: 0.1708357334136963 s]
---
REPETITION: 5/10:
JCR PI CONTRACTION CUDA ATOMICMAXPLAIN... [gamma: 0.9, eps: 0.0001, tolerance_v: 1e-07, lazy_stop_check: 5, tpb: 64]
[bpg: 961 (implied by number of states)]
JCR PI CONTRACTION CUDA ATOMICMAXPLAIN DONE. [d_inf: 0.0, main iterations: 4, evaluation iterations total: 430, time: 0.17089438438415527 s]
---
REPETITION: 6/10:
JCR PI CONTRACTION CUDA ATOMICMAXPLAIN... [gamma: 0.9, eps: 0.0001, tolerance_v: 1e-07, lazy_stop_check: 5, tpb: 64]
[bpg: 961 (implied by number of states)]
JCR PI CONTRACTION CUDA ATOMICMAXPLAIN DONE. [d_inf: 0.0, main iterations: 4, evaluation iterations total: 430, time: 0.1708979606628418 s]
---
REPETITION: 7/10:
JCR PI CONTRACTION CUDA ATOMICMAXPLAIN... [gamma: 0.9, eps: 0.0001, tolerance_v: 1e-07, lazy_stop_check: 5, tpb: 64]
[bpg: 961 (implied by number of states)]
JCR PI CONTRACTION CUDA ATOMICMAXPLAIN DONE. [d_inf: 0.0, main iterations: 4, evaluation iterations total: 430, time: 0.17092251777648926 s]
---
REPETITION: 8/10:
JCR PI CONTRACTION CUDA ATOMICMAXPLAIN... [gamma: 0.9, eps: 0.0001, tolerance_v: 1e-07, lazy_stop_check: 5, tpb: 64]
[bpg: 961 (implied by number of states)]
JCR PI CONTRACTION CUDA ATOMICMAXPLAIN DONE. [d_inf: 0.0, main iterations: 4, evaluation iterations total: 430, time: 0.17090630531311035 s]
---
REPETITION: 9/10:
JCR PI CONTRACTION CUDA ATOMICMAXPLAIN... [gamma: 0.9, eps: 0.0001, tolerance_v: 1e-07, lazy_stop_check: 5, tpb: 64]
[bpg: 961 (implied by number of states)]
JCR PI CONTRACTION CUDA ATOMICMAXPLAIN DONE. [d_inf: 0.0, main iterations: 4, evaluation iterations total: 430, time: 0.170851469039917 s]
---
REPETITION: 10/10:
JCR PI CONTRACTION CUDA ATOMICMAXPLAIN... [gamma: 0.9, eps: 0.0001, tolerance_v: 1e-07, lazy_stop_check: 5, tpb: 64]
[bpg: 961 (implied by number of states)]
JCR PI CONTRACTION CUDA ATOMICMAXPLAIN DONE. [d_inf: 0.0, main iterations: 4, evaluation iterations total: 430, time: 0.17078518867492676 s]
***
SUMMARY:
V OUT:
[421.41693 431.38916 441.24487 450.85022 460.08313 468.87543 477.21408
 485.1183  492.98163 500.47806 507.89038 514.997   521.7556  528.35693
 534.7533  540.8469  546.65857 552.20667 557.63745 562.8631  567.85376
 572.6231  577.18274 581.54266 585.71185 589.69867 593.55414 597.2731
 600.82764 604.225   607.4704  431.29068 441.26285 451.11823 460.72275
 469.95416 478.74432 487.08038 494.98163 502.4781  509.89032 516.997
 523.7556  530.35693 536.75323 542.8469  548.65857 554.20667 559.63745
 564.86304 569.85376 574.62305 579.18274 583.54266 587.71185 591.6986
 595.5541  599.2731  602.8275  606.225   609.47034 612.56433 440.7643
 450.73615 460.58997 470.1906  479.4151  488.19556 496.51984 504.40802
 511.89035 518.997   525.7556  532.35693 538.7533  544.8469  550.65857
 556.20667 561.63745 566.86304 571.85376 576.62305 581.18274 585.5427
 589.7119  593.69867 597.5541  601.2731  604.8275  608.225   611.47034
 614.5643  617.49854 449.58755 459.5586  469.40863 478.9995  488.2066
 496.96277 505.25793 513.11426 520.5633  527.6352  534.35693 540.7533
 546.847   552.6586  558.20667 563.63745 568.8631  573.85376 578.62305
 583.18274 587.5427  591.71185 595.6986  599.5541  603.2731  606.8275
 610.225   613.47034 616.5643  619.49854 622.24915 457.67822 467.6479
 477.49078 487.06345 496.23843 504.94977 513.1918  520.99084 528.3816
 535.39453 542.05634 548.39044 554.41876 560.1616  565.63745 570.86304
 575.8538  580.62305 585.18274 589.54266 593.71185 597.6987  601.5541
 605.2731  608.8275  612.225   615.4704  618.56433 621.49854 624.24915
 626.76843 465.6479  475.49078 485.06345 494.45447 503.5803  512.22327
 520.3844  528.0977  535.40247 542.3312  548.91016 555.16156 561.10614
 566.7633  572.1513  577.28687 582.1854  586.8607  591.3251  595.58905
 599.66235 603.5541  607.2731  610.8275  614.225   617.47034 620.56433
 623.4986  626.24915 628.76843 631.08185 473.49078 483.06345 492.45447
 501.58032 510.3682  518.9195  526.97235 534.5713  541.7627  548.58276
 555.05774 561.2085  567.0545  572.6139  577.9043  582.9418  587.7417
 592.31775 596.6823  600.8466  604.82086 608.6145  612.2366  615.6955
 618.9984  622.15    625.1509  627.99243 630.6515  633.08185 635.2147
 481.06345 490.45447 499.58032 508.3682  516.9195  525.16736 533.0881
 540.54724 547.6011  554.2903  560.6421  566.67664 572.41144 577.8634
 583.04895 587.98364 592.6819  597.1574  601.42236 605.48804 609.365
 613.06274 616.59045 619.9565  623.1676  626.2285  629.13947 631.8922
 634.464   636.8103  638.86536 488.45447 497.5803  506.3682  514.9195
 523.1673  531.0881  538.8294  546.1293  553.0259  559.56604 565.7788
 571.6834  577.296   582.632   587.7064  592.53394 597.1284  601.5027
 605.66876 609.6378  613.42017 617.0255  620.4627  623.74    626.864
 629.83923 632.66583 635.3359  637.82715 640.0967  642.0814  495.58032
 504.36823 512.9195  521.1673  529.0881  536.8294  544.2597  551.38727
 558.11304 564.49084 570.5521  576.31604 581.79736 587.0099  591.9675
 596.6838  601.1717  605.44354 609.51086 613.38434 617.0741  620.5896
 623.93945 627.1317  630.1727  633.067   635.8146  638.4077  640.8248
 643.02454 644.94617 502.3682  510.9195  519.1673  527.08813 534.8294
 542.25964 549.4182  556.3667  562.9138  569.121   575.0227  580.6383
 585.98145 591.0646  595.90063 600.5019  604.88074 609.0486  613.01636
 616.79456 620.39264 623.8198  627.0845  630.19434 633.15564 635.97253
 638.64514 641.166   643.51416 645.6495  647.5134  508.9195  517.1673
 525.0881  532.8294  540.2597  547.4181  554.3667  561.09735 567.463
 573.49585 579.2337  584.69653 589.89716 594.84717 599.5581  604.0416
 608.3092  612.3716  616.23914 619.92163 623.42847 626.7682  629.94904
 632.9782  635.86194 638.604   641.2048  643.6567  645.9396  648.01447
 649.8248  515.1673  523.0881  530.8294  538.2597  545.41815 552.3667
 559.09735 565.59973 571.7849  577.64325 583.2162  588.52466 593.58105
 598.396   602.9801  607.34436 611.49927 615.4552  619.2219  622.8087
 626.22437 629.47723 632.5751  635.5249  638.3325  641.00183 643.5327
 645.9182  648.13855 650.156   651.91565 521.0881  528.82935 536.25964
 543.41815 550.3667  557.0973  563.59973 569.8888  575.8971  581.5834
 586.99316 592.1481  597.0605  601.74023 606.19727 610.44183 614.4839
 618.3331  621.9989  625.49    628.8149  631.98145 634.9971  637.8684
 640.6013  643.1991  645.6621  647.98303 650.1428  652.10486 653.8159
 526.82935 534.2597  541.4181  548.3667  555.0973  561.59973 567.8888
 573.97656 579.81287 585.3316  590.5814  595.5855  600.35583 604.90186
 609.2329  613.3585  617.28827 621.0315  624.5968  627.9928  631.2275
 634.30835 637.24255 640.0366  642.6957  645.2235  647.61975 649.8777
 651.97864 653.8871  655.551   532.25964 539.41815 546.3667  553.09735
 559.59973 565.8888  571.97656 577.87305 583.5436  588.89996 593.9945
 598.85144 603.4829  607.8977  612.10474 616.11316 619.9321  623.5703
 627.0364  630.33826 633.48364 636.47986 639.33374 642.0514  644.63794
 647.0968  649.42773 651.624   653.6676  655.5237  657.142   537.41815
 544.3667  551.09735 557.59973 563.8888  569.97656 575.87305 581.5874
 587.0984  592.29846 597.24304 601.9574  606.45386 610.7407  614.82654
 618.7201  622.4302  625.96533 629.3336  632.5427  635.6002  638.51306
 641.2877  643.9302  646.44543 648.83655 651.1034  653.2394  655.22687
 657.03204 658.60596 542.3667  549.09735 555.59973 561.8888  567.97656
 573.87305 579.58746 585.12805 590.4861  595.5359  600.336   604.9127
 609.2783  613.44104 617.40894 621.1904  624.79407 628.22815 631.5006
 634.6188  637.58984 640.4208  643.1177  645.6863  648.1315  650.4563
 652.6604  654.7375  656.67017 658.4257  659.95636 547.09735 553.59973
 559.8888  565.97656 571.87305 577.5874  583.12805 588.5029  593.7145
 598.6201  603.28125 607.7252  611.96436 616.0067  619.85986 623.5322
 627.0321  630.36755 633.5462  636.5753  639.4619  642.2125  644.83325
 647.3297  649.7064  651.9663  654.10913 656.12866 658.00806 659.7152
 661.2038  551.59973 557.8888  563.97656 569.87305 575.5874  581.12805
 586.5029  591.7195  596.7907  601.5579  606.08527 610.4012  614.51794
 618.4435  622.1854  625.7516  629.15045 632.38965 635.4768  638.41895
 641.2229  643.89514 646.44147 648.8673  651.17725 653.3739  655.45715
 657.4207  659.24817 660.9085  662.35645 555.8888  561.97656 567.87305
 573.5874  579.12805 584.5029  589.7195  594.79065 599.7212  604.3552
 608.75354 612.94543 616.9436  620.75574 624.3894  627.8523  631.1527
 634.2981  637.29596 640.1533  642.87683 645.47266 647.9466  650.30383
 652.54877 654.6841  656.7095  658.6189  660.3962  662.0112  663.4197
 559.9765  565.87305 571.5874  577.12805 582.5029  587.7195  592.79065
 597.7212  602.5116  607.01685 611.29    615.36145 619.2441  622.9458
 626.4739  629.83606 633.0403  636.09436 639.0054  641.78015 644.4254
 646.94696 649.3506  651.6415  653.8235  655.8994  657.8691  659.72626
 661.45544 663.02686 664.3976  563.87305 569.5874  575.12805 580.5029
 585.7195  590.7907  595.7212  600.51154 605.16565 609.5457  613.69666
 617.65027 621.42    625.01355 628.43835 631.70215 634.8126  637.7776
 640.604   643.2987  645.8679  648.31775 650.65356 652.88025 655.00195
 657.021   658.93713 660.7444  662.4275  663.9575  665.2923  567.5874
 573.12805 578.5029  583.7195  588.7907  593.7212  598.51154 603.16565
 607.6853  611.9426  615.9734  619.8109  623.46924 626.9564  630.2799
 633.44727 636.4663  639.3445  642.0888  644.70593 647.2019  649.58264
 651.8534  654.0188  656.08276 658.0477  659.9131  661.6731  663.31274
 664.80347 666.1045  571.12805 576.5029  581.7195  586.7907  591.7212
 596.5116  601.16565 605.6853  610.06915 614.20496 618.11633 621.83856
 625.3865  628.7686  631.9924  635.0653  637.9951  640.78906 643.4541
 645.9966  648.4225  650.73737 652.9463  655.0537  657.06335 658.97736
 660.79517 662.511   664.11    665.56433 666.8338  574.5029  579.7195
 584.79065 589.7212  594.51154 599.16565 603.6853  608.06915 612.3097
 616.3244  620.1168  623.72394 627.1621  630.4403  633.566   636.54675
 639.38995 642.1028  644.69183 647.1633  649.52295 651.7758  653.9269
 655.9802  657.9394  659.8063  661.5802  663.2554  664.8172  666.2382
 667.4789  577.7195  582.79065 587.7212  592.51154 597.16565 601.6853
 606.06915 610.3097  614.39026 618.2848  621.9586  625.4515  628.7809
 631.9568  634.9867  637.8782  640.6383  643.2739  645.79144 648.19653
 650.4945  652.69025 654.78827 656.79236 658.7057  660.53    662.2645
 663.9032  665.43164 666.8228  668.03784 580.79065 585.7212  590.51154
 595.16565 599.6853  604.0691  608.30963 612.39026 616.28485 620.0581
 623.61615 626.9973  630.22107 633.2981  636.2362  639.0429  641.725
 644.28894 646.7406  649.0852  651.3277  653.4723  655.5231  657.48364
 659.3567  661.14374 662.84375 664.45074 665.95026 667.3157  668.50854
 583.7212  588.51154 593.16565 597.6853  602.06915 606.30963 610.3902
 614.2848  618.0581  621.6162  625.05383 628.3303  631.4552  634.4402
 637.2935  640.0226  642.634   645.13367 647.5271  649.8189  652.0133
 654.1141  656.1247  658.04846 659.8876  661.64343 663.3147  664.89526
 666.3707  667.7148  668.88934 586.51154 591.1656  595.68536 600.06915
 604.3097  608.3902  612.2848  616.0581  619.6162  623.05383 626.3303
 629.4552  632.4562  635.3606  638.14026 640.80225 643.35315 645.7986
 648.1434  650.3916  652.54675 654.61206 656.5906  658.48486 660.29724
 662.0283  663.67694 665.23676 666.6935  668.0209  669.18115 589.16565
 593.6853  598.06915 602.3097  606.39014 610.2848  614.0581  617.6162
 621.05383 624.33026 627.45514 630.4562  633.3606  636.14026 638.80225
 641.3784  643.8816  646.28455 648.59186 650.8068  652.9324  654.9713
 656.9259  658.7986  660.59106 662.30426 663.9363  665.4811  666.9242
 668.23944 669.38934]
POLICY OUT:
[ 0  0  0  0  0  0  0  0 -1 -1 -2 -2 -2 -3 -3 -3 -3 -3 -4 -4 -4 -4 -4 -4
 -4 -4 -5 -5 -5 -5 -5  0  0  0  0  0  0  0  0  0 -1 -1 -1 -2 -2 -2 -2 -2
 -3 -3 -3 -3 -3 -3 -3 -3 -4 -4 -4 -4 -4 -4  0  0  0  0  0  0  0  0  0  0
  0 -1 -1 -1 -1 -1 -2 -2 -2 -2 -2 -2 -2 -2 -3 -3 -3 -3 -3 -3 -3  0  0  0
  0  0  0  0  0  0  0  0  0  0  0  0 -1 -1 -1 -1 -1 -1 -1 -1 -2 -2 -2 -2
 -2 -2 -2 -2  0  0  0  0  0  0  0  0  0  0  0  0  0  0  0  0  0  0  0  0
  0  0 -1 -1 -1 -1 -1 -1 -1 -1 -1  1  1  1  0  0  0  0  0  0  0  0  0  0
  0  0  0  0  0  0  0  0  0  0  0  0  0  0  0  0  0 -1  2  2  1  1  0  0
  0  0  0  0  0  0  0  0  0  0  0  0  0  0  0  0  0  0  0  0  0  0  0  0
  0  3  2  2  1  1  0  0  0  0  0  0  0  0  0  0  0  0  0  0  0  0  0  0
  0  0  0  0  0  0  0  0  3  3  2  2  1  1  0  0  0  0  0  0  0  0  0  0
  0  0  0  0  0  0  0  0  0  0  0  0  0  0  0  4  3  3  2  2  1  0  0  0
  0  0  0  0  0  0  0  0  0  0  0  0  0  0  0  0  0  0  0  0  0  0  4  4
  3  3  2  1  0  0  0  0  0  0  0  0  0  0  0  0  0  0  0  0  0  0  0  0
  0  0  0  0  0  5  4  4  3  2  1  1  0  0  0  0  0  0  0  0  0  0  0  0
  0  0  0  0  0  0  0  0  0  0  0  0  5  5  4  3  2  2  1  0  0  0  0  0
  0  0  0  0  0  0  0  0  0  0  0  0  0  0  0  0  0  0  0  6  5  4  3  3
  2  1  0  0  0  0  0  0  0  0  0  0  0  0  0  0  0  0  0  0  0  0  0  0
  0  0  6  5  4  4  3  2  1  0  0  0  0  0  0  0  0  0  0  0  0  0  0  0
  0  0  0  0  0  0  0  0  0  6  5  5  4  3  2  1  0  0  0  0  0  0  0  0
  0  0  0  0  0  0  0  0  0  0  0  0  0  0  0  0  6  6  5  4  3  2  1  0
  0  0  0  0  0  0  0  0  0  0  0  0  0  0  0  0  0  0  0  0  0  0  0  7
  6  5  4  3  2  1  0  0  0  0  0  0  0  0  0  0  0  0  0  0  0  0  0  0
  0  0  0  0  0  0  7  6  5  4  3  2  1  0  0  0  0  0  0  0  0  0  0  0
  0  0  0  0  0  0  0  0  0  0  0  0  0  7  6  5  4  3  2  1  0  0  0  0
  0  0  0  0  0  0  0  0  0  0  0  0  0  0  0  0  0  0  0  0  7  6  5  4
  3  2  1  1  0  0  0  0  0  0  0  0  0  0  0  0  0  0  0  0  0  0  0  0
  0  0  0  7  6  5  4  3  2  2  1  0  0  0  0  0  0  0  0  0  0  0  0  0
  0  0  0  0  0  0  0  0  0  0  7  6  5  4  3  3  2  1  0  0  0  0  0  0
  0  0  0  0  0  0  0  0  0  0  0  0  0  0  0  0  0  7  6  5  4  4  3  2
  1  0  0  0  0  0  0  0  0  0  0  0  0  0  0  0  0  0  0  0  0  0  0  0
  7  6  5  5  4  3  2  1  0  0  0  0  0  0  0  0  0  0  0  0  0  0  0  0
  0  0  0  0  0  0  0  7  6  6  5  4  3  2  1  0  0  0  0  0  0  0  0  0
  0  0  0  0  0  0  0  0  0  0  0  0  0  0  7  7  6  5  4  3  2  1  0  0
  0  0  0  0  0  0  0  0  0  0  0  0  0  0  0  0  0  0  0  0  0  8  7  6
  5  4  3  2  1  1  0  0  0  0  0  0  0  0  0  0  0  0  0  0  0  0  0  0
  0  0  0  0  8  7  6  5  4  3  2  2  1  1  0  0  0  0  0  0  0  0  0  0
  0  0  0  0  0  0  0  0  0  0  0  8  7  6  5  4  3  3  2  2  1  1  1  0
  0  0  0  0  0  0  0  0  0  0  0  0  0  0  0  0  0  0  8  7  6  5  4  4
  3  3  2  2  2  1  1  1  1  0  0  0  0  0  0  0  0  0  0  0  0  0  0  0
  0]
D_INF OF V VS REF: 0.00036621094
D_INF OF POLICY VS REF: 0
D_INF (AT STOP) MEAN: 0.0
MAIN ITERATIONS MEAN: 4.0
EVAL ITERATIONS TOTAL MEAN: 430.0
TIME MEAN: 0.1709056854248047 s, STD: 9.512221280987015e-05 s, STD_%: 0.1%
SPEEDUP VS REF: 263.83845230336215
============================================================================================================================================================================================================================================================
PI CONTRACTION APPROACH 4: jcr_pi_contraction_cuda_reducemax...
---
REPETITION: 1/10:
JCR PI CONTRACTION CUDA REDUCEMAX... [gamma: 0.9, eps: 0.0001, tolerance_v: 1e-07, lazy_stop_check: 5, tpb: 64]
[bpg: 961 (implied by number of states)]
JCR PI CONTRACTION CUDA REDUCEMAX DONE. [d_inf: 0.0, main iterations: 4, evaluation iterations total: 430, time: 0.16380810737609863 s]
---
REPETITION: 2/10:
JCR PI CONTRACTION CUDA REDUCEMAX... [gamma: 0.9, eps: 0.0001, tolerance_v: 1e-07, lazy_stop_check: 5, tpb: 64]
[bpg: 961 (implied by number of states)]
JCR PI CONTRACTION CUDA REDUCEMAX DONE. [d_inf: 0.0, main iterations: 4, evaluation iterations total: 430, time: 0.16385936737060547 s]
---
REPETITION: 3/10:
JCR PI CONTRACTION CUDA REDUCEMAX... [gamma: 0.9, eps: 0.0001, tolerance_v: 1e-07, lazy_stop_check: 5, tpb: 64]
[bpg: 961 (implied by number of states)]
JCR PI CONTRACTION CUDA REDUCEMAX DONE. [d_inf: 0.0, main iterations: 4, evaluation iterations total: 430, time: 0.16376185417175293 s]
---
REPETITION: 4/10:
JCR PI CONTRACTION CUDA REDUCEMAX... [gamma: 0.9, eps: 0.0001, tolerance_v: 1e-07, lazy_stop_check: 5, tpb: 64]
[bpg: 961 (implied by number of states)]
JCR PI CONTRACTION CUDA REDUCEMAX DONE. [d_inf: 0.0, main iterations: 4, evaluation iterations total: 430, time: 0.16371822357177734 s]
---
REPETITION: 5/10:
JCR PI CONTRACTION CUDA REDUCEMAX... [gamma: 0.9, eps: 0.0001, tolerance_v: 1e-07, lazy_stop_check: 5, tpb: 64]
[bpg: 961 (implied by number of states)]
JCR PI CONTRACTION CUDA REDUCEMAX DONE. [d_inf: 0.0, main iterations: 4, evaluation iterations total: 430, time: 0.163726806640625 s]
---
REPETITION: 6/10:
JCR PI CONTRACTION CUDA REDUCEMAX... [gamma: 0.9, eps: 0.0001, tolerance_v: 1e-07, lazy_stop_check: 5, tpb: 64]
[bpg: 961 (implied by number of states)]
JCR PI CONTRACTION CUDA REDUCEMAX DONE. [d_inf: 0.0, main iterations: 4, evaluation iterations total: 430, time: 0.16367077827453613 s]
---
REPETITION: 7/10:
JCR PI CONTRACTION CUDA REDUCEMAX... [gamma: 0.9, eps: 0.0001, tolerance_v: 1e-07, lazy_stop_check: 5, tpb: 64]
[bpg: 961 (implied by number of states)]
JCR PI CONTRACTION CUDA REDUCEMAX DONE. [d_inf: 0.0, main iterations: 4, evaluation iterations total: 430, time: 0.16381096839904785 s]
---
REPETITION: 8/10:
JCR PI CONTRACTION CUDA REDUCEMAX... [gamma: 0.9, eps: 0.0001, tolerance_v: 1e-07, lazy_stop_check: 5, tpb: 64]
[bpg: 961 (implied by number of states)]
JCR PI CONTRACTION CUDA REDUCEMAX DONE. [d_inf: 0.0, main iterations: 4, evaluation iterations total: 430, time: 0.16368913650512695 s]
---
REPETITION: 9/10:
JCR PI CONTRACTION CUDA REDUCEMAX... [gamma: 0.9, eps: 0.0001, tolerance_v: 1e-07, lazy_stop_check: 5, tpb: 64]
[bpg: 961 (implied by number of states)]
JCR PI CONTRACTION CUDA REDUCEMAX DONE. [d_inf: 0.0, main iterations: 4, evaluation iterations total: 430, time: 0.16370630264282227 s]
---
REPETITION: 10/10:
JCR PI CONTRACTION CUDA REDUCEMAX... [gamma: 0.9, eps: 0.0001, tolerance_v: 1e-07, lazy_stop_check: 5, tpb: 64]
[bpg: 961 (implied by number of states)]
JCR PI CONTRACTION CUDA REDUCEMAX DONE. [d_inf: 0.0, main iterations: 4, evaluation iterations total: 430, time: 0.16368365287780762 s]
***
SUMMARY:
V OUT:
[421.41693 431.38916 441.24487 450.85022 460.08313 468.87543 477.21408
 485.1183  492.98163 500.47806 507.89038 514.997   521.7556  528.35693
 534.7533  540.8469  546.65857 552.20667 557.63745 562.8631  567.85376
 572.6231  577.18274 581.54266 585.71185 589.69867 593.55414 597.2731
 600.82764 604.225   607.4704  431.29068 441.26285 451.11823 460.72275
 469.95416 478.74432 487.08038 494.98163 502.4781  509.89032 516.997
 523.7556  530.35693 536.75323 542.8469  548.65857 554.20667 559.63745
 564.86304 569.85376 574.62305 579.18274 583.54266 587.71185 591.6986
 595.5541  599.2731  602.8275  606.225   609.47034 612.56433 440.7643
 450.73615 460.58997 470.1906  479.4151  488.19556 496.51984 504.40802
 511.89035 518.997   525.7556  532.35693 538.7533  544.8469  550.65857
 556.20667 561.63745 566.86304 571.85376 576.62305 581.18274 585.5427
 589.7119  593.69867 597.5541  601.2731  604.8275  608.225   611.47034
 614.5643  617.49854 449.58755 459.5586  469.40863 478.9995  488.2066
 496.96277 505.25793 513.11426 520.5633  527.6352  534.35693 540.7533
 546.847   552.6586  558.20667 563.63745 568.8631  573.85376 578.62305
 583.18274 587.5427  591.71185 595.6986  599.5541  603.2731  606.8275
 610.225   613.47034 616.5643  619.49854 622.24915 457.67822 467.6479
 477.49078 487.06345 496.23843 504.94977 513.1918  520.99084 528.3816
 535.39453 542.05634 548.39044 554.41876 560.1616  565.63745 570.86304
 575.8538  580.62305 585.18274 589.54266 593.71185 597.6987  601.5541
 605.2731  608.8275  612.225   615.4704  618.56433 621.49854 624.24915
 626.76843 465.6479  475.49078 485.06345 494.45447 503.5803  512.22327
 520.3844  528.0977  535.40247 542.3312  548.91016 555.16156 561.10614
 566.7633  572.1513  577.28687 582.1854  586.8607  591.3251  595.58905
 599.66235 603.5541  607.2731  610.8275  614.225   617.47034 620.56433
 623.4986  626.24915 628.76843 631.08185 473.49078 483.06345 492.45447
 501.58032 510.3682  518.9195  526.97235 534.5713  541.7627  548.58276
 555.05774 561.2085  567.0545  572.6139  577.9043  582.9418  587.7417
 592.31775 596.6823  600.8466  604.82086 608.6145  612.2366  615.6955
 618.9984  622.15    625.1509  627.99243 630.6515  633.08185 635.2147
 481.06345 490.45447 499.58032 508.3682  516.9195  525.16736 533.0881
 540.54724 547.6011  554.2903  560.6421  566.67664 572.41144 577.8634
 583.04895 587.98364 592.6819  597.1574  601.42236 605.48804 609.365
 613.06274 616.59045 619.9565  623.1676  626.2285  629.13947 631.8922
 634.464   636.8103  638.86536 488.45447 497.5803  506.3682  514.9195
 523.1673  531.0881  538.8294  546.1293  553.0259  559.56604 565.7788
 571.6834  577.296   582.632   587.7064  592.53394 597.1284  601.5027
 605.66876 609.6378  613.42017 617.0255  620.4627  623.74    626.864
 629.83923 632.66583 635.3359  637.82715 640.0967  642.0814  495.58032
 504.36823 512.9195  521.1673  529.0881  536.8294  544.2597  551.38727
 558.11304 564.49084 570.5521  576.31604 581.79736 587.0099  591.9675
 596.6838  601.1717  605.44354 609.51086 613.38434 617.0741  620.5896
 623.93945 627.1317  630.1727  633.067   635.8146  638.4077  640.8248
 643.02454 644.94617 502.3682  510.9195  519.1673  527.08813 534.8294
 542.25964 549.4182  556.3667  562.9138  569.121   575.0227  580.6383
 585.98145 591.0646  595.90063 600.5019  604.88074 609.0486  613.01636
 616.79456 620.39264 623.8198  627.0845  630.19434 633.15564 635.97253
 638.64514 641.166   643.51416 645.6495  647.5134  508.9195  517.1673
 525.0881  532.8294  540.2597  547.4181  554.3667  561.09735 567.463
 573.49585 579.2337  584.69653 589.89716 594.84717 599.5581  604.0416
 608.3092  612.3716  616.23914 619.92163 623.42847 626.7682  629.94904
 632.9782  635.86194 638.604   641.2048  643.6567  645.9396  648.01447
 649.8248  515.1673  523.0881  530.8294  538.2597  545.41815 552.3667
 559.09735 565.59973 571.7849  577.64325 583.2162  588.52466 593.58105
 598.396   602.9801  607.34436 611.49927 615.4552  619.2219  622.8087
 626.22437 629.47723 632.5751  635.5249  638.3325  641.00183 643.5327
 645.9182  648.13855 650.156   651.91565 521.0881  528.82935 536.25964
 543.41815 550.3667  557.0973  563.59973 569.8888  575.8971  581.5834
 586.99316 592.1481  597.0605  601.74023 606.19727 610.44183 614.4839
 618.3331  621.9989  625.49    628.8149  631.98145 634.9971  637.8684
 640.6013  643.1991  645.6621  647.98303 650.1428  652.10486 653.8159
 526.82935 534.2597  541.4181  548.3667  555.0973  561.59973 567.8888
 573.97656 579.81287 585.3316  590.5814  595.5855  600.35583 604.90186
 609.2329  613.3585  617.28827 621.0315  624.5968  627.9928  631.2275
 634.30835 637.24255 640.0366  642.6957  645.2235  647.61975 649.8777
 651.97864 653.8871  655.551   532.25964 539.41815 546.3667  553.09735
 559.59973 565.8888  571.97656 577.87305 583.5436  588.89996 593.9945
 598.85144 603.4829  607.8977  612.10474 616.11316 619.9321  623.5703
 627.0364  630.33826 633.48364 636.47986 639.33374 642.0514  644.63794
 647.0968  649.42773 651.624   653.6676  655.5237  657.142   537.41815
 544.3667  551.09735 557.59973 563.8888  569.97656 575.87305 581.5874
 587.0984  592.29846 597.24304 601.9574  606.45386 610.7407  614.82654
 618.7201  622.4302  625.96533 629.3336  632.5427  635.6002  638.51306
 641.2877  643.9302  646.44543 648.83655 651.1034  653.2394  655.22687
 657.03204 658.60596 542.3667  549.09735 555.59973 561.8888  567.97656
 573.87305 579.58746 585.12805 590.4861  595.5359  600.336   604.9127
 609.2783  613.44104 617.40894 621.1904  624.79407 628.22815 631.5006
 634.6188  637.58984 640.4208  643.1177  645.6863  648.1315  650.4563
 652.6604  654.7375  656.67017 658.4257  659.95636 547.09735 553.59973
 559.8888  565.97656 571.87305 577.5874  583.12805 588.5029  593.7145
 598.6201  603.28125 607.7252  611.96436 616.0067  619.85986 623.5322
 627.0321  630.36755 633.5462  636.5753  639.4619  642.2125  644.83325
 647.3297  649.7064  651.9663  654.10913 656.12866 658.00806 659.7152
 661.2038  551.59973 557.8888  563.97656 569.87305 575.5874  581.12805
 586.5029  591.7195  596.7907  601.5579  606.08527 610.4012  614.51794
 618.4435  622.1854  625.7516  629.15045 632.38965 635.4768  638.41895
 641.2229  643.89514 646.44147 648.8673  651.17725 653.3739  655.45715
 657.4207  659.24817 660.9085  662.35645 555.8888  561.97656 567.87305
 573.5874  579.12805 584.5029  589.7195  594.79065 599.7212  604.3552
 608.75354 612.94543 616.9436  620.75574 624.3894  627.8523  631.1527
 634.2981  637.29596 640.1533  642.87683 645.47266 647.9466  650.30383
 652.54877 654.6841  656.7095  658.6189  660.3962  662.0112  663.4197
 559.9765  565.87305 571.5874  577.12805 582.5029  587.7195  592.79065
 597.7212  602.5116  607.01685 611.29    615.36145 619.2441  622.9458
 626.4739  629.83606 633.0403  636.09436 639.0054  641.78015 644.4254
 646.94696 649.3506  651.6415  653.8235  655.8994  657.8691  659.72626
 661.45544 663.02686 664.3976  563.87305 569.5874  575.12805 580.5029
 585.7195  590.7907  595.7212  600.51154 605.16565 609.5457  613.69666
 617.65027 621.42    625.01355 628.43835 631.70215 634.8126  637.7776
 640.604   643.2987  645.8679  648.31775 650.65356 652.88025 655.00195
 657.021   658.93713 660.7444  662.4275  663.9575  665.2923  567.5874
 573.12805 578.5029  583.7195  588.7907  593.7212  598.51154 603.16565
 607.6853  611.9426  615.9734  619.8109  623.46924 626.9564  630.2799
 633.44727 636.4663  639.3445  642.0888  644.70593 647.2019  649.58264
 651.8534  654.0188  656.08276 658.0477  659.9131  661.6731  663.31274
 664.80347 666.1045  571.12805 576.5029  581.7195  586.7907  591.7212
 596.5116  601.16565 605.6853  610.06915 614.20496 618.11633 621.83856
 625.3865  628.7686  631.9924  635.0653  637.9951  640.78906 643.4541
 645.9966  648.4225  650.73737 652.9463  655.0537  657.06335 658.97736
 660.79517 662.511   664.11    665.56433 666.8338  574.5029  579.7195
 584.79065 589.7212  594.51154 599.16565 603.6853  608.06915 612.3097
 616.3244  620.1168  623.72394 627.1621  630.4403  633.566   636.54675
 639.38995 642.1028  644.69183 647.1633  649.52295 651.7758  653.9269
 655.9802  657.9394  659.8063  661.5802  663.2554  664.8172  666.2382
 667.4789  577.7195  582.79065 587.7212  592.51154 597.16565 601.6853
 606.06915 610.3097  614.39026 618.2848  621.9586  625.4515  628.7809
 631.9568  634.9867  637.8782  640.6383  643.2739  645.79144 648.19653
 650.4945  652.69025 654.78827 656.79236 658.7057  660.53    662.2645
 663.9032  665.43164 666.8228  668.03784 580.79065 585.7212  590.51154
 595.16565 599.6853  604.0691  608.30963 612.39026 616.28485 620.0581
 623.61615 626.9973  630.22107 633.2981  636.2362  639.0429  641.725
 644.28894 646.7406  649.0852  651.3277  653.4723  655.5231  657.48364
 659.3567  661.14374 662.84375 664.45074 665.95026 667.3157  668.50854
 583.7212  588.51154 593.16565 597.6853  602.06915 606.30963 610.3902
 614.2848  618.0581  621.6162  625.05383 628.3303  631.4552  634.4402
 637.2935  640.0226  642.634   645.13367 647.5271  649.8189  652.0133
 654.1141  656.1247  658.04846 659.8876  661.64343 663.3147  664.89526
 666.3707  667.7148  668.88934 586.51154 591.1656  595.68536 600.06915
 604.3097  608.3902  612.2848  616.0581  619.6162  623.05383 626.3303
 629.4552  632.4562  635.3606  638.14026 640.80225 643.35315 645.7986
 648.1434  650.3916  652.54675 654.61206 656.5906  658.48486 660.29724
 662.0283  663.67694 665.23676 666.6935  668.0209  669.18115 589.16565
 593.6853  598.06915 602.3097  606.39014 610.2848  614.0581  617.6162
 621.05383 624.33026 627.45514 630.4562  633.3606  636.14026 638.80225
 641.3784  643.8816  646.28455 648.59186 650.8068  652.9324  654.9713
 656.9259  658.7986  660.59106 662.30426 663.9363  665.4811  666.9242
 668.23944 669.38934]
POLICY OUT:
[ 0  0  0  0  0  0  0  0 -1 -1 -2 -2 -2 -3 -3 -3 -3 -3 -4 -4 -4 -4 -4 -4
 -4 -4 -5 -5 -5 -5 -5  0  0  0  0  0  0  0  0  0 -1 -1 -1 -2 -2 -2 -2 -2
 -3 -3 -3 -3 -3 -3 -3 -3 -4 -4 -4 -4 -4 -4  0  0  0  0  0  0  0  0  0  0
  0 -1 -1 -1 -1 -1 -2 -2 -2 -2 -2 -2 -2 -2 -3 -3 -3 -3 -3 -3 -3  0  0  0
  0  0  0  0  0  0  0  0  0  0  0  0 -1 -1 -1 -1 -1 -1 -1 -1 -2 -2 -2 -2
 -2 -2 -2 -2  0  0  0  0  0  0  0  0  0  0  0  0  0  0  0  0  0  0  0  0
  0  0 -1 -1 -1 -1 -1 -1 -1 -1 -1  1  1  1  0  0  0  0  0  0  0  0  0  0
  0  0  0  0  0  0  0  0  0  0  0  0  0  0  0  0  0 -1  2  2  1  1  0  0
  0  0  0  0  0  0  0  0  0  0  0  0  0  0  0  0  0  0  0  0  0  0  0  0
  0  3  2  2  1  1  0  0  0  0  0  0  0  0  0  0  0  0  0  0  0  0  0  0
  0  0  0  0  0  0  0  0  3  3  2  2  1  1  0  0  0  0  0  0  0  0  0  0
  0  0  0  0  0  0  0  0  0  0  0  0  0  0  0  4  3  3  2  2  1  0  0  0
  0  0  0  0  0  0  0  0  0  0  0  0  0  0  0  0  0  0  0  0  0  0  4  4
  3  3  2  1  0  0  0  0  0  0  0  0  0  0  0  0  0  0  0  0  0  0  0  0
  0  0  0  0  0  5  4  4  3  2  1  1  0  0  0  0  0  0  0  0  0  0  0  0
  0  0  0  0  0  0  0  0  0  0  0  0  5  5  4  3  2  2  1  0  0  0  0  0
  0  0  0  0  0  0  0  0  0  0  0  0  0  0  0  0  0  0  0  6  5  4  3  3
  2  1  0  0  0  0  0  0  0  0  0  0  0  0  0  0  0  0  0  0  0  0  0  0
  0  0  6  5  4  4  3  2  1  0  0  0  0  0  0  0  0  0  0  0  0  0  0  0
  0  0  0  0  0  0  0  0  0  6  5  5  4  3  2  1  0  0  0  0  0  0  0  0
  0  0  0  0  0  0  0  0  0  0  0  0  0  0  0  0  6  6  5  4  3  2  1  0
  0  0  0  0  0  0  0  0  0  0  0  0  0  0  0  0  0  0  0  0  0  0  0  7
  6  5  4  3  2  1  0  0  0  0  0  0  0  0  0  0  0  0  0  0  0  0  0  0
  0  0  0  0  0  0  7  6  5  4  3  2  1  0  0  0  0  0  0  0  0  0  0  0
  0  0  0  0  0  0  0  0  0  0  0  0  0  7  6  5  4  3  2  1  0  0  0  0
  0  0  0  0  0  0  0  0  0  0  0  0  0  0  0  0  0  0  0  0  7  6  5  4
  3  2  1  1  0  0  0  0  0  0  0  0  0  0  0  0  0  0  0  0  0  0  0  0
  0  0  0  7  6  5  4  3  2  2  1  0  0  0  0  0  0  0  0  0  0  0  0  0
  0  0  0  0  0  0  0  0  0  0  7  6  5  4  3  3  2  1  0  0  0  0  0  0
  0  0  0  0  0  0  0  0  0  0  0  0  0  0  0  0  0  7  6  5  4  4  3  2
  1  0  0  0  0  0  0  0  0  0  0  0  0  0  0  0  0  0  0  0  0  0  0  0
  7  6  5  5  4  3  2  1  0  0  0  0  0  0  0  0  0  0  0  0  0  0  0  0
  0  0  0  0  0  0  0  7  6  6  5  4  3  2  1  0  0  0  0  0  0  0  0  0
  0  0  0  0  0  0  0  0  0  0  0  0  0  0  7  7  6  5  4  3  2  1  0  0
  0  0  0  0  0  0  0  0  0  0  0  0  0  0  0  0  0  0  0  0  0  8  7  6
  5  4  3  2  1  1  0  0  0  0  0  0  0  0  0  0  0  0  0  0  0  0  0  0
  0  0  0  0  8  7  6  5  4  3  2  2  1  1  0  0  0  0  0  0  0  0  0  0
  0  0  0  0  0  0  0  0  0  0  0  8  7  6  5  4  3  3  2  2  1  1  1  0
  0  0  0  0  0  0  0  0  0  0  0  0  0  0  0  0  0  0  8  7  6  5  4  4
  3  3  2  2  2  1  1  1  1  0  0  0  0  0  0  0  0  0  0  0  0  0  0  0
  0]
D_INF OF V VS REF: 0.00036621094
D_INF OF POLICY VS REF: 0
D_INF (AT STOP) MEAN: 0.0
MAIN ITERATIONS MEAN: 4.0
EVAL ITERATIONS TOTAL MEAN: 430.0
TIME MEAN: 0.16374351978302001 s, STD: 6.051028310163688e-05 s, STD_%: 0.0%
SPEEDUP VS REF: 275.37878501743114
============================================================================================================================================================================================================================================================
PI CONTRACTION APPROACH 5: jcr_pi_contraction_cuda_gridsync...
---
REPETITION: 1/10:
JCR PI CONTRACTION CUDA GRIDSYNC... [gamma: 0.9, eps: 0.0001, tolerance_v: 1e-07, tpb: 64, assumed max_bpg_gridsync: None]
[discovered max_bpg_gridsync: 2040; time: 9.083747863769531e-05 s]
[kernel eval -> bpg: 961 (max_bpg_gridsync or number of states if smaller), tpb: 64, spb: 1]
[kernel improve -> bpg: 961 (implied by number of states), tpb: 64]
JCR PI CONTRACTION CUDA GRIDSYNC DONE. [d_inf: 6.1035156e-05, main iterations: 4, evaluation iterations total: 406, time: 0.1597456932067871 s]
---
REPETITION: 2/10:
JCR PI CONTRACTION CUDA GRIDSYNC... [gamma: 0.9, eps: 0.0001, tolerance_v: 1e-07, tpb: 64, assumed max_bpg_gridsync: None]
[discovered max_bpg_gridsync: 2040; time: 4.1484832763671875e-05 s]
[kernel eval -> bpg: 961 (max_bpg_gridsync or number of states if smaller), tpb: 64, spb: 1]
[kernel improve -> bpg: 961 (implied by number of states), tpb: 64]
JCR PI CONTRACTION CUDA GRIDSYNC DONE. [d_inf: 6.1035156e-05, main iterations: 4, evaluation iterations total: 406, time: 0.15958857536315918 s]
---
REPETITION: 3/10:
JCR PI CONTRACTION CUDA GRIDSYNC... [gamma: 0.9, eps: 0.0001, tolerance_v: 1e-07, tpb: 64, assumed max_bpg_gridsync: None]
[discovered max_bpg_gridsync: 2040; time: 3.910064697265625e-05 s]
[kernel eval -> bpg: 961 (max_bpg_gridsync or number of states if smaller), tpb: 64, spb: 1]
[kernel improve -> bpg: 961 (implied by number of states), tpb: 64]
JCR PI CONTRACTION CUDA GRIDSYNC DONE. [d_inf: 6.1035156e-05, main iterations: 4, evaluation iterations total: 406, time: 0.15957021713256836 s]
---
REPETITION: 4/10:
JCR PI CONTRACTION CUDA GRIDSYNC... [gamma: 0.9, eps: 0.0001, tolerance_v: 1e-07, tpb: 64, assumed max_bpg_gridsync: None]
[discovered max_bpg_gridsync: 2040; time: 4.124641418457031e-05 s]
[kernel eval -> bpg: 961 (max_bpg_gridsync or number of states if smaller), tpb: 64, spb: 1]
[kernel improve -> bpg: 961 (implied by number of states), tpb: 64]
JCR PI CONTRACTION CUDA GRIDSYNC DONE. [d_inf: 6.1035156e-05, main iterations: 4, evaluation iterations total: 406, time: 0.15962600708007812 s]
---
REPETITION: 5/10:
JCR PI CONTRACTION CUDA GRIDSYNC... [gamma: 0.9, eps: 0.0001, tolerance_v: 1e-07, tpb: 64, assumed max_bpg_gridsync: None]
[discovered max_bpg_gridsync: 2040; time: 3.8623809814453125e-05 s]
[kernel eval -> bpg: 961 (max_bpg_gridsync or number of states if smaller), tpb: 64, spb: 1]
[kernel improve -> bpg: 961 (implied by number of states), tpb: 64]
JCR PI CONTRACTION CUDA GRIDSYNC DONE. [d_inf: 6.1035156e-05, main iterations: 4, evaluation iterations total: 406, time: 0.15948843955993652 s]
---
REPETITION: 6/10:
JCR PI CONTRACTION CUDA GRIDSYNC... [gamma: 0.9, eps: 0.0001, tolerance_v: 1e-07, tpb: 64, assumed max_bpg_gridsync: None]
[discovered max_bpg_gridsync: 2040; time: 4.029273986816406e-05 s]
[kernel eval -> bpg: 961 (max_bpg_gridsync or number of states if smaller), tpb: 64, spb: 1]
[kernel improve -> bpg: 961 (implied by number of states), tpb: 64]
JCR PI CONTRACTION CUDA GRIDSYNC DONE. [d_inf: 6.1035156e-05, main iterations: 4, evaluation iterations total: 406, time: 0.15953922271728516 s]
---
REPETITION: 7/10:
JCR PI CONTRACTION CUDA GRIDSYNC... [gamma: 0.9, eps: 0.0001, tolerance_v: 1e-07, tpb: 64, assumed max_bpg_gridsync: None]
[discovered max_bpg_gridsync: 2040; time: 3.790855407714844e-05 s]
[kernel eval -> bpg: 961 (max_bpg_gridsync or number of states if smaller), tpb: 64, spb: 1]
[kernel improve -> bpg: 961 (implied by number of states), tpb: 64]
JCR PI CONTRACTION CUDA GRIDSYNC DONE. [d_inf: 6.1035156e-05, main iterations: 4, evaluation iterations total: 406, time: 0.15951919555664062 s]
---
REPETITION: 8/10:
JCR PI CONTRACTION CUDA GRIDSYNC... [gamma: 0.9, eps: 0.0001, tolerance_v: 1e-07, tpb: 64, assumed max_bpg_gridsync: None]
[discovered max_bpg_gridsync: 2040; time: 3.814697265625e-05 s]
[kernel eval -> bpg: 961 (max_bpg_gridsync or number of states if smaller), tpb: 64, spb: 1]
[kernel improve -> bpg: 961 (implied by number of states), tpb: 64]
JCR PI CONTRACTION CUDA GRIDSYNC DONE. [d_inf: 6.1035156e-05, main iterations: 4, evaluation iterations total: 406, time: 0.15954208374023438 s]
---
REPETITION: 9/10:
JCR PI CONTRACTION CUDA GRIDSYNC... [gamma: 0.9, eps: 0.0001, tolerance_v: 1e-07, tpb: 64, assumed max_bpg_gridsync: None]
[discovered max_bpg_gridsync: 2040; time: 3.981590270996094e-05 s]
[kernel eval -> bpg: 961 (max_bpg_gridsync or number of states if smaller), tpb: 64, spb: 1]
[kernel improve -> bpg: 961 (implied by number of states), tpb: 64]
JCR PI CONTRACTION CUDA GRIDSYNC DONE. [d_inf: 6.1035156e-05, main iterations: 4, evaluation iterations total: 406, time: 0.15953421592712402 s]
---
REPETITION: 10/10:
JCR PI CONTRACTION CUDA GRIDSYNC... [gamma: 0.9, eps: 0.0001, tolerance_v: 1e-07, tpb: 64, assumed max_bpg_gridsync: None]
[discovered max_bpg_gridsync: 2040; time: 3.743171691894531e-05 s]
[kernel eval -> bpg: 961 (max_bpg_gridsync or number of states if smaller), tpb: 64, spb: 1]
[kernel improve -> bpg: 961 (implied by number of states), tpb: 64]
JCR PI CONTRACTION CUDA GRIDSYNC DONE. [d_inf: 6.1035156e-05, main iterations: 4, evaluation iterations total: 406, time: 0.15953969955444336 s]
***
SUMMARY:
V OUT:
[421.41693 431.38916 441.24487 450.85022 460.08313 468.87543 477.21408
 485.1183  492.98163 500.47806 507.89035 514.997   521.7556  528.35693
 534.7533  540.8469  546.65857 552.20667 557.63745 562.8631  567.85376
 572.6231  577.18274 581.54266 585.71185 589.69867 593.5541  597.273
 600.8275  604.225   607.4704  431.29068 441.26285 451.11823 460.72275
 469.95416 478.74432 487.08035 494.98163 502.47806 509.89032 516.997
 523.7556  530.35693 536.7532  542.8469  548.65857 554.2066  559.63745
 564.86304 569.85376 574.62305 579.1827  583.54266 587.71185 591.6986
 595.5541  599.2731  602.8275  606.225   609.47034 612.56433 440.7643
 450.73615 460.58997 470.1906  479.4151  488.19556 496.51984 504.40802
 511.89032 518.997   525.7556  532.3569  538.7533  544.8469  550.65857
 556.20667 561.63745 566.86304 571.85376 576.62305 581.18274 585.54266
 589.71185 593.69867 597.5541  601.273   604.8275  608.225   611.47034
 614.5643  617.49854 449.58755 459.5586  469.40863 478.9995  488.2066
 496.96277 505.25793 513.11426 520.56323 527.63513 534.35693 540.7533
 546.8469  552.65857 558.20667 563.63745 568.86304 573.85376 578.62305
 583.18274 587.54266 591.71185 595.6986  599.5541  603.273   606.8275
 610.225   613.47034 616.5643  619.49854 622.24915 457.67822 467.6479
 477.49078 487.06345 496.23843 504.94977 513.1918  520.99084 528.3816
 535.39453 542.05634 548.39044 554.41876 560.1616  565.63745 570.86304
 575.85376 580.62305 585.18274 589.54266 593.71185 597.6987  601.5541
 605.2731  608.8275  612.225   615.4704  618.56433 621.49854 624.24915
 626.76843 465.64786 475.49075 485.06345 494.45447 503.5803  512.22327
 520.3844  528.0977  535.40247 542.3312  548.91016 555.16156 561.10614
 566.7633  572.1513  577.28687 582.1854  586.8607  591.3251  595.589
 599.66235 603.5541  607.2731  610.8275  614.225   617.47034 620.56433
 623.4986  626.24915 628.76843 631.0818  473.49078 483.06345 492.45447
 501.58032 510.3682  518.9195  526.97235 534.5713  541.7627  548.58276
 555.0576  561.2085  567.0545  572.6139  577.9043  582.9418  587.74164
 592.31775 596.6823  600.8466  604.82086 608.6145  612.2366  615.69543
 618.9984  622.15    625.1509  627.99243 630.6515  633.08185 635.2147
 481.06342 490.45447 499.58032 508.3682  516.9195  525.1673  533.0881
 540.54724 547.6011  554.2903  560.6421  566.67664 572.41144 577.8634
 583.04895 587.98364 592.6819  597.15735 601.42236 605.48804 609.365
 613.06274 616.59045 619.9565  623.1676  626.2285  629.1394  631.8922
 634.464   636.8103  638.86536 488.45447 497.5803  506.3682  514.9195
 523.1673  531.0881  538.82935 546.1293  553.0259  559.56604 565.7788
 571.6834  577.296   582.63196 587.7064  592.53394 597.1284  601.5027
 605.66876 609.6378  613.42017 617.02545 620.4627  623.74    626.864
 629.83923 632.66583 635.3359  637.8271  640.0967  642.0814  495.58032
 504.3682  512.9195  521.1673  529.0881  536.8294  544.25964 551.3872
 558.113   564.49084 570.5521  576.31604 581.79736 587.0098  591.9675
 596.6838  601.1717  605.44354 609.51086 613.38434 617.0741  620.5896
 623.93945 627.1317  630.1727  633.067   635.8146  638.4077  640.8248
 643.02454 644.94617 502.3682  510.9195  519.1673  527.08813 534.82935
 542.25964 549.4181  556.3667  562.9138  569.121   575.0227  580.63824
 585.98145 591.0646  595.9006  600.5019  604.88074 609.0486  613.01636
 616.79456 620.39264 623.8198  627.0845  630.19434 633.15564 635.97253
 638.64514 641.166   643.5141  645.6494  647.51337 508.9195  517.1673
 525.0881  532.8294  540.2597  547.4181  554.3667  561.0973  567.46295
 573.49585 579.23364 584.69653 589.89716 594.84717 599.5581  604.0416
 608.3092  612.3716  616.23914 619.92163 623.42847 626.7682  629.94904
 632.97815 635.86194 638.604   641.2047  643.6567  645.9396  648.0144
 649.82477 515.1673  523.0881  530.82935 538.25964 545.41815 552.3667
 559.0973  565.59973 571.7849  577.6432  583.2162  588.52466 593.58105
 598.396   602.9801  607.34436 611.49927 615.4552  619.2219  622.8087
 626.22437 629.47723 632.5751  635.52484 638.3325  641.0017  643.5327
 645.9182  648.13855 650.156   651.9155  521.0881  528.82935 536.25964
 543.4181  550.3667  557.0973  563.5997  569.8888  575.897   581.5834
 586.99316 592.1481  597.0605  601.74023 606.19727 610.44183 614.4839
 618.3331  621.9989  625.49    628.8148  631.98145 634.997   637.8684
 640.6012  643.1991  645.66205 647.98303 650.1428  652.10486 653.8158
 526.82935 534.2597  541.4181  548.36664 555.0973  561.5997  567.88873
 573.9765  579.81287 585.3316  590.5814  595.5855  600.35583 604.90186
 609.2329  613.3585  617.2882  621.0315  624.5968  627.9928  631.2274
 634.30835 637.24255 640.0366  642.6957  645.2234  647.61975 649.8777
 651.97864 653.88696 655.551   532.25964 539.41815 546.36664 553.0973
 559.5997  565.8888  571.97644 577.87305 583.5435  588.8999  593.9945
 598.85144 603.4829  607.8977  612.10474 616.11316 619.9321  623.5703
 627.0364  630.33826 633.48364 636.47986 639.33374 642.0514  644.63794
 647.0968  649.4277  651.624   653.66754 655.5237  657.14197 537.41815
 544.3667  551.0973  557.5997  563.8888  569.9765  575.87305 581.5874
 587.0984  592.2984  597.24304 601.9574  606.45386 610.7407  614.82654
 618.7201  622.4302  625.96533 629.3335  632.5427  635.6002  638.51306
 641.2877  643.9302  646.44543 648.8365  651.1034  653.2394  655.2268
 657.032   658.6059  542.3667  549.0973  555.59973 561.8888  567.9765
 573.87305 579.5874  585.12805 590.4861  595.5359  600.336   604.9127
 609.2783  613.44104 617.40894 621.1904  624.79407 628.22815 631.5005
 634.6187  637.58984 640.4208  643.1176  645.6863  648.1315  650.4563
 652.66034 654.7374  656.67017 658.42566 659.9563  547.0973  553.5997
 559.8888  565.97656 571.87305 577.5874  583.12805 588.5029  593.7145
 598.6201  603.28125 607.7252  611.96436 616.0066  619.85986 623.5322
 627.0321  630.36755 633.54614 636.5753  639.4619  642.2125  644.83325
 647.3297  649.7063  651.9662  654.1091  656.12866 658.00793 659.71515
 661.20374 551.5997  557.8888  563.97656 569.87305 575.5874  581.12805
 586.5029  591.7195  596.79065 601.5579  606.0852  610.4011  614.51794
 618.4435  622.1854  625.7516  629.1504  632.38965 635.4767  638.4189
 641.2229  643.89514 646.4414  648.8673  651.17725 653.3739  655.45703
 657.42065 659.24817 660.90845 662.3563  555.8888  561.97656 567.87305
 573.5874  579.12805 584.5029  589.7195  594.79065 599.7212  604.3552
 608.75354 612.94543 616.9436  620.75574 624.3894  627.8523  631.1526
 634.2981  637.29596 640.1533  642.87683 645.47253 647.94653 650.30383
 652.5487  654.684   656.70935 658.6188  660.3961  662.0111  663.4196
 559.9765  565.87305 571.5874  577.12805 582.5029  587.7195  592.79065
 597.7212  602.5116  607.01685 611.29    615.3614  619.244   622.9458
 626.4738  629.83606 633.0403  636.0943  639.0053  641.78015 644.42535
 646.94696 649.3506  651.64136 653.8235  655.8994  657.86896 659.7262
 661.4553  663.0268  664.3976  563.87305 569.5874  575.12805 580.5029
 585.7195  590.79065 595.7212  600.5115  605.16565 609.5457  613.69666
 617.65027 621.42    625.01355 628.43835 631.7021  634.8126  637.77747
 640.604   643.2986  645.8679  648.31775 650.65356 652.88025 655.0019
 657.02094 658.937   660.7444  662.4274  663.9574  665.29224 567.5874
 573.12805 578.5029  583.7195  588.79065 593.7212  598.51154 603.16565
 607.6853  611.9426  615.9734  619.8109  623.4692  626.9564  630.2799
 633.44727 636.4663  639.3445  642.08875 644.7059  647.2019  649.58264
 651.85333 654.0188  656.08276 658.04767 659.9131  661.6731  663.3127
 664.80347 666.10443 571.12805 576.5029  581.7195  586.79065 591.7212
 596.51154 601.1656  605.6853  610.0691  614.20483 618.11633 621.8385
 625.3865  628.7686  631.9924  635.0653  637.9951  640.78906 643.4541
 645.9966  648.4225  650.73737 652.9463  655.0537  657.06335 658.9773
 660.7951  662.5109  664.1099  665.5643  666.8337  574.5029  579.7195
 584.79065 589.7212  594.51154 599.1656  603.6853  608.06915 612.3097
 616.3244  620.1168  623.7239  627.1621  630.4403  633.566   636.5467
 639.3899  642.1028  644.69183 647.1633  649.52295 651.77576 653.9269
 655.9802  657.9394  659.8063  661.5802  663.2554  664.81714 666.23816
 667.4789  577.7195  582.79065 587.7212  592.51154 597.16565 601.6853
 606.0691  610.30963 614.3902  618.2848  621.9586  625.4514  628.7809
 631.9567  634.9867  637.8782  640.6383  643.2739  645.7914  648.19653
 650.4945  652.69025 654.7882  656.79236 658.7057  660.53    662.26447
 663.9032  665.43164 666.82275 668.03784 580.79065 585.7212  590.51154
 595.16565 599.6853  604.0691  608.30963 612.39014 616.2848  620.05804
 623.61615 626.99725 630.22107 633.29803 636.2362  639.04285 641.725
 644.28894 646.7406  649.0852  651.32764 653.4723  655.5231  657.48364
 659.3566  661.14374 662.84375 664.4507  665.9502  667.3156  668.5085
 583.7212  588.51154 593.1656  597.6853  602.06915 606.30963 610.3902
 614.2848  618.0581  621.6161  625.05383 628.3303  631.45514 634.4401
 637.29346 640.0226  642.6339  645.13367 647.5271  649.8189  652.0133
 654.114   656.1247  658.0484  659.8875  661.6434  663.3147  664.8952
 666.3707  667.7147  668.8893  586.51154 591.1656  595.68536 600.0691
 604.30963 608.3902  612.2848  616.0581  619.61615 623.05383 626.3302
 629.45514 632.4562  635.36053 638.14014 640.8022  643.3531  645.7985
 648.1433  650.39154 652.54675 654.61206 656.5906  658.48486 660.2971
 662.0283  663.6769  665.23676 666.6935  668.02075 669.181   589.16565
 593.6853  598.0691  602.3097  606.39014 610.2848  614.0581  617.61615
 621.05383 624.3302  627.45514 630.4561  633.3606  636.14014 638.8021
 641.3784  643.88153 646.28455 648.5918  650.80676 652.9324  654.97125
 656.92584 658.7985  660.59106 662.3042  663.9363  665.4811  666.9242
 668.2393  669.3892 ]
POLICY OUT:
[ 0  0  0  0  0  0  0  0 -1 -1 -2 -2 -2 -3 -3 -3 -3 -3 -4 -4 -4 -4 -4 -4
 -4 -4 -5 -5 -5 -5 -5  0  0  0  0  0  0  0  0  0 -1 -1 -1 -2 -2 -2 -2 -2
 -3 -3 -3 -3 -3 -3 -3 -3 -4 -4 -4 -4 -4 -4  0  0  0  0  0  0  0  0  0  0
  0 -1 -1 -1 -1 -1 -2 -2 -2 -2 -2 -2 -2 -2 -3 -3 -3 -3 -3 -3 -3  0  0  0
  0  0  0  0  0  0  0  0  0  0  0  0 -1 -1 -1 -1 -1 -1 -1 -1 -2 -2 -2 -2
 -2 -2 -2 -2  0  0  0  0  0  0  0  0  0  0  0  0  0  0  0  0  0  0  0  0
  0  0 -1 -1 -1 -1 -1 -1 -1 -1 -1  1  1  1  0  0  0  0  0  0  0  0  0  0
  0  0  0  0  0  0  0  0  0  0  0  0  0  0  0  0  0 -1  2  2  1  1  0  0
  0  0  0  0  0  0  0  0  0  0  0  0  0  0  0  0  0  0  0  0  0  0  0  0
  0  3  2  2  1  1  0  0  0  0  0  0  0  0  0  0  0  0  0  0  0  0  0  0
  0  0  0  0  0  0  0  0  3  3  2  2  1  1  0  0  0  0  0  0  0  0  0  0
  0  0  0  0  0  0  0  0  0  0  0  0  0  0  0  4  3  3  2  2  1  0  0  0
  0  0  0  0  0  0  0  0  0  0  0  0  0  0  0  0  0  0  0  0  0  0  4  4
  3  3  2  1  0  0  0  0  0  0  0  0  0  0  0  0  0  0  0  0  0  0  0  0
  0  0  0  0  0  5  4  4  3  2  1  1  0  0  0  0  0  0  0  0  0  0  0  0
  0  0  0  0  0  0  0  0  0  0  0  0  5  5  4  3  2  2  1  0  0  0  0  0
  0  0  0  0  0  0  0  0  0  0  0  0  0  0  0  0  0  0  0  6  5  4  3  3
  2  1  0  0  0  0  0  0  0  0  0  0  0  0  0  0  0  0  0  0  0  0  0  0
  0  0  6  5  4  4  3  2  1  0  0  0  0  0  0  0  0  0  0  0  0  0  0  0
  0  0  0  0  0  0  0  0  0  6  5  5  4  3  2  1  0  0  0  0  0  0  0  0
  0  0  0  0  0  0  0  0  0  0  0  0  0  0  0  0  6  6  5  4  3  2  1  0
  0  0  0  0  0  0  0  0  0  0  0  0  0  0  0  0  0  0  0  0  0  0  0  7
  6  5  4  3  2  1  0  0  0  0  0  0  0  0  0  0  0  0  0  0  0  0  0  0
  0  0  0  0  0  0  7  6  5  4  3  2  1  0  0  0  0  0  0  0  0  0  0  0
  0  0  0  0  0  0  0  0  0  0  0  0  0  7  6  5  4  3  2  1  0  0  0  0
  0  0  0  0  0  0  0  0  0  0  0  0  0  0  0  0  0  0  0  0  7  6  5  4
  3  2  1  1  0  0  0  0  0  0  0  0  0  0  0  0  0  0  0  0  0  0  0  0
  0  0  0  7  6  5  4  3  2  2  1  0  0  0  0  0  0  0  0  0  0  0  0  0
  0  0  0  0  0  0  0  0  0  0  7  6  5  4  3  3  2  1  0  0  0  0  0  0
  0  0  0  0  0  0  0  0  0  0  0  0  0  0  0  0  0  7  6  5  4  4  3  2
  1  0  0  0  0  0  0  0  0  0  0  0  0  0  0  0  0  0  0  0  0  0  0  0
  7  6  5  5  4  3  2  1  0  0  0  0  0  0  0  0  0  0  0  0  0  0  0  0
  0  0  0  0  0  0  0  7  6  6  5  4  3  2  1  0  0  0  0  0  0  0  0  0
  0  0  0  0  0  0  0  0  0  0  0  0  0  0  7  7  6  5  4  3  2  1  0  0
  0  0  0  0  0  0  0  0  0  0  0  0  0  0  0  0  0  0  0  0  0  8  7  6
  5  4  3  2  1  1  0  0  0  0  0  0  0  0  0  0  0  0  0  0  0  0  0  0
  0  0  0  0  8  7  6  5  4  3  2  2  1  1  0  0  0  0  0  0  0  0  0  0
  0  0  0  0  0  0  0  0  0  0  0  8  7  6  5  4  3  3  2  2  1  1  1  0
  0  0  0  0  0  0  0  0  0  0  0  0  0  0  0  0  0  0  8  7  6  5  4  4
  3  3  2  2  2  1  1  1  1  0  0  0  0  0  0  0  0  0  0  0  0  0  0  0
  0]
D_INF OF V VS REF: 0.00036621094
D_INF OF POLICY VS REF: 0
D_INF (AT STOP) MEAN: 6.103515625e-05
MAIN ITERATIONS MEAN: 4.0
EVAL ITERATIONS TOTAL MEAN: 406.0
TIME MEAN: 0.1595693349838257 s, STD: 6.892310000245305e-05 s, STD_%: 0.0%
SPEEDUP VS REF: 282.58243688799183
============================================================================================================================================================================================================================================================
============================================================================================================================================================================================================================================================
FINAL SUMMARY:
PI CONTRACTION APPROACH 1: jcr_pi_contraction_cpu_numpy (REFERENCE) -> MEAN MAIN ITERS: 4.0, MEAN EVAL ITERS TOTAL: 442.0, MEAN D_INF: 6.103515625e-05, MEAN TIME: 45.09149153232575 s, TIME STD: 0.1302700221686476 s, STD_%: 0.3%, SPEED-UP: 1.00
PI CONTRACTION APPROACH 2: jcr_pi_contraction_cuda_atomicmax -> MEAN MAIN ITERS: 4.0, MEAN EVAL ITERS TOTAL: 430.0, MEAN D_INF: 0.0, MEAN TIME: 0.1691432476043701 s, TIME STD: 0.007710505246669299 s, STD_%: 4.6%, SPEED-UP: 266.59
PI CONTRACTION APPROACH 3: jcr_pi_contraction_cuda_atomicmaxplain -> MEAN MAIN ITERS: 4.0, MEAN EVAL ITERS TOTAL: 430.0, MEAN D_INF: 0.0, MEAN TIME: 0.1709056854248047 s, TIME STD: 9.512221280987015e-05 s, STD_%: 0.1%, SPEED-UP: 263.84
PI CONTRACTION APPROACH 4: jcr_pi_contraction_cuda_reducemax -> MEAN MAIN ITERS: 4.0, MEAN EVAL ITERS TOTAL: 430.0, MEAN D_INF: 0.0, MEAN TIME: 0.16374351978302001 s, TIME STD: 6.051028310163688e-05 s, STD_%: 0.0%, SPEED-UP: 275.38
PI CONTRACTION APPROACH 5: jcr_pi_contraction_cuda_gridsync -> MEAN MAIN ITERS: 4.0, MEAN EVAL ITERS TOTAL: 406.0, MEAN D_INF: 6.103515625e-05, MEAN TIME: 0.1595693349838257 s, TIME STD: 6.892310000245305e-05 s, STD_%: 0.0%, SPEED-UP: 282.58
JACK'S CAR RENTAL DONE. [hash string: 2853271466_00459_901_[1;30;10;10.0;-2.0;[3.0,4.0];[3.0,2.0];True;0.9;1.0e-04;1.0e-07;False;TTTTT], time: 458.70074105262756 s]
