JACK'S CAR RENTAL STARTING...
HASH STRING: 3080083538_79049_325_[1;10;10;10.0;-2.0;[3.0,4.0];[3.0,2.0];True;0.9;1.0e-04;1.0e-07;False;TTTTT]
============================================================================================================================================================================================================================================================
EXPERIMENT INFO:
{
  SEED: 1,
  JCR_MAX_CARS_AT_LOC: 10,
  JCR_MAX_CARS_MOVED: 10,
  JCR_REWARD_CAR_RENTED: 10.0,
  JCR_REWARD_CAR_MOVED: -2.0,
  JCR_REQUEST_POISSON_LAMBDAS_AT_LOC: [3.0, 4.0],
  JCR_RETURN_POISSON_LAMBDAS_AT_LOC: [3.0, 2.0],
  NUMPY_SINGLE_THREAD: True,
  GAMMA: 0.9,
  EPS: 0.0001,
  TOLERANCE_V: 1e-07,
  PLOTS: False,
  jcr_pi_contraction_cpu_numpy: (True, 'jcr_pi_contraction_cpu_numpy', 10, {}),
  jcr_pi_contraction_cuda_atomicmax: (True, 'jcr_pi_contraction_cuda_atomicmax', 10, {'lazy_stop_check': 5, 'tpb': 64}),
  jcr_pi_contraction_cuda_atomicmaxglosten: (True, 'jcr_pi_contraction_cuda_atomicmaxglosten', 10, {'lazy_stop_check': 5, 'tpb': 64}),
  jcr_pi_contraction_cuda_reducemax: (True, 'jcr_pi_contraction_cuda_reducemax', 10, {'lazy_stop_check': 5, 'tpb': 64}),
  jcr_pi_contraction_cuda_gridsync: (True, 'jcr_pi_contraction_cuda_gridsync', 10, {'tpb': 64})
}
============================================================================================================================================================================================================================================================
CPU AND SYSTEM:
{'cpu_name': 'Intel(R) Core(TM) i7-10700 CPU @ 2.90GHz',
 'os_machine': 'x86_64',
 'os_name': 'Linux 6.8.0-90-generic',
 'os_version': '#91-Ubuntu SMP PREEMPT_DYNAMIC Tue Nov 18 14:14:30 UTC 2025',
 'ram_size': '125.7 GB'}
GPU:
{'async_engine_count': 2,
 'can_map_host_memory': 1,
 'compute_capability': ComputeCapability(major=8, minor=6),
 'cores_per_SM': 128,
 'cores_total': 10496,
 'max_block_dim_x': 1024,
 'max_block_dim_y': 1024,
 'max_block_dim_z': 64,
 'max_grid_dim_x': 2147483647,
 'max_grid_dim_y': 65535,
 'max_grid_dim_z': 65535,
 'max_shared_memory_per_block': 49152,
 'max_threads_per_block': 1024,
 'multiprocessor_count': 82,
 'name': 'NVIDIA GeForce RTX 3090',
 'pci_bus_id': 1,
 'pci_device_id': 0,
 'unified_addressing': 1,
 'warp_size': 32}
============================================================================================================================================================================================================================================================
JCR INFO:
{
  MAX_CARS_AT_LOC: 10,
  MAX_CARS_MOVED: 10,
  REWARD_CAR_RENTED: 10.0,
  REWARD_CAR_MOVED: -2.0,
  REQUEST_POISSON_LAMBDAS_AT_LOC: [3.0, 4.0],
  RETURN_POISSON_LAMBDAS_AT_LOC: [3.0, 2.0]
}
JCR MDP JOINT DISTRIBUTION...
UNPICKLE OBJECTS... [from file: ../mdp_joint_distrs/mdp_joint_distr_jcr_10_10.pkl]
UNPICKLE OBJECTS DONE. [time: 0.007063150405883789 s]
JCR MDP JOINT DISTRIBUTION READY. [shape: (121, 21, 21, 121), entries: 6456681, type: float32, 0.02 GiB copied to device (gpu) in: 0.002793550491333008 s]
============================================================================================================================================================================================================================================================
V FOR INITIAL POLICY ZEROED. [shape: (121,)]
RANDOM INITIAL POLICY [shape: (121,)]:
[ -5  -9   1  -3   2  -3  -2  -3  -1   2   1  -5  -5  -9   5   7 -10   6
   6  -7  -9  -4   2   4  -3   4   3  10  -4   8   8   5  10  -3   6  -5
   8   8   0  10  -2   1  -4   0   2  -5  -8   4   5   8  -7  -6  10   1
  -1  -4   7  -8   6   0 -10  -6   3  -1  -1  -1  -3  -9  -9  -5  -9 -10
   7  -6   7  -8  -2  -5 -10   3   9  -4   5   0   0   3  -2  -3   3  -3
   9  -7   3  -4   7   7   0  -7   8  -6  -5   7  -5   1  -9   2  -3  10
   0   6   3   4   9  -1  -1   8 -10   5  -4 -10  -6]
============================================================================================================================================================================================================================================================
PI CONTRACTION APPROACH 1: jcr_pi_contraction_cpu_numpy...
---
REPETITION: 1/10:
JCR PI CONTRACTION CPU NUMPY... [gamma: 0.9, eps: 0.0001, tolerance_v: 1e-07]
JCR PI CONTRACTION CPU NUMPY DONE. [d_inf: 9.1552734e-05, main iterations: 4, evaluation iterations total: 401, time: 2.562701940536499 s]
---
REPETITION: 2/10:
JCR PI CONTRACTION CPU NUMPY... [gamma: 0.9, eps: 0.0001, tolerance_v: 1e-07]
JCR PI CONTRACTION CPU NUMPY DONE. [d_inf: 9.1552734e-05, main iterations: 4, evaluation iterations total: 401, time: 2.555361032485962 s]
---
REPETITION: 3/10:
JCR PI CONTRACTION CPU NUMPY... [gamma: 0.9, eps: 0.0001, tolerance_v: 1e-07]
JCR PI CONTRACTION CPU NUMPY DONE. [d_inf: 9.1552734e-05, main iterations: 4, evaluation iterations total: 401, time: 2.5613160133361816 s]
---
REPETITION: 4/10:
JCR PI CONTRACTION CPU NUMPY... [gamma: 0.9, eps: 0.0001, tolerance_v: 1e-07]
JCR PI CONTRACTION CPU NUMPY DONE. [d_inf: 9.1552734e-05, main iterations: 4, evaluation iterations total: 401, time: 2.554445266723633 s]
---
REPETITION: 5/10:
JCR PI CONTRACTION CPU NUMPY... [gamma: 0.9, eps: 0.0001, tolerance_v: 1e-07]
JCR PI CONTRACTION CPU NUMPY DONE. [d_inf: 9.1552734e-05, main iterations: 4, evaluation iterations total: 401, time: 2.545945167541504 s]
---
REPETITION: 6/10:
JCR PI CONTRACTION CPU NUMPY... [gamma: 0.9, eps: 0.0001, tolerance_v: 1e-07]
JCR PI CONTRACTION CPU NUMPY DONE. [d_inf: 9.1552734e-05, main iterations: 4, evaluation iterations total: 401, time: 2.549257516860962 s]
---
REPETITION: 7/10:
JCR PI CONTRACTION CPU NUMPY... [gamma: 0.9, eps: 0.0001, tolerance_v: 1e-07]
JCR PI CONTRACTION CPU NUMPY DONE. [d_inf: 9.1552734e-05, main iterations: 4, evaluation iterations total: 401, time: 2.548138380050659 s]
---
REPETITION: 8/10:
JCR PI CONTRACTION CPU NUMPY... [gamma: 0.9, eps: 0.0001, tolerance_v: 1e-07]
JCR PI CONTRACTION CPU NUMPY DONE. [d_inf: 9.1552734e-05, main iterations: 4, evaluation iterations total: 401, time: 2.5517687797546387 s]
---
REPETITION: 9/10:
JCR PI CONTRACTION CPU NUMPY... [gamma: 0.9, eps: 0.0001, tolerance_v: 1e-07]
JCR PI CONTRACTION CPU NUMPY DONE. [d_inf: 9.1552734e-05, main iterations: 4, evaluation iterations total: 401, time: 2.5512969493865967 s]
---
REPETITION: 10/10:
JCR PI CONTRACTION CPU NUMPY... [gamma: 0.9, eps: 0.0001, tolerance_v: 1e-07]
JCR PI CONTRACTION CPU NUMPY DONE. [d_inf: 9.1552734e-05, main iterations: 4, evaluation iterations total: 401, time: 2.5629048347473145 s]
***
SUMMARY:
V OUT:
[420.29077 430.26224 440.11346 449.70526 458.9078  467.64163 475.87466
 483.7344  491.4434  498.8335  505.9557  430.16107 440.13242 449.98325
 459.57397 468.7744  477.50525 485.73444 493.4434  500.83353 507.9557
 514.5199  439.619   449.58997 459.43875 469.02435 478.21536 486.9326
 495.14453 502.8335  509.95566 516.5199  522.9212  448.40195 458.3719
 468.21576 477.7884  486.9559  495.63916 503.8088  511.44965 518.5199
 524.92126 530.4962  456.41083 466.37897 476.21362 485.76242 494.88675
 503.50778 511.6007  519.1558  526.1358  532.44653 537.9347  464.37897
 474.21365 483.76245 492.98816 502.04706 510.57397 518.5513  525.9786
 532.82684 539.0087  544.37756 472.21365 481.76245 490.98816 500.04706
 508.57394 516.918   524.74274 532.00195 538.6789  544.69604 549.9157
 479.7624  488.9882  498.04703 506.57397 514.9179  522.7427  530.21625
 537.2767  543.7509  549.5748  554.6215  486.98816 496.04703 504.57394
 512.91797 520.74274 528.2162  535.2766  541.7848  548.04205 553.6586
 558.52014 494.04706 502.57397 510.91794 518.74274 526.21625 533.27655
 539.7848  546.0421  551.6587  556.92487 561.6064  500.57397 508.91797
 516.74274 524.21625 531.2766  537.78485 544.04224 549.6586  554.9248
 559.6064  563.88885]
POLICY OUT:
[ 0  0  0  0  0  0  0 -1 -1 -2 -2  0  0  0  0  0  0  0  0 -1 -1 -2  0  0
  0  0  0  0  0  0  0 -1 -1  0  0  0  0  0  0  0  0  0  0  0  0  0  0  0
  0  0  0  0  0  0  0  1  1  1  0  0  0  0  0  0  0  0  2  2  1  1  1  0
  0  0  0  0  0  3  2  2  2  1  1  0  0  0  0  0  3  3  3  2  2  1  1  0
  0  0  0  4  4  3  3  2  2  1  1  1  0  0  5  4  4  3  3  2  2  2  1  1
  0]
D_INF OF V VS REF: 0.0
D_INF OF POLICY VS REF: 0
D_INF (AT STOP) MEAN: 9.1552734375e-05
MAIN ITERATIONS MEAN: 4.0
EVAL ITERATIONS TOTAL MEAN: 401.0
TIME MEAN: 2.554313588142395 s, STD: 0.005861962861161657 s, STD_%: 0.2%
SPEEDUP VS REF: 1.0
============================================================================================================================================================================================================================================================
PI CONTRACTION APPROACH 2: jcr_pi_contraction_cuda_atomicmax...
GPU WARMED UP.
---
REPETITION: 1/10:
JCR PI CONTRACTION CUDA ATOMICMAX... [gamma: 0.9, eps: 0.0001, tolerance_v: 1e-07, lazy_stop_check: 5, tpb: 64]
[bpg: 121 (implied by number of states)]
JCR PI CONTRACTION CUDA ATOMICMAX DONE. [d_inf: 6.1035156e-05, main iterations: 4, evaluation iterations total: 435, time: 0.038641929626464844 s]
---
REPETITION: 2/10:
JCR PI CONTRACTION CUDA ATOMICMAX... [gamma: 0.9, eps: 0.0001, tolerance_v: 1e-07, lazy_stop_check: 5, tpb: 64]
[bpg: 121 (implied by number of states)]
JCR PI CONTRACTION CUDA ATOMICMAX DONE. [d_inf: 6.1035156e-05, main iterations: 4, evaluation iterations total: 435, time: 0.03830361366271973 s]
---
REPETITION: 3/10:
JCR PI CONTRACTION CUDA ATOMICMAX... [gamma: 0.9, eps: 0.0001, tolerance_v: 1e-07, lazy_stop_check: 5, tpb: 64]
[bpg: 121 (implied by number of states)]
JCR PI CONTRACTION CUDA ATOMICMAX DONE. [d_inf: 6.1035156e-05, main iterations: 4, evaluation iterations total: 435, time: 0.038484811782836914 s]
---
REPETITION: 4/10:
JCR PI CONTRACTION CUDA ATOMICMAX... [gamma: 0.9, eps: 0.0001, tolerance_v: 1e-07, lazy_stop_check: 5, tpb: 64]
[bpg: 121 (implied by number of states)]
JCR PI CONTRACTION CUDA ATOMICMAX DONE. [d_inf: 6.1035156e-05, main iterations: 4, evaluation iterations total: 435, time: 0.038330793380737305 s]
---
REPETITION: 5/10:
JCR PI CONTRACTION CUDA ATOMICMAX... [gamma: 0.9, eps: 0.0001, tolerance_v: 1e-07, lazy_stop_check: 5, tpb: 64]
[bpg: 121 (implied by number of states)]
JCR PI CONTRACTION CUDA ATOMICMAX DONE. [d_inf: 6.1035156e-05, main iterations: 4, evaluation iterations total: 435, time: 0.03850603103637695 s]
---
REPETITION: 6/10:
JCR PI CONTRACTION CUDA ATOMICMAX... [gamma: 0.9, eps: 0.0001, tolerance_v: 1e-07, lazy_stop_check: 5, tpb: 64]
[bpg: 121 (implied by number of states)]
JCR PI CONTRACTION CUDA ATOMICMAX DONE. [d_inf: 6.1035156e-05, main iterations: 4, evaluation iterations total: 435, time: 0.0383455753326416 s]
---
REPETITION: 7/10:
JCR PI CONTRACTION CUDA ATOMICMAX... [gamma: 0.9, eps: 0.0001, tolerance_v: 1e-07, lazy_stop_check: 5, tpb: 64]
[bpg: 121 (implied by number of states)]
JCR PI CONTRACTION CUDA ATOMICMAX DONE. [d_inf: 6.1035156e-05, main iterations: 4, evaluation iterations total: 435, time: 0.038675785064697266 s]
---
REPETITION: 8/10:
JCR PI CONTRACTION CUDA ATOMICMAX... [gamma: 0.9, eps: 0.0001, tolerance_v: 1e-07, lazy_stop_check: 5, tpb: 64]
[bpg: 121 (implied by number of states)]
JCR PI CONTRACTION CUDA ATOMICMAX DONE. [d_inf: 6.1035156e-05, main iterations: 4, evaluation iterations total: 435, time: 0.03861522674560547 s]
---
REPETITION: 9/10:
JCR PI CONTRACTION CUDA ATOMICMAX... [gamma: 0.9, eps: 0.0001, tolerance_v: 1e-07, lazy_stop_check: 5, tpb: 64]
[bpg: 121 (implied by number of states)]
JCR PI CONTRACTION CUDA ATOMICMAX DONE. [d_inf: 6.1035156e-05, main iterations: 4, evaluation iterations total: 435, time: 0.03851938247680664 s]
---
REPETITION: 10/10:
JCR PI CONTRACTION CUDA ATOMICMAX... [gamma: 0.9, eps: 0.0001, tolerance_v: 1e-07, lazy_stop_check: 5, tpb: 64]
[bpg: 121 (implied by number of states)]
JCR PI CONTRACTION CUDA ATOMICMAX DONE. [d_inf: 6.1035156e-05, main iterations: 4, evaluation iterations total: 435, time: 0.03878498077392578 s]
***
SUMMARY:
V OUT:
[420.29102 430.26245 440.1137  449.70554 458.90802 467.64188 475.87488
 483.73468 491.44366 498.83374 505.95593 430.16132 440.13266 449.98352
 459.57422 468.77466 477.5055  485.73465 493.44366 500.83377 507.95593
 514.52014 439.6192  449.59015 459.439   469.02454 478.21564 486.9328
 495.14478 502.83377 509.95593 516.52014 522.92145 448.4022  458.37213
 468.216   477.78864 486.95618 495.63937 503.80902 511.44992 518.52014
 524.92145 530.4964  456.41104 466.3792  476.2139  485.7627  494.88702
 503.50806 511.60095 519.156   526.13605 532.4468  537.935   464.3792
 474.2139  483.7627  492.9884  502.04727 510.57422 518.5515  525.97876
 532.82715 539.00903 544.3779  472.21393 481.7627  490.98843 500.0473
 508.57422 516.9182  524.74304 532.0022  538.67914 544.6963  549.916
 479.76266 488.9884  498.0473  506.57425 514.9182  522.74304 530.21655
 537.27686 543.7512  549.5752  554.6218  486.9884  496.0473  504.57425
 512.9182  520.74304 528.2165  535.27686 541.78516 548.04236 553.65894
 558.52045 494.04727 502.57425 510.9182  518.74304 526.21643 533.27686
 539.7851  546.04236 551.65894 556.9252  561.60675 500.57422 508.9182
 516.74304 524.21655 531.27686 537.7851  544.04236 549.65894 554.9252
 559.60675 563.88916]
POLICY OUT:
[ 0  0  0  0  0  0  0 -1 -1 -2 -2  0  0  0  0  0  0  0  0 -1 -1 -2  0  0
  0  0  0  0  0  0  0 -1 -1  0  0  0  0  0  0  0  0  0  0  0  0  0  0  0
  0  0  0  0  0  0  0  1  1  1  0  0  0  0  0  0  0  0  2  2  1  1  1  0
  0  0  0  0  0  3  2  2  2  1  1  0  0  0  0  0  3  3  3  2  2  1  1  0
  0  0  0  4  4  3  3  2  2  1  1  1  0  0  5  4  4  3  3  2  2  2  1  1
  0]
D_INF OF V VS REF: 0.00036621094
D_INF OF POLICY VS REF: 0
D_INF (AT STOP) MEAN: 6.103515625e-05
MAIN ITERATIONS MEAN: 4.0
EVAL ITERATIONS TOTAL MEAN: 435.0
TIME MEAN: 0.03852081298828125 s, STD: 0.00015260800586674322 s, STD_%: 0.4%
SPEEDUP VS REF: 66.30996051198257
============================================================================================================================================================================================================================================================
PI CONTRACTION APPROACH 3: jcr_pi_contraction_cuda_atomicmaxglosten...
---
REPETITION: 1/10:
JCR PI CONTRACTION CUDA ATOMICMAXGLOSTEN... [gamma: 0.9, eps: 0.0001, tolerance_v: 1e-07, lazy_stop_check: 5, tpb: 64]
[bpg: 121 (implied by number of states)]
JCR PI CONTRACTION CUDA ATOMICMAXGLOSTEN DONE. [d_inf: 6.1035156e-05, main iterations: 4, evaluation iterations total: 435, time: 0.038559675216674805 s]
---
REPETITION: 2/10:
JCR PI CONTRACTION CUDA ATOMICMAXGLOSTEN... [gamma: 0.9, eps: 0.0001, tolerance_v: 1e-07, lazy_stop_check: 5, tpb: 64]
[bpg: 121 (implied by number of states)]
JCR PI CONTRACTION CUDA ATOMICMAXGLOSTEN DONE. [d_inf: 6.1035156e-05, main iterations: 4, evaluation iterations total: 435, time: 0.03825712203979492 s]
---
REPETITION: 3/10:
JCR PI CONTRACTION CUDA ATOMICMAXGLOSTEN... [gamma: 0.9, eps: 0.0001, tolerance_v: 1e-07, lazy_stop_check: 5, tpb: 64]
[bpg: 121 (implied by number of states)]
JCR PI CONTRACTION CUDA ATOMICMAXGLOSTEN DONE. [d_inf: 6.1035156e-05, main iterations: 4, evaluation iterations total: 435, time: 0.03817605972290039 s]
---
REPETITION: 4/10:
JCR PI CONTRACTION CUDA ATOMICMAXGLOSTEN... [gamma: 0.9, eps: 0.0001, tolerance_v: 1e-07, lazy_stop_check: 5, tpb: 64]
[bpg: 121 (implied by number of states)]
JCR PI CONTRACTION CUDA ATOMICMAXGLOSTEN DONE. [d_inf: 6.1035156e-05, main iterations: 4, evaluation iterations total: 435, time: 0.03813338279724121 s]
---
REPETITION: 5/10:
JCR PI CONTRACTION CUDA ATOMICMAXGLOSTEN... [gamma: 0.9, eps: 0.0001, tolerance_v: 1e-07, lazy_stop_check: 5, tpb: 64]
[bpg: 121 (implied by number of states)]
JCR PI CONTRACTION CUDA ATOMICMAXGLOSTEN DONE. [d_inf: 6.1035156e-05, main iterations: 4, evaluation iterations total: 435, time: 0.0382227897644043 s]
---
REPETITION: 6/10:
JCR PI CONTRACTION CUDA ATOMICMAXGLOSTEN... [gamma: 0.9, eps: 0.0001, tolerance_v: 1e-07, lazy_stop_check: 5, tpb: 64]
[bpg: 121 (implied by number of states)]
JCR PI CONTRACTION CUDA ATOMICMAXGLOSTEN DONE. [d_inf: 6.1035156e-05, main iterations: 4, evaluation iterations total: 435, time: 0.03821849822998047 s]
---
REPETITION: 7/10:
JCR PI CONTRACTION CUDA ATOMICMAXGLOSTEN... [gamma: 0.9, eps: 0.0001, tolerance_v: 1e-07, lazy_stop_check: 5, tpb: 64]
[bpg: 121 (implied by number of states)]
JCR PI CONTRACTION CUDA ATOMICMAXGLOSTEN DONE. [d_inf: 6.1035156e-05, main iterations: 4, evaluation iterations total: 435, time: 0.0384066104888916 s]
---
REPETITION: 8/10:
JCR PI CONTRACTION CUDA ATOMICMAXGLOSTEN... [gamma: 0.9, eps: 0.0001, tolerance_v: 1e-07, lazy_stop_check: 5, tpb: 64]
[bpg: 121 (implied by number of states)]
JCR PI CONTRACTION CUDA ATOMICMAXGLOSTEN DONE. [d_inf: 6.1035156e-05, main iterations: 4, evaluation iterations total: 435, time: 0.03906607627868652 s]
---
REPETITION: 9/10:
JCR PI CONTRACTION CUDA ATOMICMAXGLOSTEN... [gamma: 0.9, eps: 0.0001, tolerance_v: 1e-07, lazy_stop_check: 5, tpb: 64]
[bpg: 121 (implied by number of states)]
JCR PI CONTRACTION CUDA ATOMICMAXGLOSTEN DONE. [d_inf: 6.1035156e-05, main iterations: 4, evaluation iterations total: 435, time: 0.03843259811401367 s]
---
REPETITION: 10/10:
JCR PI CONTRACTION CUDA ATOMICMAXGLOSTEN... [gamma: 0.9, eps: 0.0001, tolerance_v: 1e-07, lazy_stop_check: 5, tpb: 64]
[bpg: 121 (implied by number of states)]
JCR PI CONTRACTION CUDA ATOMICMAXGLOSTEN DONE. [d_inf: 6.1035156e-05, main iterations: 4, evaluation iterations total: 435, time: 0.03828167915344238 s]
***
SUMMARY:
V OUT:
[420.29102 430.26245 440.1137  449.70554 458.90802 467.6419  475.87488
 483.73468 491.44366 498.83374 505.95593 430.16132 440.13266 449.98352
 459.57422 468.77466 477.5055  485.73468 493.44366 500.83377 507.95593
 514.52014 439.6192  449.59015 459.439   469.02457 478.21564 486.93286
 495.14478 502.83377 509.95593 516.52014 522.92145 448.4022  458.37213
 468.21603 477.78864 486.95618 495.63937 503.80905 511.44992 518.52014
 524.9215  530.4964  456.41107 466.3792  476.21393 485.7627  494.88702
 503.50806 511.60095 519.156   526.13605 532.4468  537.935   464.3792
 474.2139  483.7627  492.9884  502.04727 510.57425 518.5515  525.97876
 532.82715 539.00903 544.3779  472.21393 481.7627  490.98843 500.0473
 508.57425 516.9182  524.74304 532.0022  538.67914 544.6963  549.916
 479.7627  488.9884  498.0473  506.57425 514.9182  522.74304 530.21655
 537.27686 543.7512  549.5752  554.6218  486.9884  496.0473  504.57425
 512.9182  520.74304 528.2165  535.27686 541.78516 548.04236 553.65894
 558.52045 494.04727 502.57425 510.9182  518.74304 526.2165  533.27686
 539.7851  546.04236 551.65894 556.9252  561.60675 500.57422 508.9182
 516.74304 524.21655 531.27686 537.7851  544.04236 549.65894 554.9252
 559.60675 563.88916]
POLICY OUT:
[ 0  0  0  0  0  0  0 -1 -1 -2 -2  0  0  0  0  0  0  0  0 -1 -1 -2  0  0
  0  0  0  0  0  0  0 -1 -1  0  0  0  0  0  0  0  0  0  0  0  0  0  0  0
  0  0  0  0  0  0  0  1  1  1  0  0  0  0  0  0  0  0  2  2  1  1  1  0
  0  0  0  0  0  3  2  2  2  1  1  0  0  0  0  0  3  3  3  2  2  1  1  0
  0  0  0  4  4  3  3  2  2  1  1  1  0  0  5  4  4  3  3  2  2  2  1  1
  0]
D_INF OF V VS REF: 0.00036621094
D_INF OF POLICY VS REF: 0
D_INF (AT STOP) MEAN: 6.103515625e-05
MAIN ITERATIONS MEAN: 4.0
EVAL ITERATIONS TOTAL MEAN: 435.0
TIME MEAN: 0.038375449180603025 s, STD: 0.00026157732451342056 s, STD_%: 0.7%
SPEEDUP VS REF: 66.56113850606026
============================================================================================================================================================================================================================================================
PI CONTRACTION APPROACH 4: jcr_pi_contraction_cuda_reducemax...
---
REPETITION: 1/10:
JCR PI CONTRACTION CUDA REDUCEMAX... [gamma: 0.9, eps: 0.0001, tolerance_v: 1e-07, lazy_stop_check: 5, tpb: 64]
[bpg: 121 (implied by number of states)]
JCR PI CONTRACTION CUDA REDUCEMAX DONE. [d_inf: 6.1035156e-05, main iterations: 4, evaluation iterations total: 435, time: 0.030260801315307617 s]
---
REPETITION: 2/10:
JCR PI CONTRACTION CUDA REDUCEMAX... [gamma: 0.9, eps: 0.0001, tolerance_v: 1e-07, lazy_stop_check: 5, tpb: 64]
[bpg: 121 (implied by number of states)]
JCR PI CONTRACTION CUDA REDUCEMAX DONE. [d_inf: 6.1035156e-05, main iterations: 4, evaluation iterations total: 435, time: 0.03034496307373047 s]
---
REPETITION: 3/10:
JCR PI CONTRACTION CUDA REDUCEMAX... [gamma: 0.9, eps: 0.0001, tolerance_v: 1e-07, lazy_stop_check: 5, tpb: 64]
[bpg: 121 (implied by number of states)]
JCR PI CONTRACTION CUDA REDUCEMAX DONE. [d_inf: 6.1035156e-05, main iterations: 4, evaluation iterations total: 435, time: 0.030106306076049805 s]
---
REPETITION: 4/10:
JCR PI CONTRACTION CUDA REDUCEMAX... [gamma: 0.9, eps: 0.0001, tolerance_v: 1e-07, lazy_stop_check: 5, tpb: 64]
[bpg: 121 (implied by number of states)]
JCR PI CONTRACTION CUDA REDUCEMAX DONE. [d_inf: 6.1035156e-05, main iterations: 4, evaluation iterations total: 435, time: 0.02999424934387207 s]
---
REPETITION: 5/10:
JCR PI CONTRACTION CUDA REDUCEMAX... [gamma: 0.9, eps: 0.0001, tolerance_v: 1e-07, lazy_stop_check: 5, tpb: 64]
[bpg: 121 (implied by number of states)]
JCR PI CONTRACTION CUDA REDUCEMAX DONE. [d_inf: 6.1035156e-05, main iterations: 4, evaluation iterations total: 435, time: 0.03012704849243164 s]
---
REPETITION: 6/10:
JCR PI CONTRACTION CUDA REDUCEMAX... [gamma: 0.9, eps: 0.0001, tolerance_v: 1e-07, lazy_stop_check: 5, tpb: 64]
[bpg: 121 (implied by number of states)]
JCR PI CONTRACTION CUDA REDUCEMAX DONE. [d_inf: 6.1035156e-05, main iterations: 4, evaluation iterations total: 435, time: 0.029909133911132812 s]
---
REPETITION: 7/10:
JCR PI CONTRACTION CUDA REDUCEMAX... [gamma: 0.9, eps: 0.0001, tolerance_v: 1e-07, lazy_stop_check: 5, tpb: 64]
[bpg: 121 (implied by number of states)]
JCR PI CONTRACTION CUDA REDUCEMAX DONE. [d_inf: 6.1035156e-05, main iterations: 4, evaluation iterations total: 435, time: 0.030058622360229492 s]
---
REPETITION: 8/10:
JCR PI CONTRACTION CUDA REDUCEMAX... [gamma: 0.9, eps: 0.0001, tolerance_v: 1e-07, lazy_stop_check: 5, tpb: 64]
[bpg: 121 (implied by number of states)]
JCR PI CONTRACTION CUDA REDUCEMAX DONE. [d_inf: 6.1035156e-05, main iterations: 4, evaluation iterations total: 435, time: 0.030313730239868164 s]
---
REPETITION: 9/10:
JCR PI CONTRACTION CUDA REDUCEMAX... [gamma: 0.9, eps: 0.0001, tolerance_v: 1e-07, lazy_stop_check: 5, tpb: 64]
[bpg: 121 (implied by number of states)]
JCR PI CONTRACTION CUDA REDUCEMAX DONE. [d_inf: 6.1035156e-05, main iterations: 4, evaluation iterations total: 435, time: 0.030107498168945312 s]
---
REPETITION: 10/10:
JCR PI CONTRACTION CUDA REDUCEMAX... [gamma: 0.9, eps: 0.0001, tolerance_v: 1e-07, lazy_stop_check: 5, tpb: 64]
[bpg: 121 (implied by number of states)]
JCR PI CONTRACTION CUDA REDUCEMAX DONE. [d_inf: 6.1035156e-05, main iterations: 4, evaluation iterations total: 435, time: 0.030170679092407227 s]
***
SUMMARY:
V OUT:
[420.29102 430.26245 440.1137  449.70554 458.90802 467.64188 475.87488
 483.73468 491.44366 498.83374 505.95593 430.16132 440.13266 449.98352
 459.57422 468.77466 477.5055  485.73465 493.44366 500.83377 507.95593
 514.52014 439.6192  449.59015 459.439   469.02454 478.21564 486.9328
 495.14478 502.83377 509.95593 516.52014 522.92145 448.4022  458.37213
 468.216   477.78864 486.95618 495.63937 503.80902 511.44992 518.52014
 524.92145 530.4964  456.41104 466.3792  476.2139  485.7627  494.88702
 503.50806 511.60095 519.156   526.13605 532.4468  537.935   464.3792
 474.2139  483.7627  492.9884  502.04727 510.57422 518.5515  525.97876
 532.82715 539.00903 544.3779  472.21393 481.7627  490.98843 500.0473
 508.57422 516.9182  524.74304 532.0022  538.67914 544.6963  549.916
 479.76266 488.9884  498.0473  506.57425 514.9182  522.74304 530.21655
 537.27686 543.7512  549.5752  554.6218  486.9884  496.0473  504.57425
 512.9182  520.74304 528.2165  535.27686 541.78516 548.04236 553.65894
 558.52045 494.04727 502.57425 510.9182  518.74304 526.21643 533.27686
 539.7851  546.04236 551.65894 556.9252  561.60675 500.57422 508.9182
 516.74304 524.21655 531.27686 537.7851  544.04236 549.65894 554.9252
 559.60675 563.88916]
POLICY OUT:
[ 0  0  0  0  0  0  0 -1 -1 -2 -2  0  0  0  0  0  0  0  0 -1 -1 -2  0  0
  0  0  0  0  0  0  0 -1 -1  0  0  0  0  0  0  0  0  0  0  0  0  0  0  0
  0  0  0  0  0  0  0  1  1  1  0  0  0  0  0  0  0  0  2  2  1  1  1  0
  0  0  0  0  0  3  2  2  2  1  1  0  0  0  0  0  3  3  3  2  2  1  1  0
  0  0  0  4  4  3  3  2  2  1  1  1  0  0  5  4  4  3  3  2  2  2  1  1
  0]
D_INF OF V VS REF: 0.00036621094
D_INF OF POLICY VS REF: 0
D_INF (AT STOP) MEAN: 6.103515625e-05
MAIN ITERATIONS MEAN: 4.0
EVAL ITERATIONS TOTAL MEAN: 435.0
TIME MEAN: 0.03013930320739746 s, STD: 0.00013086079749714897 s, STD_%: 0.4%
SPEEDUP VS REF: 84.75025353324885
============================================================================================================================================================================================================================================================
PI CONTRACTION APPROACH 5: jcr_pi_contraction_cuda_gridsync...
---
REPETITION: 1/10:
JCR PI CONTRACTION CUDA GRIDSYNC... [gamma: 0.9, eps: 0.0001, tolerance_v: 1e-07, tpb: 64, assumed max_bpg_gridsync: None]
[discovered max_bpg_gridsync: 656; time: 0.00013256072998046875 s]
[kernel eval -> bpg: 121 (max_bpg_gridsync or number of states if smaller), tpb: 64, spb: 1]
[kernel improve -> bpg: 121 (implied by number of states), tpb: 64]
JCR PI CONTRACTION CUDA GRIDSYNC DONE. [d_inf: 6.1035156e-05, main iterations: 4, evaluation iterations total: 411, time: 0.010063648223876953 s]
---
REPETITION: 2/10:
JCR PI CONTRACTION CUDA GRIDSYNC... [gamma: 0.9, eps: 0.0001, tolerance_v: 1e-07, tpb: 64, assumed max_bpg_gridsync: None]
[discovered max_bpg_gridsync: 656; time: 8.368492126464844e-05 s]
[kernel eval -> bpg: 121 (max_bpg_gridsync or number of states if smaller), tpb: 64, spb: 1]
[kernel improve -> bpg: 121 (implied by number of states), tpb: 64]
JCR PI CONTRACTION CUDA GRIDSYNC DONE. [d_inf: 6.1035156e-05, main iterations: 4, evaluation iterations total: 411, time: 0.009757757186889648 s]
---
REPETITION: 3/10:
JCR PI CONTRACTION CUDA GRIDSYNC... [gamma: 0.9, eps: 0.0001, tolerance_v: 1e-07, tpb: 64, assumed max_bpg_gridsync: None]
[discovered max_bpg_gridsync: 656; time: 8.034706115722656e-05 s]
[kernel eval -> bpg: 121 (max_bpg_gridsync or number of states if smaller), tpb: 64, spb: 1]
[kernel improve -> bpg: 121 (implied by number of states), tpb: 64]
JCR PI CONTRACTION CUDA GRIDSYNC DONE. [d_inf: 6.1035156e-05, main iterations: 4, evaluation iterations total: 411, time: 0.009755134582519531 s]
---
REPETITION: 4/10:
JCR PI CONTRACTION CUDA GRIDSYNC... [gamma: 0.9, eps: 0.0001, tolerance_v: 1e-07, tpb: 64, assumed max_bpg_gridsync: None]
[discovered max_bpg_gridsync: 656; time: 0.0001227855682373047 s]
[kernel eval -> bpg: 121 (max_bpg_gridsync or number of states if smaller), tpb: 64, spb: 1]
[kernel improve -> bpg: 121 (implied by number of states), tpb: 64]
JCR PI CONTRACTION CUDA GRIDSYNC DONE. [d_inf: 6.1035156e-05, main iterations: 4, evaluation iterations total: 411, time: 0.009866952896118164 s]
---
REPETITION: 5/10:
JCR PI CONTRACTION CUDA GRIDSYNC... [gamma: 0.9, eps: 0.0001, tolerance_v: 1e-07, tpb: 64, assumed max_bpg_gridsync: None]
[discovered max_bpg_gridsync: 656; time: 8.177757263183594e-05 s]
[kernel eval -> bpg: 121 (max_bpg_gridsync or number of states if smaller), tpb: 64, spb: 1]
[kernel improve -> bpg: 121 (implied by number of states), tpb: 64]
JCR PI CONTRACTION CUDA GRIDSYNC DONE. [d_inf: 6.1035156e-05, main iterations: 4, evaluation iterations total: 411, time: 0.00979304313659668 s]
---
REPETITION: 6/10:
JCR PI CONTRACTION CUDA GRIDSYNC... [gamma: 0.9, eps: 0.0001, tolerance_v: 1e-07, tpb: 64, assumed max_bpg_gridsync: None]
[discovered max_bpg_gridsync: 656; time: 8.463859558105469e-05 s]
[kernel eval -> bpg: 121 (max_bpg_gridsync or number of states if smaller), tpb: 64, spb: 1]
[kernel improve -> bpg: 121 (implied by number of states), tpb: 64]
JCR PI CONTRACTION CUDA GRIDSYNC DONE. [d_inf: 6.1035156e-05, main iterations: 4, evaluation iterations total: 411, time: 0.009762287139892578 s]
---
REPETITION: 7/10:
JCR PI CONTRACTION CUDA GRIDSYNC... [gamma: 0.9, eps: 0.0001, tolerance_v: 1e-07, tpb: 64, assumed max_bpg_gridsync: None]
[discovered max_bpg_gridsync: 656; time: 8.249282836914062e-05 s]
[kernel eval -> bpg: 121 (max_bpg_gridsync or number of states if smaller), tpb: 64, spb: 1]
[kernel improve -> bpg: 121 (implied by number of states), tpb: 64]
JCR PI CONTRACTION CUDA GRIDSYNC DONE. [d_inf: 6.1035156e-05, main iterations: 4, evaluation iterations total: 411, time: 0.009888648986816406 s]
---
REPETITION: 8/10:
JCR PI CONTRACTION CUDA GRIDSYNC... [gamma: 0.9, eps: 0.0001, tolerance_v: 1e-07, tpb: 64, assumed max_bpg_gridsync: None]
[discovered max_bpg_gridsync: 656; time: 8.368492126464844e-05 s]
[kernel eval -> bpg: 121 (max_bpg_gridsync or number of states if smaller), tpb: 64, spb: 1]
[kernel improve -> bpg: 121 (implied by number of states), tpb: 64]
JCR PI CONTRACTION CUDA GRIDSYNC DONE. [d_inf: 6.1035156e-05, main iterations: 4, evaluation iterations total: 411, time: 0.009793519973754883 s]
---
REPETITION: 9/10:
JCR PI CONTRACTION CUDA GRIDSYNC... [gamma: 0.9, eps: 0.0001, tolerance_v: 1e-07, tpb: 64, assumed max_bpg_gridsync: None]
[discovered max_bpg_gridsync: 656; time: 8.273124694824219e-05 s]
[kernel eval -> bpg: 121 (max_bpg_gridsync or number of states if smaller), tpb: 64, spb: 1]
[kernel improve -> bpg: 121 (implied by number of states), tpb: 64]
JCR PI CONTRACTION CUDA GRIDSYNC DONE. [d_inf: 6.1035156e-05, main iterations: 4, evaluation iterations total: 411, time: 0.0097503662109375 s]
---
REPETITION: 10/10:
JCR PI CONTRACTION CUDA GRIDSYNC... [gamma: 0.9, eps: 0.0001, tolerance_v: 1e-07, tpb: 64, assumed max_bpg_gridsync: None]
[discovered max_bpg_gridsync: 656; time: 8.130073547363281e-05 s]
[kernel eval -> bpg: 121 (max_bpg_gridsync or number of states if smaller), tpb: 64, spb: 1]
[kernel improve -> bpg: 121 (implied by number of states), tpb: 64]
JCR PI CONTRACTION CUDA GRIDSYNC DONE. [d_inf: 6.1035156e-05, main iterations: 4, evaluation iterations total: 411, time: 0.009749650955200195 s]
***
SUMMARY:
V OUT:
[420.2909  430.26233 440.1136  449.7054  458.9079  467.64175 475.87476
 483.73453 491.44354 498.83362 505.95584 430.1612  440.13254 449.9834
 459.57407 468.77454 477.50537 485.73453 493.44354 500.83362 507.9558
 514.52    439.61908 449.59003 459.43887 469.02444 478.21548 486.93268
 495.14465 502.83362 509.9558  516.52    522.9213  448.40207 458.372
 468.21588 477.7885  486.956   495.63925 503.8089  511.44977 518.52
 524.9214  530.4963  456.41092 466.3791  476.21378 485.76257 494.88684
 503.5079  511.60083 519.1559  526.1359  532.44666 537.9348  464.3791
 474.21378 483.76254 492.98828 502.04718 510.5741  518.5514  525.97864
 532.827   539.0089  544.37775 472.21378 481.76254 490.9883  500.04715
 508.5741  516.9181  524.7429  532.0021  538.679   544.69617 549.91583
 479.76257 488.98828 498.04715 506.5741  514.9181  522.7429  530.21643
 537.27673 543.7511  549.5751  554.62164 486.98828 496.04718 504.5741
 512.9181  520.7429  528.2164  535.27673 541.78503 548.04224 553.6588
 558.52026 494.04715 502.5741  510.9181  518.7429  526.2164  533.27673
 539.785   546.04224 551.6588  556.92505 561.6066  500.5741  508.9181
 516.74286 524.2164  531.27673 537.785   544.04224 549.6588  554.92505
 559.6066  563.88904]
POLICY OUT:
[ 0  0  0  0  0  0  0 -1 -1 -2 -2  0  0  0  0  0  0  0  0 -1 -1 -2  0  0
  0  0  0  0  0  0  0 -1 -1  0  0  0  0  0  0  0  0  0  0  0  0  0  0  0
  0  0  0  0  0  0  0  1  1  1  0  0  0  0  0  0  0  0  2  2  1  1  1  0
  0  0  0  0  0  3  2  2  2  1  1  0  0  0  0  0  3  3  3  2  2  1  1  0
  0  0  0  4  4  3  3  2  2  1  1  1  0  0  5  4  4  3  3  2  2  2  1  1
  0]
D_INF OF V VS REF: 0.00024414062
D_INF OF POLICY VS REF: 0
D_INF (AT STOP) MEAN: 6.103515625e-05
MAIN ITERATIONS MEAN: 4.0
EVAL ITERATIONS TOTAL MEAN: 411.0
TIME MEAN: 0.009818100929260254 s, STD: 9.427822203190302e-05 s, STD_%: 1.0%
SPEEDUP VS REF: 260.16371256990635
============================================================================================================================================================================================================================================================
============================================================================================================================================================================================================================================================
FINAL SUMMARY:
PI CONTRACTION APPROACH 1: jcr_pi_contraction_cpu_numpy (REFERENCE) -> MEAN MAIN ITERS: 4.0, MEAN EVAL ITERS TOTAL: 401.0, MEAN D_INF: 9.1552734375e-05, MEAN TIME: 2.554313588142395 s, TIME STD: 0.005861962861161657 s, STD_%: 0.2%, SPEED-UP: 1.00
PI CONTRACTION APPROACH 2: jcr_pi_contraction_cuda_atomicmax -> MEAN MAIN ITERS: 4.0, MEAN EVAL ITERS TOTAL: 435.0, MEAN D_INF: 6.103515625e-05, MEAN TIME: 0.03852081298828125 s, TIME STD: 0.00015260800586674322 s, STD_%: 0.4%, SPEED-UP: 66.31
PI CONTRACTION APPROACH 3: jcr_pi_contraction_cuda_atomicmaxglosten -> MEAN MAIN ITERS: 4.0, MEAN EVAL ITERS TOTAL: 435.0, MEAN D_INF: 6.103515625e-05, MEAN TIME: 0.038375449180603025 s, TIME STD: 0.00026157732451342056 s, STD_%: 0.7%, SPEED-UP: 66.56
PI CONTRACTION APPROACH 4: jcr_pi_contraction_cuda_reducemax -> MEAN MAIN ITERS: 4.0, MEAN EVAL ITERS TOTAL: 435.0, MEAN D_INF: 6.103515625e-05, MEAN TIME: 0.03013930320739746 s, TIME STD: 0.00013086079749714897 s, STD_%: 0.4%, SPEED-UP: 84.75
PI CONTRACTION APPROACH 5: jcr_pi_contraction_cuda_gridsync -> MEAN MAIN ITERS: 4.0, MEAN EVAL ITERS TOTAL: 411.0, MEAN D_INF: 6.103515625e-05, MEAN TIME: 0.009818100929260254 s, TIME STD: 9.427822203190302e-05 s, STD_%: 1.0%, SPEED-UP: 260.16
JACK'S CAR RENTAL DONE. [hash string: 3080083538_79049_325_[1;10;10;10.0;-2.0;[3.0,4.0];[3.0,2.0];True;0.9;1.0e-04;1.0e-07;False;TTTTT], time: 26.749233722686768 s]
