JACK'S CAR RENTAL STARTING...
HASH STRING: 3200911796_96597_901_[1;30;10;10.0;-2.0;[3.0,4.0];[3.0,2.0];True;0.9;1.0e-04;1.0e-07;False;FFFFTF]
============================================================================================================================================================================================================================================================
EXPERIMENT INFO:
{
  SEED: 1,
  JCR_MAX_CARS_AT_LOC: 30,
  JCR_MAX_CARS_MOVED: 10,
  JCR_REWARD_CAR_RENTED: 10.0,
  JCR_REWARD_CAR_MOVED: -2.0,
  JCR_REQUEST_POISSON_LAMBDAS_AT_LOC: [3.0, 4.0],
  JCR_RETURN_POISSON_LAMBDAS_AT_LOC: [3.0, 2.0],
  NUMPY_SINGLE_THREAD: True,
  GAMMA: 0.9,
  EPS: 0.0001,
  TOLERANCE_V: 1e-07,
  PLOTS: False,
  jcr_pi_contraction_cpu_numpy: (False, 'jcr_pi_contraction_cpu_numpy', 0, {}),
  jcr_pi_contraction_cpu_numba_parallel: (False, 'jcr_pi_contraction_cpu_numba_parallel', 0, {}),
  jcr_pi_contraction_cuda_atomicmax: (False, 'jcr_pi_contraction_cuda_atomicmax', 0, {}),
  jcr_pi_contraction_cuda_atomicmaxplain: (False, 'jcr_pi_contraction_cuda_atomicmaxplain', 0, {}),
  jcr_pi_contraction_cuda_reducemax: (True, 'jcr_pi_contraction_cuda_reducemax', 1, {'lazy_stop_check': 5, 'tpb': 64}),
  jcr_pi_contraction_cuda_gridsync: (False, 'jcr_pi_contraction_cuda_gridsync', 0, {})
}
============================================================================================================================================================================================================================================================
CPU AND SYSTEM:
{'cpu_name': 'AMD Ryzen 9 9950X 16-Core Processor',
 'os_machine': 'x86_64',
 'os_name': 'Linux 6.14.0-37-generic',
 'os_version': '#37~24.04.1-Ubuntu SMP PREEMPT_DYNAMIC Thu Nov 20 10:25:38 UTC '
               '2',
 'ram_size': '123.4 GB'}
GPU:
{'async_engine_count': 2,
 'can_map_host_memory': 1,
 'compute_capability': ComputeCapability(major=12, minor=0),
 'cores_per_SM': 128,
 'cores_total': 21760,
 'max_block_dim_x': 1024,
 'max_block_dim_y': 1024,
 'max_block_dim_z': 64,
 'max_grid_dim_x': 2147483647,
 'max_grid_dim_y': 65535,
 'max_grid_dim_z': 65535,
 'max_shared_memory_per_block': 49152,
 'max_threads_per_block': 1024,
 'multiprocessor_count': 170,
 'name': 'NVIDIA GeForce RTX 5090',
 'pci_bus_id': 1,
 'pci_device_id': 0,
 'unified_addressing': 1,
 'warp_size': 32}
============================================================================================================================================================================================================================================================
JCR INFO:
{
  MAX_CARS_AT_LOC: 30,
  MAX_CARS_MOVED: 10,
  REWARD_CAR_RENTED: 10.0,
  REWARD_CAR_MOVED: -2.0,
  REQUEST_POISSON_LAMBDAS_AT_LOC: [3.0, 4.0],
  RETURN_POISSON_LAMBDAS_AT_LOC: [3.0, 2.0]
}
JCR MDP JOINT DISTRIBUTION...
UNPICKLE OBJECTS... [from file: ../mdp_joint_distrs/mdp_joint_distr_jcr_30_10.pkl]
UNPICKLE OBJECTS DONE. [time: 0.7703762054443359 s]
JCR MDP JOINT DISTRIBUTION READY. [shape: (961, 21, 61, 961), entries: 1183030401, type: float32, 4.41 GiB copied to device (gpu) in: 0.34819650650024414 s]
============================================================================================================================================================================================================================================================
V FOR INITIAL POLICY ZEROED. [shape: (961,)]
RANDOM INITIAL POLICY [shape: (961,)]:
[ -5  -9   1  -3   2  -3  -2  -3  -1   2   1  -5  -5  -9   5   7 -10   6
   6  -7  -9  -4   2   4  -3   4   3  10  -4   8   8   5  10  -3   6  -5
   8   8   0  10  -2   1  -4   0   2  -5  -8   4   5   8  -7  -6  10   1
  -1  -4   7  -8   6   0 -10  -6   3  -1  -1  -1  -3  -9  -9  -5  -9 -10
   7  -6   7  -8  -2  -5 -10   3   9  -4   5   0   0   3  -2  -3   3  -3
   9  -7   3  -4   7   7   0  -7   8  -6  -5   7  -5   1  -9   2  -3  10
   0   6   3   4   9  -1  -1   8 -10   5  -4 -10  -6  -3   0   5   1  -8
   4  -3   3  -3  -2  -1 -10  -1  -7  -3   0  -7   1  -6  -1  -5  -2   9
  -2  -4  -2   3 -10   9  -8   0  -4   5   5  -1  -3   1   9   6   0   5
   4  -7 -10  -7   8   6  -9   5   7  -6   3  -7  -3 -10  -6  -1   3   6
  -4  10   4  10  -4   5  -8   2   6  -9  -2   1  10  -3  -5   3   7  -2
   7   1   4   2  -3   1  -7  10   7  -1  -6   4  -3  -3  10   3  -6   7
   6  -3   3   8 -10  -1   3   0 -10   7   7  -2  -3   8   0   7  -7  10
 -10  -5   2  -9  -1   8   9  -6  -9  -3  -8  -6   2  -3   7  -8  -4   0
   3 -10   7  -1   8  -4   3  -8   4  -3  -7  -3  -3   6  -5   5  -5   8
   7   0  -4  10  -9   6   3   4  -5   3   3  -7   7   8  -9  10  10   0
  -3 -10   2   5  -1  -7  -3   6 -10   6   9  10   7  -5   4   3  -6  10
  -8  10   1  -5  -4   3  -4   5  -6   1  -1  -4  -8  10  -3   6  -5  -6
  10  -5  -2  -8   3  -3  -5   7   0   7  -1   5   6   3  10  -2  -5   4
   3   5   6  -1   4   0   3   6  -7  10  10   5  -8   4   4 -10   0  -4
 -10   1  -7   3  -6  -4  -9  -8   0  10   0   9  -1   6   7 -10  -7  -5
  -5   0   8   4  -5  -9   0   6  -2   1   3  -3  -7 -10  -6  -2   4  10
  -2   3  -3   8  -4   5  -1  -1 -10  -9   2   9   2   7   0  10   2   5
   5   5   1   5   4   9   8   9   1  -3   1   5   9  -3  -8  -7   9   3
   5  -1   4   5  -4   9  -8  -3  -6   6  -6 -10  10   9  -7  -7   9  -6
  -5  -9   5  -4   2   5  -2  -3  -9  -5   5   7 -10   3 -10   0  -5   0
  -8   0  -8  -8   6   7  -6   0 -10  10   4  10   4   8   7   5  -3   7
  -7   7  -5  -4  -1   0  -8   3   3  -4   3  10  -4  -4   6  -2   6  -9
   8  -6  -4   2  -6  -1   2  -6 -10   9   6   6   9   8  -1 -10   6   6
  -3   9   9   5  -8   0   3  -6   8   3   4  -4   4  -7  -7   8  -7   6
  -8   4  -5   5   8  -3  -1   4   3 -10   5  -5   2  10  -5  -5   8  -1
   4  10   2   1  -5   5   5   2   8   2   3  10   2   1  -3  -2  -5  -3
   1  10   2  10   8   9  -4  -9  -8   6  -6   4  -5  -8  -9   3   1  -5
  -1  -8  10  -1  -1   1  -9   2   8 -10   4   0 -10  -4  10   8  -3   8
 -10 -10  -8  -3  10  -7  -4   8   2  -3  -4  -4   7   9   5  -6   6  -6
  -9  -4   3  -6  -2   2  -8   4  -2  -5   0   0   5  -8   9  -1  -1  10
   0   4   3  10   2   8   4   0   8   1   2  -1   6  -6   7   6   6 -10
   9  -1   0   5  10  -7   2  -1  -9   7  -3  -8  10  -1   4  -6   4   3
  -8   4   5   6  -9 -10  -2  -1  -8  -8  -7   3   1  -1   5  -6  -9  -6
  -9  -2   8  -9   3  -4   9   9  -1   4   4  -2   7  -3  -8   6  -4  -5
   2  -8  -8   7   4   0   1   4  -3   0 -10  -2  10  -6   6   1  -5   1
  -1  -6   3  -3  -2   0   1   5  -4  -5 -10  -1   4   8  -6   4  -3   1
   9  -7  -8  -2 -10  -9   4   2   7  -4 -10   2  -9  -9  -4  -6  -7   8
   4  -7   5  -5  10  -4   8   8 -10   8  -1   4  -3   6   6  -7  -3   1
  -3  -8   4  -2  -2  -2   6  -8   1 -10   0  -3   2   7  10  -5  -9  -6
   0  -7  -1   1  -5   4   7  -5   6  -3   0   9   7  10   8   8   4  -7
  -4   7   9   0  -6  -2   8   6  -6  -2   9   2   2  -4   3   9   6  -3
  -6   8   8  -2  -6   7  -7   2  -8   5   2 -10  -5 -10   4   5 -10  -6
   4   7   0  -6   2   8  -3 -10  -5   7   6  -6   0 -10   1  10   2  -1
  -1   1  -7   2   7  -1   5   4   9   3  -6  -9  -6  -8  -3  -3  -7  -4
  -8  -6  -8   5   0  -3   4  -3   8   0  -4  -3  -4   6   4   7  -5  -7
   9  -4   5  -2   4  -2  -5   8  -5   0  -3   4   8  -5   5  -1   4  -9
  -5   9  -3   3   3   1   4  -8  -1  -8  -7   6  -7   5  -7   9  -9   5
  -7   2   6  -5  -7 -10   4]
============================================================================================================================================================================================================================================================
PI CONTRACTION APPROACH 5: jcr_pi_contraction_cuda_reducemax...
GPU WARMED UP.
---
REPETITION: 1/1:
JCR PI CONTRACTION CUDA REDUCEMAX... [gamma: 0.9, eps: 0.0001, tolerance_v: 1e-07, lazy_stop_check: 5, tpb: 64]
[bpg: 961 (implied by number of states)]
JCR PI CONTRACTION CUDA REDUCEMAX DONE. [d_inf: 0.0, main iterations: 4, evaluation iterations total: 430, time: 0.18755030632019043 s]
***
SUMMARY:
V OUT:
[421.41693 431.38916 441.24487 450.85022 460.08313 468.87543 477.21408
 485.1183  492.98163 500.47806 507.89038 514.997   521.7556  528.35693
 534.7533  540.8469  546.65857 552.20667 557.63745 562.8631  567.85376
 572.6231  577.18274 581.54266 585.71185 589.69867 593.55414 597.2731
 600.82764 604.225   607.4704  431.29068 441.26285 451.11823 460.72275
 469.95416 478.74432 487.08038 494.98163 502.4781  509.89032 516.997
 523.7556  530.35693 536.75323 542.8469  548.65857 554.20667 559.63745
 564.86304 569.85376 574.62305 579.18274 583.54266 587.71185 591.6986
 595.5541  599.2731  602.8275  606.225   609.47034 612.56433 440.7643
 450.73615 460.58997 470.1906  479.4151  488.19556 496.51984 504.40802
 511.89035 518.997   525.7556  532.35693 538.7533  544.8469  550.65857
 556.20667 561.63745 566.86304 571.85376 576.62305 581.18274 585.5427
 589.7119  593.69867 597.5541  601.2731  604.8275  608.225   611.47034
 614.5643  617.49854 449.58755 459.5586  469.40863 478.9995  488.2066
 496.96277 505.25793 513.11426 520.5633  527.6352  534.35693 540.7533
 546.847   552.6586  558.20667 563.63745 568.8631  573.85376 578.62305
 583.18274 587.5427  591.71185 595.6986  599.5541  603.2731  606.8275
 610.225   613.47034 616.5643  619.49854 622.24915 457.67822 467.6479
 477.49078 487.06345 496.23843 504.94977 513.1918  520.99084 528.3816
 535.39453 542.05634 548.39044 554.41876 560.1616  565.63745 570.86304
 575.8538  580.62305 585.18274 589.54266 593.71185 597.6987  601.5541
 605.2731  608.8275  612.225   615.4704  618.56433 621.49854 624.24915
 626.76843 465.6479  475.49078 485.06345 494.45447 503.5803  512.22327
 520.3844  528.0977  535.40247 542.3312  548.91016 555.16156 561.10614
 566.7633  572.1513  577.28687 582.1854  586.8607  591.3251  595.58905
 599.66235 603.5541  607.2731  610.8275  614.225   617.47034 620.56433
 623.4986  626.24915 628.76843 631.08185 473.49078 483.06345 492.45447
 501.58032 510.3682  518.9195  526.97235 534.5713  541.7627  548.58276
 555.05774 561.2085  567.0545  572.6139  577.9043  582.9418  587.7417
 592.31775 596.6823  600.8466  604.82086 608.6145  612.2366  615.6955
 618.9984  622.15    625.1509  627.99243 630.6515  633.08185 635.2147
 481.06345 490.45447 499.58032 508.3682  516.9195  525.16736 533.0881
 540.54724 547.6011  554.2903  560.6421  566.67664 572.41144 577.8634
 583.04895 587.98364 592.6819  597.1574  601.42236 605.48804 609.365
 613.06274 616.59045 619.9565  623.1676  626.2285  629.13947 631.8922
 634.464   636.8103  638.86536 488.45447 497.5803  506.3682  514.9195
 523.1673  531.0881  538.8294  546.1293  553.0259  559.56604 565.7788
 571.6834  577.296   582.632   587.7064  592.53394 597.1284  601.5027
 605.66876 609.6378  613.42017 617.0255  620.4627  623.74    626.864
 629.83923 632.66583 635.3359  637.82715 640.0967  642.0814  495.58032
 504.36823 512.9195  521.1673  529.0881  536.8294  544.2597  551.38727
 558.11304 564.49084 570.5521  576.31604 581.79736 587.0099  591.9675
 596.6838  601.1717  605.44354 609.51086 613.38434 617.0741  620.5896
 623.93945 627.1317  630.1727  633.067   635.8146  638.4077  640.8248
 643.02454 644.94617 502.3682  510.9195  519.1673  527.08813 534.8294
 542.25964 549.4182  556.3667  562.9138  569.121   575.0227  580.6383
 585.98145 591.0646  595.90063 600.5019  604.88074 609.0486  613.01636
 616.79456 620.39264 623.8198  627.0845  630.19434 633.15564 635.97253
 638.64514 641.166   643.51416 645.6495  647.5134  508.9195  517.1673
 525.0881  532.8294  540.2597  547.4181  554.3667  561.09735 567.463
 573.49585 579.2337  584.69653 589.89716 594.84717 599.5581  604.0416
 608.3092  612.3716  616.23914 619.92163 623.42847 626.7682  629.94904
 632.9782  635.86194 638.604   641.2048  643.6567  645.9396  648.01447
 649.8248  515.1673  523.0881  530.8294  538.2597  545.41815 552.3667
 559.09735 565.59973 571.7849  577.64325 583.2162  588.52466 593.58105
 598.396   602.9801  607.34436 611.49927 615.4552  619.2219  622.8087
 626.22437 629.47723 632.5751  635.5249  638.3325  641.00183 643.5327
 645.9182  648.13855 650.156   651.91565 521.0881  528.82935 536.25964
 543.41815 550.3667  557.0973  563.59973 569.8888  575.8971  581.5834
 586.99316 592.1481  597.0605  601.74023 606.19727 610.44183 614.4839
 618.3331  621.9989  625.49    628.8149  631.98145 634.9971  637.8684
 640.6013  643.1991  645.6621  647.98303 650.1428  652.10486 653.8159
 526.82935 534.2597  541.4181  548.3667  555.0973  561.59973 567.8888
 573.97656 579.81287 585.3316  590.5814  595.5855  600.35583 604.90186
 609.2329  613.3585  617.28827 621.0315  624.5968  627.9928  631.2275
 634.30835 637.24255 640.0366  642.6957  645.2235  647.61975 649.8777
 651.97864 653.8871  655.551   532.25964 539.41815 546.3667  553.09735
 559.59973 565.8888  571.97656 577.87305 583.5436  588.89996 593.9945
 598.85144 603.4829  607.8977  612.10474 616.11316 619.9321  623.5703
 627.0364  630.33826 633.48364 636.47986 639.33374 642.0514  644.63794
 647.0968  649.42773 651.624   653.6676  655.5237  657.142   537.41815
 544.3667  551.09735 557.59973 563.8888  569.97656 575.87305 581.5874
 587.0984  592.29846 597.24304 601.9574  606.45386 610.7407  614.82654
 618.7201  622.4302  625.96533 629.3336  632.5427  635.6002  638.51306
 641.2877  643.9302  646.44543 648.83655 651.1034  653.2394  655.22687
 657.03204 658.60596 542.3667  549.09735 555.59973 561.8888  567.97656
 573.87305 579.58746 585.12805 590.4861  595.5359  600.336   604.9127
 609.2783  613.44104 617.40894 621.1904  624.79407 628.22815 631.5006
 634.6188  637.58984 640.4208  643.1177  645.6863  648.1315  650.4563
 652.6604  654.7375  656.67017 658.4257  659.95636 547.09735 553.59973
 559.8888  565.97656 571.87305 577.5874  583.12805 588.5029  593.7145
 598.6201  603.28125 607.7252  611.96436 616.0067  619.85986 623.5322
 627.0321  630.36755 633.5462  636.5753  639.4619  642.2125  644.83325
 647.3297  649.7064  651.9663  654.10913 656.12866 658.00806 659.7152
 661.2038  551.59973 557.8888  563.97656 569.87305 575.5874  581.12805
 586.5029  591.7195  596.7907  601.5579  606.08527 610.4012  614.51794
 618.4435  622.1854  625.7516  629.15045 632.38965 635.4768  638.41895
 641.2229  643.89514 646.44147 648.8673  651.17725 653.3739  655.45715
 657.4207  659.24817 660.9085  662.35645 555.8888  561.97656 567.87305
 573.5874  579.12805 584.5029  589.7195  594.79065 599.7212  604.3552
 608.75354 612.94543 616.9436  620.75574 624.3894  627.8523  631.1527
 634.2981  637.29596 640.1533  642.87683 645.47266 647.9466  650.30383
 652.54877 654.6841  656.7095  658.6189  660.3962  662.0112  663.4197
 559.9765  565.87305 571.5874  577.12805 582.5029  587.7195  592.79065
 597.7212  602.5116  607.01685 611.29    615.36145 619.2441  622.9458
 626.4739  629.83606 633.0403  636.09436 639.0054  641.78015 644.4254
 646.94696 649.3506  651.6415  653.8235  655.8994  657.8691  659.72626
 661.45544 663.02686 664.3976  563.87305 569.5874  575.12805 580.5029
 585.7195  590.7907  595.7212  600.51154 605.16565 609.5457  613.69666
 617.65027 621.42    625.01355 628.43835 631.70215 634.8126  637.7776
 640.604   643.2987  645.8679  648.31775 650.65356 652.88025 655.00195
 657.021   658.93713 660.7444  662.4275  663.9575  665.2923  567.5874
 573.12805 578.5029  583.7195  588.7907  593.7212  598.51154 603.16565
 607.6853  611.9426  615.9734  619.8109  623.46924 626.9564  630.2799
 633.44727 636.4663  639.3445  642.0888  644.70593 647.2019  649.58264
 651.8534  654.0188  656.08276 658.0477  659.9131  661.6731  663.31274
 664.80347 666.1045  571.12805 576.5029  581.7195  586.7907  591.7212
 596.5116  601.16565 605.6853  610.06915 614.20496 618.11633 621.83856
 625.3865  628.7686  631.9924  635.0653  637.9951  640.78906 643.4541
 645.9966  648.4225  650.73737 652.9463  655.0537  657.06335 658.97736
 660.79517 662.511   664.11    665.56433 666.8338  574.5029  579.7195
 584.79065 589.7212  594.51154 599.16565 603.6853  608.06915 612.3097
 616.3244  620.1168  623.72394 627.1621  630.4403  633.566   636.54675
 639.38995 642.1028  644.69183 647.1633  649.52295 651.7758  653.9269
 655.9802  657.9394  659.8063  661.5802  663.2554  664.8172  666.2382
 667.4789  577.7195  582.79065 587.7212  592.51154 597.16565 601.6853
 606.06915 610.3097  614.39026 618.2848  621.9586  625.4515  628.7809
 631.9568  634.9867  637.8782  640.6383  643.2739  645.79144 648.19653
 650.4945  652.69025 654.78827 656.79236 658.7057  660.53    662.2645
 663.9032  665.43164 666.8228  668.03784 580.79065 585.7212  590.51154
 595.16565 599.6853  604.0691  608.30963 612.39026 616.28485 620.0581
 623.61615 626.9973  630.22107 633.2981  636.2362  639.0429  641.725
 644.28894 646.7406  649.0852  651.3277  653.4723  655.5231  657.48364
 659.3567  661.14374 662.84375 664.45074 665.95026 667.3157  668.50854
 583.7212  588.51154 593.16565 597.6853  602.06915 606.30963 610.3902
 614.2848  618.0581  621.6162  625.05383 628.3303  631.4552  634.4402
 637.2935  640.0226  642.634   645.13367 647.5271  649.8189  652.0133
 654.1141  656.1247  658.04846 659.8876  661.64343 663.3147  664.89526
 666.3707  667.7148  668.88934 586.51154 591.1656  595.68536 600.06915
 604.3097  608.3902  612.2848  616.0581  619.6162  623.05383 626.3303
 629.4552  632.4562  635.3606  638.14026 640.80225 643.35315 645.7986
 648.1434  650.3916  652.54675 654.61206 656.5906  658.48486 660.29724
 662.0283  663.67694 665.23676 666.6935  668.0209  669.18115 589.16565
 593.6853  598.06915 602.3097  606.39014 610.2848  614.0581  617.6162
 621.05383 624.33026 627.45514 630.4562  633.3606  636.14026 638.80225
 641.3784  643.8816  646.28455 648.59186 650.8068  652.9324  654.9713
 656.9259  658.7986  660.59106 662.30426 663.9363  665.4811  666.9242
 668.23944 669.38934]
POLICY OUT:
[ 0  0  0  0  0  0  0  0 -1 -1 -2 -2 -2 -3 -3 -3 -3 -3 -4 -4 -4 -4 -4 -4
 -4 -4 -5 -5 -5 -5 -5  0  0  0  0  0  0  0  0  0 -1 -1 -1 -2 -2 -2 -2 -2
 -3 -3 -3 -3 -3 -3 -3 -3 -4 -4 -4 -4 -4 -4  0  0  0  0  0  0  0  0  0  0
  0 -1 -1 -1 -1 -1 -2 -2 -2 -2 -2 -2 -2 -2 -3 -3 -3 -3 -3 -3 -3  0  0  0
  0  0  0  0  0  0  0  0  0  0  0  0 -1 -1 -1 -1 -1 -1 -1 -1 -2 -2 -2 -2
 -2 -2 -2 -2  0  0  0  0  0  0  0  0  0  0  0  0  0  0  0  0  0  0  0  0
  0  0 -1 -1 -1 -1 -1 -1 -1 -1 -1  1  1  1  0  0  0  0  0  0  0  0  0  0
  0  0  0  0  0  0  0  0  0  0  0  0  0  0  0  0  0 -1  2  2  1  1  0  0
  0  0  0  0  0  0  0  0  0  0  0  0  0  0  0  0  0  0  0  0  0  0  0  0
  0  3  2  2  1  1  0  0  0  0  0  0  0  0  0  0  0  0  0  0  0  0  0  0
  0  0  0  0  0  0  0  0  3  3  2  2  1  1  0  0  0  0  0  0  0  0  0  0
  0  0  0  0  0  0  0  0  0  0  0  0  0  0  0  4  3  3  2  2  1  0  0  0
  0  0  0  0  0  0  0  0  0  0  0  0  0  0  0  0  0  0  0  0  0  0  4  4
  3  3  2  1  0  0  0  0  0  0  0  0  0  0  0  0  0  0  0  0  0  0  0  0
  0  0  0  0  0  5  4  4  3  2  1  1  0  0  0  0  0  0  0  0  0  0  0  0
  0  0  0  0  0  0  0  0  0  0  0  0  5  5  4  3  2  2  1  0  0  0  0  0
  0  0  0  0  0  0  0  0  0  0  0  0  0  0  0  0  0  0  0  6  5  4  3  3
  2  1  0  0  0  0  0  0  0  0  0  0  0  0  0  0  0  0  0  0  0  0  0  0
  0  0  6  5  4  4  3  2  1  0  0  0  0  0  0  0  0  0  0  0  0  0  0  0
  0  0  0  0  0  0  0  0  0  6  5  5  4  3  2  1  0  0  0  0  0  0  0  0
  0  0  0  0  0  0  0  0  0  0  0  0  0  0  0  0  6  6  5  4  3  2  1  0
  0  0  0  0  0  0  0  0  0  0  0  0  0  0  0  0  0  0  0  0  0  0  0  7
  6  5  4  3  2  1  0  0  0  0  0  0  0  0  0  0  0  0  0  0  0  0  0  0
  0  0  0  0  0  0  7  6  5  4  3  2  1  0  0  0  0  0  0  0  0  0  0  0
  0  0  0  0  0  0  0  0  0  0  0  0  0  7  6  5  4  3  2  1  0  0  0  0
  0  0  0  0  0  0  0  0  0  0  0  0  0  0  0  0  0  0  0  0  7  6  5  4
  3  2  1  1  0  0  0  0  0  0  0  0  0  0  0  0  0  0  0  0  0  0  0  0
  0  0  0  7  6  5  4  3  2  2  1  0  0  0  0  0  0  0  0  0  0  0  0  0
  0  0  0  0  0  0  0  0  0  0  7  6  5  4  3  3  2  1  0  0  0  0  0  0
  0  0  0  0  0  0  0  0  0  0  0  0  0  0  0  0  0  7  6  5  4  4  3  2
  1  0  0  0  0  0  0  0  0  0  0  0  0  0  0  0  0  0  0  0  0  0  0  0
  7  6  5  5  4  3  2  1  0  0  0  0  0  0  0  0  0  0  0  0  0  0  0  0
  0  0  0  0  0  0  0  7  6  6  5  4  3  2  1  0  0  0  0  0  0  0  0  0
  0  0  0  0  0  0  0  0  0  0  0  0  0  0  7  7  6  5  4  3  2  1  0  0
  0  0  0  0  0  0  0  0  0  0  0  0  0  0  0  0  0  0  0  0  0  8  7  6
  5  4  3  2  1  1  0  0  0  0  0  0  0  0  0  0  0  0  0  0  0  0  0  0
  0  0  0  0  8  7  6  5  4  3  2  2  1  1  0  0  0  0  0  0  0  0  0  0
  0  0  0  0  0  0  0  0  0  0  0  8  7  6  5  4  3  3  2  2  1  1  1  0
  0  0  0  0  0  0  0  0  0  0  0  0  0  0  0  0  0  0  8  7  6  5  4  4
  3  3  2  2  2  1  1  1  1  0  0  0  0  0  0  0  0  0  0  0  0  0  0  0
  0]
D_INF OF V VS REF: 0.0
D_INF OF POLICY VS REF: 0
D_INF (AT STOP) MEAN: 0.0
MAIN ITERATIONS MEAN: 4.0
EVAL ITERATIONS TOTAL MEAN: 430.0
TIME MEAN: 0.18755030632019043 s, STD: 0.0 s, STD_%: 0.0%
SPEEDUP VS REF: 1.0
============================================================================================================================================================================================================================================================
============================================================================================================================================================================================================================================================
FINAL SUMMARY:
PI CONTRACTION APPROACH 1: jcr_pi_contraction_cpu_numpy OFF.
PI CONTRACTION APPROACH 2: jcr_pi_contraction_cpu_numba_parallel OFF.
PI CONTRACTION APPROACH 3: jcr_pi_contraction_cuda_atomicmax OFF.
PI CONTRACTION APPROACH 4: jcr_pi_contraction_cuda_atomicmaxplain OFF.
PI CONTRACTION APPROACH 5: jcr_pi_contraction_cuda_reducemax (REFERENCE) -> MEAN MAIN ITERS: 4.0, MEAN EVAL ITERS TOTAL: 430.0, MEAN D_INF: 0.0, MEAN TIME: 0.18755030632019043 s, TIME STD: 0.0 s, STD_%: 0.0%, SPEED-UP: 1.00
PI CONTRACTION APPROACH 6: jcr_pi_contraction_cuda_gridsync OFF.
JACK'S CAR RENTAL DONE. [hash string: 3200911796_96597_901_[1;30;10;10.0;-2.0;[3.0,4.0];[3.0,2.0];True;0.9;1.0e-04;1.0e-07;False;FFFFTF], time: 16.42500901222229 s]
