JACK'S CAR RENTAL STARTING...
HASH STRING: 3414392679_04404_325_[1;20;5;10.0;-2.0;[3.0,4.0];[3.0,2.0];True;0.9;1.0e-04;1.0e-07;False;TTTTT]
============================================================================================================================================================================================================================================================
EXPERIMENT INFO:
{
  SEED: 1,
  JCR_MAX_CARS_AT_LOC: 20,
  JCR_MAX_CARS_MOVED: 5,
  JCR_REWARD_CAR_RENTED: 10.0,
  JCR_REWARD_CAR_MOVED: -2.0,
  JCR_REQUEST_POISSON_LAMBDAS_AT_LOC: [3.0, 4.0],
  JCR_RETURN_POISSON_LAMBDAS_AT_LOC: [3.0, 2.0],
  NUMPY_SINGLE_THREAD: True,
  GAMMA: 0.9,
  EPS: 0.0001,
  TOLERANCE_V: 1e-07,
  PLOTS: False,
  jcr_pi_contraction_cpu_numpy: (True, 'jcr_pi_contraction_cpu_numpy', 10, {}),
  jcr_pi_contraction_cuda_atomicmax: (True, 'jcr_pi_contraction_cuda_atomicmax', 10, {'lazy_stop_check': 5, 'tpb': 64}),
  jcr_pi_contraction_cuda_atomicmaxplain: (True, 'jcr_pi_contraction_cuda_atomicmaxplain', 10, {'lazy_stop_check': 5, 'tpb': 64}),
  jcr_pi_contraction_cuda_reducemax: (True, 'jcr_pi_contraction_cuda_reducemax', 10, {'lazy_stop_check': 5, 'tpb': 64}),
  jcr_pi_contraction_cuda_gridsync: (True, 'jcr_pi_contraction_cuda_gridsync', 10, {'tpb': 64})
}
============================================================================================================================================================================================================================================================
CPU AND SYSTEM:
{'cpu_name': 'Intel(R) Core(TM) i7-10700 CPU @ 2.90GHz',
 'os_machine': 'x86_64',
 'os_name': 'Linux 6.8.0-90-generic',
 'os_version': '#91-Ubuntu SMP PREEMPT_DYNAMIC Tue Nov 18 14:14:30 UTC 2025',
 'ram_size': '125.7 GB'}
GPU:
{'async_engine_count': 2,
 'can_map_host_memory': 1,
 'compute_capability': ComputeCapability(major=8, minor=6),
 'cores_per_SM': 128,
 'cores_total': 10496,
 'max_block_dim_x': 1024,
 'max_block_dim_y': 1024,
 'max_block_dim_z': 64,
 'max_grid_dim_x': 2147483647,
 'max_grid_dim_y': 65535,
 'max_grid_dim_z': 65535,
 'max_shared_memory_per_block': 49152,
 'max_threads_per_block': 1024,
 'multiprocessor_count': 82,
 'name': 'NVIDIA GeForce RTX 3090',
 'pci_bus_id': 1,
 'pci_device_id': 0,
 'unified_addressing': 1,
 'warp_size': 32}
============================================================================================================================================================================================================================================================
JCR INFO:
{
  MAX_CARS_AT_LOC: 20,
  MAX_CARS_MOVED: 5,
  REWARD_CAR_RENTED: 10.0,
  REWARD_CAR_MOVED: -2.0,
  REQUEST_POISSON_LAMBDAS_AT_LOC: [3.0, 4.0],
  RETURN_POISSON_LAMBDAS_AT_LOC: [3.0, 2.0]
}
JCR MDP JOINT DISTRIBUTION...
UNPICKLE OBJECTS... [from file: ../mdp_joint_distrs/mdp_joint_distr_jcr_20_5.pkl]
UNPICKLE OBJECTS DONE. [time: 0.10106015205383301 s]
JCR MDP JOINT DISTRIBUTION READY. [shape: (441, 11, 41, 441), entries: 87710931, type: float32, 0.33 GiB copied to device (gpu) in: 0.028918981552124023 s]
============================================================================================================================================================================================================================================================
V FOR INITIAL POLICY ZEROED. [shape: (441,)]
RANDOM INITIAL POLICY [shape: (441,)]:
[ 0 -4  2  2  3  2  4  0  0 -4 -4 -5 -5 -5 -2 -4  1  2  1 -1  1 -3  4 -3
 -1  2 -5  0 -3 -3  5 -1  3  1  1  5  0 -3 -3 -2 -1  4  2 -1  2  4  1 -4
 -3  2 -5  5 -5  1  1 -1  4  4  4  2 -4 -4  1  4  0 -4 -5 -4 -1 -4 -3  3
  0  3 -5 -2  1  5  5  5  4  3  2  2 -2 -2  1 -4  0  3 -4  5  4 -2 -3 -1
  3  0 -4  0 -4  5  2 -1  5 -5 -2  4  4 -3 -5  1 -5 -1  2  4  5 -3  0  2
  2  5  4  2  3  4  1 -5  4  4 -2  2  5 -2  2  1 -1  4  4  0  0  4  3 -2
  3  1  2  3 -5 -2 -3  5  5  1  2  2  5  4  2  4  4  2 -2 -5  5 -2 -5 -2
  3 -3  2 -5  2 -4 -4 -1  4 -2  2 -5 -1  3  4  1 -5  1 -1  0 -1  1 -3  5
 -5 -4  0  3 -1  2  0 -4  3 -4  2 -2 -1 -4  4 -1  2  1  2 -1 -1 -4  4 -5
  2 -3  0 -5  4  5  1  2 -5 -4 -4  3  2 -3  4  3  5 -4 -2 -1  4 -5  0  3
 -4  1  2  4  3 -3  2 -2 -1 -4  2 -3 -1  0  2 -4 -3  1  5  1  0 -5 -4  4
 -3  1  5  1 -3  2 -2  2  2 -5  1  0  0 -3 -4  5  1 -1  1 -4 -5  1  0 -2
 -4  1 -3 -4  0  0 -1 -1  5  2 -5  2  3  4  4  0 -2  2 -5 -5 -5  4 -2 -1
  4 -4  0 -1 -1 -3 -1  0  1  4  1  3 -1  3  4  1 -3 -1  2 -5  0  5  0  1
 -1 -1  0  0  3  0  3 -3  2  0 -4  5 -4  4 -5 -1  3  0  4  2 -5  4  5  3
 -5 -2 -1 -1 -3  2 -5  5  1 -5  1 -2  0 -1  1 -4 -3  5 -1  5 -2  4 -5 -4
  1  5 -5 -2  0  0  2  5 -3  0  1 -4  5 -5  3  2 -2  4 -5 -1  3 -1  3  2
 -3  1  2  4  4 -5 -4  1 -2  3  3 -4  5 -1  3 -2 -3 -2  5  2  1 -2  2 -3
 -2 -2  0  4  1 -2  1 -3  2]
============================================================================================================================================================================================================================================================
PI CONTRACTION APPROACH 1: jcr_pi_contraction_cpu_numpy...
---
REPETITION: 1/10:
JCR PI CONTRACTION CPU NUMPY... [gamma: 0.9, eps: 0.0001, tolerance_v: 1e-07]
JCR PI CONTRACTION CPU NUMPY DONE. [d_inf: 6.1035156e-05, main iterations: 4, evaluation iterations total: 414, time: 19.735023975372314 s]
---
REPETITION: 2/10:
JCR PI CONTRACTION CPU NUMPY... [gamma: 0.9, eps: 0.0001, tolerance_v: 1e-07]
JCR PI CONTRACTION CPU NUMPY DONE. [d_inf: 6.1035156e-05, main iterations: 4, evaluation iterations total: 414, time: 19.898343086242676 s]
---
REPETITION: 3/10:
JCR PI CONTRACTION CPU NUMPY... [gamma: 0.9, eps: 0.0001, tolerance_v: 1e-07]
JCR PI CONTRACTION CPU NUMPY DONE. [d_inf: 6.1035156e-05, main iterations: 4, evaluation iterations total: 414, time: 19.893046855926514 s]
---
REPETITION: 4/10:
JCR PI CONTRACTION CPU NUMPY... [gamma: 0.9, eps: 0.0001, tolerance_v: 1e-07]
JCR PI CONTRACTION CPU NUMPY DONE. [d_inf: 6.1035156e-05, main iterations: 4, evaluation iterations total: 414, time: 19.776262283325195 s]
---
REPETITION: 5/10:
JCR PI CONTRACTION CPU NUMPY... [gamma: 0.9, eps: 0.0001, tolerance_v: 1e-07]
JCR PI CONTRACTION CPU NUMPY DONE. [d_inf: 6.1035156e-05, main iterations: 4, evaluation iterations total: 414, time: 19.827621459960938 s]
---
REPETITION: 6/10:
JCR PI CONTRACTION CPU NUMPY... [gamma: 0.9, eps: 0.0001, tolerance_v: 1e-07]
JCR PI CONTRACTION CPU NUMPY DONE. [d_inf: 6.1035156e-05, main iterations: 4, evaluation iterations total: 414, time: 19.816120386123657 s]
---
REPETITION: 7/10:
JCR PI CONTRACTION CPU NUMPY... [gamma: 0.9, eps: 0.0001, tolerance_v: 1e-07]
JCR PI CONTRACTION CPU NUMPY DONE. [d_inf: 6.1035156e-05, main iterations: 4, evaluation iterations total: 414, time: 19.867226123809814 s]
---
REPETITION: 8/10:
JCR PI CONTRACTION CPU NUMPY... [gamma: 0.9, eps: 0.0001, tolerance_v: 1e-07]
JCR PI CONTRACTION CPU NUMPY DONE. [d_inf: 6.1035156e-05, main iterations: 4, evaluation iterations total: 414, time: 19.833807706832886 s]
---
REPETITION: 9/10:
JCR PI CONTRACTION CPU NUMPY... [gamma: 0.9, eps: 0.0001, tolerance_v: 1e-07]
JCR PI CONTRACTION CPU NUMPY DONE. [d_inf: 6.1035156e-05, main iterations: 4, evaluation iterations total: 414, time: 19.938056468963623 s]
---
REPETITION: 10/10:
JCR PI CONTRACTION CPU NUMPY... [gamma: 0.9, eps: 0.0001, tolerance_v: 1e-07]
JCR PI CONTRACTION CPU NUMPY DONE. [d_inf: 6.1035156e-05, main iterations: 4, evaluation iterations total: 414, time: 19.917837142944336 s]
***
SUMMARY:
V OUT:
[421.41388 431.3861  441.24176 450.8471  460.0799  468.872   477.2104
 485.11414 492.97748 500.4733  507.88535 514.991   521.7484  528.34875
 534.74304 540.83356 546.6404  552.18036 557.6055  562.8134  567.7682
 431.2876  441.25977 451.1151  460.7196  469.9509  478.74094 487.07666
 494.97748 502.4733  509.88538 516.9911  523.7485  530.3489  536.7429
 542.83356 548.64044 554.18036 559.6056  564.81354 569.7681  574.461
 440.76117 450.73303 460.58682 470.18744 479.41183 488.19208 496.51605
 504.4037  511.88538 518.991   525.7485  532.34875 538.743   544.8335
 550.6405  556.1803  561.6055  566.8135  571.7682  576.461   580.8571
 449.5843  459.55542 469.4054  478.99615 488.20312 496.95908 505.2538
 513.10956 520.5578  527.62854 534.3488  540.74304 546.83356 552.6405
 558.1803  563.6055  568.8134  573.76825 578.46106 582.85724 586.9704
 457.6748  467.64447 477.48734 487.0599  496.2347  504.94568 513.1871
 520.98553 528.3751  535.38666 542.0464  548.3778  554.4024  560.1394
 565.6055  570.8134  575.7683  580.4612  584.8573  588.97034 592.89233
 465.64444 475.4873  485.0599  494.45053 503.5761  512.2186  520.3789
 528.0912  535.39435 542.3211  548.8973  555.14496 561.08466 566.73456
 572.1109  577.226   582.08453 586.6773  590.9704  594.89215 598.33386
 473.4873  483.05994 492.45053 501.57614 510.36322 518.9138  526.9655
 534.5628  541.75195 548.5691  555.0401  561.1861  567.02545 572.5758
 577.852   582.8657  587.62115 592.10913 596.29553 600.1112  603.4517
 481.0599  490.45053 499.57614 508.36322 516.9138  525.1601  533.07916
 540.5359  547.58636 554.2713  560.6175  566.6453  572.3713  577.81146
 582.98    587.88727 592.5368  596.9189  601.00006 604.7134  607.95795
 488.45056 497.5761  506.36325 514.91376 523.1601  531.07916 538.81714
 546.1134  553.00507 559.5389  565.74365 571.63873 577.23944 582.5602
 587.6138  592.4097  596.9508  601.22687 605.20526 608.8202  611.9747
 495.5761  504.36322 512.9138  521.1601  529.07916 536.81714 544.2425
 551.3645  558.0828  564.4514  570.5013  576.25165 581.7166  586.9092
 591.8408  596.52057 600.94995 605.1188  608.9949  612.51404 615.58276
 502.36328 510.9138  519.1601  527.0791  534.8172  542.24243 549.39325
 556.33344 562.86945 569.0628  574.9481  580.54443 585.8653  590.9222
 595.7258  600.2838  604.5979  608.6573  612.4305  615.85504 618.83936
 508.9138  517.1601  525.0791  532.8172  540.24255 547.39325 554.3333
 561.04785 567.3971  573.4097  579.1237  584.55927 589.7294  594.64465
 599.3147  603.74664 607.94165 611.88904 615.5577  618.887   621.78766
 515.1601  523.07916 530.81714 538.2425  545.3932  552.3334  559.0479
 565.5251  571.68604 577.5149  583.05347 588.32367 593.33826 598.1068
 602.6391  606.9412  611.01416 614.8472  618.4098  621.6429  624.46
 521.04913 528.8172  536.2425  543.39325 550.33344 557.0479  563.52515
 569.7747  575.7477  581.39105 586.7519  591.8535  596.7089  601.3278
 605.7191  609.88855 613.83685 617.55383 621.00916 624.14545 626.8787
 526.6371  534.2425  541.39325 548.3334  555.048   561.5252  567.77466
 573.7989  579.5846  585.0424  590.2238  595.1546  599.8483  604.3152
 608.5632  612.59814 616.4206  620.0201  623.36774 626.40735 629.0568
 531.9564  539.3932  546.33344 553.0479  559.52515 565.7747  571.7988
 577.5891  583.1895  588.46204 593.4635  598.22205 602.75287 607.06604
 611.17    615.0699  618.76624 622.24866 625.489   628.4326  630.99976
 537.02563 544.29236 551.0479  557.52515 563.77466 569.79865 575.58923
 581.1895  586.539   591.6285  596.4511  601.0382  605.4068  609.56714
 613.52783 617.29364 620.86523 624.23236 627.3676  630.21796 632.70483
 541.8561  548.95435 555.52515 561.7748  567.79877 573.58923 579.1895
 584.53906 589.62866 594.50006 599.1491  603.56995 607.78046 611.7923
 615.6138  619.2499  622.701   625.95715 628.9918  631.75287 634.16406
 546.4544  553.3867  559.7747  565.7988  571.5892  577.18945 582.539
 587.62866 592.49994 597.1492  601.57    605.7804  609.8303  613.70404
 617.3959  620.9112  624.25    627.4034  630.34515 633.0244  635.36694
 550.8212  557.59125 563.7989  569.5892  575.1895  580.53906 585.6285
 590.5     595.14923 599.5699  603.7804  607.8303  611.704   615.3959
 618.91113 622.2501  625.4904  628.55383 631.41473 634.0232  636.3063
 554.9476  561.5589  567.58905 573.1895  578.539   583.6286  588.49994
 593.1492  597.5699  601.78046 605.8303  609.704   613.3958  616.9112
 620.2501  623.4905  626.55383 629.4147  632.20105 634.7533  636.98944]
POLICY OUT:
[ 0  0  0  0  0  0  0  0 -1 -1 -2 -2 -2 -3 -3 -3 -3 -3 -4 -4 -4  0  0  0
  0  0  0  0  0  0 -1 -1 -1 -2 -2 -2 -2 -2 -3 -3 -3 -3  0  0  0  0  0  0
  0  0  0  0  0 -1 -1 -1 -1 -1 -2 -2 -2 -2 -2  0  0  0  0  0  0  0  0  0
  0  0  0  0  0  0 -1 -1 -1 -1 -1 -2  0  0  0  0  0  0  0  0  0  0  0  0
  0  0  0  0  0  0  0 -1 -1  1  1  1  0  0  0  0  0  0  0  0  0  0  0  0
  0  0  0  0  0  0  2  2  1  1  0  0  0  0  0  0  0  0  0  0  0  0  0  0
  0  0  0  3  2  2  1  1  0  0  0  0  0  0  0  0  0  0  0  0  0  0  0  0
  3  3  2  2  1  1  0  0  0  0  0  0  0  0  0  0  0  0  0  0  0  4  3  3
  2  2  1  0  0  0  0  0  0  0  0  0  0  0  0  0  0  0  4  4  3  3  2  1
  0  0  0  0  0  0  0  0  0  0  0  0  0  0  0  5  4  4  3  2  1  1  0  0
  0  0  0  0  0  0  0  0  0  0  0  0  5  5  4  3  2  2  1  0  0  0  0  0
  0  0  0  0  0  0  0  0  0  5  5  4  3  3  2  1  0  0  0  0  0  0  0  0
  0  0  0  0  0  0  5  5  4  4  3  2  1  0  0  0  0  0  0  0  0  0  0  0
  0  0  0  5  5  5  4  3  2  1  0  0  0  0  0  0  0  0  0  0  0  0  0  0
  5  5  5  4  3  2  1  1  0  0  0  0  0  0  0  0  0  0  0  0  0  5  5  5
  4  3  2  2  1  1  0  0  0  0  0  0  0  0  0  0  0  0  5  5  5  4  3  3
  2  2  1  1  1  1  0  0  0  0  0  0  0  0  0  5  5  5  4  4  3  3  2  2
  2  2  1  1  1  1  1  0  0  0  0  0  5  5  5  5  4  4  3  3  3  3  2  2
  2  2  2  1  1  1  0  0  0]
D_INF OF V VS REF: 0.0
D_INF OF POLICY VS REF: 0
D_INF (AT STOP) MEAN: 6.103515625e-05
MAIN ITERATIONS MEAN: 4.0
EVAL ITERATIONS TOTAL MEAN: 414.0
TIME MEAN: 19.850334548950194 s, STD: 0.06116296292825142 s, STD_%: 0.3%
SPEEDUP VS REF: 1.0
============================================================================================================================================================================================================================================================
PI CONTRACTION APPROACH 2: jcr_pi_contraction_cuda_atomicmax...
GPU WARMED UP.
---
REPETITION: 1/10:
JCR PI CONTRACTION CUDA ATOMICMAX... [gamma: 0.9, eps: 0.0001, tolerance_v: 1e-07, lazy_stop_check: 5, tpb: 64]
[bpg: 441 (implied by number of states)]
JCR PI CONTRACTION CUDA ATOMICMAX DONE. [d_inf: 6.1035156e-05, main iterations: 4, evaluation iterations total: 410, time: 0.08502316474914551 s]
---
REPETITION: 2/10:
JCR PI CONTRACTION CUDA ATOMICMAX... [gamma: 0.9, eps: 0.0001, tolerance_v: 1e-07, lazy_stop_check: 5, tpb: 64]
[bpg: 441 (implied by number of states)]
JCR PI CONTRACTION CUDA ATOMICMAX DONE. [d_inf: 6.1035156e-05, main iterations: 4, evaluation iterations total: 410, time: 0.0849919319152832 s]
---
REPETITION: 3/10:
JCR PI CONTRACTION CUDA ATOMICMAX... [gamma: 0.9, eps: 0.0001, tolerance_v: 1e-07, lazy_stop_check: 5, tpb: 64]
[bpg: 441 (implied by number of states)]
JCR PI CONTRACTION CUDA ATOMICMAX DONE. [d_inf: 6.1035156e-05, main iterations: 4, evaluation iterations total: 410, time: 0.08504390716552734 s]
---
REPETITION: 4/10:
JCR PI CONTRACTION CUDA ATOMICMAX... [gamma: 0.9, eps: 0.0001, tolerance_v: 1e-07, lazy_stop_check: 5, tpb: 64]
[bpg: 441 (implied by number of states)]
JCR PI CONTRACTION CUDA ATOMICMAX DONE. [d_inf: 6.1035156e-05, main iterations: 4, evaluation iterations total: 410, time: 0.08484053611755371 s]
---
REPETITION: 5/10:
JCR PI CONTRACTION CUDA ATOMICMAX... [gamma: 0.9, eps: 0.0001, tolerance_v: 1e-07, lazy_stop_check: 5, tpb: 64]
[bpg: 441 (implied by number of states)]
JCR PI CONTRACTION CUDA ATOMICMAX DONE. [d_inf: 6.1035156e-05, main iterations: 4, evaluation iterations total: 410, time: 0.08495545387268066 s]
---
REPETITION: 6/10:
JCR PI CONTRACTION CUDA ATOMICMAX... [gamma: 0.9, eps: 0.0001, tolerance_v: 1e-07, lazy_stop_check: 5, tpb: 64]
[bpg: 441 (implied by number of states)]
JCR PI CONTRACTION CUDA ATOMICMAX DONE. [d_inf: 6.1035156e-05, main iterations: 4, evaluation iterations total: 410, time: 0.08476614952087402 s]
---
REPETITION: 7/10:
JCR PI CONTRACTION CUDA ATOMICMAX... [gamma: 0.9, eps: 0.0001, tolerance_v: 1e-07, lazy_stop_check: 5, tpb: 64]
[bpg: 441 (implied by number of states)]
JCR PI CONTRACTION CUDA ATOMICMAX DONE. [d_inf: 6.1035156e-05, main iterations: 4, evaluation iterations total: 410, time: 0.08490204811096191 s]
---
REPETITION: 8/10:
JCR PI CONTRACTION CUDA ATOMICMAX... [gamma: 0.9, eps: 0.0001, tolerance_v: 1e-07, lazy_stop_check: 5, tpb: 64]
[bpg: 441 (implied by number of states)]
JCR PI CONTRACTION CUDA ATOMICMAX DONE. [d_inf: 6.1035156e-05, main iterations: 4, evaluation iterations total: 410, time: 0.08483076095581055 s]
---
REPETITION: 9/10:
JCR PI CONTRACTION CUDA ATOMICMAX... [gamma: 0.9, eps: 0.0001, tolerance_v: 1e-07, lazy_stop_check: 5, tpb: 64]
[bpg: 441 (implied by number of states)]
JCR PI CONTRACTION CUDA ATOMICMAX DONE. [d_inf: 6.1035156e-05, main iterations: 4, evaluation iterations total: 410, time: 0.08486223220825195 s]
---
REPETITION: 10/10:
JCR PI CONTRACTION CUDA ATOMICMAX... [gamma: 0.9, eps: 0.0001, tolerance_v: 1e-07, lazy_stop_check: 5, tpb: 64]
[bpg: 441 (implied by number of states)]
JCR PI CONTRACTION CUDA ATOMICMAX DONE. [d_inf: 6.1035156e-05, main iterations: 4, evaluation iterations total: 410, time: 0.08490633964538574 s]
***
SUMMARY:
V OUT:
[421.41394 431.3861  441.24182 450.84717 460.07993 468.87207 477.21045
 485.1142  492.97754 500.47333 507.88544 514.99115 521.7485  528.3488
 534.74304 540.8336  546.6405  552.1804  557.60565 562.8135  567.7683
 431.28766 441.25983 451.1152  460.71967 469.95096 478.74097 487.0767
 494.97754 502.47333 509.88544 516.99115 523.7485  530.3488  536.74304
 542.8336  548.6405  554.1804  559.6056  564.8135  569.7683  574.46124
 440.7612  450.73303 460.5869  470.1875  479.41187 488.1921  496.5161
 504.40375 511.88544 518.99115 525.74854 532.3488  538.74304 544.8336
 550.6405  556.1804  561.6056  566.8135  571.7683  576.46124 580.8573
 449.5844  459.55545 469.40543 478.99622 488.20322 496.9591  505.25385
 513.1096  520.55786 527.62866 534.3489  540.74304 546.8336  552.6405
 558.1804  563.6056  568.8135  573.7683  578.4612  582.8573  586.97046
 457.67487 467.64453 477.48737 487.05997 496.23474 504.94574 513.18713
 520.9856  528.3752  535.3867  542.0465  548.3779  554.40234 560.1394
 565.6056  570.81354 575.7684  580.4612  584.8573  588.97046 592.89233
 465.6445  475.48737 485.05997 494.4506  503.57617 512.2186  520.37897
 528.0912  535.3944  542.3211  548.89734 555.14514 561.0848  566.7347
 572.11115 577.2261  582.0846  586.6774  590.9705  594.89233 598.334
 473.48737 483.05994 492.4506  501.57617 510.36328 518.9138  526.9656
 534.5628  541.7521  548.56915 555.04016 561.18616 567.0256  572.5758
 577.8521  582.86584 587.6214  592.1092  596.29553 600.1113  603.4518
 481.05994 490.4506  499.57617 508.36328 516.9138  525.16016 533.0792
 540.5359  547.5864  554.2713  560.6177  566.6453  572.3714  577.8115
 582.98004 587.8873  592.53687 596.91895 601.00024 604.71344 607.958
 488.45056 497.57617 506.36328 514.9138  523.16016 531.0792  538.8172
 546.1134  553.00507 559.53894 565.7438  571.6388  577.23944 582.56024
 587.6138  592.40967 596.95087 601.2269  605.20526 608.82025 611.9747
 495.57617 504.36328 512.9138  521.16016 529.07916 536.81726 544.24255
 551.36456 558.0829  564.4514  570.50134 576.25165 581.7167  586.90924
 591.84106 596.5205  600.94995 605.1189  608.99493 612.5142  615.5827
 502.36328 510.91388 519.16016 527.0792  534.8172  542.2425  549.3932
 556.3335  562.8695  569.063   574.9482  580.54456 585.8653  590.92224
 595.7258  600.28394 604.59796 608.6574  612.43054 615.855   618.83936
 508.91388 517.16016 525.0792  532.8172  540.24255 547.3932  554.3335
 561.0479  567.3972  573.4097  579.1237  584.5593  589.7294  594.64453
 599.3146  603.7466  607.94165 611.88904 615.55774 618.88696 621.7877
 515.1601  523.0792  530.8172  538.24255 545.39325 552.3335  559.0479
 565.52515 571.68616 577.51483 583.05347 588.32367 593.33813 598.107
 602.6392  606.9414  611.0142  614.8472  618.40985 621.64294 624.46
 521.0492  528.8172  536.24255 543.3932  550.33344 557.048   563.52515
 569.7747  575.7476  581.3911  586.752   591.8535  596.70886 601.328
 605.71924 609.8887  613.83704 617.55383 621.00916 624.14545 626.8786
 526.63715 534.24255 541.3932  548.33344 555.0479  561.52515 567.7748
 573.7988  579.5846  585.0424  590.2239  595.15466 599.8484  604.3152
 608.56323 612.59827 616.42065 620.02026 623.3678  626.40735 629.0568
 531.9564  539.39325 546.3335  553.048   559.52515 565.7748  571.79877
 577.5891  583.1895  588.4621  593.4635  598.22205 602.75287 607.06616
 611.1699  615.0698  618.7661  622.24866 625.4891  628.4327  630.99976
 537.0257  544.2925  551.0479  557.52515 563.7748  569.79877 575.5891
 581.1895  586.5391  591.6286  596.4512  601.0383  605.40674 609.5672
 613.5277  617.2936  620.8652  624.2324  627.3678  630.2179  632.7049
 541.8562  548.95435 555.52515 561.7747  567.7988  573.5891  579.1895
 584.53906 589.62854 594.5     599.14923 603.5699  607.7804  611.79236
 615.6138  619.2499  622.7009  625.9572  628.9918  631.75287 634.1642
 546.45447 553.3867  559.7748  565.7988  571.5891  577.1896  582.53906
 587.62854 592.5     597.14923 601.5699  605.7804  609.8304  613.704
 617.3959  620.91113 624.2501  627.4035  630.3452  633.02454 635.3669
 550.8213  557.5912  563.7988  569.5891  575.1896  580.5391  585.62854
 590.5     595.14923 599.5699  603.78046 607.83044 611.704   615.3959
 618.91113 622.25006 625.49036 628.55383 631.4147  634.02325 636.3064
 554.9475  561.55896 567.5891  573.1896  578.53906 583.6286  588.5
 593.1492  597.5699  601.78046 605.8304  609.704   613.3959  616.91113
 620.2501  623.49036 626.55383 629.4147  632.2011  634.7533  636.9894 ]
POLICY OUT:
[ 0  0  0  0  0  0  0  0 -1 -1 -2 -2 -2 -3 -3 -3 -3 -3 -4 -4 -4  0  0  0
  0  0  0  0  0  0 -1 -1 -1 -2 -2 -2 -2 -2 -3 -3 -3 -3  0  0  0  0  0  0
  0  0  0  0  0 -1 -1 -1 -1 -1 -2 -2 -2 -2 -2  0  0  0  0  0  0  0  0  0
  0  0  0  0  0  0 -1 -1 -1 -1 -1 -2  0  0  0  0  0  0  0  0  0  0  0  0
  0  0  0  0  0  0  0 -1 -1  1  1  1  0  0  0  0  0  0  0  0  0  0  0  0
  0  0  0  0  0  0  2  2  1  1  0  0  0  0  0  0  0  0  0  0  0  0  0  0
  0  0  0  3  2  2  1  1  0  0  0  0  0  0  0  0  0  0  0  0  0  0  0  0
  3  3  2  2  1  1  0  0  0  0  0  0  0  0  0  0  0  0  0  0  0  4  3  3
  2  2  1  0  0  0  0  0  0  0  0  0  0  0  0  0  0  0  4  4  3  3  2  1
  0  0  0  0  0  0  0  0  0  0  0  0  0  0  0  5  4  4  3  2  1  1  0  0
  0  0  0  0  0  0  0  0  0  0  0  0  5  5  4  3  2  2  1  0  0  0  0  0
  0  0  0  0  0  0  0  0  0  5  5  4  3  3  2  1  0  0  0  0  0  0  0  0
  0  0  0  0  0  0  5  5  4  4  3  2  1  0  0  0  0  0  0  0  0  0  0  0
  0  0  0  5  5  5  4  3  2  1  0  0  0  0  0  0  0  0  0  0  0  0  0  0
  5  5  5  4  3  2  1  1  0  0  0  0  0  0  0  0  0  0  0  0  0  5  5  5
  4  3  2  2  1  1  0  0  0  0  0  0  0  0  0  0  0  0  5  5  5  4  3  3
  2  2  1  1  1  1  0  0  0  0  0  0  0  0  0  5  5  5  4  4  3  3  2  2
  2  2  1  1  1  1  1  0  0  0  0  0  5  5  5  5  4  4  3  3  3  3  2  2
  2  2  2  1  1  1  0  0  0]
D_INF OF V VS REF: 0.00024414062
D_INF OF POLICY VS REF: 0
D_INF (AT STOP) MEAN: 6.103515625e-05
MAIN ITERATIONS MEAN: 4.0
EVAL ITERATIONS TOTAL MEAN: 410.0
TIME MEAN: 0.08491225242614746 s, STD: 8.58026564704633e-05 s, STD_%: 0.1%
SPEEDUP VS REF: 233.774678939474
============================================================================================================================================================================================================================================================
PI CONTRACTION APPROACH 3: jcr_pi_contraction_cuda_atomicmaxplain...
---
REPETITION: 1/10:
JCR PI CONTRACTION CUDA ATOMICMAXPLAIN... [gamma: 0.9, eps: 0.0001, tolerance_v: 1e-07, lazy_stop_check: 5, tpb: 64]
[bpg: 441 (implied by number of states)]
JCR PI CONTRACTION CUDA ATOMICMAXPLAIN DONE. [d_inf: 6.1035156e-05, main iterations: 4, evaluation iterations total: 410, time: 0.08472108840942383 s]
---
REPETITION: 2/10:
JCR PI CONTRACTION CUDA ATOMICMAXPLAIN... [gamma: 0.9, eps: 0.0001, tolerance_v: 1e-07, lazy_stop_check: 5, tpb: 64]
[bpg: 441 (implied by number of states)]
JCR PI CONTRACTION CUDA ATOMICMAXPLAIN DONE. [d_inf: 6.1035156e-05, main iterations: 4, evaluation iterations total: 410, time: 0.08449268341064453 s]
---
REPETITION: 3/10:
JCR PI CONTRACTION CUDA ATOMICMAXPLAIN... [gamma: 0.9, eps: 0.0001, tolerance_v: 1e-07, lazy_stop_check: 5, tpb: 64]
[bpg: 441 (implied by number of states)]
JCR PI CONTRACTION CUDA ATOMICMAXPLAIN DONE. [d_inf: 6.1035156e-05, main iterations: 4, evaluation iterations total: 410, time: 0.0845191478729248 s]
---
REPETITION: 4/10:
JCR PI CONTRACTION CUDA ATOMICMAXPLAIN... [gamma: 0.9, eps: 0.0001, tolerance_v: 1e-07, lazy_stop_check: 5, tpb: 64]
[bpg: 441 (implied by number of states)]
JCR PI CONTRACTION CUDA ATOMICMAXPLAIN DONE. [d_inf: 6.1035156e-05, main iterations: 4, evaluation iterations total: 410, time: 0.08456707000732422 s]
---
REPETITION: 5/10:
JCR PI CONTRACTION CUDA ATOMICMAXPLAIN... [gamma: 0.9, eps: 0.0001, tolerance_v: 1e-07, lazy_stop_check: 5, tpb: 64]
[bpg: 441 (implied by number of states)]
JCR PI CONTRACTION CUDA ATOMICMAXPLAIN DONE. [d_inf: 6.1035156e-05, main iterations: 4, evaluation iterations total: 410, time: 0.08455109596252441 s]
---
REPETITION: 6/10:
JCR PI CONTRACTION CUDA ATOMICMAXPLAIN... [gamma: 0.9, eps: 0.0001, tolerance_v: 1e-07, lazy_stop_check: 5, tpb: 64]
[bpg: 441 (implied by number of states)]
JCR PI CONTRACTION CUDA ATOMICMAXPLAIN DONE. [d_inf: 6.1035156e-05, main iterations: 4, evaluation iterations total: 410, time: 0.08447003364562988 s]
---
REPETITION: 7/10:
JCR PI CONTRACTION CUDA ATOMICMAXPLAIN... [gamma: 0.9, eps: 0.0001, tolerance_v: 1e-07, lazy_stop_check: 5, tpb: 64]
[bpg: 441 (implied by number of states)]
JCR PI CONTRACTION CUDA ATOMICMAXPLAIN DONE. [d_inf: 6.1035156e-05, main iterations: 4, evaluation iterations total: 410, time: 0.08456134796142578 s]
---
REPETITION: 8/10:
JCR PI CONTRACTION CUDA ATOMICMAXPLAIN... [gamma: 0.9, eps: 0.0001, tolerance_v: 1e-07, lazy_stop_check: 5, tpb: 64]
[bpg: 441 (implied by number of states)]
JCR PI CONTRACTION CUDA ATOMICMAXPLAIN DONE. [d_inf: 6.1035156e-05, main iterations: 4, evaluation iterations total: 410, time: 0.08442831039428711 s]
---
REPETITION: 9/10:
JCR PI CONTRACTION CUDA ATOMICMAXPLAIN... [gamma: 0.9, eps: 0.0001, tolerance_v: 1e-07, lazy_stop_check: 5, tpb: 64]
[bpg: 441 (implied by number of states)]
JCR PI CONTRACTION CUDA ATOMICMAXPLAIN DONE. [d_inf: 6.1035156e-05, main iterations: 4, evaluation iterations total: 410, time: 0.08439254760742188 s]
---
REPETITION: 10/10:
JCR PI CONTRACTION CUDA ATOMICMAXPLAIN... [gamma: 0.9, eps: 0.0001, tolerance_v: 1e-07, lazy_stop_check: 5, tpb: 64]
[bpg: 441 (implied by number of states)]
JCR PI CONTRACTION CUDA ATOMICMAXPLAIN DONE. [d_inf: 6.1035156e-05, main iterations: 4, evaluation iterations total: 410, time: 0.08441877365112305 s]
***
SUMMARY:
V OUT:
[421.41394 431.38614 441.24182 450.84717 460.07993 468.87207 477.21045
 485.1142  492.97754 500.47333 507.88544 514.99115 521.7485  528.3488
 534.74304 540.8336  546.6405  552.1804  557.60565 562.8135  567.7683
 431.28766 441.25983 451.1152  460.71967 469.95096 478.74097 487.07672
 494.97754 502.47333 509.88544 516.99115 523.7485  530.3488  536.74304
 542.8336  548.6405  554.1804  559.6056  564.8135  569.7683  574.46124
 440.7612  450.73303 460.5869  470.1875  479.41187 488.19214 496.5161
 504.40375 511.88544 518.9912  525.74854 532.3488  538.74304 544.8336
 550.6405  556.1804  561.6056  566.8135  571.7683  576.46124 580.8573
 449.5844  459.55545 469.40543 478.99622 488.20322 496.9591  505.25385
 513.1096  520.55786 527.62866 534.3489  540.74304 546.8336  552.6405
 558.1804  563.6056  568.8135  573.7683  578.4612  582.8573  586.97046
 457.67487 467.64453 477.48737 487.05997 496.23474 504.94574 513.18713
 520.9856  528.3752  535.3867  542.0465  548.3779  554.40234 560.1394
 565.6056  570.81354 575.7684  580.4612  584.8573  588.97046 592.89233
 465.6445  475.4874  485.05997 494.45062 503.57617 512.2186  520.37897
 528.0912  535.3944  542.32117 548.89734 555.14514 561.0848  566.7347
 572.11115 577.2261  582.0846  586.6775  590.9705  594.89233 598.334
 473.48737 483.05994 492.4506  501.57617 510.36328 518.9138  526.9656
 534.5628  541.7521  548.56915 555.0402  561.18616 567.0256  572.57587
 577.8521  582.86584 587.6214  592.10925 596.29553 600.1113  603.4518
 481.05994 490.4506  499.57617 508.36328 516.9138  525.16016 533.0792
 540.5359  547.5864  554.2713  560.6177  566.6453  572.3714  577.8116
 582.98004 587.8873  592.53687 596.91895 601.00024 604.71344 607.958
 488.45056 497.57617 506.36328 514.9139  523.16016 531.0792  538.8172
 546.1134  553.00507 559.53894 565.7438  571.6388  577.2395  582.56024
 587.6138  592.40967 596.95087 601.227   605.20526 608.82025 611.9747
 495.57617 504.36328 512.9138  521.16016 529.07916 536.81726 544.24255
 551.36456 558.0829  564.4514  570.50134 576.25165 581.7167  586.90924
 591.84106 596.5205  600.94995 605.1189  608.995   612.5142  615.5827
 502.36328 510.91388 519.16016 527.0792  534.8172  542.2425  549.39325
 556.3335  562.86957 569.063   574.9482  580.54456 585.8653  590.92224
 595.7258  600.28394 604.59796 608.6574  612.43054 615.855   618.83936
 508.91388 517.16016 525.0792  532.8172  540.24255 547.39325 554.3335
 561.048   567.3972  573.4097  579.1238  584.5593  589.7294  594.64453
 599.3146  603.7466  607.94165 611.8891  615.55774 618.88696 621.7877
 515.1601  523.0792  530.8172  538.24255 545.39325 552.3335  559.048
 565.52515 571.68616 577.51483 583.0535  588.3237  593.33813 598.107
 602.6393  606.9414  611.0143  614.8472  618.40985 621.64294 624.46
 521.0492  528.8172  536.24255 543.3932  550.3335  557.048   563.52515
 569.7747  575.7476  581.3911  586.752   591.8535  596.70886 601.328
 605.71924 609.8887  613.83704 617.55383 621.00916 624.1455  626.8786
 526.6372  534.24255 541.39325 548.33344 555.048   561.52515 567.7748
 573.7988  579.5846  585.0425  590.2239  595.15466 599.8484  604.3152
 608.56323 612.59827 616.42065 620.02026 623.3678  626.40735 629.0568
 531.9564  539.39325 546.3335  553.048   559.52515 565.7748  571.7988
 577.5891  583.1895  588.4621  593.4635  598.22205 602.75287 607.06616
 611.1699  615.0698  618.7661  622.24866 625.4891  628.4327  630.99976
 537.0257  544.2925  551.048   557.52515 563.7748  569.79877 575.5891
 581.1895  586.5391  591.6286  596.4512  601.0383  605.40674 609.5672
 613.5277  617.29364 620.8652  624.2324  627.3678  630.2179  632.7049
 541.8562  548.95435 555.52515 561.7748  567.7988  573.5891  579.1895
 584.53906 589.62854 594.5     599.14923 603.5699  607.7804  611.79236
 615.6138  619.2499  622.7009  625.9572  628.9918  631.75287 634.1642
 546.45447 553.3867  559.7748  565.7988  571.5891  577.1896  582.53906
 587.62854 592.5     597.14923 601.5699  605.78046 609.83044 613.704
 617.3959  620.91113 624.2501  627.4035  630.3452  633.02454 635.3669
 550.8213  557.59125 563.7988  569.5891  575.1896  580.5391  585.62854
 590.5     595.14923 599.5699  603.78046 607.83044 611.704   615.3959
 618.91113 622.25006 625.49036 628.55383 631.4147  634.02325 636.3064
 554.9476  561.559   567.5891  573.1896  578.53906 583.6286  588.5
 593.1492  597.5699  601.78046 605.8304  609.704   613.3959  616.91113
 620.2501  623.49036 626.55383 629.4147  632.2011  634.7533  636.9894 ]
POLICY OUT:
[ 0  0  0  0  0  0  0  0 -1 -1 -2 -2 -2 -3 -3 -3 -3 -3 -4 -4 -4  0  0  0
  0  0  0  0  0  0 -1 -1 -1 -2 -2 -2 -2 -2 -3 -3 -3 -3  0  0  0  0  0  0
  0  0  0  0  0 -1 -1 -1 -1 -1 -2 -2 -2 -2 -2  0  0  0  0  0  0  0  0  0
  0  0  0  0  0  0 -1 -1 -1 -1 -1 -2  0  0  0  0  0  0  0  0  0  0  0  0
  0  0  0  0  0  0  0 -1 -1  1  1  1  0  0  0  0  0  0  0  0  0  0  0  0
  0  0  0  0  0  0  2  2  1  1  0  0  0  0  0  0  0  0  0  0  0  0  0  0
  0  0  0  3  2  2  1  1  0  0  0  0  0  0  0  0  0  0  0  0  0  0  0  0
  3  3  2  2  1  1  0  0  0  0  0  0  0  0  0  0  0  0  0  0  0  4  3  3
  2  2  1  0  0  0  0  0  0  0  0  0  0  0  0  0  0  0  4  4  3  3  2  1
  0  0  0  0  0  0  0  0  0  0  0  0  0  0  0  5  4  4  3  2  1  1  0  0
  0  0  0  0  0  0  0  0  0  0  0  0  5  5  4  3  2  2  1  0  0  0  0  0
  0  0  0  0  0  0  0  0  0  5  5  4  3  3  2  1  0  0  0  0  0  0  0  0
  0  0  0  0  0  0  5  5  4  4  3  2  1  0  0  0  0  0  0  0  0  0  0  0
  0  0  0  5  5  5  4  3  2  1  0  0  0  0  0  0  0  0  0  0  0  0  0  0
  5  5  5  4  3  2  1  1  0  0  0  0  0  0  0  0  0  0  0  0  0  5  5  5
  4  3  2  2  1  1  0  0  0  0  0  0  0  0  0  0  0  0  5  5  5  4  3  3
  2  2  1  1  1  1  0  0  0  0  0  0  0  0  0  5  5  5  4  4  3  3  2  2
  2  2  1  1  1  1  1  0  0  0  0  0  5  5  5  5  4  4  3  3  3  3  2  2
  2  2  2  1  1  1  0  0  0]
D_INF OF V VS REF: 0.00024414062
D_INF OF POLICY VS REF: 0
D_INF (AT STOP) MEAN: 6.103515625e-05
MAIN ITERATIONS MEAN: 4.0
EVAL ITERATIONS TOTAL MEAN: 410.0
TIME MEAN: 0.08451220989227295 s, STD: 9.102929068697856e-05 s, STD_%: 0.1%
SPEEDUP VS REF: 234.8812624146648
============================================================================================================================================================================================================================================================
PI CONTRACTION APPROACH 4: jcr_pi_contraction_cuda_reducemax...
---
REPETITION: 1/10:
JCR PI CONTRACTION CUDA REDUCEMAX... [gamma: 0.9, eps: 0.0001, tolerance_v: 1e-07, lazy_stop_check: 5, tpb: 64]
[bpg: 441 (implied by number of states)]
JCR PI CONTRACTION CUDA REDUCEMAX DONE. [d_inf: 6.1035156e-05, main iterations: 4, evaluation iterations total: 410, time: 0.0824894905090332 s]
---
REPETITION: 2/10:
JCR PI CONTRACTION CUDA REDUCEMAX... [gamma: 0.9, eps: 0.0001, tolerance_v: 1e-07, lazy_stop_check: 5, tpb: 64]
[bpg: 441 (implied by number of states)]
JCR PI CONTRACTION CUDA REDUCEMAX DONE. [d_inf: 6.1035156e-05, main iterations: 4, evaluation iterations total: 410, time: 0.08236289024353027 s]
---
REPETITION: 3/10:
JCR PI CONTRACTION CUDA REDUCEMAX... [gamma: 0.9, eps: 0.0001, tolerance_v: 1e-07, lazy_stop_check: 5, tpb: 64]
[bpg: 441 (implied by number of states)]
JCR PI CONTRACTION CUDA REDUCEMAX DONE. [d_inf: 6.1035156e-05, main iterations: 4, evaluation iterations total: 410, time: 0.08246874809265137 s]
---
REPETITION: 4/10:
JCR PI CONTRACTION CUDA REDUCEMAX... [gamma: 0.9, eps: 0.0001, tolerance_v: 1e-07, lazy_stop_check: 5, tpb: 64]
[bpg: 441 (implied by number of states)]
JCR PI CONTRACTION CUDA REDUCEMAX DONE. [d_inf: 6.1035156e-05, main iterations: 4, evaluation iterations total: 410, time: 0.08301377296447754 s]
---
REPETITION: 5/10:
JCR PI CONTRACTION CUDA REDUCEMAX... [gamma: 0.9, eps: 0.0001, tolerance_v: 1e-07, lazy_stop_check: 5, tpb: 64]
[bpg: 441 (implied by number of states)]
JCR PI CONTRACTION CUDA REDUCEMAX DONE. [d_inf: 6.1035156e-05, main iterations: 4, evaluation iterations total: 410, time: 0.08234095573425293 s]
---
REPETITION: 6/10:
JCR PI CONTRACTION CUDA REDUCEMAX... [gamma: 0.9, eps: 0.0001, tolerance_v: 1e-07, lazy_stop_check: 5, tpb: 64]
[bpg: 441 (implied by number of states)]
JCR PI CONTRACTION CUDA REDUCEMAX DONE. [d_inf: 6.1035156e-05, main iterations: 4, evaluation iterations total: 410, time: 0.08232593536376953 s]
---
REPETITION: 7/10:
JCR PI CONTRACTION CUDA REDUCEMAX... [gamma: 0.9, eps: 0.0001, tolerance_v: 1e-07, lazy_stop_check: 5, tpb: 64]
[bpg: 441 (implied by number of states)]
JCR PI CONTRACTION CUDA REDUCEMAX DONE. [d_inf: 6.1035156e-05, main iterations: 4, evaluation iterations total: 410, time: 0.08235692977905273 s]
---
REPETITION: 8/10:
JCR PI CONTRACTION CUDA REDUCEMAX... [gamma: 0.9, eps: 0.0001, tolerance_v: 1e-07, lazy_stop_check: 5, tpb: 64]
[bpg: 441 (implied by number of states)]
JCR PI CONTRACTION CUDA REDUCEMAX DONE. [d_inf: 6.1035156e-05, main iterations: 4, evaluation iterations total: 410, time: 0.0823516845703125 s]
---
REPETITION: 9/10:
JCR PI CONTRACTION CUDA REDUCEMAX... [gamma: 0.9, eps: 0.0001, tolerance_v: 1e-07, lazy_stop_check: 5, tpb: 64]
[bpg: 441 (implied by number of states)]
JCR PI CONTRACTION CUDA REDUCEMAX DONE. [d_inf: 6.1035156e-05, main iterations: 4, evaluation iterations total: 410, time: 0.08241629600524902 s]
---
REPETITION: 10/10:
JCR PI CONTRACTION CUDA REDUCEMAX... [gamma: 0.9, eps: 0.0001, tolerance_v: 1e-07, lazy_stop_check: 5, tpb: 64]
[bpg: 441 (implied by number of states)]
JCR PI CONTRACTION CUDA REDUCEMAX DONE. [d_inf: 6.1035156e-05, main iterations: 4, evaluation iterations total: 410, time: 0.08235335350036621 s]
***
SUMMARY:
V OUT:
[421.41394 431.3861  441.24182 450.84717 460.07993 468.87207 477.21045
 485.1142  492.97754 500.47333 507.88544 514.99115 521.7485  528.3488
 534.74304 540.8336  546.6405  552.1804  557.60565 562.8135  567.7683
 431.28766 441.25983 451.1152  460.71967 469.95096 478.74097 487.0767
 494.97754 502.47333 509.88544 516.99115 523.7485  530.3488  536.74304
 542.8336  548.6405  554.1804  559.6056  564.8135  569.7683  574.46124
 440.7612  450.73303 460.5869  470.1875  479.41187 488.1921  496.5161
 504.40375 511.88544 518.99115 525.74854 532.3488  538.74304 544.8336
 550.6405  556.1804  561.6056  566.8135  571.7683  576.46124 580.8573
 449.5844  459.55545 469.40543 478.99622 488.20322 496.9591  505.25385
 513.1096  520.55786 527.62866 534.3489  540.74304 546.8336  552.6405
 558.1804  563.6056  568.8135  573.7683  578.4612  582.8573  586.97046
 457.67487 467.64453 477.48737 487.05997 496.23474 504.94574 513.18713
 520.9856  528.3752  535.3867  542.0465  548.3779  554.40234 560.1394
 565.6056  570.81354 575.7684  580.4612  584.8573  588.97046 592.89233
 465.6445  475.48737 485.05997 494.4506  503.57617 512.2186  520.37897
 528.0912  535.3944  542.3211  548.89734 555.14514 561.0848  566.7347
 572.11115 577.2261  582.0846  586.6774  590.9705  594.89233 598.334
 473.48737 483.05994 492.4506  501.57617 510.36328 518.9138  526.9656
 534.5628  541.7521  548.56915 555.04016 561.18616 567.0256  572.5758
 577.8521  582.86584 587.6214  592.1092  596.29553 600.1113  603.4518
 481.05994 490.4506  499.57617 508.36328 516.9138  525.16016 533.0792
 540.5359  547.5864  554.2713  560.6177  566.6453  572.3714  577.8115
 582.98004 587.8873  592.53687 596.91895 601.00024 604.71344 607.958
 488.45056 497.57617 506.36328 514.9138  523.16016 531.0792  538.8172
 546.1134  553.00507 559.53894 565.7438  571.6388  577.23944 582.56024
 587.6138  592.40967 596.95087 601.2269  605.20526 608.82025 611.9747
 495.57617 504.36328 512.9138  521.16016 529.07916 536.81726 544.24255
 551.36456 558.0829  564.4514  570.50134 576.25165 581.7167  586.90924
 591.84106 596.5205  600.94995 605.1189  608.99493 612.5142  615.5827
 502.36328 510.91388 519.16016 527.0792  534.8172  542.2425  549.3932
 556.3335  562.8695  569.063   574.9482  580.54456 585.8653  590.92224
 595.7258  600.28394 604.59796 608.6574  612.43054 615.855   618.83936
 508.91388 517.16016 525.0792  532.8172  540.24255 547.3932  554.3335
 561.0479  567.3972  573.4097  579.1237  584.5593  589.7294  594.64453
 599.3146  603.7466  607.94165 611.88904 615.55774 618.88696 621.7877
 515.1601  523.0792  530.8172  538.24255 545.39325 552.3335  559.0479
 565.52515 571.68616 577.51483 583.05347 588.32367 593.33813 598.107
 602.6392  606.9414  611.0142  614.8472  618.40985 621.64294 624.46
 521.0492  528.8172  536.24255 543.3932  550.33344 557.048   563.52515
 569.7747  575.7476  581.3911  586.752   591.8535  596.70886 601.328
 605.71924 609.8887  613.83704 617.55383 621.00916 624.14545 626.8786
 526.63715 534.24255 541.3932  548.33344 555.0479  561.52515 567.7748
 573.7988  579.5846  585.0424  590.2239  595.15466 599.8484  604.3152
 608.56323 612.59827 616.42065 620.02026 623.3678  626.40735 629.0568
 531.9564  539.39325 546.3335  553.048   559.52515 565.7748  571.79877
 577.5891  583.1895  588.4621  593.4635  598.22205 602.75287 607.06616
 611.1699  615.0698  618.7661  622.24866 625.4891  628.4327  630.99976
 537.0257  544.2925  551.0479  557.52515 563.7748  569.79877 575.5891
 581.1895  586.5391  591.6286  596.4512  601.0383  605.40674 609.5672
 613.5277  617.2936  620.8652  624.2324  627.3678  630.2179  632.7049
 541.8562  548.95435 555.52515 561.7747  567.7988  573.5891  579.1895
 584.53906 589.62854 594.5     599.14923 603.5699  607.7804  611.79236
 615.6138  619.2499  622.7009  625.9572  628.9918  631.75287 634.1642
 546.45447 553.3867  559.7748  565.7988  571.5891  577.1896  582.53906
 587.62854 592.5     597.14923 601.5699  605.7804  609.8304  613.704
 617.3959  620.91113 624.2501  627.4035  630.3452  633.02454 635.3669
 550.8213  557.5912  563.7988  569.5891  575.1896  580.5391  585.62854
 590.5     595.14923 599.5699  603.78046 607.83044 611.704   615.3959
 618.91113 622.25006 625.49036 628.55383 631.4147  634.02325 636.3064
 554.9475  561.55896 567.5891  573.1896  578.53906 583.6286  588.5
 593.1492  597.5699  601.78046 605.8304  609.704   613.3959  616.91113
 620.2501  623.49036 626.55383 629.4147  632.2011  634.7533  636.9894 ]
POLICY OUT:
[ 0  0  0  0  0  0  0  0 -1 -1 -2 -2 -2 -3 -3 -3 -3 -3 -4 -4 -4  0  0  0
  0  0  0  0  0  0 -1 -1 -1 -2 -2 -2 -2 -2 -3 -3 -3 -3  0  0  0  0  0  0
  0  0  0  0  0 -1 -1 -1 -1 -1 -2 -2 -2 -2 -2  0  0  0  0  0  0  0  0  0
  0  0  0  0  0  0 -1 -1 -1 -1 -1 -2  0  0  0  0  0  0  0  0  0  0  0  0
  0  0  0  0  0  0  0 -1 -1  1  1  1  0  0  0  0  0  0  0  0  0  0  0  0
  0  0  0  0  0  0  2  2  1  1  0  0  0  0  0  0  0  0  0  0  0  0  0  0
  0  0  0  3  2  2  1  1  0  0  0  0  0  0  0  0  0  0  0  0  0  0  0  0
  3  3  2  2  1  1  0  0  0  0  0  0  0  0  0  0  0  0  0  0  0  4  3  3
  2  2  1  0  0  0  0  0  0  0  0  0  0  0  0  0  0  0  4  4  3  3  2  1
  0  0  0  0  0  0  0  0  0  0  0  0  0  0  0  5  4  4  3  2  1  1  0  0
  0  0  0  0  0  0  0  0  0  0  0  0  5  5  4  3  2  2  1  0  0  0  0  0
  0  0  0  0  0  0  0  0  0  5  5  4  3  3  2  1  0  0  0  0  0  0  0  0
  0  0  0  0  0  0  5  5  4  4  3  2  1  0  0  0  0  0  0  0  0  0  0  0
  0  0  0  5  5  5  4  3  2  1  0  0  0  0  0  0  0  0  0  0  0  0  0  0
  5  5  5  4  3  2  1  1  0  0  0  0  0  0  0  0  0  0  0  0  0  5  5  5
  4  3  2  2  1  1  0  0  0  0  0  0  0  0  0  0  0  0  5  5  5  4  3  3
  2  2  1  1  1  1  0  0  0  0  0  0  0  0  0  5  5  5  4  4  3  3  2  2
  2  2  1  1  1  1  1  0  0  0  0  0  5  5  5  5  4  4  3  3  3  3  2  2
  2  2  2  1  1  1  0  0  0]
D_INF OF V VS REF: 0.00024414062
D_INF OF POLICY VS REF: 0
D_INF (AT STOP) MEAN: 6.103515625e-05
MAIN ITERATIONS MEAN: 4.0
EVAL ITERATIONS TOTAL MEAN: 410.0
TIME MEAN: 0.08244800567626953 s, STD: 0.00019580256992928334 s, STD_%: 0.2%
SPEEDUP VS REF: 240.76185210461173
============================================================================================================================================================================================================================================================
PI CONTRACTION APPROACH 5: jcr_pi_contraction_cuda_gridsync...
---
REPETITION: 1/10:
JCR PI CONTRACTION CUDA GRIDSYNC... [gamma: 0.9, eps: 0.0001, tolerance_v: 1e-07, tpb: 64, assumed max_bpg_gridsync: None]
[discovered max_bpg_gridsync: 656; time: 0.00014591217041015625 s]
[kernel eval -> bpg: 441 (max_bpg_gridsync or number of states if smaller), tpb: 64, spb: 1]
[kernel improve -> bpg: 441 (implied by number of states), tpb: 64]
JCR PI CONTRACTION CUDA GRIDSYNC DONE. [d_inf: 6.1035156e-05, main iterations: 4, evaluation iterations total: 394, time: 0.0749514102935791 s]
---
REPETITION: 2/10:
JCR PI CONTRACTION CUDA GRIDSYNC... [gamma: 0.9, eps: 0.0001, tolerance_v: 1e-07, tpb: 64, assumed max_bpg_gridsync: None]
[discovered max_bpg_gridsync: 656; time: 9.417533874511719e-05 s]
[kernel eval -> bpg: 441 (max_bpg_gridsync or number of states if smaller), tpb: 64, spb: 1]
[kernel improve -> bpg: 441 (implied by number of states), tpb: 64]
JCR PI CONTRACTION CUDA GRIDSYNC DONE. [d_inf: 6.1035156e-05, main iterations: 4, evaluation iterations total: 394, time: 0.0745699405670166 s]
---
REPETITION: 3/10:
JCR PI CONTRACTION CUDA GRIDSYNC... [gamma: 0.9, eps: 0.0001, tolerance_v: 1e-07, tpb: 64, assumed max_bpg_gridsync: None]
[discovered max_bpg_gridsync: 656; time: 8.606910705566406e-05 s]
[kernel eval -> bpg: 441 (max_bpg_gridsync or number of states if smaller), tpb: 64, spb: 1]
[kernel improve -> bpg: 441 (implied by number of states), tpb: 64]
JCR PI CONTRACTION CUDA GRIDSYNC DONE. [d_inf: 6.1035156e-05, main iterations: 4, evaluation iterations total: 394, time: 0.07425403594970703 s]
---
REPETITION: 4/10:
JCR PI CONTRACTION CUDA GRIDSYNC... [gamma: 0.9, eps: 0.0001, tolerance_v: 1e-07, tpb: 64, assumed max_bpg_gridsync: None]
[discovered max_bpg_gridsync: 656; time: 8.726119995117188e-05 s]
[kernel eval -> bpg: 441 (max_bpg_gridsync or number of states if smaller), tpb: 64, spb: 1]
[kernel improve -> bpg: 441 (implied by number of states), tpb: 64]
JCR PI CONTRACTION CUDA GRIDSYNC DONE. [d_inf: 6.1035156e-05, main iterations: 4, evaluation iterations total: 394, time: 0.07413983345031738 s]
---
REPETITION: 5/10:
JCR PI CONTRACTION CUDA GRIDSYNC... [gamma: 0.9, eps: 0.0001, tolerance_v: 1e-07, tpb: 64, assumed max_bpg_gridsync: None]
[discovered max_bpg_gridsync: 656; time: 8.845329284667969e-05 s]
[kernel eval -> bpg: 441 (max_bpg_gridsync or number of states if smaller), tpb: 64, spb: 1]
[kernel improve -> bpg: 441 (implied by number of states), tpb: 64]
JCR PI CONTRACTION CUDA GRIDSYNC DONE. [d_inf: 6.1035156e-05, main iterations: 4, evaluation iterations total: 394, time: 0.07399225234985352 s]
---
REPETITION: 6/10:
JCR PI CONTRACTION CUDA GRIDSYNC... [gamma: 0.9, eps: 0.0001, tolerance_v: 1e-07, tpb: 64, assumed max_bpg_gridsync: None]
[discovered max_bpg_gridsync: 656; time: 8.988380432128906e-05 s]
[kernel eval -> bpg: 441 (max_bpg_gridsync or number of states if smaller), tpb: 64, spb: 1]
[kernel improve -> bpg: 441 (implied by number of states), tpb: 64]
JCR PI CONTRACTION CUDA GRIDSYNC DONE. [d_inf: 6.1035156e-05, main iterations: 4, evaluation iterations total: 394, time: 0.07273101806640625 s]
---
REPETITION: 7/10:
JCR PI CONTRACTION CUDA GRIDSYNC... [gamma: 0.9, eps: 0.0001, tolerance_v: 1e-07, tpb: 64, assumed max_bpg_gridsync: None]
[discovered max_bpg_gridsync: 656; time: 8.559226989746094e-05 s]
[kernel eval -> bpg: 441 (max_bpg_gridsync or number of states if smaller), tpb: 64, spb: 1]
[kernel improve -> bpg: 441 (implied by number of states), tpb: 64]
JCR PI CONTRACTION CUDA GRIDSYNC DONE. [d_inf: 6.1035156e-05, main iterations: 4, evaluation iterations total: 394, time: 0.07216191291809082 s]
---
REPETITION: 8/10:
JCR PI CONTRACTION CUDA GRIDSYNC... [gamma: 0.9, eps: 0.0001, tolerance_v: 1e-07, tpb: 64, assumed max_bpg_gridsync: None]
[discovered max_bpg_gridsync: 656; time: 8.702278137207031e-05 s]
[kernel eval -> bpg: 441 (max_bpg_gridsync or number of states if smaller), tpb: 64, spb: 1]
[kernel improve -> bpg: 441 (implied by number of states), tpb: 64]
JCR PI CONTRACTION CUDA GRIDSYNC DONE. [d_inf: 6.1035156e-05, main iterations: 4, evaluation iterations total: 394, time: 0.07212281227111816 s]
---
REPETITION: 9/10:
JCR PI CONTRACTION CUDA GRIDSYNC... [gamma: 0.9, eps: 0.0001, tolerance_v: 1e-07, tpb: 64, assumed max_bpg_gridsync: None]
[discovered max_bpg_gridsync: 656; time: 9.059906005859375e-05 s]
[kernel eval -> bpg: 441 (max_bpg_gridsync or number of states if smaller), tpb: 64, spb: 1]
[kernel improve -> bpg: 441 (implied by number of states), tpb: 64]
JCR PI CONTRACTION CUDA GRIDSYNC DONE. [d_inf: 6.1035156e-05, main iterations: 4, evaluation iterations total: 394, time: 0.07040047645568848 s]
---
REPETITION: 10/10:
JCR PI CONTRACTION CUDA GRIDSYNC... [gamma: 0.9, eps: 0.0001, tolerance_v: 1e-07, tpb: 64, assumed max_bpg_gridsync: None]
[discovered max_bpg_gridsync: 656; time: 8.535385131835938e-05 s]
[kernel eval -> bpg: 441 (max_bpg_gridsync or number of states if smaller), tpb: 64, spb: 1]
[kernel improve -> bpg: 441 (implied by number of states), tpb: 64]
JCR PI CONTRACTION CUDA GRIDSYNC DONE. [d_inf: 6.1035156e-05, main iterations: 4, evaluation iterations total: 394, time: 0.07039618492126465 s]
***
SUMMARY:
V OUT:
[421.41388 431.3861  441.24176 450.8471  460.07993 468.872   477.2104
 485.11417 492.97748 500.4733  507.88538 514.9911  521.7484  528.3488
 534.743   540.8336  546.64044 552.18036 557.6056  562.8135  567.7683
 431.2876  441.25977 451.11514 460.7196  469.9509  478.7409  487.07666
 494.97748 502.4733  509.88538 516.9911  523.7484  530.34875 536.743
 542.83356 548.6405  554.1804  559.6056  564.8135  569.7683  574.4612
 440.76117 450.733   460.58685 470.18744 479.4118  488.19208 496.51605
 504.40372 511.88538 518.9911  525.7484  532.3488  538.743   544.8336
 550.6405  556.1804  561.6056  566.8135  571.7683  576.4612  580.8573
 449.58435 459.55542 469.4054  478.9962  488.20316 496.95905 505.25385
 513.1096  520.55786 527.62854 534.3488  540.743   546.8336  552.6405
 558.1804  563.6056  568.8135  573.7683  578.4612  582.8573  586.97046
 457.6748  467.64447 477.4873  487.0599  496.2347  504.94568 513.1871
 520.9855  528.3751  535.38666 542.04645 548.3778  554.40234 560.1394
 565.6056  570.8135  575.7683  580.4612  584.8573  588.97046 592.89233
 465.64444 475.4873  485.0599  494.45056 503.5761  512.21857 520.3789
 528.0912  535.3943  542.32104 548.8972  555.14514 561.0847  566.7347
 572.1111  577.2261  582.0846  586.6774  590.97046 594.89233 598.334
 473.4873  483.0599  492.45053 501.5761  510.36322 518.9138  526.9656
 534.5628  541.752   548.5691  555.04016 561.1861  567.0255  572.5758
 577.85205 582.86584 587.62134 592.1092  596.29553 600.1113  603.4518
 481.0599  490.45056 499.5761  508.36328 516.9138  525.1601  533.0791
 540.5359  547.5863  554.27124 560.61755 566.64526 572.37134 577.8115
 582.98    587.88727 592.53687 596.91895 601.00024 604.71344 607.958
 488.45056 497.5761  506.36325 514.9138  523.16003 531.0791  538.8172
 546.1134  553.005   559.5388  565.74365 571.6388  577.23944 582.5602
 587.6138  592.40967 596.9508  601.2269  605.20526 608.8202  611.9747
 495.5761  504.36325 512.9138  521.16003 529.07916 536.81714 544.24243
 551.3645  558.0829  564.4513  570.5013  576.2516  581.7166  586.9092
 591.841   596.5205  600.94995 605.1189  608.9949  612.5142  615.58264
 502.36325 510.91382 519.16003 527.0791  534.81714 542.2425  549.3932
 556.3334  562.8695  569.06287 574.9481  580.54443 585.8653  590.92224
 595.7258  600.2839  604.5979  608.6574  612.4304  615.855   618.8393
 508.91382 517.16003 525.0791  532.8172  540.24243 547.3932  554.3334
 561.04785 567.3971  573.40967 579.12366 584.5593  589.7294  594.64453
 599.3146  603.7466  607.9416  611.88904 615.55774 618.88696 621.7877
 515.16003 523.0791  530.8172  538.24243 545.3932  552.3334  559.04785
 565.52515 571.68604 577.5148  583.05347 588.32367 593.3381  598.10693
 602.6392  606.94135 611.0142  614.8472  618.4098  621.64294 624.46
 521.0491  528.8172  536.2425  543.3932  550.3334  557.04785 563.52515
 569.77466 575.74756 581.3911  586.75195 591.8535  596.70886 601.3279
 605.7192  609.8886  613.83704 617.5538  621.0091  624.14545 626.8786
 526.6371  534.24243 541.3932  548.3334  555.04785 561.52515 567.77466
 573.79877 579.58453 585.0424  590.2239  595.15454 599.8484  604.3152
 608.56323 612.59814 616.42065 620.02026 623.3678  626.40735 629.0568
 531.9564  539.3932  546.3334  553.04785 559.52515 565.77466 571.7987
 577.58905 583.1895  588.4621  593.4634  598.222   602.75287 607.0661
 611.1699  615.0698  618.7661  622.24866 625.4891  628.4327  630.9997
 537.02563 544.29236 551.0479  557.52515 563.77466 569.79877 575.5891
 581.1895  586.539   591.62854 596.4511  601.03827 605.40674 609.56714
 613.5277  617.2936  620.8651  624.2324  627.3678  630.21783 632.7049
 541.8561  548.9542  555.52515 561.77466 567.79877 573.58905 579.1895
 584.53906 589.62854 594.5     599.14923 603.5698  607.7804  611.79236
 615.6138  619.2499  622.7009  625.9572  628.9918  631.75287 634.1642
 546.45435 553.3867  559.77466 565.7987  571.58905 577.18945 582.53906
 587.62854 592.5     597.1492  601.5699  605.7804  609.8304  613.704
 617.3958  620.91113 624.2501  627.40344 630.34515 633.02454 635.3669
 550.8212  557.5912  563.79877 569.58905 575.18945 580.53906 585.62854
 590.5     595.1492  599.5698  603.7804  607.8304  611.704   615.39575
 618.9111  622.25006 625.49036 628.55383 631.4147  634.0232  636.3064
 554.9475  561.5589  567.5891  573.18945 578.53906 583.62854 588.5
 593.1492  597.5698  601.7804  605.8303  609.704   613.39575 616.91113
 620.2501  623.49036 626.55383 629.4147  632.2011  634.7533  636.9894 ]
POLICY OUT:
[ 0  0  0  0  0  0  0  0 -1 -1 -2 -2 -2 -3 -3 -3 -3 -3 -4 -4 -4  0  0  0
  0  0  0  0  0  0 -1 -1 -1 -2 -2 -2 -2 -2 -3 -3 -3 -3  0  0  0  0  0  0
  0  0  0  0  0 -1 -1 -1 -1 -1 -2 -2 -2 -2 -2  0  0  0  0  0  0  0  0  0
  0  0  0  0  0  0 -1 -1 -1 -1 -1 -2  0  0  0  0  0  0  0  0  0  0  0  0
  0  0  0  0  0  0  0 -1 -1  1  1  1  0  0  0  0  0  0  0  0  0  0  0  0
  0  0  0  0  0  0  2  2  1  1  0  0  0  0  0  0  0  0  0  0  0  0  0  0
  0  0  0  3  2  2  1  1  0  0  0  0  0  0  0  0  0  0  0  0  0  0  0  0
  3  3  2  2  1  1  0  0  0  0  0  0  0  0  0  0  0  0  0  0  0  4  3  3
  2  2  1  0  0  0  0  0  0  0  0  0  0  0  0  0  0  0  4  4  3  3  2  1
  0  0  0  0  0  0  0  0  0  0  0  0  0  0  0  5  4  4  3  2  1  1  0  0
  0  0  0  0  0  0  0  0  0  0  0  0  5  5  4  3  2  2  1  0  0  0  0  0
  0  0  0  0  0  0  0  0  0  5  5  4  3  3  2  1  0  0  0  0  0  0  0  0
  0  0  0  0  0  0  5  5  4  4  3  2  1  0  0  0  0  0  0  0  0  0  0  0
  0  0  0  5  5  5  4  3  2  1  0  0  0  0  0  0  0  0  0  0  0  0  0  0
  5  5  5  4  3  2  1  1  0  0  0  0  0  0  0  0  0  0  0  0  0  5  5  5
  4  3  2  2  1  1  0  0  0  0  0  0  0  0  0  0  0  0  5  5  5  4  3  3
  2  2  1  1  1  1  0  0  0  0  0  0  0  0  0  5  5  5  4  4  3  3  2  2
  2  2  1  1  1  1  1  0  0  0  0  0  5  5  5  5  4  4  3  3  3  3  2  2
  2  2  2  1  1  1  0  0  0]
D_INF OF V VS REF: 0.00018310547
D_INF OF POLICY VS REF: 0
D_INF (AT STOP) MEAN: 6.103515625e-05
MAIN ITERATIONS MEAN: 4.0
EVAL ITERATIONS TOTAL MEAN: 394.0
TIME MEAN: 0.0729719877243042 s, STD: 0.0015875400781148 s, STD_%: 2.2%
SPEEDUP VS REF: 272.02677586290827
============================================================================================================================================================================================================================================================
============================================================================================================================================================================================================================================================
FINAL SUMMARY:
PI CONTRACTION APPROACH 1: jcr_pi_contraction_cpu_numpy (REFERENCE) -> MEAN MAIN ITERS: 4.0, MEAN EVAL ITERS TOTAL: 414.0, MEAN D_INF: 6.103515625e-05, MEAN TIME: 19.850334548950194 s, TIME STD: 0.06116296292825142 s, STD_%: 0.3%, SPEED-UP: 1.00
PI CONTRACTION APPROACH 2: jcr_pi_contraction_cuda_atomicmax -> MEAN MAIN ITERS: 4.0, MEAN EVAL ITERS TOTAL: 410.0, MEAN D_INF: 6.103515625e-05, MEAN TIME: 0.08491225242614746 s, TIME STD: 8.58026564704633e-05 s, STD_%: 0.1%, SPEED-UP: 233.77
PI CONTRACTION APPROACH 3: jcr_pi_contraction_cuda_atomicmaxplain -> MEAN MAIN ITERS: 4.0, MEAN EVAL ITERS TOTAL: 410.0, MEAN D_INF: 6.103515625e-05, MEAN TIME: 0.08451220989227295 s, TIME STD: 9.102929068697856e-05 s, STD_%: 0.1%, SPEED-UP: 234.88
PI CONTRACTION APPROACH 4: jcr_pi_contraction_cuda_reducemax -> MEAN MAIN ITERS: 4.0, MEAN EVAL ITERS TOTAL: 410.0, MEAN D_INF: 6.103515625e-05, MEAN TIME: 0.08244800567626953 s, TIME STD: 0.00019580256992928334 s, STD_%: 0.2%, SPEED-UP: 240.76
PI CONTRACTION APPROACH 5: jcr_pi_contraction_cuda_gridsync -> MEAN MAIN ITERS: 4.0, MEAN EVAL ITERS TOTAL: 394.0, MEAN D_INF: 6.103515625e-05, MEAN TIME: 0.0729719877243042 s, TIME STD: 0.0015875400781148 s, STD_%: 2.2%, SPEED-UP: 272.03
JACK'S CAR RENTAL DONE. [hash string: 3414392679_04404_325_[1;20;5;10.0;-2.0;[3.0,4.0];[3.0,2.0];True;0.9;1.0e-04;1.0e-07;False;TTTTT], time: 201.92203211784363 s]
