JACK'S CAR RENTAL STARTING...
HASH STRING: 3452119702_17416_692_[1;20;5;10.0;-2.0;[3.0,4.0];[3.0,2.0];True;0.9;1.0e-04;1.0e-07;False;TTTFFF]
============================================================================================================================================================================================================================================================
EXPERIMENT INFO:
{
  SEED: 1,
  JCR_MAX_CARS_AT_LOC: 20,
  JCR_MAX_CARS_MOVED: 5,
  JCR_REWARD_CAR_RENTED: 10.0,
  JCR_REWARD_CAR_MOVED: -2.0,
  JCR_REQUEST_POISSON_LAMBDAS_AT_LOC: [3.0, 4.0],
  JCR_RETURN_POISSON_LAMBDAS_AT_LOC: [3.0, 2.0],
  NUMPY_SINGLE_THREAD: True,
  GAMMA: 0.9,
  EPS: 0.0001,
  TOLERANCE_V: 1e-07,
  PLOTS: False,
  jcr_pi_contraction_cpu_numpy: (True, 'jcr_pi_contraction_cpu_numpy', 1, {}),
  jcr_pi_contraction_cpu_numpy_blas_style: (True, 'jcr_pi_contraction_cpu_numpy_blas_style', 1, {}),
  jcr_pi_contraction_cuda_atomicmax: (True, 'jcr_pi_contraction_cuda_atomicmax', 1, {'lazy_stop_check': 5, 'tpb': 64}),
  jcr_pi_contraction_cuda_atomicmaxplain: (False, 'jcr_pi_contraction_cuda_atomicmaxplain', 0, {}),
  jcr_pi_contraction_cuda_reducemax: (False, 'jcr_pi_contraction_cuda_reducemax', 0, {}),
  jcr_pi_contraction_cuda_gridsync: (False, 'jcr_pi_contraction_cuda_gridsync', 0, {})
}
============================================================================================================================================================================================================================================================
CPU AND SYSTEM:
{'cpu_name': 'Intel(R) Xeon(R) CPU E3-1505M v5 @ 2.80GHz',
 'os_machine': 'AMD64',
 'os_name': 'Windows 10',
 'os_version': '10.0.19045',
 'ram_size': '63.9 GB'}
GPU:
{'async_engine_count': 5,
 'can_map_host_memory': 1,
 'compute_capability': (5, 2),
 'cores_per_SM': 128,
 'cores_total': 1280,
 'max_block_dim_x': 1024,
 'max_block_dim_y': 1024,
 'max_block_dim_z': 64,
 'max_grid_dim_x': 2147483647,
 'max_grid_dim_y': 65535,
 'max_grid_dim_z': 65535,
 'max_shared_memory_per_block': 49152,
 'max_threads_per_block': 1024,
 'multiprocessor_count': 10,
 'name': 'Quadro M4000M',
 'pci_bus_id': 1,
 'pci_device_id': 0,
 'unified_addressing': 1,
 'warp_size': 32}
============================================================================================================================================================================================================================================================
JCR INFO:
{
  MAX_CARS_AT_LOC: 20,
  MAX_CARS_MOVED: 5,
  REWARD_CAR_RENTED: 10.0,
  REWARD_CAR_MOVED: -2.0,
  REQUEST_POISSON_LAMBDAS_AT_LOC: [3.0, 4.0],
  RETURN_POISSON_LAMBDAS_AT_LOC: [3.0, 2.0]
}
JCR MDP JOINT DISTRIBUTION...
UNPICKLE OBJECTS... [from file: ../mdp_joint_distrs/mdp_joint_distr_jcr_20_5.pkl]
UNPICKLE OBJECTS DONE. [time: 0.31702351570129395 s]
JCR MDP JOINT DISTRIBUTION READY. [shape: (441, 11, 41, 441), entries: 87710931, type: float32, 0.33 GiB copied to device (gpu) in: 0.0857706069946289 s]
============================================================================================================================================================================================================================================================
V FOR INITIAL POLICY ZEROED. [shape: (441,)]
RANDOM INITIAL POLICY [shape: (441,)]:
[ 0 -4  2  2  3  2  4  0  0 -4 -4 -5 -5 -5 -2 -4  1  2  1 -1  1 -3  4 -3
 -1  2 -5  0 -3 -3  5 -1  3  1  1  5  0 -3 -3 -2 -1  4  2 -1  2  4  1 -4
 -3  2 -5  5 -5  1  1 -1  4  4  4  2 -4 -4  1  4  0 -4 -5 -4 -1 -4 -3  3
  0  3 -5 -2  1  5  5  5  4  3  2  2 -2 -2  1 -4  0  3 -4  5  4 -2 -3 -1
  3  0 -4  0 -4  5  2 -1  5 -5 -2  4  4 -3 -5  1 -5 -1  2  4  5 -3  0  2
  2  5  4  2  3  4  1 -5  4  4 -2  2  5 -2  2  1 -1  4  4  0  0  4  3 -2
  3  1  2  3 -5 -2 -3  5  5  1  2  2  5  4  2  4  4  2 -2 -5  5 -2 -5 -2
  3 -3  2 -5  2 -4 -4 -1  4 -2  2 -5 -1  3  4  1 -5  1 -1  0 -1  1 -3  5
 -5 -4  0  3 -1  2  0 -4  3 -4  2 -2 -1 -4  4 -1  2  1  2 -1 -1 -4  4 -5
  2 -3  0 -5  4  5  1  2 -5 -4 -4  3  2 -3  4  3  5 -4 -2 -1  4 -5  0  3
 -4  1  2  4  3 -3  2 -2 -1 -4  2 -3 -1  0  2 -4 -3  1  5  1  0 -5 -4  4
 -3  1  5  1 -3  2 -2  2  2 -5  1  0  0 -3 -4  5  1 -1  1 -4 -5  1  0 -2
 -4  1 -3 -4  0  0 -1 -1  5  2 -5  2  3  4  4  0 -2  2 -5 -5 -5  4 -2 -1
  4 -4  0 -1 -1 -3 -1  0  1  4  1  3 -1  3  4  1 -3 -1  2 -5  0  5  0  1
 -1 -1  0  0  3  0  3 -3  2  0 -4  5 -4  4 -5 -1  3  0  4  2 -5  4  5  3
 -5 -2 -1 -1 -3  2 -5  5  1 -5  1 -2  0 -1  1 -4 -3  5 -1  5 -2  4 -5 -4
  1  5 -5 -2  0  0  2  5 -3  0  1 -4  5 -5  3  2 -2  4 -5 -1  3 -1  3  2
 -3  1  2  4  4 -5 -4  1 -2  3  3 -4  5 -1  3 -2 -3 -2  5  2  1 -2  2 -3
 -2 -2  0  4  1 -2  1 -3  2]
============================================================================================================================================================================================================================================================
PI CONTRACTION APPROACH 1: jcr_pi_contraction_cpu_numpy...
---
REPETITION: 1/1:
JCR PI CONTRACTION CPU NUMPY... [gamma: 0.9, eps: 0.0001, tolerance_v: 1e-07]
JCR PI CONTRACTION CPU NUMPY DONE. [d_inf: 6.1035156e-05, main iterations: 4, evaluation iterations total: 414, time: 36.72946262359619 s]
***
SUMMARY:
V OUT:
[421.41388 431.3861  441.24176 450.8471  460.0799  468.872   477.2104
 485.11414 492.97748 500.4733  507.88535 514.991   521.7484  528.34875
 534.74304 540.83356 546.6404  552.18036 557.6055  562.8134  567.7682
 431.2876  441.25977 451.1151  460.7196  469.9509  478.74094 487.07666
 494.97748 502.4733  509.88538 516.9911  523.7485  530.3489  536.7429
 542.83356 548.64044 554.18036 559.6056  564.81354 569.7681  574.461
 440.76117 450.73303 460.58682 470.18744 479.41183 488.19208 496.51605
 504.4037  511.88538 518.991   525.7485  532.34875 538.743   544.8335
 550.6405  556.1803  561.6055  566.8135  571.7682  576.461   580.8571
 449.5843  459.55542 469.4054  478.99615 488.20312 496.95908 505.2538
 513.10956 520.5578  527.62854 534.3488  540.74304 546.83356 552.6405
 558.1803  563.6055  568.8134  573.76825 578.46106 582.85724 586.9704
 457.6748  467.64447 477.48734 487.0599  496.2347  504.94568 513.1871
 520.98553 528.3751  535.38666 542.0464  548.3778  554.4024  560.1394
 565.6055  570.8134  575.7683  580.4612  584.8573  588.97034 592.89233
 465.64444 475.4873  485.0599  494.45053 503.5761  512.2186  520.3789
 528.0912  535.39435 542.3211  548.8973  555.14496 561.08466 566.73456
 572.1109  577.226   582.08453 586.6773  590.9704  594.89215 598.33386
 473.4873  483.05994 492.45053 501.57614 510.36322 518.9138  526.9655
 534.5628  541.75195 548.5691  555.0401  561.1861  567.02545 572.5758
 577.852   582.8657  587.62115 592.10913 596.29553 600.1112  603.4517
 481.0599  490.45053 499.57614 508.36322 516.9138  525.1601  533.07916
 540.5359  547.58636 554.2713  560.6175  566.6453  572.3713  577.81146
 582.98    587.88727 592.5368  596.9189  601.00006 604.7134  607.95795
 488.45056 497.5761  506.36325 514.91376 523.1601  531.07916 538.81714
 546.1134  553.00507 559.5389  565.74365 571.63873 577.23944 582.5602
 587.6138  592.4097  596.9508  601.22687 605.20526 608.8202  611.9747
 495.5761  504.36322 512.9138  521.1601  529.07916 536.81714 544.2425
 551.3645  558.0828  564.4514  570.5013  576.25165 581.7166  586.9092
 591.8408  596.52057 600.94995 605.1188  608.9949  612.51404 615.58276
 502.36328 510.9138  519.1601  527.0791  534.8172  542.24243 549.39325
 556.33344 562.86945 569.0628  574.9481  580.54443 585.8653  590.9222
 595.7258  600.2838  604.5979  608.6573  612.4305  615.85504 618.83936
 508.9138  517.1601  525.0791  532.8172  540.24255 547.39325 554.3333
 561.04785 567.3971  573.4097  579.1237  584.55927 589.7294  594.64465
 599.3147  603.74664 607.94165 611.88904 615.5577  618.887   621.78766
 515.1601  523.07916 530.81714 538.2425  545.3932  552.3334  559.0479
 565.5251  571.68604 577.5149  583.05347 588.32367 593.33826 598.1068
 602.6391  606.9412  611.01416 614.8472  618.4098  621.6429  624.46
 521.04913 528.8172  536.2425  543.39325 550.33344 557.0479  563.52515
 569.7747  575.7477  581.39105 586.7519  591.8535  596.7089  601.3278
 605.7191  609.88855 613.83685 617.55383 621.00916 624.14545 626.8787
 526.6371  534.2425  541.39325 548.3334  555.048   561.5252  567.77466
 573.7989  579.5846  585.0424  590.2238  595.1546  599.8483  604.3152
 608.5632  612.59814 616.4206  620.0201  623.36774 626.40735 629.0568
 531.9564  539.3932  546.33344 553.0479  559.52515 565.7747  571.7988
 577.5891  583.1895  588.46204 593.4635  598.22205 602.75287 607.06604
 611.17    615.0699  618.76624 622.24866 625.489   628.4326  630.99976
 537.02563 544.29236 551.0479  557.52515 563.77466 569.79865 575.58923
 581.1895  586.539   591.6285  596.4511  601.0382  605.4068  609.56714
 613.52783 617.29364 620.86523 624.23236 627.3676  630.21796 632.70483
 541.8561  548.95435 555.52515 561.7748  567.79877 573.58923 579.1895
 584.53906 589.62866 594.50006 599.1491  603.56995 607.78046 611.7923
 615.6138  619.2499  622.701   625.95715 628.9918  631.75287 634.16406
 546.4544  553.3867  559.7747  565.7988  571.5892  577.18945 582.539
 587.62866 592.49994 597.1492  601.57    605.7804  609.8303  613.70404
 617.3959  620.9112  624.25    627.4034  630.34515 633.0244  635.36694
 550.8212  557.59125 563.7989  569.5892  575.1895  580.53906 585.6285
 590.5     595.14923 599.5699  603.7804  607.8303  611.704   615.3959
 618.91113 622.2501  625.4904  628.55383 631.41473 634.0232  636.3063
 554.9476  561.5589  567.58905 573.1895  578.539   583.6286  588.49994
 593.1492  597.5699  601.78046 605.8303  609.704   613.3958  616.9112
 620.2501  623.4905  626.55383 629.4147  632.20105 634.7533  636.98944]
POLICY OUT:
[ 0  0  0  0  0  0  0  0 -1 -1 -2 -2 -2 -3 -3 -3 -3 -3 -4 -4 -4  0  0  0
  0  0  0  0  0  0 -1 -1 -1 -2 -2 -2 -2 -2 -3 -3 -3 -3  0  0  0  0  0  0
  0  0  0  0  0 -1 -1 -1 -1 -1 -2 -2 -2 -2 -2  0  0  0  0  0  0  0  0  0
  0  0  0  0  0  0 -1 -1 -1 -1 -1 -2  0  0  0  0  0  0  0  0  0  0  0  0
  0  0  0  0  0  0  0 -1 -1  1  1  1  0  0  0  0  0  0  0  0  0  0  0  0
  0  0  0  0  0  0  2  2  1  1  0  0  0  0  0  0  0  0  0  0  0  0  0  0
  0  0  0  3  2  2  1  1  0  0  0  0  0  0  0  0  0  0  0  0  0  0  0  0
  3  3  2  2  1  1  0  0  0  0  0  0  0  0  0  0  0  0  0  0  0  4  3  3
  2  2  1  0  0  0  0  0  0  0  0  0  0  0  0  0  0  0  4  4  3  3  2  1
  0  0  0  0  0  0  0  0  0  0  0  0  0  0  0  5  4  4  3  2  1  1  0  0
  0  0  0  0  0  0  0  0  0  0  0  0  5  5  4  3  2  2  1  0  0  0  0  0
  0  0  0  0  0  0  0  0  0  5  5  4  3  3  2  1  0  0  0  0  0  0  0  0
  0  0  0  0  0  0  5  5  4  4  3  2  1  0  0  0  0  0  0  0  0  0  0  0
  0  0  0  5  5  5  4  3  2  1  0  0  0  0  0  0  0  0  0  0  0  0  0  0
  5  5  5  4  3  2  1  1  0  0  0  0  0  0  0  0  0  0  0  0  0  5  5  5
  4  3  2  2  1  1  0  0  0  0  0  0  0  0  0  0  0  0  5  5  5  4  3  3
  2  2  1  1  1  1  0  0  0  0  0  0  0  0  0  5  5  5  4  4  3  3  2  2
  2  2  1  1  1  1  1  0  0  0  0  0  5  5  5  5  4  4  3  3  3  3  2  2
  2  2  2  1  1  1  0  0  0]
D_INF OF V VS REF: 0.0
D_INF OF POLICY VS REF: 0
D_INF (AT STOP) MEAN: 6.103515625e-05
MAIN ITERATIONS MEAN: 4.0
EVAL ITERATIONS TOTAL MEAN: 414.0
TIME MEAN: 36.72946262359619 s, STD: 0.0 s, STD_%: 0.0%
SPEEDUP VS REF: 1.0
============================================================================================================================================================================================================================================================
PI CONTRACTION APPROACH 2: jcr_pi_contraction_cpu_numpy_blas_style...
---
REPETITION: 1/1:
