JACK'S CAR RENTAL STARTING...
HASH STRING: 3842991162_16492_692_[1;20;5;10.0;-2.0;[3.0,4.0];[3.0,2.0];True;0.9;1.0e-04;1.0e-07;False;FTTFFF]
============================================================================================================================================================================================================================================================
EXPERIMENT INFO:
{
  SEED: 1,
  JCR_MAX_CARS_AT_LOC: 20,
  JCR_MAX_CARS_MOVED: 5,
  JCR_REWARD_CAR_RENTED: 10.0,
  JCR_REWARD_CAR_MOVED: -2.0,
  JCR_REQUEST_POISSON_LAMBDAS_AT_LOC: [3.0, 4.0],
  JCR_RETURN_POISSON_LAMBDAS_AT_LOC: [3.0, 2.0],
  NUMPY_SINGLE_THREAD: True,
  GAMMA: 0.9,
  EPS: 0.0001,
  TOLERANCE_V: 1e-07,
  PLOTS: False,
  jcr_pi_contraction_cpu_numpy: (False, 'jcr_pi_contraction_cpu_numpy', 0, {}),
  jcr_pi_contraction_cpu_numpy_blas_style: (True, 'jcr_pi_contraction_cpu_numpy_blas_style', 1, {}),
  jcr_pi_contraction_cuda_atomicmax: (True, 'jcr_pi_contraction_cuda_atomicmax', 1, {'lazy_stop_check': 5, 'tpb': 64}),
  jcr_pi_contraction_cuda_atomicmaxplain: (False, 'jcr_pi_contraction_cuda_atomicmaxplain', 0, {}),
  jcr_pi_contraction_cuda_reducemax: (False, 'jcr_pi_contraction_cuda_reducemax', 0, {}),
  jcr_pi_contraction_cuda_gridsync: (False, 'jcr_pi_contraction_cuda_gridsync', 0, {})
}
============================================================================================================================================================================================================================================================
CPU AND SYSTEM:
{'cpu_name': 'Intel(R) Xeon(R) CPU E3-1505M v5 @ 2.80GHz',
 'os_machine': 'AMD64',
 'os_name': 'Windows 10',
 'os_version': '10.0.19045',
 'ram_size': '63.9 GB'}
GPU:
{'async_engine_count': 5,
 'can_map_host_memory': 1,
 'compute_capability': (5, 2),
 'cores_per_SM': 128,
 'cores_total': 1280,
 'max_block_dim_x': 1024,
 'max_block_dim_y': 1024,
 'max_block_dim_z': 64,
 'max_grid_dim_x': 2147483647,
 'max_grid_dim_y': 65535,
 'max_grid_dim_z': 65535,
 'max_shared_memory_per_block': 49152,
 'max_threads_per_block': 1024,
 'multiprocessor_count': 10,
 'name': 'Quadro M4000M',
 'pci_bus_id': 1,
 'pci_device_id': 0,
 'unified_addressing': 1,
 'warp_size': 32}
============================================================================================================================================================================================================================================================
JCR INFO:
{
  MAX_CARS_AT_LOC: 20,
  MAX_CARS_MOVED: 5,
  REWARD_CAR_RENTED: 10.0,
  REWARD_CAR_MOVED: -2.0,
  REQUEST_POISSON_LAMBDAS_AT_LOC: [3.0, 4.0],
  RETURN_POISSON_LAMBDAS_AT_LOC: [3.0, 2.0]
}
JCR MDP JOINT DISTRIBUTION...
UNPICKLE OBJECTS... [from file: ../mdp_joint_distrs/mdp_joint_distr_jcr_20_5.pkl]
UNPICKLE OBJECTS DONE. [time: 0.12765789031982422 s]
JCR MDP JOINT DISTRIBUTION READY. [shape: (441, 11, 41, 441), entries: 87710931, type: float32, 0.33 GiB copied to device (gpu) in: 0.08776521682739258 s]
============================================================================================================================================================================================================================================================
V FOR INITIAL POLICY ZEROED. [shape: (441,)]
RANDOM INITIAL POLICY [shape: (441,)]:
[ 0 -4  2  2  3  2  4  0  0 -4 -4 -5 -5 -5 -2 -4  1  2  1 -1  1 -3  4 -3
 -1  2 -5  0 -3 -3  5 -1  3  1  1  5  0 -3 -3 -2 -1  4  2 -1  2  4  1 -4
 -3  2 -5  5 -5  1  1 -1  4  4  4  2 -4 -4  1  4  0 -4 -5 -4 -1 -4 -3  3
  0  3 -5 -2  1  5  5  5  4  3  2  2 -2 -2  1 -4  0  3 -4  5  4 -2 -3 -1
  3  0 -4  0 -4  5  2 -1  5 -5 -2  4  4 -3 -5  1 -5 -1  2  4  5 -3  0  2
  2  5  4  2  3  4  1 -5  4  4 -2  2  5 -2  2  1 -1  4  4  0  0  4  3 -2
  3  1  2  3 -5 -2 -3  5  5  1  2  2  5  4  2  4  4  2 -2 -5  5 -2 -5 -2
  3 -3  2 -5  2 -4 -4 -1  4 -2  2 -5 -1  3  4  1 -5  1 -1  0 -1  1 -3  5
 -5 -4  0  3 -1  2  0 -4  3 -4  2 -2 -1 -4  4 -1  2  1  2 -1 -1 -4  4 -5
  2 -3  0 -5  4  5  1  2 -5 -4 -4  3  2 -3  4  3  5 -4 -2 -1  4 -5  0  3
 -4  1  2  4  3 -3  2 -2 -1 -4  2 -3 -1  0  2 -4 -3  1  5  1  0 -5 -4  4
 -3  1  5  1 -3  2 -2  2  2 -5  1  0  0 -3 -4  5  1 -1  1 -4 -5  1  0 -2
 -4  1 -3 -4  0  0 -1 -1  5  2 -5  2  3  4  4  0 -2  2 -5 -5 -5  4 -2 -1
  4 -4  0 -1 -1 -3 -1  0  1  4  1  3 -1  3  4  1 -3 -1  2 -5  0  5  0  1
 -1 -1  0  0  3  0  3 -3  2  0 -4  5 -4  4 -5 -1  3  0  4  2 -5  4  5  3
 -5 -2 -1 -1 -3  2 -5  5  1 -5  1 -2  0 -1  1 -4 -3  5 -1  5 -2  4 -5 -4
  1  5 -5 -2  0  0  2  5 -3  0  1 -4  5 -5  3  2 -2  4 -5 -1  3 -1  3  2
 -3  1  2  4  4 -5 -4  1 -2  3  3 -4  5 -1  3 -2 -3 -2  5  2  1 -2  2 -3
 -2 -2  0  4  1 -2  1 -3  2]
============================================================================================================================================================================================================================================================
PI CONTRACTION APPROACH 2: jcr_pi_contraction_cpu_numpy_blas_style...
---
REPETITION: 1/1:
JCR PI CONTRACTION CPU NUMPY (BLAS STYLE)... [gamma: 0.9, eps: 0.0001]
JCR PI CONTRACTION CPU NUMPY (BLAS STYLE) DONE. [time: 0.2244 s, main_iters: 4]
***
SUMMARY:
V OUT:
[421.41373 431.386   441.24164 450.84695 460.07977 468.87195 477.21027
 485.1141  492.9773  500.47314 507.88525 514.99097 521.7483  528.34863
 534.74286 540.8335  546.6403  552.18024 557.6054  562.81323 567.7681
 431.28754 441.25967 451.11505 460.71948 469.9508  478.74078 487.07654
 494.9773  502.47314 509.88525 516.99097 523.7483  530.34863 536.74286
 542.8335  548.6403  554.18024 559.6054  564.81323 569.7681  574.46094
 440.76108 450.73288 460.58673 470.18732 479.4117  488.19196 496.51596
 504.40356 511.88525 518.99097 525.7483  532.34863 538.74286 544.8335
 550.6403  556.18024 561.6054  566.81323 571.7681  576.46094 580.85706
 449.58426 459.55527 469.4053  478.9961  488.20303 496.95892 505.25366
 513.1095  520.55774 527.6284  534.34863 540.74286 546.8335  552.6403
 558.18024 563.6054  568.81323 573.7681  578.46094 582.85706 586.97034
 457.6747  467.64438 477.4872  487.0598  496.2346  504.94556 513.187
 520.9854  528.375   535.38654 542.0463  548.3776  554.40216 560.1393
 565.6054  570.81323 575.7681  580.46094 584.85706 588.97034 592.8922
 465.64438 475.4872  485.0598  494.4504  503.576   512.21844 520.3788
 528.09106 535.3942  542.3209  548.89716 555.14496 561.0846  566.7345
 572.1109  577.2259  582.0845  586.67737 590.97034 594.8922  598.33386
 473.4872  483.0598  492.4504  501.576   510.36316 518.91376 526.9654
 534.5627  541.75195 548.569   555.0401  561.18604 567.0254  572.5757
 577.8519  582.8658  587.6213  592.109   596.2954  600.11115 603.4517
 481.0598  490.4504  499.576   508.36316 516.91376 525.16    533.079
 540.5357  547.58624 554.2711  560.61743 566.64514 572.37115 577.81146
 582.9799  587.8872  592.5368  596.91876 601.0001  604.7133  607.9578
 488.4504  497.576   506.36316 514.91376 523.16    531.079   538.8171
 546.1132  553.0049  559.53876 565.7436  571.6386  577.2393  582.56006
 587.61365 592.40955 596.95074 601.2268  605.205   608.82007 611.9744
 495.576   504.36316 512.91376 521.16    529.079   536.8171  544.2423
 551.3644  558.0828  564.4512  570.5012  576.25146 581.71655 586.9091
 591.8408  596.5204  600.9498  605.1188  608.9948  612.5141  615.5825
 502.36316 510.91373 519.16    527.079   534.8171  542.2423  549.39307
 556.33325 562.8694  569.0628  574.948   580.5444  585.8651  590.92206
 595.72577 600.2838  604.59784 608.6573  612.4304  615.8548  618.8392
 508.91373 517.16    525.079   532.8171  540.2423  547.39307 554.33325
 561.0477  567.3971  573.40955 579.12354 584.55914 589.7292  594.6444
 599.3146  603.74646 607.9415  611.8889  615.5576  618.8868  621.78754
 515.16    523.079   530.8171  538.2423  545.39307 552.33325 559.0477
 565.525   571.686   577.5147  583.0534  588.32355 593.3381  598.1069
 602.63904 606.9413  611.01416 614.84705 618.4097  621.6429  624.45984
 521.049   528.8171  536.2423  543.39307 550.33325 557.0477  563.525
 569.7746  575.74756 581.391   586.75183 591.85345 596.7088  601.3279
 605.719   609.8885  613.8369  617.55365 621.009   624.1454  626.8785
 526.637   534.2423  541.39307 548.33325 555.0477  561.525   567.7746
 573.7987  579.5845  585.04236 590.22375 595.1545  599.84827 604.31506
 608.56323 612.5982  616.42053 620.02014 623.36774 626.4072  629.05676
 531.9563  539.39307 546.33325 553.0477  559.525   565.7746  571.7987
 577.58905 583.18945 588.46204 593.4634  598.2219  602.7528  607.06604
 611.1699  615.06976 618.7661  622.2486  625.48895 628.4326  630.99963
 537.0256  544.29236 551.0477  557.525   563.7746  569.7987  575.58905
 581.18945 586.53906 591.62854 596.45105 601.0382  605.4067  609.5671
 613.52765 617.2936  620.86505 624.23236 627.36774 630.21783 632.70483
 541.8561  548.95416 555.525   561.7746  567.7987  573.58905 579.18945
 584.53906 589.62854 594.49994 599.1492  603.5698  607.7804  611.79224
 615.6138  619.2498  622.70087 625.95715 628.99176 631.7528  634.1641
 546.45435 553.3866  559.7746  565.7987  571.58905 577.18945 582.53906
 587.62854 592.49994 597.1492  601.5698  605.7804  609.8304  613.7039
 617.3958  620.91113 624.25006 627.40344 630.34515 633.0244  635.3669
 550.82117 557.5911  563.7987  569.58905 575.18945 580.53906 585.62854
 590.49994 595.1492  599.5698  603.7804  607.8304  611.7039  615.3958
 618.91113 622.25006 625.4903  628.55383 631.4147  634.0232  636.30634
 554.94745 561.55884 567.58905 573.18945 578.53906 583.62854 588.49994
 593.1492  597.5698  601.7804  605.8304  609.7039  613.3958  616.91113
 620.25006 623.4903  626.55383 629.4147  632.20105 634.7532  636.9893 ]
POLICY OUT:
[ 0  0  0  0  0  0  0  0 -1 -1 -2 -2 -2 -3 -3 -3 -3 -3 -4 -4 -4  0  0  0
  0  0  0  0  0  0 -1 -1 -1 -2 -2 -2 -2 -2 -3 -3 -3 -3  0  0  0  0  0  0
  0  0  0  0  0 -1 -1 -1 -1 -1 -2 -2 -2 -2 -2  0  0  0  0  0  0  0  0  0
  0  0  0  0  0  0 -1 -1 -1 -1 -1 -2  0  0  0  0  0  0  0  0  0  0  0  0
  0  0  0  0  0  0  0 -1 -1  1  1  1  0  0  0  0  0  0  0  0  0  0  0  0
  0  0  0  0  0  0  2  2  1  1  0  0  0  0  0  0  0  0  0  0  0  0  0  0
  0  0  0  3  2  2  1  1  0  0  0  0  0  0  0  0  0  0  0  0  0  0  0  0
  3  3  2  2  1  1  0  0  0  0  0  0  0  0  0  0  0  0  0  0  0  4  3  3
  2  2  1  0  0  0  0  0  0  0  0  0  0  0  0  0  0  0  4  4  3  3  2  1
  0  0  0  0  0  0  0  0  0  0  0  0  0  0  0  5  4  4  3  2  1  1  0  0
  0  0  0  0  0  0  0  0  0  0  0  0  5  5  4  3  2  2  1  0  0  0  0  0
  0  0  0  0  0  0  0  0  0  5  5  4  3  3  2  1  0  0  0  0  0  0  0  0
  0  0  0  0  0  0  5  5  4  4  3  2  1  0  0  0  0  0  0  0  0  0  0  0
  0  0  0  5  5  5  4  3  2  1  0  0  0  0  0  0  0  0  0  0  0  0  0  0
  5  5  5  4  3  2  1  1  0  0  0  0  0  0  0  0  0  0  0  0  0  5  5  5
  4  3  2  2  1  1  0  0  0  0  0  0  0  0  0  0  0  0  5  5  5  4  3  3
  2  2  1  1  1  1  0  0  0  0  0  0  0  0  0  5  5  5  4  4  3  3  2  2
  2  2  1  1  1  1  1  0  0  0  0  0  5  5  5  5  4  4  3  3  3  3  2  2
  2  2  2  1  1  1  0  0  0]
D_INF OF V VS REF: 0.0
D_INF OF POLICY VS REF: 0
D_INF (AT STOP) MEAN: 6.103515625e-05
MAIN ITERATIONS MEAN: 4.0
EVAL ITERATIONS TOTAL MEAN: 400.0
TIME MEAN: 0.22439932823181152 s, STD: 0.0 s, STD_%: 0.0%
SPEEDUP VS REF: 1.0
============================================================================================================================================================================================================================================================
PI CONTRACTION APPROACH 3: jcr_pi_contraction_cuda_atomicmax...
GPU WARMED UP.
---
REPETITION: 1/1:
JCR PI CONTRACTION CUDA ATOMICMAX... [gamma: 0.9, eps: 0.0001, tolerance_v: 1e-07, lazy_stop_check: 5, tpb: 64]
[bpg: 441 (implied by number of states)]
JCR PI CONTRACTION CUDA ATOMICMAX DONE. [d_inf: 6.1035156e-05, main iterations: 4, evaluation iterations total: 410, time: 0.5904524326324463 s]
***
SUMMARY:
V OUT:
[421.41394 431.3861  441.24182 450.84717 460.07993 468.87207 477.21045
 485.1142  492.97754 500.47333 507.88544 514.99115 521.7485  528.3488
 534.74304 540.8336  546.6405  552.1804  557.60565 562.8135  567.7683
 431.28766 441.25983 451.1152  460.71967 469.95096 478.74097 487.0767
 494.97754 502.47333 509.88544 516.99115 523.7485  530.3488  536.74304
 542.8336  548.6405  554.1804  559.6056  564.8135  569.7683  574.46124
 440.7612  450.73303 460.5869  470.1875  479.41187 488.1921  496.5161
 504.40375 511.88544 518.99115 525.74854 532.3488  538.74304 544.8336
 550.6405  556.1804  561.6056  566.8135  571.7683  576.46124 580.8573
 449.5844  459.55545 469.40543 478.99622 488.20322 496.9591  505.25385
 513.1096  520.55786 527.62866 534.3489  540.74304 546.8336  552.6405
 558.1804  563.6056  568.8135  573.7683  578.4612  582.8573  586.97046
 457.67487 467.64453 477.48737 487.05997 496.23474 504.94574 513.18713
 520.9856  528.3752  535.3867  542.0465  548.3779  554.40234 560.1394
 565.6056  570.81354 575.7684  580.4612  584.8573  588.97046 592.89233
 465.6445  475.48737 485.05997 494.4506  503.57617 512.2186  520.37897
 528.0912  535.3944  542.3211  548.89734 555.14514 561.0848  566.7347
 572.11115 577.2261  582.0846  586.6774  590.9705  594.89233 598.334
 473.48737 483.05994 492.4506  501.57617 510.36328 518.9138  526.9656
 534.5628  541.7521  548.56915 555.04016 561.18616 567.0256  572.5758
 577.8521  582.86584 587.6214  592.1092  596.29553 600.1113  603.4518
 481.05994 490.4506  499.57617 508.36328 516.9138  525.16016 533.0792
 540.5359  547.5864  554.2713  560.6177  566.6453  572.3714  577.8115
 582.98004 587.8873  592.53687 596.91895 601.00024 604.71344 607.958
 488.45056 497.57617 506.36328 514.9138  523.16016 531.0792  538.8172
 546.1134  553.00507 559.53894 565.7438  571.6388  577.23944 582.56024
 587.6138  592.40967 596.95087 601.2269  605.20526 608.82025 611.9747
 495.57617 504.36328 512.9138  521.16016 529.07916 536.81726 544.24255
 551.36456 558.0829  564.4514  570.50134 576.25165 581.7167  586.90924
 591.84106 596.5205  600.94995 605.1189  608.99493 612.5142  615.5827
 502.36328 510.91388 519.16016 527.0792  534.8172  542.2425  549.3932
 556.3335  562.8695  569.063   574.9482  580.54456 585.8653  590.92224
 595.7258  600.28394 604.59796 608.6574  612.43054 615.855   618.83936
 508.91388 517.16016 525.0792  532.8172  540.24255 547.3932  554.3335
 561.0479  567.3972  573.4097  579.1237  584.5593  589.7294  594.64453
 599.3146  603.7466  607.94165 611.88904 615.55774 618.88696 621.7877
 515.1601  523.0792  530.8172  538.24255 545.39325 552.3335  559.0479
 565.52515 571.68616 577.51483 583.05347 588.32367 593.33813 598.107
 602.6392  606.9414  611.0142  614.8472  618.40985 621.64294 624.46
 521.0492  528.8172  536.24255 543.3932  550.33344 557.048   563.52515
 569.7747  575.7476  581.3911  586.752   591.8535  596.70886 601.328
 605.71924 609.8887  613.83704 617.55383 621.00916 624.14545 626.8786
 526.63715 534.24255 541.3932  548.33344 555.0479  561.52515 567.7748
 573.7988  579.5846  585.0424  590.2239  595.15466 599.8484  604.3152
 608.56323 612.59827 616.42065 620.02026 623.3678  626.40735 629.0568
 531.9564  539.39325 546.3335  553.048   559.52515 565.7748  571.79877
 577.5891  583.1895  588.4621  593.4635  598.22205 602.75287 607.06616
 611.1699  615.0698  618.7661  622.24866 625.4891  628.4327  630.99976
 537.0257  544.2925  551.0479  557.52515 563.7748  569.79877 575.5891
 581.1895  586.5391  591.6286  596.4512  601.0383  605.40674 609.5672
 613.5277  617.2936  620.8652  624.2324  627.3678  630.2179  632.7049
 541.8562  548.95435 555.52515 561.7747  567.7988  573.5891  579.1895
 584.53906 589.62854 594.5     599.14923 603.5699  607.7804  611.79236
 615.6138  619.2499  622.7009  625.9572  628.9918  631.75287 634.1642
 546.45447 553.3867  559.7748  565.7988  571.5891  577.1896  582.53906
 587.62854 592.5     597.14923 601.5699  605.7804  609.8304  613.704
 617.3959  620.91113 624.2501  627.4035  630.3452  633.02454 635.3669
 550.8213  557.5912  563.7988  569.5891  575.1896  580.5391  585.62854
 590.5     595.14923 599.5699  603.78046 607.83044 611.704   615.3959
 618.91113 622.25006 625.49036 628.55383 631.4147  634.02325 636.3064
 554.9475  561.55896 567.5891  573.1896  578.53906 583.6286  588.5
 593.1492  597.5699  601.78046 605.8304  609.704   613.3959  616.91113
 620.2501  623.49036 626.55383 629.4147  632.2011  634.7533  636.9894 ]
POLICY OUT:
[ 0  0  0  0  0  0  0  0 -1 -1 -2 -2 -2 -3 -3 -3 -3 -3 -4 -4 -4  0  0  0
  0  0  0  0  0  0 -1 -1 -1 -2 -2 -2 -2 -2 -3 -3 -3 -3  0  0  0  0  0  0
  0  0  0  0  0 -1 -1 -1 -1 -1 -2 -2 -2 -2 -2  0  0  0  0  0  0  0  0  0
  0  0  0  0  0  0 -1 -1 -1 -1 -1 -2  0  0  0  0  0  0  0  0  0  0  0  0
  0  0  0  0  0  0  0 -1 -1  1  1  1  0  0  0  0  0  0  0  0  0  0  0  0
  0  0  0  0  0  0  2  2  1  1  0  0  0  0  0  0  0  0  0  0  0  0  0  0
  0  0  0  3  2  2  1  1  0  0  0  0  0  0  0  0  0  0  0  0  0  0  0  0
  3  3  2  2  1  1  0  0  0  0  0  0  0  0  0  0  0  0  0  0  0  4  3  3
  2  2  1  0  0  0  0  0  0  0  0  0  0  0  0  0  0  0  4  4  3  3  2  1
  0  0  0  0  0  0  0  0  0  0  0  0  0  0  0  5  4  4  3  2  1  1  0  0
  0  0  0  0  0  0  0  0  0  0  0  0  5  5  4  3  2  2  1  0  0  0  0  0
  0  0  0  0  0  0  0  0  0  5  5  4  3  3  2  1  0  0  0  0  0  0  0  0
  0  0  0  0  0  0  5  5  4  4  3  2  1  0  0  0  0  0  0  0  0  0  0  0
  0  0  0  5  5  5  4  3  2  1  0  0  0  0  0  0  0  0  0  0  0  0  0  0
  5  5  5  4  3  2  1  1  0  0  0  0  0  0  0  0  0  0  0  0  0  5  5  5
  4  3  2  2  1  1  0  0  0  0  0  0  0  0  0  0  0  0  5  5  5  4  3  3
  2  2  1  1  1  1  0  0  0  0  0  0  0  0  0  5  5  5  4  4  3  3  2  2
  2  2  1  1  1  1  1  0  0  0  0  0  5  5  5  5  4  4  3  3  3  3  2  2
  2  2  2  1  1  1  0  0  0]
D_INF OF V VS REF: 0.00030517578
D_INF OF POLICY VS REF: 0
D_INF (AT STOP) MEAN: 6.103515625e-05
MAIN ITERATIONS MEAN: 4.0
EVAL ITERATIONS TOTAL MEAN: 410.0
TIME MEAN: 0.5904524326324463 s, STD: 0.0 s, STD_%: 0.0%
SPEEDUP VS REF: 0.3800464115819792
============================================================================================================================================================================================================================================================
============================================================================================================================================================================================================================================================
FINAL SUMMARY:
PI CONTRACTION APPROACH 1: jcr_pi_contraction_cpu_numpy OFF.
PI CONTRACTION APPROACH 2: jcr_pi_contraction_cpu_numpy_blas_style (REFERENCE) -> MEAN MAIN ITERS: 4.0, MEAN EVAL ITERS TOTAL: 400.0, MEAN D_INF: 6.103515625e-05, MEAN TIME: 0.22439932823181152 s, TIME STD: 0.0 s, STD_%: 0.0%, SPEED-UP: 1.00
PI CONTRACTION APPROACH 3: jcr_pi_contraction_cuda_atomicmax -> MEAN MAIN ITERS: 4.0, MEAN EVAL ITERS TOTAL: 410.0, MEAN D_INF: 6.103515625e-05, MEAN TIME: 0.5904524326324463 s, TIME STD: 0.0 s, STD_%: 0.0%, SPEED-UP: 0.38
PI CONTRACTION APPROACH 4: jcr_pi_contraction_cuda_atomicmaxplain OFF.
PI CONTRACTION APPROACH 5: jcr_pi_contraction_cuda_reducemax OFF.
PI CONTRACTION APPROACH 6: jcr_pi_contraction_cuda_gridsync OFF.
JACK'S CAR RENTAL DONE. [hash string: 3842991162_16492_692_[1;20;5;10.0;-2.0;[3.0,4.0];[3.0,2.0];True;0.9;1.0e-04;1.0e-07;False;FTTFFF], time: 1.1040170192718506 s]
