JACK'S CAR RENTAL STARTING...
HASH STRING: 3864807762_53267_901_[1;30;5;10.0;-2.0;[3.0,4.0];[3.0,2.0];True;0.9;1.0e-04;1.0e-07;False;TTTTT]
============================================================================================================================================================================================================================================================
EXPERIMENT INFO:
{
  SEED: 1,
  JCR_MAX_CARS_AT_LOC: 30,
  JCR_MAX_CARS_MOVED: 5,
  JCR_REWARD_CAR_RENTED: 10.0,
  JCR_REWARD_CAR_MOVED: -2.0,
  JCR_REQUEST_POISSON_LAMBDAS_AT_LOC: [3.0, 4.0],
  JCR_RETURN_POISSON_LAMBDAS_AT_LOC: [3.0, 2.0],
  NUMPY_SINGLE_THREAD: True,
  GAMMA: 0.9,
  EPS: 0.0001,
  TOLERANCE_V: 1e-07,
  PLOTS: False,
  jcr_pi_contraction_cpu_numpy: (True, 'jcr_pi_contraction_cpu_numpy', 10, {}),
  jcr_pi_contraction_cuda_atomicmax: (True, 'jcr_pi_contraction_cuda_atomicmax', 10, {'lazy_stop_check': 5, 'tpb': 64}),
  jcr_pi_contraction_cuda_atomicmaxglosten: (True, 'jcr_pi_contraction_cuda_atomicmaxglosten', 10, {'lazy_stop_check': 5, 'tpb': 64}),
  jcr_pi_contraction_cuda_reducemax: (True, 'jcr_pi_contraction_cuda_reducemax', 10, {'lazy_stop_check': 5, 'tpb': 64}),
  jcr_pi_contraction_cuda_gridsync: (True, 'jcr_pi_contraction_cuda_gridsync', 10, {'tpb': 64})
}
============================================================================================================================================================================================================================================================
CPU AND SYSTEM:
{'cpu_name': 'AMD Ryzen 9 9950X 16-Core Processor',
 'os_machine': 'x86_64',
 'os_name': 'Linux 6.14.0-37-generic',
 'os_version': '#37~24.04.1-Ubuntu SMP PREEMPT_DYNAMIC Thu Nov 20 10:25:38 UTC '
               '2',
 'ram_size': '123.4 GB'}
GPU:
{'async_engine_count': 2,
 'can_map_host_memory': 1,
 'compute_capability': ComputeCapability(major=12, minor=0),
 'cores_per_SM': 128,
 'cores_total': 21760,
 'max_block_dim_x': 1024,
 'max_block_dim_y': 1024,
 'max_block_dim_z': 64,
 'max_grid_dim_x': 2147483647,
 'max_grid_dim_y': 65535,
 'max_grid_dim_z': 65535,
 'max_shared_memory_per_block': 49152,
 'max_threads_per_block': 1024,
 'multiprocessor_count': 170,
 'name': 'NVIDIA GeForce RTX 5090',
 'pci_bus_id': 1,
 'pci_device_id': 0,
 'unified_addressing': 1,
 'warp_size': 32}
============================================================================================================================================================================================================================================================
JCR INFO:
{
  MAX_CARS_AT_LOC: 30,
  MAX_CARS_MOVED: 5,
  REWARD_CAR_RENTED: 10.0,
  REWARD_CAR_MOVED: -2.0,
  REQUEST_POISSON_LAMBDAS_AT_LOC: [3.0, 4.0],
  RETURN_POISSON_LAMBDAS_AT_LOC: [3.0, 2.0]
}
JCR MDP JOINT DISTRIBUTION...
UNPICKLE OBJECTS... [from file: ../mdp_joint_distrs/mdp_joint_distr_jcr_30_5.pkl]
UNPICKLE OBJECTS DONE. [time: 0.4148592948913574 s]
JCR MDP JOINT DISTRIBUTION READY. [shape: (961, 11, 61, 961), entries: 619682591, type: float32, 2.31 GiB copied to device (gpu) in: 0.18070054054260254 s]
============================================================================================================================================================================================================================================================
V FOR INITIAL POLICY ZEROED. [shape: (961,)]
RANDOM INITIAL POLICY [shape: (961,)]:
[ 0 -4  2  2  3  2  4  0  0 -4 -4 -5 -5 -5 -2 -4  1  2  1 -1  1 -3  4 -3
 -1  2 -5  0 -3 -3  5 -1  3  1  1  5  0 -3 -3 -2 -1  4  2 -1  2  4  1 -4
 -3  2 -5  5 -5  1  1 -1  4  4  4  2 -4 -4  1  4  0 -4 -5 -4 -1 -4 -3  3
  0  3 -5 -2  1  5  5  5  4  3  2  2 -2 -2  1 -4  0  3 -4  5  4 -2 -3 -1
  3  0 -4  0 -4  5  2 -1  5 -5 -2  4  4 -3 -5  1 -5 -1  2  4  5 -3  0  2
  2  5  4  2  3  4  1 -5  4  4 -2  2  5 -2  2  1 -1  4  4  0  0  4  3 -2
  3  1  2  3 -5 -2 -3  5  5  1  2  2  5  4  2  4  4  2 -2 -5  5 -2 -5 -2
  3 -3  2 -5  2 -4 -4 -1  4 -2  2 -5 -1  3  4  1 -5  1 -1  0 -1  1 -3  5
 -5 -4  0  3 -1  2  0 -4  3 -4  2 -2 -1 -4  4 -1  2  1  2 -1 -1 -4  4 -5
  2 -3  0 -5  4  5  1  2 -5 -4 -4  3  2 -3  4  3  5 -4 -2 -1  4 -5  0  3
 -4  1  2  4  3 -3  2 -2 -1 -4  2 -3 -1  0  2 -4 -3  1  5  1  0 -5 -4  4
 -3  1  5  1 -3  2 -2  2  2 -5  1  0  0 -3 -4  5  1 -1  1 -4 -5  1  0 -2
 -4  1 -3 -4  0  0 -1 -1  5  2 -5  2  3  4  4  0 -2  2 -5 -5 -5  4 -2 -1
  4 -4  0 -1 -1 -3 -1  0  1  4  1  3 -1  3  4  1 -3 -1  2 -5  0  5  0  1
 -1 -1  0  0  3  0  3 -3  2  0 -4  5 -4  4 -5 -1  3  0  4  2 -5  4  5  3
 -5 -2 -1 -1 -3  2 -5  5  1 -5  1 -2  0 -1  1 -4 -3  5 -1  5 -2  4 -5 -4
  1  5 -5 -2  0  0  2  5 -3  0  1 -4  5 -5  3  2 -2  4 -5 -1  3 -1  3  2
 -3  1  2  4  4 -5 -4  1 -2  3  3 -4  5 -1  3 -2 -3 -2  5  2  1 -2  2 -3
 -2 -2  0  4  1 -2  1 -3  2 -1 -5 -1  0 -5 -1 -2  3 -2  3 -2 -2 -1  0 -4
  1  3  2 -4  0  5  3  2 -4 -5  2 -5  5  0  5  0 -3  3  5 -3 -3 -5 -4 -1
  5 -5 -1 -1 -3 -4  2 -4 -2 -4  0  1  1  0  4  0  5 -3  1  4 -1  1  1 -5
  3 -5 -4 -3 -1  1 -1  4  1 -1 -5  1  1 -2  2 -5 -5 -2 -3  4 -5 -5 -5  2
 -2 -2 -3  5 -1 -3  2  1  0  3  0 -2 -2 -3  3 -2  3 -5 -3  0  1 -3  2  4
  4 -5  4  4  0  0 -1  4  0  5  2  0  0 -3  4 -1  0  1  1  5  1 -3  3  1
 -1  5  3  2  3  2  0  2  2  4 -1 -1 -3 -2  1 -4 -3 -5 -1  0  3 -3 -4  3
  5  5  3  0  5  4 -3 -1  4  4  4  5 -4 -3 -5  5 -5  1  5 -1 -3  2 -3 -5
 -5  1 -3  2 -1  4 -2  5  1 -3  2  1  1 -4 -2  5 -1 -5 -1 -4  1  1 -1  3
  2  4  1 -3  5  3  0  4  5  5 -3  0 -2  4  5  4 -1  4  5  3  1  1 -1  0
 -3  5 -3  4 -5 -1 -4 -5  4 -5  2 -5 -2  4  5 -1  5  4  0 -2  4 -4 -4  2
 -3 -1  0  4 -1 -3 -5 -4 -5  3  4  4 -3 -3 -2  4  5  4 -1 -4 -1 -4  3  5
 -3  1 -4  1  1 -2 -2  4  3 -4  4  2 -3 -5  3  1  0 -3 -3 -4  5  5  2  5
  5 -5  3 -1  0  1  5 -1 -5  1  0  4 -1  2  3  0  5  1  1  0 -5  4 -3 -1
  2  2 -2 -2 -3  2  3 -5 -4  1 -4  1  5  5 -5  1  3 -4 -4  1  5 -1 -2 -3
 -2  0  0 -1  1 -3  3 -3  4 -5 -3  4  3  2 -5  0  5 -5 -2  2  1  4  2 -3
  5  4  3  3  3  0 -5  1  2  3 -3 -5  5  2  3  0 -4 -1  5  0 -4 -1  5 -2
  4  1  0 -4  5  0 -5  4  2  5 -2  1 -4 -1  4 -3  3 -3  2 -2  5  5  0  1
 -4 -2  5 -1  3 -3 -5 -1  0  3 -2  1  4 -2 -5  2 -1 -3  3  0  1  2 -3  3
 -1 -4 -2  3  5  5  3 -3  0 -5  0 -5  0 -5 -1  5 -4  5 -1 -3  0  2 -5  0
 -4 -5 -1  5 -5  3 -1  4  4 -2  2 -4  3  4  2  2  0 -2 -1 -4  2 -1 -3  2
  5  2 -2  1 -3 -1 -3  5  2  2 -3  5  1  2  1  5 -5  5  4 -4  3  0 -2  5
 -2]
============================================================================================================================================================================================================================================================
PI CONTRACTION APPROACH 1: jcr_pi_contraction_cpu_numpy...
---
REPETITION: 1/10:
JCR PI CONTRACTION CPU NUMPY... [gamma: 0.9, eps: 0.0001, tolerance_v: 1e-07]
JCR PI CONTRACTION CPU NUMPY DONE. [d_inf: 6.1035156e-05, main iterations: 5, evaluation iterations total: 453, time: 43.66990375518799 s]
---
REPETITION: 2/10:
JCR PI CONTRACTION CPU NUMPY... [gamma: 0.9, eps: 0.0001, tolerance_v: 1e-07]
JCR PI CONTRACTION CPU NUMPY DONE. [d_inf: 6.1035156e-05, main iterations: 5, evaluation iterations total: 453, time: 43.66558790206909 s]
---
REPETITION: 3/10:
JCR PI CONTRACTION CPU NUMPY... [gamma: 0.9, eps: 0.0001, tolerance_v: 1e-07]
JCR PI CONTRACTION CPU NUMPY DONE. [d_inf: 6.1035156e-05, main iterations: 5, evaluation iterations total: 453, time: 43.7123601436615 s]
---
REPETITION: 4/10:
JCR PI CONTRACTION CPU NUMPY... [gamma: 0.9, eps: 0.0001, tolerance_v: 1e-07]
JCR PI CONTRACTION CPU NUMPY DONE. [d_inf: 6.1035156e-05, main iterations: 5, evaluation iterations total: 453, time: 43.52869009971619 s]
---
REPETITION: 5/10:
JCR PI CONTRACTION CPU NUMPY... [gamma: 0.9, eps: 0.0001, tolerance_v: 1e-07]
JCR PI CONTRACTION CPU NUMPY DONE. [d_inf: 6.1035156e-05, main iterations: 5, evaluation iterations total: 453, time: 43.59807252883911 s]
---
REPETITION: 6/10:
JCR PI CONTRACTION CPU NUMPY... [gamma: 0.9, eps: 0.0001, tolerance_v: 1e-07]
JCR PI CONTRACTION CPU NUMPY DONE. [d_inf: 6.1035156e-05, main iterations: 5, evaluation iterations total: 453, time: 43.70835280418396 s]
---
REPETITION: 7/10:
JCR PI CONTRACTION CPU NUMPY... [gamma: 0.9, eps: 0.0001, tolerance_v: 1e-07]
JCR PI CONTRACTION CPU NUMPY DONE. [d_inf: 6.1035156e-05, main iterations: 5, evaluation iterations total: 453, time: 43.81786060333252 s]
---
REPETITION: 8/10:
JCR PI CONTRACTION CPU NUMPY... [gamma: 0.9, eps: 0.0001, tolerance_v: 1e-07]
JCR PI CONTRACTION CPU NUMPY DONE. [d_inf: 6.1035156e-05, main iterations: 5, evaluation iterations total: 453, time: 43.85929870605469 s]
---
REPETITION: 9/10:
JCR PI CONTRACTION CPU NUMPY... [gamma: 0.9, eps: 0.0001, tolerance_v: 1e-07]
JCR PI CONTRACTION CPU NUMPY DONE. [d_inf: 6.1035156e-05, main iterations: 5, evaluation iterations total: 453, time: 43.92543649673462 s]
---
REPETITION: 10/10:
JCR PI CONTRACTION CPU NUMPY... [gamma: 0.9, eps: 0.0001, tolerance_v: 1e-07]
JCR PI CONTRACTION CPU NUMPY DONE. [d_inf: 6.1035156e-05, main iterations: 5, evaluation iterations total: 453, time: 43.93958854675293 s]
***
SUMMARY:
V OUT:
[421.4167  431.38892 441.24463 450.84998 460.0829  468.87518 477.2138
 485.11798 492.98132 500.47775 507.89    514.99664 521.75525 528.35645
 534.75275 540.8464  546.658   552.20605 557.6368  562.8623  567.8529
 572.62225 577.18176 581.5416  585.7109  589.69763 593.55273 597.2718
 600.8261  604.2237  607.46893 431.29047 441.2626  451.11798 460.72253
 469.95392 478.74405 487.08008 494.98132 502.47775 509.89    516.99664
 523.7552  530.3565  536.75275 542.84644 548.65796 554.20605 559.63684
 564.8624  569.8529  574.6222  579.18164 583.54175 587.7109  591.69763
 595.55286 599.2717  602.82605 606.22363 609.4689  612.56287 440.76404
 450.7359  460.58972 470.19037 479.41486 488.19534 496.51956 504.40765
 511.89    518.9966  525.75525 532.3565  538.7528  544.8464  550.6581
 556.206   561.6368  566.8622  571.85297 576.6221  581.1818  585.54175
 589.7108  593.69763 597.5529  601.2717  604.8262  608.2236  611.46893
 614.5628  617.49713 449.58728 459.55838 469.4084  478.99924 488.20636
 496.96246 505.2576  513.1139  520.5629  527.63477 534.35645 540.7528
 546.8464  552.658   558.20605 563.63666 568.86224 573.853   578.6222
 583.18176 587.54175 591.71094 595.69745 599.5528  603.27167 606.8263
 610.2235  613.46893 616.5629  619.4971  622.24756 457.67798 467.64758
 477.4905  487.06317 496.2381  504.94946 513.1914  520.9905  528.38116
 535.39417 542.05585 548.3899  554.4182  560.16095 565.6368  570.86237
 575.8529  580.6222  585.1818  589.5416  593.7109  597.6975  601.55286
 605.27167 608.8263  612.2236  615.4689  618.5627  621.4971  624.2476
 626.76685 465.64758 475.4905  485.06317 494.45413 503.57996 512.2229
 520.384   528.0973  535.4019  542.3307  548.9095  555.1609  561.10535
 566.7625  572.1504  577.2858  582.18445 586.85956 591.324   595.58777
 599.66113 603.55286 607.2717  610.82623 614.2236  617.46893 620.5628
 623.49695 626.24756 628.76685 631.08    473.4905  483.06314 492.45416
 501.58002 510.36783 518.9191  526.97186 534.57074 541.7621  548.58203
 555.0568  561.2076  567.0535  572.61285 577.90314 582.9405  587.74036
 592.3164  596.6809  600.84503 604.81946 608.6129  612.23486 615.694
 618.9967  622.14844 625.1492  627.9908  630.6497  633.08014 635.2129
 481.06317 490.45413 499.57996 508.36783 516.91907 525.1667  533.0874
 540.54663 547.6003  554.2894  560.64105 566.6756  572.41034 577.8621
 583.04755 587.982   592.6803  597.15576 601.42065 605.4863  609.36316
 613.06085 616.5887  619.9545  623.16565 626.22656 629.13763 631.8902
 634.4621  636.8082  638.86346 488.4542  497.58002 506.3678  514.91907
 523.16675 531.0875  538.8285  546.1283  553.02484 559.5648  565.7774
 571.68195 577.29443 582.6302  587.7046  592.53217 597.12646 601.5005
 605.6666  609.6356  613.4179  617.02325 620.46045 623.7377  626.8617
 629.83704 632.6635  635.3337  637.8249  640.0944  642.07916 495.58
 504.3678  512.91907 521.16675 529.0875  536.82855 544.2584  551.3859
 558.1114  564.48914 570.55035 576.3141  581.7952  587.0075  591.96497
 596.6813  601.16907 605.44086 609.50806 613.38153 617.0714  620.58685
 623.93677 627.129   630.17    633.0643  635.812   638.405   640.82227
 643.0221  644.9437  502.36783 510.91907 519.16675 527.08746 534.8286
 542.25836 549.41626 556.3646  562.91156 569.11865 575.0201  580.63556
 585.9785  591.06146 595.8975  600.4986  604.8775  609.0452  613.01306
 616.79114 620.3892  623.81647 627.08124 630.1912  633.15247 635.9693
 638.6423  641.16296 643.5112  645.64655 647.51056 508.91904 517.16675
 525.08746 532.82855 540.2584  547.4162  554.36456 561.0943  567.45996
 573.4925  579.23016 584.69257 589.8934  594.8432  599.554   604.0375
 608.3051  612.3673  616.235   619.91754 623.4243  626.7642  629.94507
 632.9743  635.8582  638.6003  641.20123 643.6532  645.93604 648.01105
 649.8215  515.16675 523.08746 530.82855 538.25836 545.41614 552.3646
 559.09436 565.59503 571.78046 577.63873 583.2114  588.51965 593.57605
 598.3908  602.97504 607.33905 611.49396 615.4501  619.217   622.8037
 626.2194  629.4725  632.5704  635.5202  638.32794 640.9974  643.5286
 645.9141  648.1345  650.15216 651.91174 521.0579  528.8285  536.25836
 543.41614 550.36456 557.0943  563.59515 569.882   575.89087 581.5772
 586.9868  592.1416  597.05396 601.73364 606.1908  610.43536 614.4775
 618.32684 621.9928  625.4841  628.8091  631.97577 634.9914  637.86304
 640.596   643.19403 645.6571  647.9783  650.1382  652.10034 653.8115
 526.6492  534.25836 541.41614 548.3646  555.0944  561.5951  567.8821
 573.9671  579.8043  585.3233  590.57306 595.57715 600.3475  604.8936
 609.22485 613.35065 617.2805  621.02386 624.5894  627.9856  631.2204
 634.3016  637.236   640.0303  642.68964 645.2175  647.61414 649.8722
 651.9734  653.8818  655.5461  531.9735  539.41614 546.3646  553.09436
 559.5951  565.88214 571.967   577.85986 583.53204 588.88904 593.98376
 598.8409  603.4724  607.8875  612.095   616.10364 619.9229  623.56134
 627.0277  630.32983 633.47546 636.4721  639.3263  642.044   644.631
 647.09    649.42126 651.6178  653.6616  655.5179  657.1366  537.0506
 544.3263  551.09436 557.59515 563.88214 569.967   575.8599  581.5698
 587.08344 592.28455 597.2297  601.94446 606.44116 610.72864 614.8149
 618.7089  622.41943 625.9548  629.3235  632.53314 635.59094 638.504
 641.27905 643.9218  646.43756 648.82886 651.09607 653.23254 655.22015
 657.02563 658.5998  541.89386 549.00555 555.59515 561.8821  567.967
 573.85986 579.5699  585.1055  590.46747 595.519   600.3199  604.8972
 609.26337 613.4268  617.3952  621.1773  624.78156 628.21606 631.4889
 634.6076  637.57904 640.4104  643.108   645.67706 648.12244 650.44775
 652.6523  654.72974 656.6627  658.4184  659.9496  546.5136  553.4661
 559.8822  565.9669  571.86    577.5699  583.1056  588.4753  593.6918
 598.59985 603.2621  607.707   611.94696 615.99    619.844   623.51715
 627.01764 630.3537  633.533   636.5627  639.4498  642.201   644.8224
 647.31915 649.6965  651.9567  654.10016 656.12006 657.9998  659.7073
 661.19617 550.9197  557.71893 563.967   569.86    575.56995 581.1056
 586.4752  591.6919  596.76404 601.53436 606.0633  610.3803  614.498
 618.4244  622.16724 625.7343  629.13416 632.37415 635.4619  638.4048
 641.2094  643.8824  646.4293  648.85583 651.16626 653.36346 655.4473
 657.41125 659.23926 660.8999  662.34814 555.1205  561.77295 567.85986
 573.5699  579.1056  584.4752  589.69183 594.76404 599.69073 604.3286
 608.72876 612.9219  616.92114 620.73444 624.3692  627.833   631.1345
 634.28076 637.2795  640.1379  642.8621  645.4588  647.9332  650.2914
 652.5369  654.6727  656.6986  658.6086  660.38635 662.0019  663.4109
 559.1254  565.6376  571.5699  577.10565 582.4753  587.69183 592.764
 597.69073 602.4772  606.987   611.2623  615.33527 619.21924 622.9222
 626.45154 629.8149  633.0203  636.07544 638.98737 641.76337 644.40936
 646.9319  649.33624 651.62787 653.8106  655.8873  657.85724 659.7154
 661.44495 663.017   664.3881  562.9427  569.321   575.1057  580.4752
 585.6919  590.76404 595.6906  600.4771  605.1274  609.5129  613.6664
 617.62177 621.39276 624.9879  628.41406 631.6792  634.79095 637.7572
 640.5848  643.28046 645.8507  648.3015  650.6382  652.8658  654.9882
 657.008   658.92487 660.7326  662.41644 663.94696 665.28217 566.5811
 572.8316  578.4753  583.6918  588.76416 593.6907  598.47723 603.12744
 607.64355 611.9067  615.9405  619.77985 623.4399  626.9287  630.2539
 633.4227  636.4432  639.3227  642.0683  644.6866  647.1836  649.56537
 651.83716 654.0034  656.0682  658.03394 659.9001  661.6607  663.301
 664.7924  666.09393 570.049   576.1777  581.6865  586.7642  591.6907
 596.4772  601.1275  605.6435  610.02356 614.16614 618.081   621.80536
 625.3553  628.7392  631.9649  635.0394  637.97076 640.7662  643.4323
 645.9762  648.40326 650.7193  652.9292  655.0376  657.0479  658.96295
 660.7815  662.4979  664.0977  665.5527  666.82263 573.35425 579.36646
 584.74664 589.69073 594.4771  599.12744 603.64355 608.0236  612.26056
 616.283   620.07947 623.6891  627.1294  630.40955 633.5371  636.5197
 639.36444 642.07886 644.6693  647.14215 649.5029  651.757   653.909
 655.96344 657.9235  659.79126 661.5661  663.2421  664.80457 666.22614
 667.46735 576.5042  582.40497 587.6615  592.47723 597.12744 601.6435
 606.0237  610.26056 614.3379  618.2413  621.91974 625.4154  628.7472
 631.92505 634.95703 637.85034 640.6122  643.2492  645.76825 648.1746
 650.474   652.67084 654.7698  656.775   658.6892  660.5146  662.24976
 663.8894  665.4185  666.8103  668.026   579.50507 585.2992  590.43634
 595.12744 599.6435  604.0237  608.26056 612.338   616.2412  620.0128
 623.57623 626.9606  630.18677 633.26587 636.2061  639.01447 641.69836
 644.2638  646.71686 649.0629  651.30664 653.4523  655.50415 657.4657
 659.3397  661.1278  662.82874 664.43646 665.9367  667.30273 668.4963
 582.3616  588.0523  593.07355 597.64355 602.0236  606.2606  610.33795
 614.2411  618.0128  621.5762  625.0133  628.2934  631.42084 634.40784
 637.2633  639.9941  642.6071  645.1082  647.50323 649.7963  651.9918
 654.09375 656.1054  658.0304  659.8704  661.6272  663.2994  664.88086
 666.3569  667.7017  668.87683 585.0747  590.6649  595.57306 600.0236
 604.2607  608.3378  612.2412  616.01294 619.5762  623.0134  626.29346
 629.4208  632.42206 635.32874 638.11017 640.7737  643.3261  645.773
 648.1192  650.36865 652.5251  654.5914  656.5712  658.46643 660.27985
 662.0117  663.6614  665.2221  666.6795  668.00745 669.16833 587.63873
 593.13116 597.9282  602.26074 606.338   610.2413  614.01276 617.57623
 621.01337 624.2935  627.42065 630.42194 633.3287  636.1101  638.77374
 641.3501  643.8546  646.25903 648.5677  650.78394 652.91077 654.9506
 656.9064  658.78015 660.5736  662.2876  663.92053 665.4662  666.91
 668.2259  669.37646]
POLICY OUT:
[ 0  0  0  0  0  0  0  0 -1 -1 -2 -2 -2 -3 -3 -3 -3 -3 -4 -4 -4 -4 -4 -4
 -4 -4 -5 -5 -5 -5 -5  0  0  0  0  0  0  0  0  0 -1 -1 -1 -2 -2 -2 -2 -2
 -3 -3 -3 -3 -3 -3 -3 -3 -4 -4 -4 -4 -4 -4  0  0  0  0  0  0  0  0  0  0
  0 -1 -1 -1 -1 -1 -2 -2 -2 -2 -2 -2 -2 -2 -3 -3 -3 -3 -3 -3 -3  0  0  0
  0  0  0  0  0  0  0  0  0  0  0  0 -1 -1 -1 -1 -1 -1 -1 -1 -2 -2 -2 -2
 -2 -2 -2 -2  0  0  0  0  0  0  0  0  0  0  0  0  0  0  0  0  0  0  0  0
  0  0 -1 -1 -1 -1 -1 -1 -1 -1 -1  1  1  1  0  0  0  0  0  0  0  0  0  0
  0  0  0  0  0  0  0  0  0  0  0  0  0  0  0  0  0 -1  2  2  1  1  0  0
  0  0  0  0  0  0  0  0  0  0  0  0  0  0  0  0  0  0  0  0  0  0  0  0
  0  3  2  2  1  1  0  0  0  0  0  0  0  0  0  0  0  0  0  0  0  0  0  0
  0  0  0  0  0  0  0  0  3  3  2  2  1  1  0  0  0  0  0  0  0  0  0  0
  0  0  0  0  0  0  0  0  0  0  0  0  0  0  0  4  3  3  2  2  1  0  0  0
  0  0  0  0  0  0  0  0  0  0  0  0  0  0  0  0  0  0  0  0  0  0  4  4
  3  3  2  1  0  0  0  0  0  0  0  0  0  0  0  0  0  0  0  0  0  0  0  0
  0  0  0  0  0  5  4  4  3  2  1  1  0  0  0  0  0  0  0  0  0  0  0  0
  0  0  0  0  0  0  0  0  0  0  0  0  5  5  4  3  2  2  1  0  0  0  0  0
  0  0  0  0  0  0  0  0  0  0  0  0  0  0  0  0  0  0  0  5  5  4  3  3
  2  1  0  0  0  0  0  0  0  0  0  0  0  0  0  0  0  0  0  0  0  0  0  0
  0  0  5  5  4  4  3  2  1  0  0  0  0  0  0  0  0  0  0  0  0  0  0  0
  0  0  0  0  0  0  0  0  0  5  5  5  4  3  2  1  0  0  0  0  0  0  0  0
  0  0  0  0  0  0  0  0  0  0  0  0  0  0  0  0  5  5  5  4  3  2  1  0
  0  0  0  0  0  0  0  0  0  0  0  0  0  0  0  0  0  0  0  0  0  0  0  5
  5  5  4  3  2  1  0  0  0  0  0  0  0  0  0  0  0  0  0  0  0  0  0  0
  0  0  0  0  0  0  5  5  5  4  3  2  1  0  0  0  0  0  0  0  0  0  0  0
  0  0  0  0  0  0  0  0  0  0  0  0  0  5  5  5  4  3  2  1  1  0  0  0
  0  0  0  0  0  0  0  0  0  0  0  0  0  0  0  0  0  0  0  0  5  5  5  4
  3  2  2  1  0  0  0  0  0  0  0  0  0  0  0  0  0  0  0  0  0  0  0  0
  0  0  0  5  5  5  4  3  3  2  1  0  0  0  0  0  0  0  0  0  0  0  0  0
  0  0  0  0  0  0  0  0  0  0  5  5  5  4  4  3  2  1  0  0  0  0  0  0
  0  0  0  0  0  0  0  0  0  0  0  0  0  0  0  0  0  5  5  5  5  4  3  2
  1  0  0  0  0  0  0  0  0  0  0  0  0  0  0  0  0  0  0  0  0  0  0  0
  5  5  5  5  4  3  2  1  0  0  0  0  0  0  0  0  0  0  0  0  0  0  0  0
  0  0  0  0  0  0  0  5  5  5  5  4  3  2  1  0  0  0  0  0  0  0  0  0
  0  0  0  0  0  0  0  0  0  0  0  0  0  0  5  5  5  5  4  3  2  1  0  0
  0  0  0  0  0  0  0  0  0  0  0  0  0  0  0  0  0  0  0  0  0  5  5  5
  5  4  3  2  1  1  0  0  0  0  0  0  0  0  0  0  0  0  0  0  0  0  0  0
  0  0  0  0  5  5  5  5  4  3  2  2  1  1  0  0  0  0  0  0  0  0  0  0
  0  0  0  0  0  0  0  0  0  0  0  5  5  5  5  4  3  3  2  2  1  1  1  0
  0  0  0  0  0  0  0  0  0  0  0  0  0  0  0  0  0  0  5  5  5  5  4  4
  3  3  2  2  2  1  1  1  1  0  0  0  0  0  0  0  0  0  0  0  0  0  0  0
  0]
D_INF OF V VS REF: 0.0
D_INF OF POLICY VS REF: 0
D_INF (AT STOP) MEAN: 6.103515625e-05
MAIN ITERATIONS MEAN: 5.0
EVAL ITERATIONS TOTAL MEAN: 453.0
TIME MEAN: 43.74251515865326 s, STD: 0.13094460983484857 s, STD_%: 0.3%
SPEEDUP VS REF: 1.0
============================================================================================================================================================================================================================================================
PI CONTRACTION APPROACH 2: jcr_pi_contraction_cuda_atomicmax...
GPU WARMED UP.
---
REPETITION: 1/10:
JCR PI CONTRACTION CUDA ATOMICMAX... [gamma: 0.9, eps: 0.0001, tolerance_v: 1e-07, lazy_stop_check: 5, tpb: 64]
[bpg: 961 (implied by number of states)]
JCR PI CONTRACTION CUDA ATOMICMAX DONE. [d_inf: 6.1035156e-05, main iterations: 5, evaluation iterations total: 440, time: 0.1786646842956543 s]
---
REPETITION: 2/10:
JCR PI CONTRACTION CUDA ATOMICMAX... [gamma: 0.9, eps: 0.0001, tolerance_v: 1e-07, lazy_stop_check: 5, tpb: 64]
[bpg: 961 (implied by number of states)]
JCR PI CONTRACTION CUDA ATOMICMAX DONE. [d_inf: 6.1035156e-05, main iterations: 5, evaluation iterations total: 440, time: 0.17642450332641602 s]
---
REPETITION: 3/10:
JCR PI CONTRACTION CUDA ATOMICMAX... [gamma: 0.9, eps: 0.0001, tolerance_v: 1e-07, lazy_stop_check: 5, tpb: 64]
[bpg: 961 (implied by number of states)]
JCR PI CONTRACTION CUDA ATOMICMAX DONE. [d_inf: 6.1035156e-05, main iterations: 5, evaluation iterations total: 440, time: 0.17145133018493652 s]
---
REPETITION: 4/10:
JCR PI CONTRACTION CUDA ATOMICMAX... [gamma: 0.9, eps: 0.0001, tolerance_v: 1e-07, lazy_stop_check: 5, tpb: 64]
[bpg: 961 (implied by number of states)]
JCR PI CONTRACTION CUDA ATOMICMAX DONE. [d_inf: 6.1035156e-05, main iterations: 5, evaluation iterations total: 440, time: 0.1676340103149414 s]
---
REPETITION: 5/10:
JCR PI CONTRACTION CUDA ATOMICMAX... [gamma: 0.9, eps: 0.0001, tolerance_v: 1e-07, lazy_stop_check: 5, tpb: 64]
[bpg: 961 (implied by number of states)]
JCR PI CONTRACTION CUDA ATOMICMAX DONE. [d_inf: 6.1035156e-05, main iterations: 5, evaluation iterations total: 440, time: 0.16354799270629883 s]
---
REPETITION: 6/10:
JCR PI CONTRACTION CUDA ATOMICMAX... [gamma: 0.9, eps: 0.0001, tolerance_v: 1e-07, lazy_stop_check: 5, tpb: 64]
[bpg: 961 (implied by number of states)]
JCR PI CONTRACTION CUDA ATOMICMAX DONE. [d_inf: 6.1035156e-05, main iterations: 5, evaluation iterations total: 440, time: 0.16046452522277832 s]
---
REPETITION: 7/10:
JCR PI CONTRACTION CUDA ATOMICMAX... [gamma: 0.9, eps: 0.0001, tolerance_v: 1e-07, lazy_stop_check: 5, tpb: 64]
[bpg: 961 (implied by number of states)]
JCR PI CONTRACTION CUDA ATOMICMAX DONE. [d_inf: 6.1035156e-05, main iterations: 5, evaluation iterations total: 440, time: 0.1583096981048584 s]
---
REPETITION: 8/10:
JCR PI CONTRACTION CUDA ATOMICMAX... [gamma: 0.9, eps: 0.0001, tolerance_v: 1e-07, lazy_stop_check: 5, tpb: 64]
[bpg: 961 (implied by number of states)]
JCR PI CONTRACTION CUDA ATOMICMAX DONE. [d_inf: 6.1035156e-05, main iterations: 5, evaluation iterations total: 440, time: 0.15728044509887695 s]
---
REPETITION: 9/10:
JCR PI CONTRACTION CUDA ATOMICMAX... [gamma: 0.9, eps: 0.0001, tolerance_v: 1e-07, lazy_stop_check: 5, tpb: 64]
[bpg: 961 (implied by number of states)]
JCR PI CONTRACTION CUDA ATOMICMAX DONE. [d_inf: 6.1035156e-05, main iterations: 5, evaluation iterations total: 440, time: 0.1572272777557373 s]
---
REPETITION: 10/10:
JCR PI CONTRACTION CUDA ATOMICMAX... [gamma: 0.9, eps: 0.0001, tolerance_v: 1e-07, lazy_stop_check: 5, tpb: 64]
[bpg: 961 (implied by number of states)]
JCR PI CONTRACTION CUDA ATOMICMAX DONE. [d_inf: 6.1035156e-05, main iterations: 5, evaluation iterations total: 440, time: 0.15724754333496094 s]
***
SUMMARY:
V OUT:
[421.41675 431.38898 441.2447  450.85007 460.08295 468.87524 477.21387
 485.11807 492.98138 500.4778  507.89008 514.9967  521.75525 528.35657
 534.7528  540.84644 546.6581  552.20605 557.6368  562.8624  567.853
 572.62225 577.18176 581.5418  585.7109  589.69763 593.5529  597.2718
 600.8263  604.22363 607.46906 431.29053 441.2627  451.11804 460.72256
 469.95398 478.7441  487.08014 494.98138 502.47778 509.89008 516.9967
 523.7553  530.3565  536.7528  542.84644 548.6581  554.20605 559.6368
 564.86237 569.853   574.62225 579.1818  583.54175 587.7109  591.69763
 595.553   599.27185 602.8263  606.22363 609.46906 612.5629  440.7641
 450.73596 460.58978 470.19043 479.41492 488.19534 496.5196  504.40778
 511.89008 518.9967  525.75525 532.35657 538.7528  544.84644 550.6581
 556.2061  561.6368  566.8623  571.853   576.6222  581.1818  585.54175
 589.7109  593.69763 597.5529  601.2718  604.8263  608.22363 611.469
 614.5629  617.4972  449.58737 459.5584  469.40845 478.9993  488.20642
 496.96252 505.25766 513.114   520.563   527.63477 534.35657 540.7528
 546.8465  552.6581  558.20605 563.6368  568.8623  573.85297 578.62225
 583.1818  587.54175 591.71094 595.69763 599.5529  603.27185 606.8263
 610.2237  613.469   616.5629  619.49713 622.2478  457.67804 467.64764
 477.49054 487.06323 496.23822 504.94952 513.1914  520.9906  528.3812
 535.39417 542.0559  548.38995 554.4182  560.161   565.6367  570.8623
 575.853   580.62225 585.1818  589.5418  593.7109  597.69763 601.5529
 605.27185 608.8263  612.2237  615.46906 618.5629  621.4972  624.2478
 626.767   465.64767 475.49054 485.06323 494.45422 503.58002 512.22296
 520.3841  528.09735 535.402   542.3307  548.90955 555.1609  561.10547
 566.7626  572.15045 577.286   582.18445 586.85974 591.324   595.58795
 599.66125 603.5529  607.27185 610.8263  614.22363 617.46906 620.5629
 623.4972  626.2478  628.76697 631.0803  473.49054 483.06323 492.45422
 501.58005 510.36786 518.9191  526.972   534.5708  541.76215 548.5821
 555.0569  561.20764 567.0536  572.6129  577.9032  582.9407  587.74054
 592.3165  596.681   600.84534 604.81946 608.6131  612.2351  615.694
 618.9969  622.14856 625.1493  627.9909  630.6499  633.08026 635.21313
 481.06323 490.45422 499.58002 508.36783 516.9191  525.1668  533.0875
 540.54663 547.60034 554.2894  560.6411  566.67554 572.4102  577.86206
 583.04755 587.9822  592.6804  597.1559  601.4208  605.48645 609.3633
 613.06104 616.58875 619.9547  623.16583 626.22675 629.1377  631.89044
 634.46216 636.8085  638.8635  488.4542  497.58002 506.36786 514.91907
 523.16675 531.08746 538.82855 546.1283  553.0248  559.5648  565.77747
 571.6819  577.29443 582.6303  587.7046  592.5321  597.12646 601.50073
 605.66675 609.63574 613.4181  617.0234  620.46063 623.73785 626.8618
 629.83704 632.6637  635.33374 637.82495 640.09454 642.07935 495.58005
 504.36786 512.91907 521.16675 529.0875  536.8285  544.2584  551.38586
 558.1115  564.48914 570.5503  576.314   581.79517 587.00757 591.96515
 596.6813  601.1692  605.441   609.50824 613.3817  617.0715  620.58704
 623.9369  627.12915 630.17017 633.06445 635.812   638.4053  640.8224
 643.02216 644.9437  502.36783 510.9191  519.16675 527.0875  534.8285
 542.2584  549.41614 556.3647  562.9116  569.11865 575.02014 580.6355
 585.9785  591.06165 595.89746 600.49866 604.87744 609.04535 613.0132
 616.79126 620.3894  623.8166  627.0814  630.1913  633.1525  635.9695
 638.6422  641.1631  643.5112  645.6466  647.5106  508.9191  517.16675
 525.08746 532.8285  540.2584  547.4162  554.3647  561.0943  567.45996
 573.49255 579.23016 584.69275 589.8933  594.8432  599.5541  604.0376
 608.3051  612.36755 616.2351  619.9176  623.4245  626.7643  629.9452
 632.9745  635.85815 638.6004  641.20123 643.6532  645.93616 648.0112
 649.8216  515.1668  523.0875  530.82855 538.2584  545.4162  552.3646
 559.09436 565.5952  571.7805  577.6387  583.2114  588.5198  593.57605
 598.39087 602.975   607.33923 611.4942  615.4502  619.2169  622.80383
 626.2196  629.47253 632.57043 635.5204  638.3281  640.99756 643.5286
 645.91425 648.13464 650.1522  651.91187 521.0579  528.8286  536.2584
 543.41614 550.3647  557.09436 563.5952  569.8822  575.89087 581.5773
 586.9868  592.1416  597.05396 601.73376 606.1908  610.4354  614.47754
 618.3269  621.9929  625.48413 628.8091  631.9758  634.9916  637.86316
 640.59607 643.19415 645.6572  647.9784  650.1383  652.1006  653.81165
 526.64923 534.2584  541.4162  548.3647  555.09436 561.5952  567.8822
 573.96704 579.8043  585.32336 590.5732  595.57715 600.3476  604.8938
 609.22485 613.35065 617.28064 621.024   624.5896  627.9857  631.2206
 634.30176 637.2362  640.0304  642.6897  645.21765 647.6142  649.8724
 651.9735  653.8821  655.54614 531.9735  539.4162  546.3646  553.09436
 559.5952  565.88214 571.96704 577.8599  583.5321  588.88916 593.9839
 598.84094 603.47266 607.8877  612.095   616.10364 619.92285 623.5614
 627.0278  630.32996 633.4757  636.47217 639.3263  642.0443  644.6311
 647.0902  649.4214  651.618   653.66174 655.51807 657.1366  537.0506
 544.32635 551.09436 557.5952  563.8822  569.96704 575.86    581.5699
 587.08356 592.2847  597.2298  601.94446 606.4413  610.72864 614.8149
 618.70886 622.4194  625.95483 629.3235  632.5331  635.59094 638.5042
 641.2793  643.92206 646.4376  648.82904 651.0962  653.23254 655.2202
 657.02576 658.59985 541.89386 549.0055  555.5952  561.8822  567.96704
 573.8599  579.56995 585.1057  590.4675  595.51904 600.31995 604.89734
 609.2635  613.42676 617.39526 621.17725 624.7815  628.21606 631.489
 634.60767 637.5793  640.41064 643.10803 645.6771  648.1227  650.4479
 652.65234 654.72986 656.66284 658.41864 659.94965 546.5138  553.46625
 559.8822  565.96704 571.85986 577.56995 583.10565 588.47534 593.6919
 598.6     603.2623  607.70715 611.947   615.99    619.84406 623.5172
 627.0177  630.3539  633.5331  636.56287 639.45    642.2012  644.8225
 647.3194  649.69653 651.9569  654.1002  656.1202  657.9999  659.7075
 661.1964  550.9197  557.719   563.96704 569.85986 575.56995 581.1057
 586.47534 591.6919  596.76416 601.5345  606.0635  610.3804  614.49805
 618.42456 622.16736 625.7345  629.13416 632.37415 635.46204 638.40497
 641.20966 643.8825  646.42944 648.85596 651.1664  653.36365 655.4473
 657.41144 659.2394  660.9     662.34827 555.1206  561.7732  567.85986
 573.56995 579.10565 584.47534 589.6919  594.76416 599.6908  604.3286
 608.7289  612.922   616.92126 620.73456 624.36926 627.83325 631.1345
 634.2809  637.2797  640.13794 642.8622  645.45886 647.9335  650.2914
 652.537   654.67285 656.69885 658.60876 660.3866  662.0021  663.4109
 559.1254  565.6376  571.56995 577.10565 582.47534 587.6919  592.76416
 597.6908  602.4773  606.98706 611.26245 615.3353  619.21936 622.92236
 626.45166 629.81506 633.0205  636.07556 638.9876  641.7634  644.4095
 646.93195 649.3364  651.6279  653.8108  655.88745 657.8576  659.7154
 661.44507 663.0171  664.3882  562.94275 569.32104 575.10565 580.47534
 585.6919  590.76416 595.6908  600.4773  605.1277  609.51294 613.6665
 617.6218  621.39294 624.9879  628.4142  631.6793  634.79114 637.75726
 640.58484 643.28064 645.8509  648.30164 650.6383  652.86584 654.9883
 657.00806 658.9249  660.7328  662.4165  663.947   665.2823  566.5812
 572.8317  578.47534 583.6919  588.76416 593.6908  598.4773  603.1277
 607.6437  611.9068  615.94055 619.78    623.44006 626.9289  630.25397
 633.42285 636.44336 639.3228  642.06836 644.68665 647.18384 649.56555
 651.8372  654.00354 656.06836 658.03406 659.9002  661.66095 663.30115
 664.7925  666.094   570.04913 576.17773 581.68665 586.76416 591.6908
 596.4773  601.1276  605.6437  610.0238  614.16626 618.0812  621.80554
 625.3554  628.7394  631.96497 635.03955 637.9709  640.76624 643.4326
 645.97644 648.40344 650.71936 652.92926 655.03766 657.0482  658.963
 660.7816  662.49817 664.0979  665.5528  666.8228  573.3544  579.36664
 584.74664 589.6908  594.4773  599.12756 603.6437  608.0238  612.2608
 616.28314 620.0795  623.6893  627.1295  630.4098  633.5373  636.5198
 639.3646  642.079   644.6695  647.1423  649.50305 651.7571  653.9092
 655.9636  657.92365 659.7914  661.56616 663.24207 664.80457 666.22626
 667.4674  576.5044  582.4053  587.6616  592.4773  597.1277  601.6437
 606.0238  610.2608  614.33813 618.24133 621.91986 625.4155  628.7473
 631.92523 634.95715 637.85046 640.61224 643.2495  645.76843 648.1748
 650.474   652.67096 654.77    656.77515 658.68945 660.51465 662.25
 663.88947 665.4186  666.8104  668.02606 579.5053  585.2993  590.4363
 595.1277  599.6437  604.0238  608.2608  612.33813 616.24133 620.01294
 623.57635 626.96075 630.187   633.2661  636.20624 639.0148  641.6985
 644.264   646.71704 649.06305 651.30676 653.4525  655.5044  657.46594
 659.34    661.128   662.82886 664.43665 665.9369  667.303   668.49646
 582.3618  588.05237 593.07367 597.6437  602.0238  606.2608  610.33813
 614.24133 618.01294 621.57635 625.01355 628.2936  631.4211  634.4082
 637.2634  639.99426 642.6073  645.1085  647.5033  649.7964  651.99207
 654.094   656.1057  658.0305  659.87054 661.6273  663.29944 664.88086
 666.35706 667.7018  668.87695 585.0748  590.66504 595.57324 600.0238
 604.26086 608.33813 612.24133 616.01294 619.5764  623.01355 626.2936
 629.421   632.42224 635.32886 638.1103  640.7739  643.3264  645.7733
 648.1194  650.3689  652.52527 654.5918  656.5713  658.46674 660.27997
 662.0121  663.6615  665.22217 666.6797  668.0077  669.16846 587.63904
 593.13135 597.9283  602.2608  606.33813 610.24133 614.01294 617.57635
 621.0136  624.2936  627.421   630.4223  633.32886 636.1103  638.7739
 641.3504  643.855   646.25934 648.5679  650.78406 652.9109  654.9508
 656.90656 658.7802  660.5737  662.28784 663.9208  665.4663  666.91016
 668.2261  669.3766 ]
POLICY OUT:
[ 0  0  0  0  0  0  0  0 -1 -1 -2 -2 -2 -3 -3 -3 -3 -3 -4 -4 -4 -4 -4 -4
 -4 -4 -5 -5 -5 -5 -5  0  0  0  0  0  0  0  0  0 -1 -1 -1 -2 -2 -2 -2 -2
 -3 -3 -3 -3 -3 -3 -3 -3 -4 -4 -4 -4 -4 -4  0  0  0  0  0  0  0  0  0  0
  0 -1 -1 -1 -1 -1 -2 -2 -2 -2 -2 -2 -2 -2 -3 -3 -3 -3 -3 -3 -3  0  0  0
  0  0  0  0  0  0  0  0  0  0  0  0 -1 -1 -1 -1 -1 -1 -1 -1 -2 -2 -2 -2
 -2 -2 -2 -2  0  0  0  0  0  0  0  0  0  0  0  0  0  0  0  0  0  0  0  0
  0  0 -1 -1 -1 -1 -1 -1 -1 -1 -1  1  1  1  0  0  0  0  0  0  0  0  0  0
  0  0  0  0  0  0  0  0  0  0  0  0  0  0  0  0  0 -1  2  2  1  1  0  0
  0  0  0  0  0  0  0  0  0  0  0  0  0  0  0  0  0  0  0  0  0  0  0  0
  0  3  2  2  1  1  0  0  0  0  0  0  0  0  0  0  0  0  0  0  0  0  0  0
  0  0  0  0  0  0  0  0  3  3  2  2  1  1  0  0  0  0  0  0  0  0  0  0
  0  0  0  0  0  0  0  0  0  0  0  0  0  0  0  4  3  3  2  2  1  0  0  0
  0  0  0  0  0  0  0  0  0  0  0  0  0  0  0  0  0  0  0  0  0  0  4  4
  3  3  2  1  0  0  0  0  0  0  0  0  0  0  0  0  0  0  0  0  0  0  0  0
  0  0  0  0  0  5  4  4  3  2  1  1  0  0  0  0  0  0  0  0  0  0  0  0
  0  0  0  0  0  0  0  0  0  0  0  0  5  5  4  3  2  2  1  0  0  0  0  0
  0  0  0  0  0  0  0  0  0  0  0  0  0  0  0  0  0  0  0  5  5  4  3  3
  2  1  0  0  0  0  0  0  0  0  0  0  0  0  0  0  0  0  0  0  0  0  0  0
  0  0  5  5  4  4  3  2  1  0  0  0  0  0  0  0  0  0  0  0  0  0  0  0
  0  0  0  0  0  0  0  0  0  5  5  5  4  3  2  1  0  0  0  0  0  0  0  0
  0  0  0  0  0  0  0  0  0  0  0  0  0  0  0  0  5  5  5  4  3  2  1  0
  0  0  0  0  0  0  0  0  0  0  0  0  0  0  0  0  0  0  0  0  0  0  0  5
  5  5  4  3  2  1  0  0  0  0  0  0  0  0  0  0  0  0  0  0  0  0  0  0
  0  0  0  0  0  0  5  5  5  4  3  2  1  0  0  0  0  0  0  0  0  0  0  0
  0  0  0  0  0  0  0  0  0  0  0  0  0  5  5  5  4  3  2  1  1  0  0  0
  0  0  0  0  0  0  0  0  0  0  0  0  0  0  0  0  0  0  0  0  5  5  5  4
  3  2  2  1  0  0  0  0  0  0  0  0  0  0  0  0  0  0  0  0  0  0  0  0
  0  0  0  5  5  5  4  3  3  2  1  0  0  0  0  0  0  0  0  0  0  0  0  0
  0  0  0  0  0  0  0  0  0  0  5  5  5  4  4  3  2  1  0  0  0  0  0  0
  0  0  0  0  0  0  0  0  0  0  0  0  0  0  0  0  0  5  5  5  5  4  3  2
  1  0  0  0  0  0  0  0  0  0  0  0  0  0  0  0  0  0  0  0  0  0  0  0
  5  5  5  5  4  3  2  1  0  0  0  0  0  0  0  0  0  0  0  0  0  0  0  0
  0  0  0  0  0  0  0  5  5  5  5  4  3  2  1  0  0  0  0  0  0  0  0  0
  0  0  0  0  0  0  0  0  0  0  0  0  0  0  5  5  5  5  4  3  2  1  0  0
  0  0  0  0  0  0  0  0  0  0  0  0  0  0  0  0  0  0  0  0  0  5  5  5
  5  4  3  2  1  1  0  0  0  0  0  0  0  0  0  0  0  0  0  0  0  0  0  0
  0  0  0  0  5  5  5  5  4  3  2  2  1  1  0  0  0  0  0  0  0  0  0  0
  0  0  0  0  0  0  0  0  0  0  0  5  5  5  5  4  3  3  2  2  1  1  1  0
  0  0  0  0  0  0  0  0  0  0  0  0  0  0  0  0  0  0  5  5  5  5  4  4
  3  3  2  2  2  1  1  1  1  0  0  0  0  0  0  0  0  0  0  0  0  0  0  0
  0]
D_INF OF V VS REF: 0.0004272461
D_INF OF POLICY VS REF: 0
D_INF (AT STOP) MEAN: 6.103515625e-05
MAIN ITERATIONS MEAN: 5.0
EVAL ITERATIONS TOTAL MEAN: 440.0
TIME MEAN: 0.1648252010345459 s, STD: 0.007829695506540293 s, STD_%: 4.8%
SPEEDUP VS REF: 265.3873005104676
============================================================================================================================================================================================================================================================
PI CONTRACTION APPROACH 3: jcr_pi_contraction_cuda_atomicmaxglosten...
---
REPETITION: 1/10:
JCR PI CONTRACTION CUDA ATOMICMAXGLOSTEN... [gamma: 0.9, eps: 0.0001, tolerance_v: 1e-07, lazy_stop_check: 5, tpb: 64]
[bpg: 961 (implied by number of states)]
JCR PI CONTRACTION CUDA ATOMICMAXGLOSTEN DONE. [d_inf: 6.1035156e-05, main iterations: 5, evaluation iterations total: 440, time: 0.1655259132385254 s]
---
REPETITION: 2/10:
JCR PI CONTRACTION CUDA ATOMICMAXGLOSTEN... [gamma: 0.9, eps: 0.0001, tolerance_v: 1e-07, lazy_stop_check: 5, tpb: 64]
[bpg: 961 (implied by number of states)]
JCR PI CONTRACTION CUDA ATOMICMAXGLOSTEN DONE. [d_inf: 6.1035156e-05, main iterations: 5, evaluation iterations total: 440, time: 0.16534137725830078 s]
---
REPETITION: 3/10:
JCR PI CONTRACTION CUDA ATOMICMAXGLOSTEN... [gamma: 0.9, eps: 0.0001, tolerance_v: 1e-07, lazy_stop_check: 5, tpb: 64]
[bpg: 961 (implied by number of states)]
JCR PI CONTRACTION CUDA ATOMICMAXGLOSTEN DONE. [d_inf: 6.1035156e-05, main iterations: 5, evaluation iterations total: 440, time: 0.16524887084960938 s]
---
REPETITION: 4/10:
JCR PI CONTRACTION CUDA ATOMICMAXGLOSTEN... [gamma: 0.9, eps: 0.0001, tolerance_v: 1e-07, lazy_stop_check: 5, tpb: 64]
[bpg: 961 (implied by number of states)]
JCR PI CONTRACTION CUDA ATOMICMAXGLOSTEN DONE. [d_inf: 6.1035156e-05, main iterations: 5, evaluation iterations total: 440, time: 0.16531872749328613 s]
---
REPETITION: 5/10:
JCR PI CONTRACTION CUDA ATOMICMAXGLOSTEN... [gamma: 0.9, eps: 0.0001, tolerance_v: 1e-07, lazy_stop_check: 5, tpb: 64]
[bpg: 961 (implied by number of states)]
JCR PI CONTRACTION CUDA ATOMICMAXGLOSTEN DONE. [d_inf: 6.1035156e-05, main iterations: 5, evaluation iterations total: 440, time: 0.1652829647064209 s]
---
REPETITION: 6/10:
JCR PI CONTRACTION CUDA ATOMICMAXGLOSTEN... [gamma: 0.9, eps: 0.0001, tolerance_v: 1e-07, lazy_stop_check: 5, tpb: 64]
[bpg: 961 (implied by number of states)]
JCR PI CONTRACTION CUDA ATOMICMAXGLOSTEN DONE. [d_inf: 6.1035156e-05, main iterations: 5, evaluation iterations total: 440, time: 0.1653282642364502 s]
---
REPETITION: 7/10:
JCR PI CONTRACTION CUDA ATOMICMAXGLOSTEN... [gamma: 0.9, eps: 0.0001, tolerance_v: 1e-07, lazy_stop_check: 5, tpb: 64]
[bpg: 961 (implied by number of states)]
JCR PI CONTRACTION CUDA ATOMICMAXGLOSTEN DONE. [d_inf: 6.1035156e-05, main iterations: 5, evaluation iterations total: 440, time: 0.16537022590637207 s]
---
REPETITION: 8/10:
JCR PI CONTRACTION CUDA ATOMICMAXGLOSTEN... [gamma: 0.9, eps: 0.0001, tolerance_v: 1e-07, lazy_stop_check: 5, tpb: 64]
[bpg: 961 (implied by number of states)]
JCR PI CONTRACTION CUDA ATOMICMAXGLOSTEN DONE. [d_inf: 6.1035156e-05, main iterations: 5, evaluation iterations total: 440, time: 0.1652677059173584 s]
---
REPETITION: 9/10:
JCR PI CONTRACTION CUDA ATOMICMAXGLOSTEN... [gamma: 0.9, eps: 0.0001, tolerance_v: 1e-07, lazy_stop_check: 5, tpb: 64]
[bpg: 961 (implied by number of states)]
JCR PI CONTRACTION CUDA ATOMICMAXGLOSTEN DONE. [d_inf: 6.1035156e-05, main iterations: 5, evaluation iterations total: 440, time: 0.16527652740478516 s]
---
REPETITION: 10/10:
JCR PI CONTRACTION CUDA ATOMICMAXGLOSTEN... [gamma: 0.9, eps: 0.0001, tolerance_v: 1e-07, lazy_stop_check: 5, tpb: 64]
[bpg: 961 (implied by number of states)]
JCR PI CONTRACTION CUDA ATOMICMAXGLOSTEN DONE. [d_inf: 6.1035156e-05, main iterations: 5, evaluation iterations total: 440, time: 0.16532135009765625 s]
***
SUMMARY:
V OUT:
[421.41675 431.38898 441.2447  450.85007 460.08295 468.87524 477.21387
 485.11807 492.98138 500.4778  507.89008 514.9967  521.75525 528.35657
 534.7528  540.84644 546.6581  552.20605 557.6368  562.8624  567.853
 572.62225 577.18176 581.5418  585.7109  589.69763 593.5529  597.2718
 600.8263  604.22363 607.46906 431.29053 441.2627  451.11804 460.72256
 469.95398 478.7441  487.08014 494.98138 502.47778 509.89008 516.9967
 523.7553  530.3565  536.7528  542.84644 548.6581  554.20605 559.6368
 564.86237 569.853   574.62225 579.1818  583.54175 587.7109  591.69763
 595.553   599.27185 602.8263  606.22363 609.46906 612.5629  440.7641
 450.73596 460.58978 470.19043 479.41492 488.19534 496.5196  504.40778
 511.89008 518.9967  525.75525 532.35657 538.7528  544.84644 550.6581
 556.2061  561.6368  566.8623  571.853   576.6222  581.1818  585.54175
 589.7109  593.69763 597.5529  601.2718  604.8263  608.22363 611.46906
 614.5629  617.4972  449.58737 459.5584  469.40845 478.9993  488.20642
 496.96252 505.25766 513.114   520.563   527.63477 534.35657 540.7528
 546.8465  552.6581  558.20605 563.6368  568.8623  573.85297 578.62225
 583.1818  587.54175 591.71094 595.69763 599.5529  603.27185 606.8263
 610.2237  613.469   616.5629  619.49713 622.2478  457.67804 467.64764
 477.49054 487.06323 496.23822 504.94952 513.1914  520.9906  528.3812
 535.39417 542.0559  548.38995 554.4182  560.161   565.6367  570.8623
 575.853   580.62225 585.1818  589.5418  593.7109  597.69763 601.5529
 605.27185 608.8263  612.2237  615.46906 618.5629  621.4972  624.2478
 626.767   465.64767 475.49054 485.06323 494.45422 503.58002 512.22296
 520.3841  528.09735 535.402   542.3307  548.90955 555.1609  561.10547
 566.7626  572.15045 577.286   582.18445 586.85974 591.324   595.58795
 599.66125 603.5529  607.27185 610.8263  614.22363 617.46906 620.5629
 623.4972  626.2478  628.76697 631.0803  473.49054 483.06323 492.45422
 501.58005 510.36786 518.9191  526.972   534.5708  541.76215 548.5821
 555.0569  561.20764 567.0536  572.6129  577.9032  582.9407  587.74054
 592.3165  596.681   600.84534 604.81946 608.6131  612.2351  615.694
 618.9969  622.14856 625.1493  627.9909  630.6499  633.08026 635.21313
 481.06323 490.45422 499.58002 508.36783 516.9191  525.1668  533.0875
 540.54663 547.60034 554.2894  560.6411  566.67554 572.4102  577.86206
 583.04755 587.9822  592.6804  597.1559  601.4208  605.48645 609.3633
 613.06104 616.58875 619.9547  623.16583 626.22675 629.1377  631.89044
 634.46216 636.8085  638.8635  488.4542  497.58002 506.36786 514.91907
 523.16675 531.08746 538.82855 546.1283  553.0248  559.5648  565.77747
 571.6819  577.29443 582.6303  587.7046  592.5321  597.12646 601.50073
 605.66675 609.63574 613.4181  617.0234  620.46063 623.73785 626.8618
 629.83704 632.6637  635.33374 637.82495 640.09454 642.07935 495.58005
 504.36786 512.91907 521.16675 529.0875  536.8285  544.2584  551.38586
 558.1115  564.48914 570.5503  576.314   581.79517 587.00757 591.96515
 596.6813  601.1692  605.441   609.50824 613.3817  617.0715  620.58704
 623.9369  627.12915 630.1702  633.06445 635.812   638.4053  640.8224
 643.02216 644.9437  502.36783 510.9191  519.16675 527.0875  534.8285
 542.2584  549.41614 556.3647  562.9116  569.11865 575.02014 580.6355
 585.9785  591.06165 595.89746 600.49866 604.87744 609.04535 613.0132
 616.79126 620.3894  623.8166  627.0814  630.1913  633.1526  635.9695
 638.6422  641.1631  643.5112  645.6466  647.5107  508.9191  517.16675
 525.08746 532.8285  540.2584  547.4162  554.3647  561.0943  567.45996
 573.49255 579.23016 584.69275 589.8933  594.8432  599.5541  604.0376
 608.3051  612.36755 616.2351  619.9176  623.4245  626.7643  629.9452
 632.9745  635.85815 638.6004  641.20123 643.65326 645.93616 648.0112
 649.8216  515.1668  523.0875  530.82855 538.2584  545.4162  552.3646
 559.09436 565.5952  571.7805  577.6387  583.2114  588.5198  593.57605
 598.39087 602.975   607.33923 611.4942  615.4502  619.2169  622.80383
 626.2196  629.47253 632.57043 635.5204  638.3281  640.99756 643.5286
 645.91425 648.13464 650.1522  651.91187 521.0579  528.8286  536.2584
 543.41614 550.3647  557.09436 563.5952  569.8822  575.89087 581.5773
 586.9868  592.1416  597.05396 601.73376 606.1908  610.4354  614.47754
 618.3269  621.9929  625.48413 628.8091  631.9758  634.9916  637.86316
 640.59607 643.1942  645.6572  647.9784  650.1383  652.1006  653.81165
 526.64923 534.2584  541.4162  548.3647  555.09436 561.5952  567.8822
 573.96704 579.8043  585.32336 590.5732  595.57715 600.3476  604.8938
 609.22485 613.35065 617.28064 621.024   624.5896  627.9857  631.2206
 634.30176 637.2362  640.0304  642.6897  645.21765 647.6142  649.8724
 651.9735  653.8821  655.54614 531.9735  539.4162  546.3646  553.09436
 559.5952  565.88214 571.96704 577.8599  583.5321  588.88916 593.9839
 598.84094 603.47266 607.8877  612.095   616.10364 619.92285 623.5614
 627.0278  630.32996 633.4757  636.47217 639.32635 642.0443  644.6311
 647.0902  649.4214  651.618   653.66174 655.51807 657.1366  537.0506
 544.32635 551.09436 557.5952  563.8822  569.96704 575.86    581.5699
 587.08356 592.2847  597.2298  601.9445  606.4413  610.72864 614.8149
 618.70886 622.4194  625.95483 629.3235  632.5331  635.59094 638.5042
 641.2793  643.9221  646.4376  648.8291  651.0962  653.23254 655.2202
 657.02576 658.59985 541.89386 549.0055  555.5952  561.8822  567.96704
 573.8599  579.56995 585.1057  590.4675  595.51904 600.31995 604.89734
 609.2635  613.42676 617.39526 621.17725 624.7815  628.21606 631.489
 634.60767 637.5793  640.41064 643.10803 645.6771  648.1227  650.4479
 652.65234 654.72986 656.66284 658.41864 659.94965 546.5138  553.46625
 559.8822  565.96704 571.85986 577.56995 583.10565 588.47534 593.6919
 598.6     603.2623  607.70715 611.947   615.99    619.84406 623.5172
 627.0177  630.3539  633.5331  636.56287 639.45    642.2012  644.8225
 647.3194  649.69653 651.9569  654.1002  656.1202  657.9999  659.7075
 661.1964  550.91974 557.719   563.96704 569.85986 575.56995 581.1057
 586.47534 591.6919  596.76416 601.5345  606.0635  610.3804  614.49805
 618.42456 622.16736 625.7345  629.13416 632.37415 635.46204 638.40497
 641.20966 643.8825  646.42944 648.85596 651.1664  653.36365 655.4473
 657.41144 659.2394  660.9     662.34827 555.1206  561.7732  567.85986
 573.56995 579.10565 584.47534 589.6919  594.76416 599.6908  604.3286
 608.7289  612.922   616.92126 620.73456 624.36926 627.83325 631.1345
 634.2809  637.2797  640.13794 642.8622  645.45886 647.9335  650.2914
 652.537   654.67285 656.69885 658.60876 660.3866  662.0021  663.4109
 559.1254  565.6376  571.56995 577.10565 582.47534 587.6919  592.76416
 597.6908  602.4773  606.98706 611.2625  615.3353  619.21936 622.92236
 626.45166 629.81506 633.0205  636.07556 638.9876  641.7634  644.4095
 646.93195 649.3364  651.6279  653.8108  655.88745 657.8576  659.7154
 661.44507 663.0171  664.3882  562.94275 569.32104 575.10565 580.47534
 585.6919  590.76416 595.6908  600.4773  605.1277  609.51294 613.6665
 617.6218  621.39294 624.9879  628.4142  631.6793  634.79114 637.75726
 640.58484 643.28064 645.8509  648.30164 650.6383  652.86584 654.9883
 657.00806 658.9249  660.7328  662.4165  663.947   665.2823  566.5812
 572.8317  578.47534 583.6919  588.76416 593.6908  598.4773  603.1277
 607.6437  611.9068  615.94055 619.78    623.44006 626.9289  630.25397
 633.42285 636.44336 639.3228  642.06836 644.68665 647.18384 649.56555
 651.8372  654.00354 656.06836 658.03406 659.9002  661.66095 663.30115
 664.7925  666.094   570.04913 576.17773 581.68665 586.76416 591.6908
 596.4773  601.1276  605.6437  610.0238  614.16626 618.0812  621.80554
 625.3554  628.7394  631.96497 635.03955 637.9709  640.76624 643.4326
 645.97644 648.40344 650.71936 652.92926 655.03766 657.0482  658.963
 660.7816  662.49817 664.0979  665.5528  666.8228  573.3544  579.36664
 584.74664 589.6908  594.4773  599.12756 603.6437  608.0238  612.2608
 616.28314 620.0795  623.6893  627.1295  630.4098  633.5373  636.5198
 639.3646  642.079   644.6695  647.1423  649.50305 651.7571  653.9092
 655.9636  657.92365 659.7914  661.56616 663.24207 664.80457 666.22626
 667.4674  576.5044  582.4053  587.6616  592.4773  597.1277  601.6437
 606.0238  610.2608  614.33813 618.24133 621.91986 625.4155  628.7473
 631.92523 634.95715 637.85046 640.61224 643.2495  645.76843 648.1748
 650.474   652.67096 654.77    656.77515 658.68945 660.51465 662.25
 663.8895  665.4186  666.8104  668.0261  579.5053  585.2993  590.4363
 595.1277  599.6437  604.0238  608.2608  612.33813 616.24133 620.01294
 623.57635 626.96075 630.187   633.2661  636.20624 639.0148  641.6985
 644.264   646.71704 649.06305 651.30676 653.4525  655.5044  657.46594
 659.34    661.128   662.82886 664.43665 665.9369  667.303   668.49646
 582.3618  588.05237 593.07367 597.6437  602.0238  606.2608  610.33813
 614.24133 618.01294 621.57635 625.01355 628.2936  631.4211  634.4082
 637.2634  639.99426 642.6073  645.1085  647.5033  649.7964  651.99207
 654.094   656.1057  658.0305  659.87054 661.6273  663.29944 664.88086
 666.35706 667.7018  668.87695 585.0748  590.66504 595.57324 600.0238
 604.26086 608.33813 612.24133 616.01294 619.5764  623.01355 626.2936
 629.421   632.42224 635.32886 638.1103  640.7739  643.3264  645.7733
 648.1194  650.3689  652.52527 654.5918  656.5713  658.46674 660.27997
 662.0121  663.6615  665.22217 666.6797  668.0077  669.16846 587.63904
 593.13135 597.9283  602.2608  606.33813 610.24133 614.01294 617.57635
 621.0136  624.2936  627.421   630.4223  633.32886 636.1103  638.7739
 641.3504  643.855   646.25934 648.5679  650.78406 652.9109  654.9508
 656.90656 658.7802  660.5737  662.28784 663.9208  665.4663  666.91016
 668.2261  669.3766 ]
POLICY OUT:
[ 0  0  0  0  0  0  0  0 -1 -1 -2 -2 -2 -3 -3 -3 -3 -3 -4 -4 -4 -4 -4 -4
 -4 -4 -5 -5 -5 -5 -5  0  0  0  0  0  0  0  0  0 -1 -1 -1 -2 -2 -2 -2 -2
 -3 -3 -3 -3 -3 -3 -3 -3 -4 -4 -4 -4 -4 -4  0  0  0  0  0  0  0  0  0  0
  0 -1 -1 -1 -1 -1 -2 -2 -2 -2 -2 -2 -2 -2 -3 -3 -3 -3 -3 -3 -3  0  0  0
  0  0  0  0  0  0  0  0  0  0  0  0 -1 -1 -1 -1 -1 -1 -1 -1 -2 -2 -2 -2
 -2 -2 -2 -2  0  0  0  0  0  0  0  0  0  0  0  0  0  0  0  0  0  0  0  0
  0  0 -1 -1 -1 -1 -1 -1 -1 -1 -1  1  1  1  0  0  0  0  0  0  0  0  0  0
  0  0  0  0  0  0  0  0  0  0  0  0  0  0  0  0  0 -1  2  2  1  1  0  0
  0  0  0  0  0  0  0  0  0  0  0  0  0  0  0  0  0  0  0  0  0  0  0  0
  0  3  2  2  1  1  0  0  0  0  0  0  0  0  0  0  0  0  0  0  0  0  0  0
  0  0  0  0  0  0  0  0  3  3  2  2  1  1  0  0  0  0  0  0  0  0  0  0
  0  0  0  0  0  0  0  0  0  0  0  0  0  0  0  4  3  3  2  2  1  0  0  0
  0  0  0  0  0  0  0  0  0  0  0  0  0  0  0  0  0  0  0  0  0  0  4  4
  3  3  2  1  0  0  0  0  0  0  0  0  0  0  0  0  0  0  0  0  0  0  0  0
  0  0  0  0  0  5  4  4  3  2  1  1  0  0  0  0  0  0  0  0  0  0  0  0
  0  0  0  0  0  0  0  0  0  0  0  0  5  5  4  3  2  2  1  0  0  0  0  0
  0  0  0  0  0  0  0  0  0  0  0  0  0  0  0  0  0  0  0  5  5  4  3  3
  2  1  0  0  0  0  0  0  0  0  0  0  0  0  0  0  0  0  0  0  0  0  0  0
  0  0  5  5  4  4  3  2  1  0  0  0  0  0  0  0  0  0  0  0  0  0  0  0
  0  0  0  0  0  0  0  0  0  5  5  5  4  3  2  1  0  0  0  0  0  0  0  0
  0  0  0  0  0  0  0  0  0  0  0  0  0  0  0  0  5  5  5  4  3  2  1  0
  0  0  0  0  0  0  0  0  0  0  0  0  0  0  0  0  0  0  0  0  0  0  0  5
  5  5  4  3  2  1  0  0  0  0  0  0  0  0  0  0  0  0  0  0  0  0  0  0
  0  0  0  0  0  0  5  5  5  4  3  2  1  0  0  0  0  0  0  0  0  0  0  0
  0  0  0  0  0  0  0  0  0  0  0  0  0  5  5  5  4  3  2  1  1  0  0  0
  0  0  0  0  0  0  0  0  0  0  0  0  0  0  0  0  0  0  0  0  5  5  5  4
  3  2  2  1  0  0  0  0  0  0  0  0  0  0  0  0  0  0  0  0  0  0  0  0
  0  0  0  5  5  5  4  3  3  2  1  0  0  0  0  0  0  0  0  0  0  0  0  0
  0  0  0  0  0  0  0  0  0  0  5  5  5  4  4  3  2  1  0  0  0  0  0  0
  0  0  0  0  0  0  0  0  0  0  0  0  0  0  0  0  0  5  5  5  5  4  3  2
  1  0  0  0  0  0  0  0  0  0  0  0  0  0  0  0  0  0  0  0  0  0  0  0
  5  5  5  5  4  3  2  1  0  0  0  0  0  0  0  0  0  0  0  0  0  0  0  0
  0  0  0  0  0  0  0  5  5  5  5  4  3  2  1  0  0  0  0  0  0  0  0  0
  0  0  0  0  0  0  0  0  0  0  0  0  0  0  5  5  5  5  4  3  2  1  0  0
  0  0  0  0  0  0  0  0  0  0  0  0  0  0  0  0  0  0  0  0  0  5  5  5
  5  4  3  2  1  1  0  0  0  0  0  0  0  0  0  0  0  0  0  0  0  0  0  0
  0  0  0  0  5  5  5  5  4  3  2  2  1  1  0  0  0  0  0  0  0  0  0  0
  0  0  0  0  0  0  0  0  0  0  0  5  5  5  5  4  3  3  2  2  1  1  1  0
  0  0  0  0  0  0  0  0  0  0  0  0  0  0  0  0  0  0  5  5  5  5  4  4
  3  3  2  2  2  1  1  1  1  0  0  0  0  0  0  0  0  0  0  0  0  0  0  0
  0]
D_INF OF V VS REF: 0.0004272461
D_INF OF POLICY VS REF: 0
D_INF (AT STOP) MEAN: 6.103515625e-05
MAIN ITERATIONS MEAN: 5.0
EVAL ITERATIONS TOTAL MEAN: 440.0
TIME MEAN: 0.16532819271087645 s, STD: 7.472344464039446e-05 s, STD_%: 0.0%
SPEEDUP VS REF: 264.579890709563
============================================================================================================================================================================================================================================================
PI CONTRACTION APPROACH 4: jcr_pi_contraction_cuda_reducemax...
---
REPETITION: 1/10:
JCR PI CONTRACTION CUDA REDUCEMAX... [gamma: 0.9, eps: 0.0001, tolerance_v: 1e-07, lazy_stop_check: 5, tpb: 64]
[bpg: 961 (implied by number of states)]
JCR PI CONTRACTION CUDA REDUCEMAX DONE. [d_inf: 6.1035156e-05, main iterations: 5, evaluation iterations total: 440, time: 0.15819644927978516 s]
---
REPETITION: 2/10:
JCR PI CONTRACTION CUDA REDUCEMAX... [gamma: 0.9, eps: 0.0001, tolerance_v: 1e-07, lazy_stop_check: 5, tpb: 64]
[bpg: 961 (implied by number of states)]
JCR PI CONTRACTION CUDA REDUCEMAX DONE. [d_inf: 6.1035156e-05, main iterations: 5, evaluation iterations total: 440, time: 0.15813112258911133 s]
---
REPETITION: 3/10:
JCR PI CONTRACTION CUDA REDUCEMAX... [gamma: 0.9, eps: 0.0001, tolerance_v: 1e-07, lazy_stop_check: 5, tpb: 64]
[bpg: 961 (implied by number of states)]
JCR PI CONTRACTION CUDA REDUCEMAX DONE. [d_inf: 6.1035156e-05, main iterations: 5, evaluation iterations total: 440, time: 0.15819168090820312 s]
---
REPETITION: 4/10:
JCR PI CONTRACTION CUDA REDUCEMAX... [gamma: 0.9, eps: 0.0001, tolerance_v: 1e-07, lazy_stop_check: 5, tpb: 64]
[bpg: 961 (implied by number of states)]
JCR PI CONTRACTION CUDA REDUCEMAX DONE. [d_inf: 6.1035156e-05, main iterations: 5, evaluation iterations total: 440, time: 0.1581575870513916 s]
---
REPETITION: 5/10:
JCR PI CONTRACTION CUDA REDUCEMAX... [gamma: 0.9, eps: 0.0001, tolerance_v: 1e-07, lazy_stop_check: 5, tpb: 64]
[bpg: 961 (implied by number of states)]
JCR PI CONTRACTION CUDA REDUCEMAX DONE. [d_inf: 6.1035156e-05, main iterations: 5, evaluation iterations total: 440, time: 0.15818381309509277 s]
---
REPETITION: 6/10:
JCR PI CONTRACTION CUDA REDUCEMAX... [gamma: 0.9, eps: 0.0001, tolerance_v: 1e-07, lazy_stop_check: 5, tpb: 64]
[bpg: 961 (implied by number of states)]
JCR PI CONTRACTION CUDA REDUCEMAX DONE. [d_inf: 6.1035156e-05, main iterations: 5, evaluation iterations total: 440, time: 0.1580796241760254 s]
---
REPETITION: 7/10:
JCR PI CONTRACTION CUDA REDUCEMAX... [gamma: 0.9, eps: 0.0001, tolerance_v: 1e-07, lazy_stop_check: 5, tpb: 64]
[bpg: 961 (implied by number of states)]
JCR PI CONTRACTION CUDA REDUCEMAX DONE. [d_inf: 6.1035156e-05, main iterations: 5, evaluation iterations total: 440, time: 0.15814971923828125 s]
---
REPETITION: 8/10:
JCR PI CONTRACTION CUDA REDUCEMAX... [gamma: 0.9, eps: 0.0001, tolerance_v: 1e-07, lazy_stop_check: 5, tpb: 64]
[bpg: 961 (implied by number of states)]
JCR PI CONTRACTION CUDA REDUCEMAX DONE. [d_inf: 6.1035156e-05, main iterations: 5, evaluation iterations total: 440, time: 0.15819191932678223 s]
---
REPETITION: 9/10:
JCR PI CONTRACTION CUDA REDUCEMAX... [gamma: 0.9, eps: 0.0001, tolerance_v: 1e-07, lazy_stop_check: 5, tpb: 64]
[bpg: 961 (implied by number of states)]
JCR PI CONTRACTION CUDA REDUCEMAX DONE. [d_inf: 6.1035156e-05, main iterations: 5, evaluation iterations total: 440, time: 0.15813541412353516 s]
---
REPETITION: 10/10:
JCR PI CONTRACTION CUDA REDUCEMAX... [gamma: 0.9, eps: 0.0001, tolerance_v: 1e-07, lazy_stop_check: 5, tpb: 64]
[bpg: 961 (implied by number of states)]
JCR PI CONTRACTION CUDA REDUCEMAX DONE. [d_inf: 6.1035156e-05, main iterations: 5, evaluation iterations total: 440, time: 0.15816211700439453 s]
***
SUMMARY:
V OUT:
[421.41675 431.38898 441.2447  450.85007 460.08295 468.87524 477.21387
 485.11807 492.98138 500.4778  507.89008 514.9967  521.75525 528.35657
 534.7528  540.84644 546.6581  552.20605 557.6368  562.8624  567.853
 572.62225 577.18176 581.5418  585.7109  589.69763 593.5529  597.2718
 600.8263  604.22363 607.46906 431.29053 441.2627  451.11804 460.72256
 469.95398 478.7441  487.08014 494.98138 502.47778 509.89008 516.9967
 523.7553  530.3565  536.7528  542.84644 548.6581  554.20605 559.6368
 564.86237 569.853   574.62225 579.1818  583.54175 587.7109  591.69763
 595.553   599.27185 602.8263  606.22363 609.46906 612.5629  440.7641
 450.73596 460.58978 470.19043 479.41492 488.19534 496.5196  504.40778
 511.89008 518.9967  525.75525 532.35657 538.7528  544.84644 550.6581
 556.2061  561.6368  566.8623  571.853   576.6222  581.1818  585.54175
 589.7109  593.69763 597.5529  601.2718  604.8263  608.22363 611.469
 614.5629  617.4972  449.58737 459.5584  469.40845 478.9993  488.20642
 496.96252 505.25766 513.114   520.563   527.63477 534.35657 540.7528
 546.8465  552.6581  558.20605 563.6368  568.8623  573.85297 578.62225
 583.1818  587.54175 591.71094 595.69763 599.5529  603.27185 606.8263
 610.2237  613.469   616.5629  619.49713 622.2478  457.67804 467.64764
 477.49054 487.06323 496.23822 504.94952 513.1914  520.9906  528.3812
 535.39417 542.0559  548.38995 554.4182  560.161   565.6367  570.8623
 575.853   580.62225 585.1818  589.5418  593.7109  597.69763 601.5529
 605.27185 608.8263  612.2237  615.46906 618.5629  621.4972  624.2478
 626.767   465.64767 475.49054 485.06323 494.45422 503.58002 512.22296
 520.3841  528.09735 535.402   542.3307  548.90955 555.1609  561.10547
 566.7626  572.15045 577.286   582.18445 586.85974 591.324   595.58795
 599.66125 603.5529  607.27185 610.8263  614.22363 617.46906 620.5629
 623.4972  626.2478  628.76697 631.0803  473.49054 483.06323 492.45422
 501.58005 510.36786 518.9191  526.972   534.5708  541.76215 548.5821
 555.0569  561.20764 567.0536  572.6129  577.9032  582.9407  587.74054
 592.3165  596.681   600.84534 604.81946 608.6131  612.2351  615.694
 618.9969  622.14856 625.1493  627.9909  630.6499  633.08026 635.21313
 481.06323 490.45422 499.58002 508.36783 516.9191  525.1668  533.0875
 540.54663 547.60034 554.2894  560.6411  566.67554 572.4102  577.86206
 583.04755 587.9822  592.6804  597.1559  601.4208  605.48645 609.3633
 613.06104 616.58875 619.9547  623.16583 626.22675 629.1377  631.89044
 634.46216 636.8085  638.8635  488.4542  497.58002 506.36786 514.91907
 523.16675 531.08746 538.82855 546.1283  553.0248  559.5648  565.77747
 571.6819  577.29443 582.6303  587.7046  592.5321  597.12646 601.50073
 605.66675 609.63574 613.4181  617.0234  620.46063 623.73785 626.8618
 629.83704 632.6637  635.33374 637.82495 640.09454 642.07935 495.58005
 504.36786 512.91907 521.16675 529.0875  536.8285  544.2584  551.38586
 558.1115  564.48914 570.5503  576.314   581.79517 587.00757 591.96515
 596.6813  601.1692  605.441   609.50824 613.3817  617.0715  620.58704
 623.9369  627.12915 630.17017 633.06445 635.812   638.4053  640.8224
 643.02216 644.9437  502.36783 510.9191  519.16675 527.0875  534.8285
 542.2584  549.41614 556.3647  562.9116  569.11865 575.02014 580.6355
 585.9785  591.06165 595.89746 600.49866 604.87744 609.04535 613.0132
 616.79126 620.3894  623.8166  627.0814  630.1913  633.1525  635.9695
 638.6422  641.1631  643.5112  645.6466  647.5106  508.9191  517.16675
 525.08746 532.8285  540.2584  547.4162  554.3647  561.0943  567.45996
 573.49255 579.23016 584.69275 589.8933  594.8432  599.5541  604.0376
 608.3051  612.36755 616.2351  619.9176  623.4245  626.7643  629.9452
 632.9745  635.85815 638.6004  641.20123 643.6532  645.93616 648.0112
 649.8216  515.1668  523.0875  530.82855 538.2584  545.4162  552.3646
 559.09436 565.5952  571.7805  577.6387  583.2114  588.5198  593.57605
 598.39087 602.975   607.33923 611.4942  615.4502  619.2169  622.80383
 626.2196  629.47253 632.57043 635.5204  638.3281  640.99756 643.5286
 645.91425 648.13464 650.1522  651.91187 521.0579  528.8286  536.2584
 543.41614 550.3647  557.09436 563.5952  569.8822  575.89087 581.5773
 586.9868  592.1416  597.05396 601.73376 606.1908  610.4354  614.47754
 618.3269  621.9929  625.48413 628.8091  631.9758  634.9916  637.86316
 640.59607 643.19415 645.6572  647.9784  650.1383  652.1006  653.81165
 526.64923 534.2584  541.4162  548.3647  555.09436 561.5952  567.8822
 573.96704 579.8043  585.32336 590.5732  595.57715 600.3476  604.8938
 609.22485 613.35065 617.28064 621.024   624.5896  627.9857  631.2206
 634.30176 637.2362  640.0304  642.6897  645.21765 647.6142  649.8724
 651.9735  653.8821  655.54614 531.9735  539.4162  546.3646  553.09436
 559.5952  565.88214 571.96704 577.8599  583.5321  588.88916 593.9839
 598.84094 603.47266 607.8877  612.095   616.10364 619.92285 623.5614
 627.0278  630.32996 633.4757  636.47217 639.3263  642.0443  644.6311
 647.0902  649.4214  651.618   653.66174 655.51807 657.1366  537.0506
 544.32635 551.09436 557.5952  563.8822  569.96704 575.86    581.5699
 587.08356 592.2847  597.2298  601.94446 606.4413  610.72864 614.8149
 618.70886 622.4194  625.95483 629.3235  632.5331  635.59094 638.5042
 641.2793  643.92206 646.4376  648.82904 651.0962  653.23254 655.2202
 657.02576 658.59985 541.89386 549.0055  555.5952  561.8822  567.96704
 573.8599  579.56995 585.1057  590.4675  595.51904 600.31995 604.89734
 609.2635  613.42676 617.39526 621.17725 624.7815  628.21606 631.489
 634.60767 637.5793  640.41064 643.10803 645.6771  648.1227  650.4479
 652.65234 654.72986 656.66284 658.41864 659.94965 546.5138  553.46625
 559.8822  565.96704 571.85986 577.56995 583.10565 588.47534 593.6919
 598.6     603.2623  607.70715 611.947   615.99    619.84406 623.5172
 627.0177  630.3539  633.5331  636.56287 639.45    642.2012  644.8225
 647.3194  649.69653 651.9569  654.1002  656.1202  657.9999  659.7075
 661.1964  550.9197  557.719   563.96704 569.85986 575.56995 581.1057
 586.47534 591.6919  596.76416 601.5345  606.0635  610.3804  614.49805
 618.42456 622.16736 625.7345  629.13416 632.37415 635.46204 638.40497
 641.20966 643.8825  646.42944 648.85596 651.1664  653.36365 655.4473
 657.41144 659.2394  660.9     662.34827 555.1206  561.7732  567.85986
 573.56995 579.10565 584.47534 589.6919  594.76416 599.6908  604.3286
 608.7289  612.922   616.92126 620.73456 624.36926 627.83325 631.1345
 634.2809  637.2797  640.13794 642.8622  645.45886 647.9335  650.2914
 652.537   654.67285 656.69885 658.60876 660.3866  662.0021  663.4109
 559.1254  565.6376  571.56995 577.10565 582.47534 587.6919  592.76416
 597.6908  602.4773  606.98706 611.26245 615.3353  619.21936 622.92236
 626.45166 629.81506 633.0205  636.07556 638.9876  641.7634  644.4095
 646.93195 649.3364  651.6279  653.8108  655.88745 657.8576  659.7154
 661.44507 663.0171  664.3882  562.94275 569.32104 575.10565 580.47534
 585.6919  590.76416 595.6908  600.4773  605.1277  609.51294 613.6665
 617.6218  621.39294 624.9879  628.4142  631.6793  634.79114 637.75726
 640.58484 643.28064 645.8509  648.30164 650.6383  652.86584 654.9883
 657.00806 658.9249  660.7328  662.4165  663.947   665.2823  566.5812
 572.8317  578.47534 583.6919  588.76416 593.6908  598.4773  603.1277
 607.6437  611.9068  615.94055 619.78    623.44006 626.9289  630.25397
 633.42285 636.44336 639.3228  642.06836 644.68665 647.18384 649.56555
 651.8372  654.00354 656.06836 658.03406 659.9002  661.66095 663.30115
 664.7925  666.094   570.04913 576.17773 581.68665 586.76416 591.6908
 596.4773  601.1276  605.6437  610.0238  614.16626 618.0812  621.80554
 625.3554  628.7394  631.96497 635.03955 637.9709  640.76624 643.4326
 645.97644 648.40344 650.71936 652.92926 655.03766 657.0482  658.963
 660.7816  662.49817 664.0979  665.5528  666.8228  573.3544  579.36664
 584.74664 589.6908  594.4773  599.12756 603.6437  608.0238  612.2608
 616.28314 620.0795  623.6893  627.1295  630.4098  633.5373  636.5198
 639.3646  642.079   644.6695  647.1423  649.50305 651.7571  653.9092
 655.9636  657.92365 659.7914  661.56616 663.24207 664.80457 666.22626
 667.4674  576.5044  582.4053  587.6616  592.4773  597.1277  601.6437
 606.0238  610.2608  614.33813 618.24133 621.91986 625.4155  628.7473
 631.92523 634.95715 637.85046 640.61224 643.2495  645.76843 648.1748
 650.474   652.67096 654.77    656.77515 658.68945 660.51465 662.25
 663.88947 665.4186  666.8104  668.02606 579.5053  585.2993  590.4363
 595.1277  599.6437  604.0238  608.2608  612.33813 616.24133 620.01294
 623.57635 626.96075 630.187   633.2661  636.20624 639.0148  641.6985
 644.264   646.71704 649.06305 651.30676 653.4525  655.5044  657.46594
 659.34    661.128   662.82886 664.43665 665.9369  667.303   668.49646
 582.3618  588.05237 593.07367 597.6437  602.0238  606.2608  610.33813
 614.24133 618.01294 621.57635 625.01355 628.2936  631.4211  634.4082
 637.2634  639.99426 642.6073  645.1085  647.5033  649.7964  651.99207
 654.094   656.1057  658.0305  659.87054 661.6273  663.29944 664.88086
 666.35706 667.7018  668.87695 585.0748  590.66504 595.57324 600.0238
 604.26086 608.33813 612.24133 616.01294 619.5764  623.01355 626.2936
 629.421   632.42224 635.32886 638.1103  640.7739  643.3264  645.7733
 648.1194  650.3689  652.52527 654.5918  656.5713  658.46674 660.27997
 662.0121  663.6615  665.22217 666.6797  668.0077  669.16846 587.63904
 593.13135 597.9283  602.2608  606.33813 610.24133 614.01294 617.57635
 621.0136  624.2936  627.421   630.4223  633.32886 636.1103  638.7739
 641.3504  643.855   646.25934 648.5679  650.78406 652.9109  654.9508
 656.90656 658.7802  660.5737  662.28784 663.9208  665.4663  666.91016
 668.2261  669.3766 ]
POLICY OUT:
[ 0  0  0  0  0  0  0  0 -1 -1 -2 -2 -2 -3 -3 -3 -3 -3 -4 -4 -4 -4 -4 -4
 -4 -4 -5 -5 -5 -5 -5  0  0  0  0  0  0  0  0  0 -1 -1 -1 -2 -2 -2 -2 -2
 -3 -3 -3 -3 -3 -3 -3 -3 -4 -4 -4 -4 -4 -4  0  0  0  0  0  0  0  0  0  0
  0 -1 -1 -1 -1 -1 -2 -2 -2 -2 -2 -2 -2 -2 -3 -3 -3 -3 -3 -3 -3  0  0  0
  0  0  0  0  0  0  0  0  0  0  0  0 -1 -1 -1 -1 -1 -1 -1 -1 -2 -2 -2 -2
 -2 -2 -2 -2  0  0  0  0  0  0  0  0  0  0  0  0  0  0  0  0  0  0  0  0
  0  0 -1 -1 -1 -1 -1 -1 -1 -1 -1  1  1  1  0  0  0  0  0  0  0  0  0  0
  0  0  0  0  0  0  0  0  0  0  0  0  0  0  0  0  0 -1  2  2  1  1  0  0
  0  0  0  0  0  0  0  0  0  0  0  0  0  0  0  0  0  0  0  0  0  0  0  0
  0  3  2  2  1  1  0  0  0  0  0  0  0  0  0  0  0  0  0  0  0  0  0  0
  0  0  0  0  0  0  0  0  3  3  2  2  1  1  0  0  0  0  0  0  0  0  0  0
  0  0  0  0  0  0  0  0  0  0  0  0  0  0  0  4  3  3  2  2  1  0  0  0
  0  0  0  0  0  0  0  0  0  0  0  0  0  0  0  0  0  0  0  0  0  0  4  4
  3  3  2  1  0  0  0  0  0  0  0  0  0  0  0  0  0  0  0  0  0  0  0  0
  0  0  0  0  0  5  4  4  3  2  1  1  0  0  0  0  0  0  0  0  0  0  0  0
  0  0  0  0  0  0  0  0  0  0  0  0  5  5  4  3  2  2  1  0  0  0  0  0
  0  0  0  0  0  0  0  0  0  0  0  0  0  0  0  0  0  0  0  5  5  4  3  3
  2  1  0  0  0  0  0  0  0  0  0  0  0  0  0  0  0  0  0  0  0  0  0  0
  0  0  5  5  4  4  3  2  1  0  0  0  0  0  0  0  0  0  0  0  0  0  0  0
  0  0  0  0  0  0  0  0  0  5  5  5  4  3  2  1  0  0  0  0  0  0  0  0
  0  0  0  0  0  0  0  0  0  0  0  0  0  0  0  0  5  5  5  4  3  2  1  0
  0  0  0  0  0  0  0  0  0  0  0  0  0  0  0  0  0  0  0  0  0  0  0  5
  5  5  4  3  2  1  0  0  0  0  0  0  0  0  0  0  0  0  0  0  0  0  0  0
  0  0  0  0  0  0  5  5  5  4  3  2  1  0  0  0  0  0  0  0  0  0  0  0
  0  0  0  0  0  0  0  0  0  0  0  0  0  5  5  5  4  3  2  1  1  0  0  0
  0  0  0  0  0  0  0  0  0  0  0  0  0  0  0  0  0  0  0  0  5  5  5  4
  3  2  2  1  0  0  0  0  0  0  0  0  0  0  0  0  0  0  0  0  0  0  0  0
  0  0  0  5  5  5  4  3  3  2  1  0  0  0  0  0  0  0  0  0  0  0  0  0
  0  0  0  0  0  0  0  0  0  0  5  5  5  4  4  3  2  1  0  0  0  0  0  0
  0  0  0  0  0  0  0  0  0  0  0  0  0  0  0  0  0  5  5  5  5  4  3  2
  1  0  0  0  0  0  0  0  0  0  0  0  0  0  0  0  0  0  0  0  0  0  0  0
  5  5  5  5  4  3  2  1  0  0  0  0  0  0  0  0  0  0  0  0  0  0  0  0
  0  0  0  0  0  0  0  5  5  5  5  4  3  2  1  0  0  0  0  0  0  0  0  0
  0  0  0  0  0  0  0  0  0  0  0  0  0  0  5  5  5  5  4  3  2  1  0  0
  0  0  0  0  0  0  0  0  0  0  0  0  0  0  0  0  0  0  0  0  0  5  5  5
  5  4  3  2  1  1  0  0  0  0  0  0  0  0  0  0  0  0  0  0  0  0  0  0
  0  0  0  0  5  5  5  5  4  3  2  2  1  1  0  0  0  0  0  0  0  0  0  0
  0  0  0  0  0  0  0  0  0  0  0  5  5  5  5  4  3  3  2  2  1  1  1  0
  0  0  0  0  0  0  0  0  0  0  0  0  0  0  0  0  0  0  5  5  5  5  4  4
  3  3  2  2  2  1  1  1  1  0  0  0  0  0  0  0  0  0  0  0  0  0  0  0
  0]
D_INF OF V VS REF: 0.0004272461
D_INF OF POLICY VS REF: 0
D_INF (AT STOP) MEAN: 6.103515625e-05
MAIN ITERATIONS MEAN: 5.0
EVAL ITERATIONS TOTAL MEAN: 440.0
TIME MEAN: 0.15815794467926025 s, STD: 3.448265473975757e-05 s, STD_%: 0.0%
SPEEDUP VS REF: 276.5748837174245
============================================================================================================================================================================================================================================================
PI CONTRACTION APPROACH 5: jcr_pi_contraction_cuda_gridsync...
---
REPETITION: 1/10:
JCR PI CONTRACTION CUDA GRIDSYNC... [gamma: 0.9, eps: 0.0001, tolerance_v: 1e-07, tpb: 64, assumed max_bpg_gridsync: None]
[discovered max_bpg_gridsync: 2040; time: 8.749961853027344e-05 s]
[kernel eval -> bpg: 961 (max_bpg_gridsync or number of states if smaller), tpb: 64, spb: 1]
[kernel improve -> bpg: 961 (implied by number of states), tpb: 64]
JCR PI CONTRACTION CUDA GRIDSYNC DONE. [d_inf: 6.1035156e-05, main iterations: 5, evaluation iterations total: 424, time: 0.15685772895812988 s]
---
REPETITION: 2/10:
JCR PI CONTRACTION CUDA GRIDSYNC... [gamma: 0.9, eps: 0.0001, tolerance_v: 1e-07, tpb: 64, assumed max_bpg_gridsync: None]
[discovered max_bpg_gridsync: 2040; time: 4.38690185546875e-05 s]
[kernel eval -> bpg: 961 (max_bpg_gridsync or number of states if smaller), tpb: 64, spb: 1]
[kernel improve -> bpg: 961 (implied by number of states), tpb: 64]
JCR PI CONTRACTION CUDA GRIDSYNC DONE. [d_inf: 6.1035156e-05, main iterations: 5, evaluation iterations total: 424, time: 0.15671420097351074 s]
---
REPETITION: 3/10:
JCR PI CONTRACTION CUDA GRIDSYNC... [gamma: 0.9, eps: 0.0001, tolerance_v: 1e-07, tpb: 64, assumed max_bpg_gridsync: None]
[discovered max_bpg_gridsync: 2040; time: 3.933906555175781e-05 s]
[kernel eval -> bpg: 961 (max_bpg_gridsync or number of states if smaller), tpb: 64, spb: 1]
[kernel improve -> bpg: 961 (implied by number of states), tpb: 64]
JCR PI CONTRACTION CUDA GRIDSYNC DONE. [d_inf: 6.1035156e-05, main iterations: 5, evaluation iterations total: 424, time: 0.15666484832763672 s]
---
REPETITION: 4/10:
JCR PI CONTRACTION CUDA GRIDSYNC... [gamma: 0.9, eps: 0.0001, tolerance_v: 1e-07, tpb: 64, assumed max_bpg_gridsync: None]
[discovered max_bpg_gridsync: 2040; time: 4.0531158447265625e-05 s]
[kernel eval -> bpg: 961 (max_bpg_gridsync or number of states if smaller), tpb: 64, spb: 1]
[kernel improve -> bpg: 961 (implied by number of states), tpb: 64]
JCR PI CONTRACTION CUDA GRIDSYNC DONE. [d_inf: 6.1035156e-05, main iterations: 5, evaluation iterations total: 424, time: 0.15669035911560059 s]
---
REPETITION: 5/10:
JCR PI CONTRACTION CUDA GRIDSYNC... [gamma: 0.9, eps: 0.0001, tolerance_v: 1e-07, tpb: 64, assumed max_bpg_gridsync: None]
[discovered max_bpg_gridsync: 2040; time: 3.838539123535156e-05 s]
[kernel eval -> bpg: 961 (max_bpg_gridsync or number of states if smaller), tpb: 64, spb: 1]
[kernel improve -> bpg: 961 (implied by number of states), tpb: 64]
JCR PI CONTRACTION CUDA GRIDSYNC DONE. [d_inf: 6.1035156e-05, main iterations: 5, evaluation iterations total: 424, time: 0.1566307544708252 s]
---
REPETITION: 6/10:
JCR PI CONTRACTION CUDA GRIDSYNC... [gamma: 0.9, eps: 0.0001, tolerance_v: 1e-07, tpb: 64, assumed max_bpg_gridsync: None]
[discovered max_bpg_gridsync: 2040; time: 3.8623809814453125e-05 s]
[kernel eval -> bpg: 961 (max_bpg_gridsync or number of states if smaller), tpb: 64, spb: 1]
[kernel improve -> bpg: 961 (implied by number of states), tpb: 64]
JCR PI CONTRACTION CUDA GRIDSYNC DONE. [d_inf: 6.1035156e-05, main iterations: 5, evaluation iterations total: 424, time: 0.15665507316589355 s]
---
REPETITION: 7/10:
JCR PI CONTRACTION CUDA GRIDSYNC... [gamma: 0.9, eps: 0.0001, tolerance_v: 1e-07, tpb: 64, assumed max_bpg_gridsync: None]
[discovered max_bpg_gridsync: 2040; time: 3.743171691894531e-05 s]
[kernel eval -> bpg: 961 (max_bpg_gridsync or number of states if smaller), tpb: 64, spb: 1]
[kernel improve -> bpg: 961 (implied by number of states), tpb: 64]
JCR PI CONTRACTION CUDA GRIDSYNC DONE. [d_inf: 6.1035156e-05, main iterations: 5, evaluation iterations total: 424, time: 0.15659165382385254 s]
---
REPETITION: 8/10:
JCR PI CONTRACTION CUDA GRIDSYNC... [gamma: 0.9, eps: 0.0001, tolerance_v: 1e-07, tpb: 64, assumed max_bpg_gridsync: None]
[discovered max_bpg_gridsync: 2040; time: 3.886222839355469e-05 s]
[kernel eval -> bpg: 961 (max_bpg_gridsync or number of states if smaller), tpb: 64, spb: 1]
[kernel improve -> bpg: 961 (implied by number of states), tpb: 64]
JCR PI CONTRACTION CUDA GRIDSYNC DONE. [d_inf: 6.1035156e-05, main iterations: 5, evaluation iterations total: 424, time: 0.1566629409790039 s]
---
REPETITION: 9/10:
JCR PI CONTRACTION CUDA GRIDSYNC... [gamma: 0.9, eps: 0.0001, tolerance_v: 1e-07, tpb: 64, assumed max_bpg_gridsync: None]
[discovered max_bpg_gridsync: 2040; time: 3.886222839355469e-05 s]
[kernel eval -> bpg: 961 (max_bpg_gridsync or number of states if smaller), tpb: 64, spb: 1]
[kernel improve -> bpg: 961 (implied by number of states), tpb: 64]
JCR PI CONTRACTION CUDA GRIDSYNC DONE. [d_inf: 6.1035156e-05, main iterations: 5, evaluation iterations total: 424, time: 0.15662908554077148 s]
---
REPETITION: 10/10:
JCR PI CONTRACTION CUDA GRIDSYNC... [gamma: 0.9, eps: 0.0001, tolerance_v: 1e-07, tpb: 64, assumed max_bpg_gridsync: None]
[discovered max_bpg_gridsync: 2040; time: 3.814697265625e-05 s]
[kernel eval -> bpg: 961 (max_bpg_gridsync or number of states if smaller), tpb: 64, spb: 1]
[kernel improve -> bpg: 961 (implied by number of states), tpb: 64]
JCR PI CONTRACTION CUDA GRIDSYNC DONE. [d_inf: 6.1035156e-05, main iterations: 5, evaluation iterations total: 424, time: 0.1566145420074463 s]
***
SUMMARY:
V OUT:
[421.41675 431.38898 441.2447  450.85007 460.08295 468.87524 477.21387
 485.11807 492.98138 500.4778  507.89008 514.9967  521.75525 528.35657
 534.7528  540.84644 546.6581  552.20605 557.6368  562.8624  567.853
 572.62225 577.18176 581.5418  585.7109  589.69763 593.5529  597.2718
 600.8263  604.22363 607.46906 431.29053 441.2627  451.11804 460.72256
 469.95398 478.7441  487.08014 494.98138 502.47778 509.89008 516.9967
 523.7553  530.3565  536.7528  542.84644 548.6581  554.20605 559.6368
 564.86237 569.853   574.62225 579.1818  583.54175 587.7109  591.69763
 595.553   599.27185 602.8263  606.22363 609.46906 612.5629  440.7641
 450.73596 460.58978 470.19043 479.41492 488.19534 496.5196  504.40778
 511.89008 518.9967  525.75525 532.35657 538.7528  544.84644 550.6581
 556.2061  561.6368  566.8623  571.853   576.6222  581.1818  585.54175
 589.7109  593.69763 597.5529  601.2718  604.8263  608.22363 611.469
 614.5629  617.4972  449.58737 459.5584  469.40845 478.9993  488.20642
 496.96252 505.25766 513.114   520.563   527.63477 534.35657 540.7528
 546.8465  552.6581  558.20605 563.6368  568.8623  573.85297 578.62225
 583.1818  587.54175 591.71094 595.69763 599.5529  603.27185 606.8263
 610.2237  613.469   616.5629  619.49713 622.2478  457.67804 467.64764
 477.49054 487.06323 496.23822 504.94952 513.1914  520.9906  528.3812
 535.39417 542.0559  548.38995 554.4182  560.161   565.6367  570.8623
 575.853   580.62225 585.1818  589.5418  593.7109  597.69763 601.55286
 605.27185 608.8263  612.2237  615.46906 618.5629  621.4972  624.2478
 626.767   465.64767 475.49054 485.06323 494.45422 503.58002 512.22296
 520.3841  528.09735 535.402   542.3307  548.90955 555.1609  561.10547
 566.7626  572.15045 577.286   582.18445 586.85974 591.324   595.58795
 599.66125 603.5529  607.2718  610.8263  614.22363 617.46906 620.5629
 623.4972  626.2478  628.76697 631.0803  473.49054 483.06323 492.45422
 501.58005 510.36786 518.9191  526.972   534.5708  541.76215 548.5821
 555.0569  561.20764 567.0536  572.6129  577.9032  582.9407  587.74054
 592.3165  596.681   600.84534 604.81946 608.6131  612.2351  615.694
 618.9969  622.14856 625.1493  627.9909  630.6499  633.08026 635.21313
 481.06323 490.45422 499.58002 508.36783 516.9191  525.1668  533.0875
 540.54663 547.60034 554.2894  560.6411  566.67554 572.4102  577.86206
 583.04755 587.9822  592.6804  597.1559  601.4208  605.48645 609.3633
 613.06104 616.58875 619.9547  623.16583 626.22675 629.1377  631.89044
 634.46216 636.8085  638.8635  488.4542  497.58002 506.36786 514.91907
 523.16675 531.08746 538.82855 546.1283  553.0248  559.5648  565.77747
 571.6819  577.29443 582.6303  587.7046  592.5321  597.12646 601.50073
 605.66675 609.63574 613.4181  617.0234  620.46063 623.73785 626.8618
 629.83704 632.6637  635.33374 637.82495 640.09454 642.07935 495.58005
 504.36786 512.91907 521.16675 529.0875  536.8285  544.2584  551.38586
 558.1115  564.48914 570.5503  576.314   581.79517 587.00757 591.96515
 596.6813  601.1692  605.441   609.50824 613.3817  617.0715  620.58704
 623.9369  627.12915 630.17017 633.06445 635.812   638.4053  640.8224
 643.02216 644.9437  502.36783 510.9191  519.16675 527.0875  534.8285
 542.2584  549.41614 556.3647  562.9116  569.11865 575.02014 580.6355
 585.9785  591.06165 595.89746 600.49866 604.87744 609.04535 613.0132
 616.79126 620.3894  623.8166  627.08136 630.1913  633.1525  635.9695
 638.6422  641.1631  643.5112  645.6466  647.5106  508.9191  517.16675
 525.08746 532.8285  540.2584  547.4162  554.3647  561.0943  567.45996
 573.49255 579.23016 584.69275 589.8933  594.8432  599.5541  604.0376
 608.30505 612.36755 616.2351  619.9176  623.4245  626.7643  629.9452
 632.9745  635.85815 638.6004  641.2012  643.6532  645.93616 648.01117
 649.8216  515.1668  523.0875  530.82855 538.2584  545.4162  552.3646
 559.09436 565.5952  571.7805  577.6387  583.2114  588.5198  593.57605
 598.39087 602.975   607.33923 611.4942  615.4502  619.2169  622.80383
 626.2196  629.47253 632.57043 635.5204  638.3281  640.9975  643.5286
 645.91425 648.13464 650.15216 651.91187 521.0579  528.8286  536.2584
 543.41614 550.3647  557.09436 563.5952  569.8822  575.89087 581.5773
 586.9868  592.1416  597.05396 601.73376 606.1908  610.4354  614.47754
 618.3269  621.9929  625.48413 628.8091  631.9758  634.9916  637.86316
 640.59607 643.19415 645.6572  647.9784  650.1383  652.1005  653.81165
 526.64923 534.2584  541.4162  548.3647  555.09436 561.5952  567.8822
 573.96704 579.8043  585.32336 590.5732  595.57715 600.3476  604.8938
 609.22485 613.35065 617.28064 621.024   624.58954 627.9857  631.2206
 634.30176 637.2362  640.0304  642.6897  645.21765 647.6142  649.8724
 651.9735  653.8821  655.54614 531.9735  539.4162  546.3646  553.09436
 559.5952  565.88214 571.96704 577.8599  583.5321  588.88916 593.9839
 598.84094 603.47266 607.8877  612.095   616.10364 619.92285 623.5614
 627.0278  630.32996 633.4757  636.47217 639.3263  642.0443  644.6311
 647.0902  649.4214  651.618   653.66174 655.51807 657.1366  537.0506
 544.32635 551.09436 557.5952  563.8822  569.96704 575.86    581.5699
 587.08356 592.2847  597.2298  601.94446 606.4413  610.72864 614.8149
 618.70886 622.4194  625.95483 629.3235  632.5331  635.59094 638.5042
 641.2793  643.92206 646.4376  648.82904 651.0962  653.23254 655.2202
 657.02576 658.59985 541.89386 549.0055  555.5952  561.8822  567.96704
 573.8599  579.56995 585.1057  590.46747 595.51904 600.31995 604.89734
 609.2635  613.42676 617.39526 621.17725 624.7815  628.21606 631.489
 634.60767 637.5793  640.41064 643.10803 645.6771  648.1227  650.4479
 652.65234 654.72986 656.66284 658.41864 659.9496  546.5138  553.46625
 559.8822  565.96704 571.85986 577.56995 583.10565 588.47534 593.6919
 598.6     603.2623  607.70715 611.947   615.99    619.84406 623.5172
 627.0177  630.3538  633.5331  636.56287 639.45    642.2012  644.82245
 647.31934 649.69653 651.9569  654.1002  656.1202  657.9999  659.70746
 661.1964  550.9197  557.719   563.96704 569.85986 575.56995 581.1057
 586.47534 591.6919  596.76416 601.5345  606.0635  610.3804  614.49805
 618.42456 622.16736 625.7345  629.13416 632.37415 635.46204 638.4049
 641.20966 643.8825  646.42944 648.85596 651.1664  653.36365 655.4473
 657.41144 659.2394  660.9     662.34827 555.1206  561.7732  567.85986
 573.56995 579.10565 584.47534 589.6919  594.76416 599.6908  604.3286
 608.7288  612.922   616.92126 620.73456 624.36926 627.83325 631.1345
 634.2809  637.2797  640.13794 642.8622  645.4588  647.9335  650.2914
 652.537   654.67285 656.69885 658.60876 660.3866  662.0021  663.4109
 559.1254  565.6376  571.56995 577.10565 582.47534 587.6919  592.76416
 597.6908  602.4773  606.98706 611.26245 615.3353  619.21936 622.92236
 626.45166 629.81506 633.0205  636.07556 638.9876  641.7634  644.4094
 646.93195 649.3364  651.6279  653.8108  655.88745 657.8576  659.7154
 661.44507 663.0171  664.3882  562.94275 569.32104 575.10565 580.47534
 585.6919  590.76416 595.6908  600.4773  605.1277  609.51294 613.6665
 617.6218  621.39294 624.9879  628.4142  631.6793  634.79114 637.75726
 640.58484 643.28064 645.8509  648.30164 650.6383  652.86584 654.9883
 657.00806 658.9249  660.7328  662.4165  663.947   665.2823  566.5812
 572.8317  578.47534 583.6919  588.76416 593.6908  598.4773  603.1277
 607.6437  611.9068  615.94055 619.78    623.44006 626.9289  630.25397
 633.42285 636.44336 639.3228  642.06836 644.68665 647.18384 649.56555
 651.8372  654.00354 656.06836 658.03406 659.9002  661.66095 663.30115
 664.7925  666.094   570.04913 576.17773 581.68665 586.76416 591.6908
 596.4773  601.1276  605.6437  610.0238  614.16626 618.0812  621.80554
 625.3554  628.7394  631.96497 635.03955 637.9709  640.76624 643.4326
 645.97644 648.40344 650.71936 652.92926 655.03766 657.0482  658.963
 660.7816  662.49817 664.0978  665.55273 666.82275 573.3544  579.36664
 584.74664 589.6908  594.4773  599.12756 603.6437  608.0238  612.2608
 616.28314 620.0795  623.6893  627.1295  630.4098  633.5373  636.5198
 639.3646  642.079   644.6695  647.1423  649.50305 651.7571  653.9092
 655.9636  657.92365 659.7914  661.56616 663.24207 664.80457 666.2262
 667.4674  576.5044  582.4053  587.6616  592.4773  597.1277  601.6437
 606.0238  610.2608  614.33813 618.24133 621.91986 625.4155  628.7473
 631.92523 634.95715 637.85046 640.61224 643.2495  645.76843 648.1748
 650.474   652.67096 654.77    656.77515 658.68945 660.51465 662.25
 663.88947 665.4186  666.8104  668.026   579.5053  585.2993  590.4363
 595.1277  599.6437  604.0238  608.2608  612.33813 616.24133 620.01294
 623.57635 626.96075 630.187   633.2661  636.20624 639.0148  641.6985
 644.264   646.71704 649.06305 651.30676 653.4525  655.5044  657.46594
 659.34    661.128   662.82886 664.43665 665.9369  667.30286 668.49634
 582.3618  588.05237 593.07367 597.6437  602.0238  606.2608  610.33813
 614.24133 618.01294 621.57635 625.01355 628.2936  631.4211  634.4082
 637.2634  639.99426 642.6073  645.1085  647.5033  649.7964  651.99207
 654.094   656.1057  658.0305  659.87054 661.6273  663.29944 664.88086
 666.35706 667.7018  668.8769  585.0748  590.66504 595.57324 600.0238
 604.26086 608.33813 612.24133 616.01294 619.5764  623.01355 626.2936
 629.421   632.42224 635.32886 638.1103  640.7739  643.3264  645.7733
 648.1194  650.3689  652.52527 654.5918  656.5713  658.46674 660.27997
 662.0121  663.6615  665.22217 666.6797  668.0077  669.16846 587.63904
 593.13135 597.9283  602.2608  606.33813 610.24133 614.01294 617.57635
 621.0136  624.2936  627.421   630.4223  633.32886 636.1103  638.7739
 641.3504  643.855   646.25934 648.5679  650.78406 652.9109  654.9508
 656.90656 658.7802  660.5737  662.28784 663.9207  665.4663  666.91016
 668.2261  669.3766 ]
POLICY OUT:
[ 0  0  0  0  0  0  0  0 -1 -1 -2 -2 -2 -3 -3 -3 -3 -3 -4 -4 -4 -4 -4 -4
 -4 -4 -5 -5 -5 -5 -5  0  0  0  0  0  0  0  0  0 -1 -1 -1 -2 -2 -2 -2 -2
 -3 -3 -3 -3 -3 -3 -3 -3 -4 -4 -4 -4 -4 -4  0  0  0  0  0  0  0  0  0  0
  0 -1 -1 -1 -1 -1 -2 -2 -2 -2 -2 -2 -2 -2 -3 -3 -3 -3 -3 -3 -3  0  0  0
  0  0  0  0  0  0  0  0  0  0  0  0 -1 -1 -1 -1 -1 -1 -1 -1 -2 -2 -2 -2
 -2 -2 -2 -2  0  0  0  0  0  0  0  0  0  0  0  0  0  0  0  0  0  0  0  0
  0  0 -1 -1 -1 -1 -1 -1 -1 -1 -1  1  1  1  0  0  0  0  0  0  0  0  0  0
  0  0  0  0  0  0  0  0  0  0  0  0  0  0  0  0  0 -1  2  2  1  1  0  0
  0  0  0  0  0  0  0  0  0  0  0  0  0  0  0  0  0  0  0  0  0  0  0  0
  0  3  2  2  1  1  0  0  0  0  0  0  0  0  0  0  0  0  0  0  0  0  0  0
  0  0  0  0  0  0  0  0  3  3  2  2  1  1  0  0  0  0  0  0  0  0  0  0
  0  0  0  0  0  0  0  0  0  0  0  0  0  0  0  4  3  3  2  2  1  0  0  0
  0  0  0  0  0  0  0  0  0  0  0  0  0  0  0  0  0  0  0  0  0  0  4  4
  3  3  2  1  0  0  0  0  0  0  0  0  0  0  0  0  0  0  0  0  0  0  0  0
  0  0  0  0  0  5  4  4  3  2  1  1  0  0  0  0  0  0  0  0  0  0  0  0
  0  0  0  0  0  0  0  0  0  0  0  0  5  5  4  3  2  2  1  0  0  0  0  0
  0  0  0  0  0  0  0  0  0  0  0  0  0  0  0  0  0  0  0  5  5  4  3  3
  2  1  0  0  0  0  0  0  0  0  0  0  0  0  0  0  0  0  0  0  0  0  0  0
  0  0  5  5  4  4  3  2  1  0  0  0  0  0  0  0  0  0  0  0  0  0  0  0
  0  0  0  0  0  0  0  0  0  5  5  5  4  3  2  1  0  0  0  0  0  0  0  0
  0  0  0  0  0  0  0  0  0  0  0  0  0  0  0  0  5  5  5  4  3  2  1  0
  0  0  0  0  0  0  0  0  0  0  0  0  0  0  0  0  0  0  0  0  0  0  0  5
  5  5  4  3  2  1  0  0  0  0  0  0  0  0  0  0  0  0  0  0  0  0  0  0
  0  0  0  0  0  0  5  5  5  4  3  2  1  0  0  0  0  0  0  0  0  0  0  0
  0  0  0  0  0  0  0  0  0  0  0  0  0  5  5  5  4  3  2  1  1  0  0  0
  0  0  0  0  0  0  0  0  0  0  0  0  0  0  0  0  0  0  0  0  5  5  5  4
  3  2  2  1  0  0  0  0  0  0  0  0  0  0  0  0  0  0  0  0  0  0  0  0
  0  0  0  5  5  5  4  3  3  2  1  0  0  0  0  0  0  0  0  0  0  0  0  0
  0  0  0  0  0  0  0  0  0  0  5  5  5  4  4  3  2  1  0  0  0  0  0  0
  0  0  0  0  0  0  0  0  0  0  0  0  0  0  0  0  0  5  5  5  5  4  3  2
  1  0  0  0  0  0  0  0  0  0  0  0  0  0  0  0  0  0  0  0  0  0  0  0
  5  5  5  5  4  3  2  1  0  0  0  0  0  0  0  0  0  0  0  0  0  0  0  0
  0  0  0  0  0  0  0  5  5  5  5  4  3  2  1  0  0  0  0  0  0  0  0  0
  0  0  0  0  0  0  0  0  0  0  0  0  0  0  5  5  5  5  4  3  2  1  0  0
  0  0  0  0  0  0  0  0  0  0  0  0  0  0  0  0  0  0  0  0  0  5  5  5
  5  4  3  2  1  1  0  0  0  0  0  0  0  0  0  0  0  0  0  0  0  0  0  0
  0  0  0  0  5  5  5  5  4  3  2  2  1  1  0  0  0  0  0  0  0  0  0  0
  0  0  0  0  0  0  0  0  0  0  0  5  5  5  5  4  3  3  2  2  1  1  1  0
  0  0  0  0  0  0  0  0  0  0  0  0  0  0  0  0  0  0  5  5  5  5  4  4
  3  3  2  2  2  1  1  1  1  0  0  0  0  0  0  0  0  0  0  0  0  0  0  0
  0]
D_INF OF V VS REF: 0.0004272461
D_INF OF POLICY VS REF: 0
D_INF (AT STOP) MEAN: 6.103515625e-05
MAIN ITERATIONS MEAN: 5.0
EVAL ITERATIONS TOTAL MEAN: 424.0
TIME MEAN: 0.1566711187362671 s, STD: 7.094008904047528e-05 s, STD_%: 0.0%
SPEEDUP VS REF: 279.1996094205939
============================================================================================================================================================================================================================================================
============================================================================================================================================================================================================================================================
FINAL SUMMARY:
PI CONTRACTION APPROACH 1: jcr_pi_contraction_cpu_numpy (REFERENCE) -> MEAN MAIN ITERS: 5.0, MEAN EVAL ITERS TOTAL: 453.0, MEAN D_INF: 6.103515625e-05, MEAN TIME: 43.74251515865326 s, TIME STD: 0.13094460983484857 s, STD_%: 0.3%, SPEED-UP: 1.00
PI CONTRACTION APPROACH 2: jcr_pi_contraction_cuda_atomicmax -> MEAN MAIN ITERS: 5.0, MEAN EVAL ITERS TOTAL: 440.0, MEAN D_INF: 6.103515625e-05, MEAN TIME: 0.1648252010345459 s, TIME STD: 0.007829695506540293 s, STD_%: 4.8%, SPEED-UP: 265.39
PI CONTRACTION APPROACH 3: jcr_pi_contraction_cuda_atomicmaxglosten -> MEAN MAIN ITERS: 5.0, MEAN EVAL ITERS TOTAL: 440.0, MEAN D_INF: 6.103515625e-05, MEAN TIME: 0.16532819271087645 s, TIME STD: 7.472344464039446e-05 s, STD_%: 0.0%, SPEED-UP: 264.58
PI CONTRACTION APPROACH 4: jcr_pi_contraction_cuda_reducemax -> MEAN MAIN ITERS: 5.0, MEAN EVAL ITERS TOTAL: 440.0, MEAN D_INF: 6.103515625e-05, MEAN TIME: 0.15815794467926025 s, TIME STD: 3.448265473975757e-05 s, STD_%: 0.0%, SPEED-UP: 276.57
PI CONTRACTION APPROACH 5: jcr_pi_contraction_cuda_gridsync -> MEAN MAIN ITERS: 5.0, MEAN EVAL ITERS TOTAL: 424.0, MEAN D_INF: 6.103515625e-05, MEAN TIME: 0.1566711187362671 s, TIME STD: 7.094008904047528e-05 s, STD_%: 0.0%, SPEED-UP: 279.20
JACK'S CAR RENTAL DONE. [hash string: 3864807762_53267_901_[1;30;5;10.0;-2.0;[3.0,4.0];[3.0,2.0];True;0.9;1.0e-04;1.0e-07;False;TTTTT], time: 444.51923418045044 s]
