nohup: zignorowane dane wejściowe
JACK'S CAR RENTAL STARTING...
JCR INFO:
{
  MAX_CARS_AT_LOC: 20,
  MAX_CARS_MOVED: 5,
  REWARD_CAR_RENTED: 10.0,
  REWARD_CAR_MOVED: -2.0,
  REQUEST_POISSON_LAMBDAS_AT_LOC: [3.0, 4.0],
  RETURN_POISSON_LAMBDAS_AT_LOC: [3.0, 2.0]
}
JCR MDP JOINT DISTRIBUTION...
UNPICKLE OBJECTS... [from file: ../mdp_joint_distrs/mdp_joint_distr_jcr_20_5.pkl]
UNPICKLE OBJECTS DONE. [time: 0.05861949920654297 s]
JCR MDP JOINT DISTRIBUTION READY. [shape: (441, 11, 41, 441), type: float32, copied to device (gpu) in: 0.027002334594726562 s]
====================================================================================================================================================================================================================================================
HASH STRING: TODO
====================================================================================================================================================================================================================================================
EXPERIMENT INFO:
{
}
====================================================================================================================================================================================================================================================
CPU AND SYSTEM:
{'cpu_name': 'AMD Ryzen 9 9950X 16-Core Processor',
 'os_machine': 'x86_64',
 'os_name': 'Linux 6.14.0-37-generic',
 'os_version': '#37~24.04.1-Ubuntu SMP PREEMPT_DYNAMIC Thu Nov 20 10:25:38 UTC '
               '2',
 'ram_size': '123.4 GB'}
GPU:
{'async_engine_count': 2,
 'can_map_host_memory': 1,
 'compute_capability': ComputeCapability(major=12, minor=0),
 'cores_per_SM': 128,
 'cores_total': 21760,
 'max_block_dim_x': 1024,
 'max_block_dim_y': 1024,
 'max_block_dim_z': 64,
 'max_grid_dim_x': 2147483647,
 'max_grid_dim_y': 65535,
 'max_grid_dim_z': 65535,
 'max_shared_memory_per_block': 49152,
 'max_threads_per_block': 1024,
 'multiprocessor_count': 170,
 'name': 'NVIDIA GeForce RTX 5090',
 'pci_bus_id': 1,
 'pci_device_id': 0,
 'unified_addressing': 1,
 'warp_size': 32}
====================================================================================================================================================================================================================================================
RANDOM INITIAL POLICY [shape: (441,)]:
[ 0 -4  2  2  3  2  4  0  0 -4 -4 -5 -5 -5 -2 -4  1  2  1 -1  1 -3  4 -3
 -1  2 -5  0 -3 -3  5 -1  3  1  1  5  0 -3 -3 -2 -1  4  2 -1  2  4  1 -4
 -3  2 -5  5 -5  1  1 -1  4  4  4  2 -4 -4  1  4  0 -4 -5 -4 -1 -4 -3  3
  0  3 -5 -2  1  5  5  5  4  3  2  2 -2 -2  1 -4  0  3 -4  5  4 -2 -3 -1
  3  0 -4  0 -4  5  2 -1  5 -5 -2  4  4 -3 -5  1 -5 -1  2  4  5 -3  0  2
  2  5  4  2  3  4  1 -5  4  4 -2  2  5 -2  2  1 -1  4  4  0  0  4  3 -2
  3  1  2  3 -5 -2 -3  5  5  1  2  2  5  4  2  4  4  2 -2 -5  5 -2 -5 -2
  3 -3  2 -5  2 -4 -4 -1  4 -2  2 -5 -1  3  4  1 -5  1 -1  0 -1  1 -3  5
 -5 -4  0  3 -1  2  0 -4  3 -4  2 -2 -1 -4  4 -1  2  1  2 -1 -1 -4  4 -5
  2 -3  0 -5  4  5  1  2 -5 -4 -4  3  2 -3  4  3  5 -4 -2 -1  4 -5  0  3
 -4  1  2  4  3 -3  2 -2 -1 -4  2 -3 -1  0  2 -4 -3  1  5  1  0 -5 -4  4
 -3  1  5  1 -3  2 -2  2  2 -5  1  0  0 -3 -4  5  1 -1  1 -4 -5  1  0 -2
 -4  1 -3 -4  0  0 -1 -1  5  2 -5  2  3  4  4  0 -2  2 -5 -5 -5  4 -2 -1
  4 -4  0 -1 -1 -3 -1  0  1  4  1  3 -1  3  4  1 -3 -1  2 -5  0  5  0  1
 -1 -1  0  0  3  0  3 -3  2  0 -4  5 -4  4 -5 -1  3  0  4  2 -5  4  5  3
 -5 -2 -1 -1 -3  2 -5  5  1 -5  1 -2  0 -1  1 -4 -3  5 -1  5 -2  4 -5 -4
  1  5 -5 -2  0  0  2  5 -3  0  1 -4  5 -5  3  2 -2  4 -5 -1  3 -1  3  2
 -3  1  2  4  4 -5 -4  1 -2  3  3 -4  5 -1  3 -2 -3 -2  5  2  1 -2  2 -3
 -2 -2  0  4  1 -2  1 -3  2]
V FOR INITIAL POLICY ZEROED.
====================================================================================================================================================================================================================================================
JCR PI CONTRACTION NUMPY... [gamma: 0.9, eps: 0.0001, tolerance_v: 1e-07]
---
[main iteration 1:]
[policy evaluation iteration 1 [d_inf: 70.0, time: 0.03153371810913086 s]].
[policy evaluation iteration 2 [d_inf: 58.87755, time: 0.03133201599121094 s]].
[policy evaluation iteration 3 [d_inf: 52.439888, time: 0.03115987777709961 s]].
[policy evaluation iteration 4 [d_inf: 45.616287, time: 0.030827760696411133 s]].
[policy evaluation iteration 5 [d_inf: 38.97899, time: 0.030719995498657227 s]].
[policy evaluation iteration 6 [d_inf: 33.201447, time: 0.03077101707458496 s]].
[policy evaluation iteration 7 [d_inf: 28.411896, time: 0.030809402465820312 s]].
[policy evaluation iteration 8 [d_inf: 24.497162, time: 0.030666112899780273 s]].
[policy evaluation iteration 9 [d_inf: 21.286865, time: 0.030612945556640625 s]].
[policy evaluation iteration 10 [d_inf: 18.624817, time: 0.030692577362060547 s]].
[policy evaluation iteration 11 [d_inf: 16.388062, time: 0.03067326545715332 s]].
[policy evaluation iteration 12 [d_inf: 14.484924, time: 0.030637741088867188 s]].
[policy evaluation iteration 13 [d_inf: 12.8480835, time: 0.030652999877929688 s]].
[policy evaluation iteration 14 [d_inf: 11.428009, time: 0.030628442764282227 s]].
[policy evaluation iteration 15 [d_inf: 10.187256, time: 0.030651569366455078 s]].
[policy evaluation iteration 16 [d_inf: 9.0980835, time: 0.03063821792602539 s]].
[policy evaluation iteration 17 [d_inf: 8.136566, time: 0.030663728713989258 s]].
[policy evaluation iteration 18 [d_inf: 7.2848206, time: 0.030649423599243164 s]].
[policy evaluation iteration 19 [d_inf: 6.528137, time: 0.0306088924407959 s]].
[policy evaluation iteration 20 [d_inf: 5.8544617, time: 0.030694246292114258 s]].
[policy evaluation iteration 21 [d_inf: 5.253479, time: 0.030656814575195312 s]].
[policy evaluation iteration 22 [d_inf: 4.716614, time: 0.03064751625061035 s]].
[policy evaluation iteration 23 [d_inf: 4.236389, time: 0.0306549072265625 s]].
[policy evaluation iteration 24 [d_inf: 3.8063354, time: 0.030625581741333008 s]].
[policy evaluation iteration 25 [d_inf: 3.42099, time: 0.030658960342407227 s]].
[policy evaluation iteration 26 [d_inf: 3.0753174, time: 0.030650854110717773 s]].
[policy evaluation iteration 27 [d_inf: 2.7651367, time: 0.03064727783203125 s]].
[policy evaluation iteration 28 [d_inf: 2.4866333, time: 0.030670642852783203 s]].
[policy evaluation iteration 29 [d_inf: 2.2365723, time: 0.030678510665893555 s]].
[policy evaluation iteration 30 [d_inf: 2.0117798, time: 0.030676841735839844 s]].
[policy evaluation iteration 31 [d_inf: 1.8097534, time: 0.030672550201416016 s]].
[policy evaluation iteration 32 [d_inf: 1.6282349, time: 0.03068065643310547 s]].
[policy evaluation iteration 33 [d_inf: 1.4649048, time: 0.030646324157714844 s]].
[policy evaluation iteration 34 [d_inf: 1.3181152, time: 0.03072190284729004 s]].
[policy evaluation iteration 35 [d_inf: 1.1860352, time: 0.030698060989379883 s]].
[policy evaluation iteration 36 [d_inf: 1.0672607, time: 0.03071284294128418 s]].
[policy evaluation iteration 37 [d_inf: 0.9603882, time: 0.0307004451751709 s]].
[policy evaluation iteration 38 [d_inf: 0.8642578, time: 0.0306396484375 s]].
[policy evaluation iteration 39 [d_inf: 0.777771, time: 0.030655622482299805 s]].
[policy evaluation iteration 40 [d_inf: 0.6999512, time: 0.030660152435302734 s]].
[policy evaluation iteration 41 [d_inf: 0.6298828, time: 0.030638694763183594 s]].
[policy evaluation iteration 42 [d_inf: 0.56689453, time: 0.030609607696533203 s]].
[policy evaluation iteration 43 [d_inf: 0.51013184, time: 0.03067755699157715 s]].
[policy evaluation iteration 44 [d_inf: 0.45910645, time: 0.030632734298706055 s]].
[policy evaluation iteration 45 [d_inf: 0.413208, time: 0.03061652183532715 s]].
[policy evaluation iteration 46 [d_inf: 0.3718872, time: 0.03066396713256836 s]].
[policy evaluation iteration 47 [d_inf: 0.3347168, time: 0.030643939971923828 s]].
[policy evaluation iteration 48 [d_inf: 0.3012085, time: 0.030657052993774414 s]].
[policy evaluation iteration 49 [d_inf: 0.27111816, time: 0.030637741088867188 s]].
[policy evaluation iteration 50 [d_inf: 0.24395752, time: 0.030593156814575195 s]].
[policy evaluation iteration 51 [d_inf: 0.21960449, time: 0.030622005462646484 s]].
[policy evaluation iteration 52 [d_inf: 0.19763184, time: 0.030651092529296875 s]].
[policy evaluation iteration 53 [d_inf: 0.17785645, time: 0.03066253662109375 s]].
[policy evaluation iteration 54 [d_inf: 0.16009521, time: 0.030617237091064453 s]].
[policy evaluation iteration 55 [d_inf: 0.144104, time: 0.030649423599243164 s]].
[policy evaluation iteration 56 [d_inf: 0.1296997, time: 0.030609607696533203 s]].
[policy evaluation iteration 57 [d_inf: 0.11669922, time: 0.030627012252807617 s]].
[policy evaluation iteration 58 [d_inf: 0.105041504, time: 0.030629396438598633 s]].
[policy evaluation iteration 59 [d_inf: 0.09454346, time: 0.030640125274658203 s]].
[policy evaluation iteration 60 [d_inf: 0.08508301, time: 0.03063035011291504 s]].
[policy evaluation iteration 61 [d_inf: 0.07659912, time: 0.030655384063720703 s]].
[policy evaluation iteration 62 [d_inf: 0.06890869, time: 0.03067469596862793 s]].
[policy evaluation iteration 63 [d_inf: 0.06201172, time: 0.03067755699157715 s]].
[policy evaluation iteration 64 [d_inf: 0.055847168, time: 0.030667781829833984 s]].
[policy evaluation iteration 65 [d_inf: 0.050231934, time: 0.030657291412353516 s]].
[policy evaluation iteration 66 [d_inf: 0.04522705, time: 0.030645132064819336 s]].
[policy evaluation iteration 67 [d_inf: 0.04071045, time: 0.030645370483398438 s]].
[policy evaluation iteration 68 [d_inf: 0.036621094, time: 0.0306699275970459 s]].
[policy evaluation iteration 69 [d_inf: 0.032958984, time: 0.030627012252807617 s]].
[policy evaluation iteration 70 [d_inf: 0.029663086, time: 0.030642032623291016 s]].
[policy evaluation iteration 71 [d_inf: 0.026733398, time: 0.030663013458251953 s]].
[policy evaluation iteration 72 [d_inf: 0.024047852, time: 0.03067326545715332 s]].
[policy evaluation iteration 73 [d_inf: 0.02166748, time: 0.030643463134765625 s]].
[policy evaluation iteration 74 [d_inf: 0.019470215, time: 0.030607938766479492 s]].
[policy evaluation iteration 75 [d_inf: 0.01751709, time: 0.030645370483398438 s]].
[policy evaluation iteration 76 [d_inf: 0.015808105, time: 0.030675411224365234 s]].
[policy evaluation iteration 77 [d_inf: 0.014221191, time: 0.030668258666992188 s]].
[policy evaluation iteration 78 [d_inf: 0.012817383, time: 0.030625581741333008 s]].
[policy evaluation iteration 79 [d_inf: 0.0115356445, time: 0.030620574951171875 s]].
[policy evaluation iteration 80 [d_inf: 0.010375977, time: 0.0306851863861084 s]].
[policy evaluation iteration 81 [d_inf: 0.009338379, time: 0.030641555786132812 s]].
[policy evaluation iteration 82 [d_inf: 0.008422852, time: 0.03062725067138672 s]].
[policy evaluation iteration 83 [d_inf: 0.0075683594, time: 0.03061532974243164 s]].
[policy evaluation iteration 84 [d_inf: 0.0068359375, time: 0.030629396438598633 s]].
[policy evaluation iteration 85 [d_inf: 0.006134033, time: 0.03064894676208496 s]].
[policy evaluation iteration 86 [d_inf: 0.0055236816, time: 0.03061199188232422 s]].
[policy evaluation iteration 87 [d_inf: 0.005004883, time: 0.030601024627685547 s]].
[policy evaluation iteration 88 [d_inf: 0.0044555664, time: 0.030626773834228516 s]].
[policy evaluation iteration 89 [d_inf: 0.0040283203, time: 0.03063225746154785 s]].
[policy evaluation iteration 90 [d_inf: 0.0036621094, time: 0.030638456344604492 s]].
[policy evaluation iteration 91 [d_inf: 0.0032958984, time: 0.03062915802001953 s]].
[policy evaluation iteration 92 [d_inf: 0.0029296875, time: 0.030655384063720703 s]].
[policy evaluation iteration 93 [d_inf: 0.0026855469, time: 0.0306241512298584 s]].
[policy evaluation iteration 94 [d_inf: 0.002380371, time: 0.03060746192932129 s]].
[policy evaluation iteration 95 [d_inf: 0.0021362305, time: 0.03062915802001953 s]].
[policy evaluation iteration 96 [d_inf: 0.001953125, time: 0.030576229095458984 s]].
[policy evaluation iteration 97 [d_inf: 0.0017700195, time: 0.0306243896484375 s]].
[policy evaluation iteration 98 [d_inf: 0.0015869141, time: 0.03062129020690918 s]].
[policy evaluation iteration 99 [d_inf: 0.0014038086, time: 0.030638456344604492 s]].
[policy evaluation iteration 100 [d_inf: 0.0012817383, time: 0.0306549072265625 s]].
[policy evaluation iteration 101 [d_inf: 0.001159668, time: 0.030638456344604492 s]].
[policy evaluation iteration 102 [d_inf: 0.0010375977, time: 0.030621767044067383 s]].
[policy evaluation iteration 103 [d_inf: 0.0009765625, time: 0.03062295913696289 s]].
[policy evaluation iteration 104 [d_inf: 0.0008544922, time: 0.030631303787231445 s]].
[policy evaluation iteration 105 [d_inf: 0.00079345703, time: 0.030647993087768555 s]].
[policy evaluation iteration 106 [d_inf: 0.0007019043, time: 0.030620574951171875 s]].
[policy evaluation iteration 107 [d_inf: 0.00061035156, time: 0.0306246280670166 s]].
[policy evaluation iteration 108 [d_inf: 0.0005493164, time: 0.030675172805786133 s]].
[policy evaluation iteration 109 [d_inf: 0.0005187988, time: 0.030611753463745117 s]].
[policy evaluation iteration 110 [d_inf: 0.00048828125, time: 0.030638694763183594 s]].
[policy evaluation iteration 111 [d_inf: 0.0004272461, time: 0.03061676025390625 s]].
[policy evaluation iteration 112 [d_inf: 0.00036621094, time: 0.03058028221130371 s]].
[policy evaluation iteration 113 [d_inf: 0.00036621094, time: 0.030566930770874023 s]].
[policy evaluation iteration 114 [d_inf: 0.00030517578, time: 0.03060603141784668 s]].
[policy evaluation iteration 115 [d_inf: 0.00030517578, time: 0.03061842918395996 s]].
[policy evaluation iteration 116 [d_inf: 0.00024414062, time: 0.03061985969543457 s]].
[policy evaluation iteration 117 [d_inf: 0.00024414062, time: 0.030637025833129883 s]].
[policy evaluation iteration 118 [d_inf: 0.00024414062, time: 0.03064751625061035 s]].
[policy evaluation iteration 119 [d_inf: 0.00018310547, time: 0.030633926391601562 s]].
[policy evaluation iteration 120 [d_inf: 0.00018310547, time: 0.030605316162109375 s]].
[policy evaluation iteration 121 [d_inf: 0.00018310547, time: 0.03066396713256836 s]].
[policy evaluation iteration 122 [d_inf: 0.00018310547, time: 0.030629396438598633 s]].
[policy evaluation iteration 123 [d_inf: 0.00012207031, time: 0.030634641647338867 s]].
[policy evaluation iteration 124 [d_inf: 0.00012207031, time: 0.03063178062438965 s]].
[policy evaluation iteration 125 [d_inf: 0.00012207031, time: 0.03067612648010254 s]].
[policy evaluation iteration 126 [d_inf: 0.00012207031, time: 0.030641555786132812 s]].
[policy evaluation iteration 127 [d_inf: 0.00012207031, time: 0.03064250946044922 s]].
[policy evaluation iteration 128 [d_inf: 0.00012207031, time: 0.030694961547851562 s]].
[policy evaluation iteration 129 [d_inf: 0.00012207031, time: 0.03050065040588379 s]].
[policy evaluation iteration 130 [d_inf: 6.1035156e-05, time: 0.030594587326049805 s]].
[policy improvement [policy_stable: False, d_inf: 6.1035156e-05, d_inf < tolerance_v: False, time: 0.33463382720947266 s]].
---
[main iteration 2:]
[policy evaluation iteration 1 [d_inf: 59.364532, time: 0.031716346740722656 s]].
[policy evaluation iteration 2 [d_inf: 14.931, time: 0.031584739685058594 s]].
[policy evaluation iteration 3 [d_inf: 9.121216, time: 0.0313265323638916 s]].
[policy evaluation iteration 4 [d_inf: 7.5360107, time: 0.030927419662475586 s]].
[policy evaluation iteration 5 [d_inf: 6.6950073, time: 0.03072810173034668 s]].
[policy evaluation iteration 6 [d_inf: 5.9849854, time: 0.030727624893188477 s]].
[policy evaluation iteration 7 [d_inf: 5.368469, time: 0.030706167221069336 s]].
[policy evaluation iteration 8 [d_inf: 4.8184204, time: 0.03065633773803711 s]].
[policy evaluation iteration 9 [d_inf: 4.3236694, time: 0.030692577362060547 s]].
[policy evaluation iteration 10 [d_inf: 3.8827515, time: 0.030678987503051758 s]].
[policy evaluation iteration 11 [d_inf: 3.491455, time: 0.030635595321655273 s]].
[policy evaluation iteration 12 [d_inf: 3.1393433, time: 0.030666589736938477 s]].
[policy evaluation iteration 13 [d_inf: 2.8185425, time: 0.030631542205810547 s]].
[policy evaluation iteration 14 [d_inf: 2.527832, time: 0.030689001083374023 s]].
[policy evaluation iteration 15 [d_inf: 2.265564, time: 0.030680179595947266 s]].
[policy evaluation iteration 16 [d_inf: 2.0299683, time: 0.030846357345581055 s]].
[policy evaluation iteration 17 [d_inf: 1.8189697, time: 0.03076004981994629 s]].
[policy evaluation iteration 18 [d_inf: 1.630188, time: 0.030687808990478516 s]].
[policy evaluation iteration 19 [d_inf: 1.4614868, time: 0.030694246292114258 s]].
[policy evaluation iteration 20 [d_inf: 1.310852, time: 0.030736207962036133 s]].
[policy evaluation iteration 21 [d_inf: 1.1760864, time: 0.030705928802490234 s]].
[policy evaluation iteration 22 [d_inf: 1.0557251, time: 0.030675888061523438 s]].
[policy evaluation iteration 23 [d_inf: 0.94799805, time: 0.030672311782836914 s]].
[policy evaluation iteration 24 [d_inf: 0.8515625, time: 0.030647754669189453 s]].
[policy evaluation iteration 25 [d_inf: 0.76519775, time: 0.030710697174072266 s]].
[policy evaluation iteration 26 [d_inf: 0.68774414, time: 0.03067803382873535 s]].
[policy evaluation iteration 27 [d_inf: 0.6182251, time: 0.030650615692138672 s]].
[policy evaluation iteration 28 [d_inf: 0.55596924, time: 0.03065180778503418 s]].
[policy evaluation iteration 29 [d_inf: 0.49993896, time: 0.030902624130249023 s]].
[policy evaluation iteration 30 [d_inf: 0.449646, time: 0.03089737892150879 s]].
[policy evaluation iteration 31 [d_inf: 0.40454102, time: 0.03088831901550293 s]].
[policy evaluation iteration 32 [d_inf: 0.3638916, time: 0.030904531478881836 s]].
[policy evaluation iteration 33 [d_inf: 0.32739258, time: 0.03090071678161621 s]].
[policy evaluation iteration 34 [d_inf: 0.29455566, time: 0.03085017204284668 s]].
[policy evaluation iteration 35 [d_inf: 0.26507568, time: 0.03085780143737793 s]].
[policy evaluation iteration 36 [d_inf: 0.23852539, time: 0.030908584594726562 s]].
[policy evaluation iteration 37 [d_inf: 0.21466064, time: 0.030882596969604492 s]].
[policy evaluation iteration 38 [d_inf: 0.19317627, time: 0.03086066246032715 s]].
[policy evaluation iteration 39 [d_inf: 0.17382812, time: 0.03090524673461914 s]].
[policy evaluation iteration 40 [d_inf: 0.1564331, time: 0.030875205993652344 s]].
[policy evaluation iteration 41 [d_inf: 0.1408081, time: 0.030872106552124023 s]].
[policy evaluation iteration 42 [d_inf: 0.12670898, time: 0.030924558639526367 s]].
[policy evaluation iteration 43 [d_inf: 0.11401367, time: 0.030902862548828125 s]].
[policy evaluation iteration 44 [d_inf: 0.1026001, time: 0.030870676040649414 s]].
[policy evaluation iteration 45 [d_inf: 0.09234619, time: 0.030950069427490234 s]].
[policy evaluation iteration 46 [d_inf: 0.08312988, time: 0.030892372131347656 s]].
[policy evaluation iteration 47 [d_inf: 0.0748291, time: 0.03090524673461914 s]].
[policy evaluation iteration 48 [d_inf: 0.06732178, time: 0.03090190887451172 s]].
[policy evaluation iteration 49 [d_inf: 0.06060791, time: 0.030954360961914062 s]].
[policy evaluation iteration 50 [d_inf: 0.05456543, time: 0.030960798263549805 s]].
[policy evaluation iteration 51 [d_inf: 0.049072266, time: 0.030907869338989258 s]].
[policy evaluation iteration 52 [d_inf: 0.044189453, time: 0.030939579010009766 s]].
[policy evaluation iteration 53 [d_inf: 0.039794922, time: 0.03090500831604004 s]].
[policy evaluation iteration 54 [d_inf: 0.035827637, time: 0.030920743942260742 s]].
[policy evaluation iteration 55 [d_inf: 0.032226562, time: 0.030915498733520508 s]].
[policy evaluation iteration 56 [d_inf: 0.0289917, time: 0.031049251556396484 s]].
[policy evaluation iteration 57 [d_inf: 0.026123047, time: 0.031040668487548828 s]].
[policy evaluation iteration 58 [d_inf: 0.023498535, time: 0.030991792678833008 s]].
[policy evaluation iteration 59 [d_inf: 0.0211792, time: 0.030938386917114258 s]].
[policy evaluation iteration 60 [d_inf: 0.019042969, time: 0.030930280685424805 s]].
[policy evaluation iteration 61 [d_inf: 0.017150879, time: 0.030914306640625 s]].
[policy evaluation iteration 62 [d_inf: 0.0154418945, time: 0.03094649314880371 s]].
[policy evaluation iteration 63 [d_inf: 0.013916016, time: 0.030888080596923828 s]].
[policy evaluation iteration 64 [d_inf: 0.012512207, time: 0.030902385711669922 s]].
[policy evaluation iteration 65 [d_inf: 0.011291504, time: 0.030920743942260742 s]].
[policy evaluation iteration 66 [d_inf: 0.010131836, time: 0.030909299850463867 s]].
[policy evaluation iteration 67 [d_inf: 0.009155273, time: 0.030888795852661133 s]].
[policy evaluation iteration 68 [d_inf: 0.008239746, time: 0.03086566925048828 s]].
[policy evaluation iteration 69 [d_inf: 0.007385254, time: 0.030814409255981445 s]].
[policy evaluation iteration 70 [d_inf: 0.006652832, time: 0.030790328979492188 s]].
[policy evaluation iteration 71 [d_inf: 0.0059814453, time: 0.030781984329223633 s]].
[policy evaluation iteration 72 [d_inf: 0.0054016113, time: 0.03079509735107422 s]].
[policy evaluation iteration 73 [d_inf: 0.0048828125, time: 0.030785322189331055 s]].
[policy evaluation iteration 74 [d_inf: 0.0043945312, time: 0.030785799026489258 s]].
[policy evaluation iteration 75 [d_inf: 0.003967285, time: 0.03083944320678711 s]].
[policy evaluation iteration 76 [d_inf: 0.003540039, time: 0.030748844146728516 s]].
[policy evaluation iteration 77 [d_inf: 0.0032348633, time: 0.03085017204284668 s]].
[policy evaluation iteration 78 [d_inf: 0.0028686523, time: 0.030825138092041016 s]].
[policy evaluation iteration 79 [d_inf: 0.0026245117, time: 0.0307767391204834 s]].
[policy evaluation iteration 80 [d_inf: 0.002319336, time: 0.030774354934692383 s]].
[policy evaluation iteration 81 [d_inf: 0.0021362305, time: 0.0308077335357666 s]].
[policy evaluation iteration 82 [d_inf: 0.0018920898, time: 0.03083062171936035 s]].
[policy evaluation iteration 83 [d_inf: 0.0017089844, time: 0.030711650848388672 s]].
[policy evaluation iteration 84 [d_inf: 0.0015258789, time: 0.030391693115234375 s]].
[policy evaluation iteration 85 [d_inf: 0.0014038086, time: 0.030406713485717773 s]].
[policy evaluation iteration 86 [d_inf: 0.0012817383, time: 0.030393600463867188 s]].
[policy evaluation iteration 87 [d_inf: 0.001159668, time: 0.030402421951293945 s]].
[policy evaluation iteration 88 [d_inf: 0.0010375977, time: 0.030425071716308594 s]].
[policy evaluation iteration 89 [d_inf: 0.00091552734, time: 0.03043985366821289 s]].
[policy evaluation iteration 90 [d_inf: 0.0008544922, time: 0.030435800552368164 s]].
[policy evaluation iteration 91 [d_inf: 0.0007324219, time: 0.03042006492614746 s]].
[policy evaluation iteration 92 [d_inf: 0.0006713867, time: 0.0303952693939209 s]].
[policy evaluation iteration 93 [d_inf: 0.00061035156, time: 0.030391693115234375 s]].
[policy evaluation iteration 94 [d_inf: 0.0005493164, time: 0.030397415161132812 s]].
[policy evaluation iteration 95 [d_inf: 0.00048828125, time: 0.030390501022338867 s]].
[policy evaluation iteration 96 [d_inf: 0.00048828125, time: 0.0304262638092041 s]].
[policy evaluation iteration 97 [d_inf: 0.0004272461, time: 0.03051447868347168 s]].
[policy evaluation iteration 98 [d_inf: 0.00036621094, time: 0.03056955337524414 s]].
[policy evaluation iteration 99 [d_inf: 0.00036621094, time: 0.030423402786254883 s]].
[policy evaluation iteration 100 [d_inf: 0.00030517578, time: 0.030393362045288086 s]].
[policy evaluation iteration 101 [d_inf: 0.00030517578, time: 0.030426502227783203 s]].
[policy evaluation iteration 102 [d_inf: 0.00024414062, time: 0.030405759811401367 s]].
[policy evaluation iteration 103 [d_inf: 0.00024414062, time: 0.030402660369873047 s]].
[policy evaluation iteration 104 [d_inf: 0.00024414062, time: 0.030400753021240234 s]].
[policy evaluation iteration 105 [d_inf: 0.00018310547, time: 0.03036665916442871 s]].
[policy evaluation iteration 106 [d_inf: 0.00018310547, time: 0.030405759811401367 s]].
[policy evaluation iteration 107 [d_inf: 0.00018310547, time: 0.030463218688964844 s]].
[policy evaluation iteration 108 [d_inf: 0.00018310547, time: 0.030415773391723633 s]].
[policy evaluation iteration 109 [d_inf: 0.00012207031, time: 0.030411243438720703 s]].
[policy evaluation iteration 110 [d_inf: 0.00012207031, time: 0.0304107666015625 s]].
[policy evaluation iteration 111 [d_inf: 0.00012207031, time: 0.030428171157836914 s]].
[policy evaluation iteration 112 [d_inf: 0.00012207031, time: 0.030376195907592773 s]].
[policy evaluation iteration 113 [d_inf: 0.00012207031, time: 0.030390024185180664 s]].
[policy evaluation iteration 114 [d_inf: 0.00012207031, time: 0.030438661575317383 s]].
[policy evaluation iteration 115 [d_inf: 6.1035156e-05, time: 0.030503034591674805 s]].
[policy improvement [policy_stable: False, d_inf: 6.1035156e-05, d_inf < tolerance_v: False, time: 0.3333323001861572 s]].
---
[main iteration 3:]
[policy evaluation iteration 1 [d_inf: 3.0339355, time: 0.03155970573425293 s]].
[policy evaluation iteration 2 [d_inf: 1.0498047, time: 0.031371355056762695 s]].
[policy evaluation iteration 3 [d_inf: 0.4128418, time: 0.03109002113342285 s]].
[policy evaluation iteration 4 [d_inf: 0.29260254, time: 0.03067755699157715 s]].
[policy evaluation iteration 5 [d_inf: 0.2477417, time: 0.03057861328125 s]].
[policy evaluation iteration 6 [d_inf: 0.20977783, time: 0.03052520751953125 s]].
[policy evaluation iteration 7 [d_inf: 0.18023682, time: 0.030553579330444336 s]].
[policy evaluation iteration 8 [d_inf: 0.15551758, time: 0.030542612075805664 s]].
[policy evaluation iteration 9 [d_inf: 0.1373291, time: 0.03050541877746582 s]].
[policy evaluation iteration 10 [d_inf: 0.120910645, time: 0.030468225479125977 s]].
[policy evaluation iteration 11 [d_inf: 0.10412598, time: 0.030501842498779297 s]].
[policy evaluation iteration 12 [d_inf: 0.088012695, time: 0.030566692352294922 s]].
[policy evaluation iteration 13 [d_inf: 0.07336426, time: 0.03046107292175293 s]].
[policy evaluation iteration 14 [d_inf: 0.060668945, time: 0.030577898025512695 s]].
[policy evaluation iteration 15 [d_inf: 0.049926758, time: 0.030493497848510742 s]].
[policy evaluation iteration 16 [d_inf: 0.041015625, time: 0.030450105667114258 s]].
[policy evaluation iteration 17 [d_inf: 0.03375244, time: 0.030499935150146484 s]].
[policy evaluation iteration 18 [d_inf: 0.027893066, time: 0.030426025390625 s]].
[policy evaluation iteration 19 [d_inf: 0.023254395, time: 0.030489444732666016 s]].
[policy evaluation iteration 20 [d_inf: 0.01940918, time: 0.030579090118408203 s]].
[policy evaluation iteration 21 [d_inf: 0.016296387, time: 0.030581951141357422 s]].
[policy evaluation iteration 22 [d_inf: 0.013916016, time: 0.03053426742553711 s]].
[policy evaluation iteration 23 [d_inf: 0.01184082, time: 0.030495643615722656 s]].
[policy evaluation iteration 24 [d_inf: 0.010192871, time: 0.030504226684570312 s]].
[policy evaluation iteration 25 [d_inf: 0.008911133, time: 0.030419349670410156 s]].
[policy evaluation iteration 26 [d_inf: 0.0076904297, time: 0.03046417236328125 s]].
[policy evaluation iteration 27 [d_inf: 0.0067749023, time: 0.030432939529418945 s]].
[policy evaluation iteration 28 [d_inf: 0.0059814453, time: 0.030488252639770508 s]].
[policy evaluation iteration 29 [d_inf: 0.0052490234, time: 0.030491113662719727 s]].
[policy evaluation iteration 30 [d_inf: 0.004699707, time: 0.030605316162109375 s]].
[policy evaluation iteration 31 [d_inf: 0.0041503906, time: 0.03058481216430664 s]].
[policy evaluation iteration 32 [d_inf: 0.0037231445, time: 0.030569791793823242 s]].
[policy evaluation iteration 33 [d_inf: 0.0032958984, time: 0.030570507049560547 s]].
[policy evaluation iteration 34 [d_inf: 0.0029907227, time: 0.03051924705505371 s]].
[policy evaluation iteration 35 [d_inf: 0.0026855469, time: 0.03053569793701172 s]].
[policy evaluation iteration 36 [d_inf: 0.002380371, time: 0.030523061752319336 s]].
[policy evaluation iteration 37 [d_inf: 0.0021362305, time: 0.030575037002563477 s]].
[policy evaluation iteration 38 [d_inf: 0.001953125, time: 0.030534744262695312 s]].
[policy evaluation iteration 39 [d_inf: 0.0017700195, time: 0.03058028221130371 s]].
[policy evaluation iteration 40 [d_inf: 0.0015869141, time: 0.03050684928894043 s]].
[policy evaluation iteration 41 [d_inf: 0.0014038086, time: 0.030467510223388672 s]].
[policy evaluation iteration 42 [d_inf: 0.0012817383, time: 0.030464887619018555 s]].
[policy evaluation iteration 43 [d_inf: 0.001159668, time: 0.030434846878051758 s]].
[policy evaluation iteration 44 [d_inf: 0.0010375977, time: 0.030478715896606445 s]].
[policy evaluation iteration 45 [d_inf: 0.00091552734, time: 0.030487060546875 s]].
[policy evaluation iteration 46 [d_inf: 0.0008544922, time: 0.030461549758911133 s]].
[policy evaluation iteration 47 [d_inf: 0.00079345703, time: 0.030533313751220703 s]].
[policy evaluation iteration 48 [d_inf: 0.0006713867, time: 0.03049325942993164 s]].
[policy evaluation iteration 49 [d_inf: 0.00061035156, time: 0.030475378036499023 s]].
[policy evaluation iteration 50 [d_inf: 0.0005493164, time: 0.03048419952392578 s]].
[policy evaluation iteration 51 [d_inf: 0.00048828125, time: 0.03049015998840332 s]].
[policy evaluation iteration 52 [d_inf: 0.00048828125, time: 0.03046894073486328 s]].
[policy evaluation iteration 53 [d_inf: 0.0004272461, time: 0.030641794204711914 s]].
[policy evaluation iteration 54 [d_inf: 0.00036621094, time: 0.030579090118408203 s]].
[policy evaluation iteration 55 [d_inf: 0.00036621094, time: 0.03054213523864746 s]].
[policy evaluation iteration 56 [d_inf: 0.00030517578, time: 0.03051280975341797 s]].
[policy evaluation iteration 57 [d_inf: 0.00030517578, time: 0.03053593635559082 s]].
[policy evaluation iteration 58 [d_inf: 0.00024414062, time: 0.030498266220092773 s]].
[policy evaluation iteration 59 [d_inf: 0.00024414062, time: 0.030545949935913086 s]].
[policy evaluation iteration 60 [d_inf: 0.00024414062, time: 0.030521154403686523 s]].
[policy evaluation iteration 61 [d_inf: 0.00018310547, time: 0.030486106872558594 s]].
[policy evaluation iteration 62 [d_inf: 0.00018310547, time: 0.030534982681274414 s]].
[policy evaluation iteration 63 [d_inf: 0.00018310547, time: 0.030553340911865234 s]].
[policy evaluation iteration 64 [d_inf: 0.00018310547, time: 0.030606746673583984 s]].
[policy evaluation iteration 65 [d_inf: 0.00012207031, time: 0.030628681182861328 s]].
[policy evaluation iteration 66 [d_inf: 0.00012207031, time: 0.030553579330444336 s]].
[policy evaluation iteration 67 [d_inf: 0.00012207031, time: 0.03054642677307129 s]].
[policy evaluation iteration 68 [d_inf: 0.00012207031, time: 0.030580997467041016 s]].
[policy evaluation iteration 69 [d_inf: 0.00012207031, time: 0.0305328369140625 s]].
[policy evaluation iteration 70 [d_inf: 0.00012207031, time: 0.030596256256103516 s]].
[policy evaluation iteration 71 [d_inf: 0.00012207031, time: 0.030565500259399414 s]].
[policy evaluation iteration 72 [d_inf: 6.1035156e-05, time: 0.03057098388671875 s]].
[policy improvement [policy_stable: False, d_inf: 6.1035156e-05, d_inf < tolerance_v: False, time: 0.3323986530303955 s]].
---
[main iteration 4:]
[policy evaluation iteration 1 [d_inf: 0.21099854, time: 0.031484127044677734 s]].
[policy evaluation iteration 2 [d_inf: 0.01928711, time: 0.03127145767211914 s]].
[policy evaluation iteration 3 [d_inf: 0.005432129, time: 0.03110337257385254 s]].
[policy evaluation iteration 4 [d_inf: 0.00390625, time: 0.030668973922729492 s]].
[policy evaluation iteration 5 [d_inf: 0.002746582, time: 0.030548095703125 s]].
[policy evaluation iteration 6 [d_inf: 0.001953125, time: 0.030569791793823242 s]].
[policy evaluation iteration 7 [d_inf: 0.0015258789, time: 0.03057861328125 s]].
[policy evaluation iteration 8 [d_inf: 0.0010986328, time: 0.03057718276977539 s]].
[policy evaluation iteration 9 [d_inf: 0.00091552734, time: 0.03057241439819336 s]].
[policy evaluation iteration 10 [d_inf: 0.0006713867, time: 0.030554533004760742 s]].
[policy evaluation iteration 11 [d_inf: 0.0005493164, time: 0.03068399429321289 s]].
[policy evaluation iteration 12 [d_inf: 0.0004272461, time: 0.03054952621459961 s]].
[policy evaluation iteration 13 [d_inf: 0.00036621094, time: 0.03050684928894043 s]].
[policy evaluation iteration 14 [d_inf: 0.00024414062, time: 0.030498266220092773 s]].
[policy evaluation iteration 15 [d_inf: 0.00018310547, time: 0.030469179153442383 s]].
[policy evaluation iteration 16 [d_inf: 0.00018310547, time: 0.030465126037597656 s]].
[policy evaluation iteration 17 [d_inf: 0.00012207031, time: 0.0304872989654541 s]].
[policy evaluation iteration 18 [d_inf: 0.00012207031, time: 0.0304567813873291 s]].
[policy evaluation iteration 19 [d_inf: 0.00012207031, time: 0.030511140823364258 s]].
[policy evaluation iteration 20 [d_inf: 6.1035156e-05, time: 0.030523300170898438 s]].
[policy improvement [policy_stable: True, d_inf: 6.1035156e-05, d_inf < tolerance_v: False, time: 0.3325624465942383 s]].
JCR PI CONTRACTION NUMPY DONE. [d_inf: 6.1035156e-05, main iterations: 4, evaluation iterations total: 337, time: 11.670244216918945 s]
JCR PI CONTRACTION CUDA REDUCEMAX... [gamma: 0.9, eps: 0.0001, tolerance_v: 1e-07, lazy_stop_check: 1, tpb: 512]
[bpg: 441 (implied by number of states)]
---
[main iteration 1:]
[policy evaluation iteration 1 [d_inf: 70.0, time: 0.00019812583923339844 s]].
[policy evaluation iteration 2 [d_inf: 58.87755, time: 2.9802322387695312e-05 s]].
[policy evaluation iteration 3 [d_inf: 52.439888, time: 2.288818359375e-05 s]].
[policy evaluation iteration 4 [d_inf: 45.616302, time: 2.1696090698242188e-05 s]].
[policy evaluation iteration 5 [d_inf: 38.978973, time: 2.3126602172851562e-05 s]].
[policy evaluation iteration 6 [d_inf: 33.201447, time: 2.09808349609375e-05 s]].
[policy evaluation iteration 7 [d_inf: 28.411926, time: 2.0742416381835938e-05 s]].
[policy evaluation iteration 8 [d_inf: 24.497131, time: 2.0742416381835938e-05 s]].
[policy evaluation iteration 9 [d_inf: 21.286865, time: 1.8835067749023438e-05 s]].
[policy evaluation iteration 10 [d_inf: 18.624817, time: 1.9073486328125e-05 s]].
[policy evaluation iteration 11 [d_inf: 16.388062, time: 1.9311904907226562e-05 s]].
[policy evaluation iteration 12 [d_inf: 14.484894, time: 1.9311904907226562e-05 s]].
[policy evaluation iteration 13 [d_inf: 12.848114, time: 1.9550323486328125e-05 s]].
[policy evaluation iteration 14 [d_inf: 11.4279785, time: 1.9073486328125e-05 s]].
[policy evaluation iteration 15 [d_inf: 10.187317, time: 1.8596649169921875e-05 s]].
[policy evaluation iteration 16 [d_inf: 9.0980835, time: 1.8358230590820312e-05 s]].
[policy evaluation iteration 17 [d_inf: 8.136536, time: 1.811981201171875e-05 s]].
[policy evaluation iteration 18 [d_inf: 7.2848206, time: 1.9311904907226562e-05 s]].
[policy evaluation iteration 19 [d_inf: 6.5281677, time: 1.8358230590820312e-05 s]].
[policy evaluation iteration 20 [d_inf: 5.8544617, time: 1.8358230590820312e-05 s]].
[policy evaluation iteration 21 [d_inf: 5.253479, time: 1.8835067749023438e-05 s]].
[policy evaluation iteration 22 [d_inf: 4.7165833, time: 2.9325485229492188e-05 s]].
[policy evaluation iteration 23 [d_inf: 4.236389, time: 1.8835067749023438e-05 s]].
[policy evaluation iteration 24 [d_inf: 3.8063354, time: 1.8835067749023438e-05 s]].
[policy evaluation iteration 25 [d_inf: 3.4209595, time: 1.811981201171875e-05 s]].
[policy evaluation iteration 26 [d_inf: 3.0753784, time: 1.8358230590820312e-05 s]].
[policy evaluation iteration 27 [d_inf: 2.7651367, time: 1.9550323486328125e-05 s]].
[policy evaluation iteration 28 [d_inf: 2.4866943, time: 1.8596649169921875e-05 s]].
[policy evaluation iteration 29 [d_inf: 2.2364502, time: 1.9073486328125e-05 s]].
[policy evaluation iteration 30 [d_inf: 2.0118408, time: 1.8835067749023438e-05 s]].
[policy evaluation iteration 31 [d_inf: 1.8098145, time: 1.8835067749023438e-05 s]].
[policy evaluation iteration 32 [d_inf: 1.6281738, time: 1.811981201171875e-05 s]].
[policy evaluation iteration 33 [d_inf: 1.4649658, time: 1.8835067749023438e-05 s]].
[policy evaluation iteration 34 [d_inf: 1.3181152, time: 1.8596649169921875e-05 s]].
[policy evaluation iteration 35 [d_inf: 1.1860352, time: 1.9311904907226562e-05 s]].
[policy evaluation iteration 36 [d_inf: 1.0672607, time: 1.8358230590820312e-05 s]].
[policy evaluation iteration 37 [d_inf: 0.9603882, time: 1.811981201171875e-05 s]].
[policy evaluation iteration 38 [d_inf: 0.8642578, time: 1.8358230590820312e-05 s]].
[policy evaluation iteration 39 [d_inf: 0.777771, time: 1.7642974853515625e-05 s]].
[policy evaluation iteration 40 [d_inf: 0.6999512, time: 1.8835067749023438e-05 s]].
[policy evaluation iteration 41 [d_inf: 0.62994385, time: 1.8596649169921875e-05 s]].
[policy evaluation iteration 42 [d_inf: 0.56689453, time: 1.9550323486328125e-05 s]].
[policy evaluation iteration 43 [d_inf: 0.5101929, time: 1.8358230590820312e-05 s]].
[policy evaluation iteration 44 [d_inf: 0.45916748, time: 1.8358230590820312e-05 s]].
[policy evaluation iteration 45 [d_inf: 0.41326904, time: 1.811981201171875e-05 s]].
[policy evaluation iteration 46 [d_inf: 0.37194824, time: 1.7881393432617188e-05 s]].
[policy evaluation iteration 47 [d_inf: 0.3347168, time: 1.7881393432617188e-05 s]].
[policy evaluation iteration 48 [d_inf: 0.30126953, time: 1.7881393432617188e-05 s]].
[policy evaluation iteration 49 [d_inf: 0.27111816, time: 1.811981201171875e-05 s]].
[policy evaluation iteration 50 [d_inf: 0.24401855, time: 2.1457672119140625e-05 s]].
[policy evaluation iteration 51 [d_inf: 0.21960449, time: 1.7881393432617188e-05 s]].
[policy evaluation iteration 52 [d_inf: 0.19763184, time: 1.8358230590820312e-05 s]].
[policy evaluation iteration 53 [d_inf: 0.17791748, time: 1.8596649169921875e-05 s]].
[policy evaluation iteration 54 [d_inf: 0.16015625, time: 1.8835067749023438e-05 s]].
[policy evaluation iteration 55 [d_inf: 0.144104, time: 1.8358230590820312e-05 s]].
[policy evaluation iteration 56 [d_inf: 0.1296997, time: 1.7642974853515625e-05 s]].
[policy evaluation iteration 57 [d_inf: 0.116760254, time: 1.8358230590820312e-05 s]].
[policy evaluation iteration 58 [d_inf: 0.10510254, time: 1.8358230590820312e-05 s]].
[policy evaluation iteration 59 [d_inf: 0.09460449, time: 1.8358230590820312e-05 s]].
[policy evaluation iteration 60 [d_inf: 0.085113525, time: 1.8358230590820312e-05 s]].
[policy evaluation iteration 61 [d_inf: 0.076660156, time: 1.8596649169921875e-05 s]].
[policy evaluation iteration 62 [d_inf: 0.06896973, time: 1.7881393432617188e-05 s]].
[policy evaluation iteration 63 [d_inf: 0.062072754, time: 1.811981201171875e-05 s]].
[policy evaluation iteration 64 [d_inf: 0.055908203, time: 1.811981201171875e-05 s]].
[policy evaluation iteration 65 [d_inf: 0.05029297, time: 1.811981201171875e-05 s]].
[policy evaluation iteration 66 [d_inf: 0.045288086, time: 1.811981201171875e-05 s]].
[policy evaluation iteration 67 [d_inf: 0.040771484, time: 1.7881393432617188e-05 s]].
[policy evaluation iteration 68 [d_inf: 0.03668213, time: 1.7881393432617188e-05 s]].
[policy evaluation iteration 69 [d_inf: 0.03302002, time: 1.8358230590820312e-05 s]].
[policy evaluation iteration 70 [d_inf: 0.029785156, time: 1.7881393432617188e-05 s]].
[policy evaluation iteration 71 [d_inf: 0.026733398, time: 1.811981201171875e-05 s]].
[policy evaluation iteration 72 [d_inf: 0.024108887, time: 1.7881393432617188e-05 s]].
[policy evaluation iteration 73 [d_inf: 0.021728516, time: 1.7881393432617188e-05 s]].
[policy evaluation iteration 74 [d_inf: 0.01953125, time: 1.8596649169921875e-05 s]].
[policy evaluation iteration 75 [d_inf: 0.017578125, time: 1.8358230590820312e-05 s]].
[policy evaluation iteration 76 [d_inf: 0.015808105, time: 1.7642974853515625e-05 s]].
[policy evaluation iteration 77 [d_inf: 0.014221191, time: 1.8596649169921875e-05 s]].
[policy evaluation iteration 78 [d_inf: 0.012817383, time: 2.0503997802734375e-05 s]].
[policy evaluation iteration 79 [d_inf: 0.01159668, time: 1.811981201171875e-05 s]].
[policy evaluation iteration 80 [d_inf: 0.010375977, time: 1.7642974853515625e-05 s]].
[policy evaluation iteration 81 [d_inf: 0.009399414, time: 1.811981201171875e-05 s]].
[policy evaluation iteration 82 [d_inf: 0.008422852, time: 1.8358230590820312e-05 s]].
[policy evaluation iteration 83 [d_inf: 0.0076293945, time: 1.811981201171875e-05 s]].
[policy evaluation iteration 84 [d_inf: 0.0068359375, time: 1.8358230590820312e-05 s]].
[policy evaluation iteration 85 [d_inf: 0.006164551, time: 1.811981201171875e-05 s]].
[policy evaluation iteration 86 [d_inf: 0.0056152344, time: 1.8835067749023438e-05 s]].
[policy evaluation iteration 87 [d_inf: 0.005004883, time: 1.8835067749023438e-05 s]].
[policy evaluation iteration 88 [d_inf: 0.0045166016, time: 1.8835067749023438e-05 s]].
[policy evaluation iteration 89 [d_inf: 0.0040893555, time: 1.8596649169921875e-05 s]].
[policy evaluation iteration 90 [d_inf: 0.0036621094, time: 1.7881393432617188e-05 s]].
[policy evaluation iteration 91 [d_inf: 0.0032958984, time: 1.7642974853515625e-05 s]].
[policy evaluation iteration 92 [d_inf: 0.0029907227, time: 1.7881393432617188e-05 s]].
[policy evaluation iteration 93 [d_inf: 0.0026855469, time: 1.7881393432617188e-05 s]].
[policy evaluation iteration 94 [d_inf: 0.0024414062, time: 1.8358230590820312e-05 s]].
[policy evaluation iteration 95 [d_inf: 0.0021972656, time: 1.7881393432617188e-05 s]].
[policy evaluation iteration 96 [d_inf: 0.001953125, time: 1.811981201171875e-05 s]].
[policy evaluation iteration 97 [d_inf: 0.0017700195, time: 2.574920654296875e-05 s]].
[policy evaluation iteration 98 [d_inf: 0.0015869141, time: 1.811981201171875e-05 s]].
[policy evaluation iteration 99 [d_inf: 0.0014648438, time: 1.7881393432617188e-05 s]].
[policy evaluation iteration 100 [d_inf: 0.0013427734, time: 1.7642974853515625e-05 s]].
[policy evaluation iteration 101 [d_inf: 0.0012207031, time: 1.811981201171875e-05 s]].
[policy evaluation iteration 102 [d_inf: 0.0010986328, time: 1.8358230590820312e-05 s]].
[policy evaluation iteration 103 [d_inf: 0.0009765625, time: 1.811981201171875e-05 s]].
[policy evaluation iteration 104 [d_inf: 0.0008544922, time: 1.811981201171875e-05 s]].
[policy evaluation iteration 105 [d_inf: 0.0008544922, time: 1.8596649169921875e-05 s]].
[policy evaluation iteration 106 [d_inf: 0.0007324219, time: 1.811981201171875e-05 s]].
[policy evaluation iteration 107 [d_inf: 0.0006713867, time: 1.9073486328125e-05 s]].
[policy evaluation iteration 108 [d_inf: 0.00061035156, time: 1.8358230590820312e-05 s]].
[policy evaluation iteration 109 [d_inf: 0.00061035156, time: 1.8596649169921875e-05 s]].
[policy evaluation iteration 110 [d_inf: 0.00048828125, time: 1.8358230590820312e-05 s]].
[policy evaluation iteration 111 [d_inf: 0.00048828125, time: 1.7881393432617188e-05 s]].
[policy evaluation iteration 112 [d_inf: 0.0004272461, time: 1.7881393432617188e-05 s]].
[policy evaluation iteration 113 [d_inf: 0.00036621094, time: 1.8596649169921875e-05 s]].
[policy evaluation iteration 114 [d_inf: 0.00036621094, time: 1.8835067749023438e-05 s]].
[policy evaluation iteration 115 [d_inf: 0.00036621094, time: 1.8835067749023438e-05 s]].
[policy evaluation iteration 116 [d_inf: 0.0002746582, time: 1.9073486328125e-05 s]].
[policy evaluation iteration 117 [d_inf: 0.00024414062, time: 1.811981201171875e-05 s]].
[policy evaluation iteration 118 [d_inf: 0.00024414062, time: 1.8358230590820312e-05 s]].
[policy evaluation iteration 119 [d_inf: 0.00024414062, time: 1.8596649169921875e-05 s]].
[policy evaluation iteration 120 [d_inf: 0.00024414062, time: 1.8358230590820312e-05 s]].
[policy evaluation iteration 121 [d_inf: 0.00024414062, time: 1.8358230590820312e-05 s]].
[policy evaluation iteration 122 [d_inf: 0.00018310547, time: 1.8358230590820312e-05 s]].
[policy evaluation iteration 123 [d_inf: 0.00015258789, time: 1.8358230590820312e-05 s]].
[policy evaluation iteration 124 [d_inf: 0.00015258789, time: 1.811981201171875e-05 s]].
[policy evaluation iteration 125 [d_inf: 0.00012207031, time: 1.7881393432617188e-05 s]].
[policy evaluation iteration 126 [d_inf: 0.00012207031, time: 1.7881393432617188e-05 s]].
[policy evaluation iteration 127 [d_inf: 0.00012207031, time: 1.7881393432617188e-05 s]].
[policy evaluation iteration 128 [d_inf: 0.00012207031, time: 1.811981201171875e-05 s]].
[policy evaluation iteration 129 [d_inf: 0.00012207031, time: 1.7881393432617188e-05 s]].
[policy evaluation iteration 130 [d_inf: 0.00012207031, time: 1.7642974853515625e-05 s]].
[policy evaluation iteration 131 [d_inf: 0.00012207031, time: 1.811981201171875e-05 s]].
[policy evaluation iteration 132 [d_inf: 0.00012207031, time: 1.811981201171875e-05 s]].
[policy evaluation iteration 133 [d_inf: 0.00012207031, time: 1.7881393432617188e-05 s]].
[policy evaluation iteration 134 [d_inf: 0.00012207031, time: 1.811981201171875e-05 s]].
[policy evaluation iteration 135 [d_inf: 0.00012207031, time: 1.9311904907226562e-05 s]].
[policy evaluation iteration 136 [d_inf: 0.00012207031, time: 1.811981201171875e-05 s]].
[policy evaluation iteration 137 [d_inf: 0.00012207031, time: 1.7642974853515625e-05 s]].
[policy evaluation iteration 138 [d_inf: 0.00012207031, time: 1.811981201171875e-05 s]].
[policy evaluation iteration 139 [d_inf: 0.00012207031, time: 1.7642974853515625e-05 s]].
[policy evaluation iteration 140 [d_inf: 0.00012207031, time: 1.811981201171875e-05 s]].
[policy evaluation iteration 141 [d_inf: 0.00012207031, time: 1.7881393432617188e-05 s]].
[policy evaluation iteration 142 [d_inf: 0.00012207031, time: 1.7881393432617188e-05 s]].
[policy evaluation iteration 143 [d_inf: 6.1035156e-05, time: 1.8596649169921875e-05 s]].
[policy improvement [policy_stable: False, d_inf: 6.1035156e-05, d_inf < tolerance_v: False, time: 0.0008141994476318359 s]].
---
[main iteration 2:]
[policy evaluation iteration 1 [d_inf: 59.36447, time: 2.1219253540039062e-05 s]].
[policy evaluation iteration 2 [d_inf: 14.930969, time: 1.9073486328125e-05 s]].
[policy evaluation iteration 3 [d_inf: 9.121185, time: 1.8835067749023438e-05 s]].
[policy evaluation iteration 4 [d_inf: 7.53598, time: 1.8358230590820312e-05 s]].
[policy evaluation iteration 5 [d_inf: 6.6950073, time: 1.811981201171875e-05 s]].
[policy evaluation iteration 6 [d_inf: 5.9849854, time: 1.7881393432617188e-05 s]].
[policy evaluation iteration 7 [d_inf: 5.368469, time: 1.8596649169921875e-05 s]].
[policy evaluation iteration 8 [d_inf: 4.8183594, time: 1.811981201171875e-05 s]].
[policy evaluation iteration 9 [d_inf: 4.3236084, time: 1.8596649169921875e-05 s]].
[policy evaluation iteration 10 [d_inf: 3.8827515, time: 1.811981201171875e-05 s]].
[policy evaluation iteration 11 [d_inf: 3.491455, time: 1.8596649169921875e-05 s]].
[policy evaluation iteration 12 [d_inf: 3.1392822, time: 1.8835067749023438e-05 s]].
[policy evaluation iteration 13 [d_inf: 2.8186035, time: 1.9073486328125e-05 s]].
[policy evaluation iteration 14 [d_inf: 2.527771, time: 1.8596649169921875e-05 s]].
[policy evaluation iteration 15 [d_inf: 2.265564, time: 1.8358230590820312e-05 s]].
[policy evaluation iteration 16 [d_inf: 2.0299683, time: 1.7881393432617188e-05 s]].
[policy evaluation iteration 17 [d_inf: 1.8189087, time: 1.7642974853515625e-05 s]].
[policy evaluation iteration 18 [d_inf: 1.630188, time: 1.7881393432617188e-05 s]].
[policy evaluation iteration 19 [d_inf: 1.4614868, time: 1.7881393432617188e-05 s]].
[policy evaluation iteration 20 [d_inf: 1.3109131, time: 1.7881393432617188e-05 s]].
[policy evaluation iteration 21 [d_inf: 1.1760864, time: 1.8596649169921875e-05 s]].
[policy evaluation iteration 22 [d_inf: 1.0557251, time: 1.8835067749023438e-05 s]].
[policy evaluation iteration 23 [d_inf: 0.94799805, time: 1.7881393432617188e-05 s]].
[policy evaluation iteration 24 [d_inf: 0.8515625, time: 1.7881393432617188e-05 s]].
[policy evaluation iteration 25 [d_inf: 0.7651367, time: 1.7642974853515625e-05 s]].
[policy evaluation iteration 26 [d_inf: 0.68774414, time: 1.8358230590820312e-05 s]].
[policy evaluation iteration 27 [d_inf: 0.61828613, time: 1.7881393432617188e-05 s]].
[policy evaluation iteration 28 [d_inf: 0.5559082, time: 1.8596649169921875e-05 s]].
[policy evaluation iteration 29 [d_inf: 0.49993896, time: 1.8596649169921875e-05 s]].
[policy evaluation iteration 30 [d_inf: 0.449646, time: 1.8596649169921875e-05 s]].
[policy evaluation iteration 31 [d_inf: 0.40454102, time: 1.8358230590820312e-05 s]].
[policy evaluation iteration 32 [d_inf: 0.3638916, time: 1.8596649169921875e-05 s]].
[policy evaluation iteration 33 [d_inf: 0.32739258, time: 1.811981201171875e-05 s]].
[policy evaluation iteration 34 [d_inf: 0.2946167, time: 1.811981201171875e-05 s]].
[policy evaluation iteration 35 [d_inf: 0.26513672, time: 1.8358230590820312e-05 s]].
[policy evaluation iteration 36 [d_inf: 0.23852539, time: 1.7881393432617188e-05 s]].
[policy evaluation iteration 37 [d_inf: 0.21472168, time: 1.8358230590820312e-05 s]].
[policy evaluation iteration 38 [d_inf: 0.19317627, time: 1.7881393432617188e-05 s]].
[policy evaluation iteration 39 [d_inf: 0.17388916, time: 1.8596649169921875e-05 s]].
[policy evaluation iteration 40 [d_inf: 0.15649414, time: 2.0503997802734375e-05 s]].
[policy evaluation iteration 41 [d_inf: 0.14086914, time: 1.7642974853515625e-05 s]].
[policy evaluation iteration 42 [d_inf: 0.12677002, time: 1.7881393432617188e-05 s]].
[policy evaluation iteration 43 [d_inf: 0.11407471, time: 1.811981201171875e-05 s]].
[policy evaluation iteration 44 [d_inf: 0.10266113, time: 1.7642974853515625e-05 s]].
[policy evaluation iteration 45 [d_inf: 0.09240723, time: 1.7642974853515625e-05 s]].
[policy evaluation iteration 46 [d_inf: 0.08319092, time: 1.811981201171875e-05 s]].
[policy evaluation iteration 47 [d_inf: 0.07489014, time: 1.8596649169921875e-05 s]].
[policy evaluation iteration 48 [d_inf: 0.06738281, time: 1.8596649169921875e-05 s]].
[policy evaluation iteration 49 [d_inf: 0.060668945, time: 1.7881393432617188e-05 s]].
[policy evaluation iteration 50 [d_inf: 0.054626465, time: 1.9073486328125e-05 s]].
[policy evaluation iteration 51 [d_inf: 0.049194336, time: 1.7881393432617188e-05 s]].
[policy evaluation iteration 52 [d_inf: 0.04425049, time: 1.7881393432617188e-05 s]].
[policy evaluation iteration 53 [d_inf: 0.039794922, time: 1.8358230590820312e-05 s]].
[policy evaluation iteration 54 [d_inf: 0.035888672, time: 1.7642974853515625e-05 s]].
[policy evaluation iteration 55 [d_inf: 0.03225708, time: 1.7642974853515625e-05 s]].
[policy evaluation iteration 56 [d_inf: 0.029052734, time: 1.8596649169921875e-05 s]].
[policy evaluation iteration 57 [d_inf: 0.026123047, time: 1.8596649169921875e-05 s]].
[policy evaluation iteration 58 [d_inf: 0.02355957, time: 1.7881393432617188e-05 s]].
[policy evaluation iteration 59 [d_inf: 0.021240234, time: 1.8358230590820312e-05 s]].
[policy evaluation iteration 60 [d_inf: 0.019104004, time: 1.811981201171875e-05 s]].
[policy evaluation iteration 61 [d_inf: 0.017211914, time: 1.811981201171875e-05 s]].
[policy evaluation iteration 62 [d_inf: 0.01550293, time: 1.7881393432617188e-05 s]].
[policy evaluation iteration 63 [d_inf: 0.013916016, time: 1.8358230590820312e-05 s]].
[policy evaluation iteration 64 [d_inf: 0.012573242, time: 1.811981201171875e-05 s]].
[policy evaluation iteration 65 [d_inf: 0.011291504, time: 1.7881393432617188e-05 s]].
[policy evaluation iteration 66 [d_inf: 0.010192871, time: 1.7881393432617188e-05 s]].
[policy evaluation iteration 67 [d_inf: 0.009155273, time: 1.811981201171875e-05 s]].
[policy evaluation iteration 68 [d_inf: 0.008300781, time: 1.8835067749023438e-05 s]].
[policy evaluation iteration 69 [d_inf: 0.007446289, time: 1.8358230590820312e-05 s]].
[policy evaluation iteration 70 [d_inf: 0.006713867, time: 1.7881393432617188e-05 s]].
[policy evaluation iteration 71 [d_inf: 0.0061035156, time: 1.7881393432617188e-05 s]].
[policy evaluation iteration 72 [d_inf: 0.005493164, time: 1.811981201171875e-05 s]].
[policy evaluation iteration 73 [d_inf: 0.0048828125, time: 1.7642974853515625e-05 s]].
[policy evaluation iteration 74 [d_inf: 0.0043945312, time: 1.8835067749023438e-05 s]].
[policy evaluation iteration 75 [d_inf: 0.0040283203, time: 1.811981201171875e-05 s]].
[policy evaluation iteration 76 [d_inf: 0.0036010742, time: 1.811981201171875e-05 s]].
[policy evaluation iteration 77 [d_inf: 0.0032348633, time: 1.7881393432617188e-05 s]].
[policy evaluation iteration 78 [d_inf: 0.0029296875, time: 1.9311904907226562e-05 s]].
[policy evaluation iteration 79 [d_inf: 0.0026855469, time: 1.7881393432617188e-05 s]].
[policy evaluation iteration 80 [d_inf: 0.002380371, time: 1.7881393432617188e-05 s]].
[policy evaluation iteration 81 [d_inf: 0.0021972656, time: 1.7881393432617188e-05 s]].
[policy evaluation iteration 82 [d_inf: 0.001953125, time: 1.811981201171875e-05 s]].
[policy evaluation iteration 83 [d_inf: 0.0017700195, time: 1.7404556274414062e-05 s]].
[policy evaluation iteration 84 [d_inf: 0.0015869141, time: 1.7881393432617188e-05 s]].
[policy evaluation iteration 85 [d_inf: 0.0014648438, time: 1.8596649169921875e-05 s]].
[policy evaluation iteration 86 [d_inf: 0.0013427734, time: 1.811981201171875e-05 s]].
[policy evaluation iteration 87 [d_inf: 0.0012207031, time: 1.811981201171875e-05 s]].
[policy evaluation iteration 88 [d_inf: 0.0010986328, time: 1.7642974853515625e-05 s]].
[policy evaluation iteration 89 [d_inf: 0.0009765625, time: 1.7642974853515625e-05 s]].
[policy evaluation iteration 90 [d_inf: 0.0008544922, time: 1.7642974853515625e-05 s]].
[policy evaluation iteration 91 [d_inf: 0.00079345703, time: 1.8358230590820312e-05 s]].
[policy evaluation iteration 92 [d_inf: 0.0007324219, time: 1.7642974853515625e-05 s]].
[policy evaluation iteration 93 [d_inf: 0.0006713867, time: 1.811981201171875e-05 s]].
[policy evaluation iteration 94 [d_inf: 0.00061035156, time: 1.811981201171875e-05 s]].
[policy evaluation iteration 95 [d_inf: 0.00061035156, time: 1.8358230590820312e-05 s]].
[policy evaluation iteration 96 [d_inf: 0.00048828125, time: 1.7881393432617188e-05 s]].
[policy evaluation iteration 97 [d_inf: 0.00048828125, time: 1.8358230590820312e-05 s]].
[policy evaluation iteration 98 [d_inf: 0.0004272461, time: 1.7881393432617188e-05 s]].
[policy evaluation iteration 99 [d_inf: 0.00036621094, time: 1.7881393432617188e-05 s]].
[policy evaluation iteration 100 [d_inf: 0.00036621094, time: 1.811981201171875e-05 s]].
[policy evaluation iteration 101 [d_inf: 0.00036621094, time: 1.8596649169921875e-05 s]].
[policy evaluation iteration 102 [d_inf: 0.00030517578, time: 1.7881393432617188e-05 s]].
[policy evaluation iteration 103 [d_inf: 0.00030517578, time: 1.8596649169921875e-05 s]].
[policy evaluation iteration 104 [d_inf: 0.00024414062, time: 1.811981201171875e-05 s]].
[policy evaluation iteration 105 [d_inf: 0.00024414062, time: 1.811981201171875e-05 s]].
[policy evaluation iteration 106 [d_inf: 0.00024414062, time: 1.8358230590820312e-05 s]].
[policy evaluation iteration 107 [d_inf: 0.00024414062, time: 1.7881393432617188e-05 s]].
[policy evaluation iteration 108 [d_inf: 0.00018310547, time: 1.8358230590820312e-05 s]].
[policy evaluation iteration 109 [d_inf: 0.00024414062, time: 1.8358230590820312e-05 s]].
[policy evaluation iteration 110 [d_inf: 0.00018310547, time: 1.811981201171875e-05 s]].
[policy evaluation iteration 111 [d_inf: 0.00018310547, time: 1.7881393432617188e-05 s]].
[policy evaluation iteration 112 [d_inf: 0.00018310547, time: 1.811981201171875e-05 s]].
[policy evaluation iteration 113 [d_inf: 0.00012207031, time: 1.8596649169921875e-05 s]].
[policy evaluation iteration 114 [d_inf: 0.00012207031, time: 1.8596649169921875e-05 s]].
[policy evaluation iteration 115 [d_inf: 0.00012207031, time: 1.8358230590820312e-05 s]].
[policy evaluation iteration 116 [d_inf: 0.00012207031, time: 1.8358230590820312e-05 s]].
[policy evaluation iteration 117 [d_inf: 0.00012207031, time: 1.8358230590820312e-05 s]].
[policy evaluation iteration 118 [d_inf: 0.00012207031, time: 1.7881393432617188e-05 s]].
[policy evaluation iteration 119 [d_inf: 0.00012207031, time: 1.811981201171875e-05 s]].
[policy evaluation iteration 120 [d_inf: 0.00012207031, time: 1.8596649169921875e-05 s]].
[policy evaluation iteration 121 [d_inf: 0.00012207031, time: 1.8358230590820312e-05 s]].
[policy evaluation iteration 122 [d_inf: 0.00012207031, time: 1.7881393432617188e-05 s]].
[policy evaluation iteration 123 [d_inf: 0.00012207031, time: 1.7881393432617188e-05 s]].
[policy evaluation iteration 124 [d_inf: 0.00012207031, time: 1.811981201171875e-05 s]].
[policy evaluation iteration 125 [d_inf: 0.00012207031, time: 1.7881393432617188e-05 s]].
[policy evaluation iteration 126 [d_inf: 0.00012207031, time: 1.7642974853515625e-05 s]].
[policy evaluation iteration 127 [d_inf: 0.00012207031, time: 1.7642974853515625e-05 s]].
[policy evaluation iteration 128 [d_inf: 0.00012207031, time: 1.7642974853515625e-05 s]].
[policy evaluation iteration 129 [d_inf: 0.00012207031, time: 1.7642974853515625e-05 s]].
[policy evaluation iteration 130 [d_inf: 0.00012207031, time: 1.7881393432617188e-05 s]].
[policy evaluation iteration 131 [d_inf: 0.00012207031, time: 1.7642974853515625e-05 s]].
[policy evaluation iteration 132 [d_inf: 0.00012207031, time: 1.811981201171875e-05 s]].
[policy evaluation iteration 133 [d_inf: 0.00012207031, time: 1.7404556274414062e-05 s]].
[policy evaluation iteration 134 [d_inf: 0.00012207031, time: 1.8358230590820312e-05 s]].
[policy evaluation iteration 135 [d_inf: 6.1035156e-05, time: 1.7404556274414062e-05 s]].
[policy improvement [policy_stable: False, d_inf: 6.1035156e-05, d_inf < tolerance_v: False, time: 0.0007827281951904297 s]].
---
[main iteration 3:]
[policy evaluation iteration 1 [d_inf: 3.0339355, time: 3.1948089599609375e-05 s]].
[policy evaluation iteration 2 [d_inf: 1.0496826, time: 1.9550323486328125e-05 s]].
[policy evaluation iteration 3 [d_inf: 0.4128418, time: 1.8358230590820312e-05 s]].
[policy evaluation iteration 4 [d_inf: 0.29266357, time: 1.9788742065429688e-05 s]].
[policy evaluation iteration 5 [d_inf: 0.24780273, time: 1.9311904907226562e-05 s]].
[policy evaluation iteration 6 [d_inf: 0.20983887, time: 1.8596649169921875e-05 s]].
[policy evaluation iteration 7 [d_inf: 0.18029785, time: 1.811981201171875e-05 s]].
[policy evaluation iteration 8 [d_inf: 0.15557861, time: 1.8596649169921875e-05 s]].
[policy evaluation iteration 9 [d_inf: 0.13726807, time: 1.8358230590820312e-05 s]].
[policy evaluation iteration 10 [d_inf: 0.12084961, time: 1.9311904907226562e-05 s]].
[policy evaluation iteration 11 [d_inf: 0.10418701, time: 1.8358230590820312e-05 s]].
[policy evaluation iteration 12 [d_inf: 0.08795166, time: 1.8358230590820312e-05 s]].
[policy evaluation iteration 13 [d_inf: 0.07342529, time: 1.8358230590820312e-05 s]].
[policy evaluation iteration 14 [d_inf: 0.06060791, time: 1.7881393432617188e-05 s]].
[policy evaluation iteration 15 [d_inf: 0.049926758, time: 1.8596649169921875e-05 s]].
[policy evaluation iteration 16 [d_inf: 0.041015625, time: 1.811981201171875e-05 s]].
[policy evaluation iteration 17 [d_inf: 0.033691406, time: 1.811981201171875e-05 s]].
[policy evaluation iteration 18 [d_inf: 0.027954102, time: 1.7881393432617188e-05 s]].
[policy evaluation iteration 19 [d_inf: 0.02319336, time: 1.811981201171875e-05 s]].
[policy evaluation iteration 20 [d_inf: 0.019348145, time: 1.811981201171875e-05 s]].
[policy evaluation iteration 21 [d_inf: 0.016357422, time: 1.811981201171875e-05 s]].
[policy evaluation iteration 22 [d_inf: 0.013916016, time: 1.7881393432617188e-05 s]].
[policy evaluation iteration 23 [d_inf: 0.01184082, time: 1.7642974853515625e-05 s]].
[policy evaluation iteration 24 [d_inf: 0.010253906, time: 1.7642974853515625e-05 s]].
[policy evaluation iteration 25 [d_inf: 0.008911133, time: 1.7881393432617188e-05 s]].
[policy evaluation iteration 26 [d_inf: 0.0076904297, time: 1.811981201171875e-05 s]].
[policy evaluation iteration 27 [d_inf: 0.0067749023, time: 1.7881393432617188e-05 s]].
[policy evaluation iteration 28 [d_inf: 0.0059814453, time: 1.7642974853515625e-05 s]].
[policy evaluation iteration 29 [d_inf: 0.0053100586, time: 1.811981201171875e-05 s]].
[policy evaluation iteration 30 [d_inf: 0.004699707, time: 1.7642974853515625e-05 s]].
[policy evaluation iteration 31 [d_inf: 0.004211426, time: 1.7881393432617188e-05 s]].
[policy evaluation iteration 32 [d_inf: 0.0037841797, time: 1.811981201171875e-05 s]].
[policy evaluation iteration 33 [d_inf: 0.0033569336, time: 1.8596649169921875e-05 s]].
[policy evaluation iteration 34 [d_inf: 0.0030517578, time: 1.811981201171875e-05 s]].
[policy evaluation iteration 35 [d_inf: 0.0026855469, time: 1.7642974853515625e-05 s]].
[policy evaluation iteration 36 [d_inf: 0.0024414062, time: 1.7642974853515625e-05 s]].
[policy evaluation iteration 37 [d_inf: 0.0021972656, time: 1.7881393432617188e-05 s]].
[policy evaluation iteration 38 [d_inf: 0.001953125, time: 1.8358230590820312e-05 s]].
[policy evaluation iteration 39 [d_inf: 0.0017700195, time: 1.811981201171875e-05 s]].
[policy evaluation iteration 40 [d_inf: 0.0015869141, time: 1.811981201171875e-05 s]].
[policy evaluation iteration 41 [d_inf: 0.0014648438, time: 1.7881393432617188e-05 s]].
[policy evaluation iteration 42 [d_inf: 0.0013427734, time: 1.8835067749023438e-05 s]].
[policy evaluation iteration 43 [d_inf: 0.0012207031, time: 1.7881393432617188e-05 s]].
[policy evaluation iteration 44 [d_inf: 0.0010986328, time: 1.811981201171875e-05 s]].
[policy evaluation iteration 45 [d_inf: 0.0009765625, time: 1.8358230590820312e-05 s]].
[policy evaluation iteration 46 [d_inf: 0.0008544922, time: 1.7881393432617188e-05 s]].
[policy evaluation iteration 47 [d_inf: 0.0008544922, time: 1.811981201171875e-05 s]].
[policy evaluation iteration 48 [d_inf: 0.0007324219, time: 1.811981201171875e-05 s]].
[policy evaluation iteration 49 [d_inf: 0.0006713867, time: 1.811981201171875e-05 s]].
[policy evaluation iteration 50 [d_inf: 0.00061035156, time: 1.811981201171875e-05 s]].
[policy evaluation iteration 51 [d_inf: 0.00061035156, time: 1.7642974853515625e-05 s]].
[policy evaluation iteration 52 [d_inf: 0.0005493164, time: 1.811981201171875e-05 s]].
[policy evaluation iteration 53 [d_inf: 0.00048828125, time: 1.7642974853515625e-05 s]].
[policy evaluation iteration 54 [d_inf: 0.0004272461, time: 1.7881393432617188e-05 s]].
[policy evaluation iteration 55 [d_inf: 0.00036621094, time: 1.7881393432617188e-05 s]].
[policy evaluation iteration 56 [d_inf: 0.00036621094, time: 1.8358230590820312e-05 s]].
[policy evaluation iteration 57 [d_inf: 0.00036621094, time: 1.8358230590820312e-05 s]].
[policy evaluation iteration 58 [d_inf: 0.00030517578, time: 1.811981201171875e-05 s]].
[policy evaluation iteration 59 [d_inf: 0.00030517578, time: 1.7881393432617188e-05 s]].
[policy evaluation iteration 60 [d_inf: 0.00024414062, time: 1.8358230590820312e-05 s]].
[policy evaluation iteration 61 [d_inf: 0.00024414062, time: 1.8358230590820312e-05 s]].
[policy evaluation iteration 62 [d_inf: 0.00024414062, time: 1.8358230590820312e-05 s]].
[policy evaluation iteration 63 [d_inf: 0.00024414062, time: 1.811981201171875e-05 s]].
[policy evaluation iteration 64 [d_inf: 0.00024414062, time: 1.811981201171875e-05 s]].
[policy evaluation iteration 65 [d_inf: 0.00018310547, time: 1.7642974853515625e-05 s]].
[policy evaluation iteration 66 [d_inf: 0.00018310547, time: 1.7642974853515625e-05 s]].
[policy evaluation iteration 67 [d_inf: 0.00018310547, time: 1.8596649169921875e-05 s]].
[policy evaluation iteration 68 [d_inf: 0.00012207031, time: 1.8358230590820312e-05 s]].
[policy evaluation iteration 69 [d_inf: 0.00012207031, time: 1.7881393432617188e-05 s]].
[policy evaluation iteration 70 [d_inf: 0.00012207031, time: 1.7881393432617188e-05 s]].
[policy evaluation iteration 71 [d_inf: 0.00012207031, time: 1.7642974853515625e-05 s]].
[policy evaluation iteration 72 [d_inf: 0.00012207031, time: 1.811981201171875e-05 s]].
[policy evaluation iteration 73 [d_inf: 0.00012207031, time: 1.811981201171875e-05 s]].
[policy evaluation iteration 74 [d_inf: 0.00012207031, time: 1.7642974853515625e-05 s]].
[policy evaluation iteration 75 [d_inf: 0.00012207031, time: 1.8358230590820312e-05 s]].
[policy evaluation iteration 76 [d_inf: 0.00012207031, time: 2.1457672119140625e-05 s]].
[policy evaluation iteration 77 [d_inf: 0.00012207031, time: 1.7642974853515625e-05 s]].
[policy evaluation iteration 78 [d_inf: 0.00012207031, time: 1.8596649169921875e-05 s]].
[policy evaluation iteration 79 [d_inf: 0.00012207031, time: 1.811981201171875e-05 s]].
[policy evaluation iteration 80 [d_inf: 0.00012207031, time: 1.7881393432617188e-05 s]].
[policy evaluation iteration 81 [d_inf: 0.00012207031, time: 1.7404556274414062e-05 s]].
[policy evaluation iteration 82 [d_inf: 0.00012207031, time: 1.8358230590820312e-05 s]].
[policy evaluation iteration 83 [d_inf: 0.00012207031, time: 1.8358230590820312e-05 s]].
[policy evaluation iteration 84 [d_inf: 0.00012207031, time: 1.7404556274414062e-05 s]].
[policy evaluation iteration 85 [d_inf: 0.00012207031, time: 1.811981201171875e-05 s]].
[policy evaluation iteration 86 [d_inf: 0.00012207031, time: 1.7642974853515625e-05 s]].
[policy evaluation iteration 87 [d_inf: 0.00012207031, time: 1.811981201171875e-05 s]].
[policy evaluation iteration 88 [d_inf: 0.00012207031, time: 1.811981201171875e-05 s]].
[policy evaluation iteration 89 [d_inf: 0.00012207031, time: 1.8358230590820312e-05 s]].
[policy evaluation iteration 90 [d_inf: 0.00012207031, time: 1.8358230590820312e-05 s]].
[policy evaluation iteration 91 [d_inf: 0.00012207031, time: 1.7881393432617188e-05 s]].
[policy evaluation iteration 92 [d_inf: 0.00012207031, time: 1.7881393432617188e-05 s]].
[policy evaluation iteration 93 [d_inf: 0.00012207031, time: 1.7881393432617188e-05 s]].
[policy evaluation iteration 94 [d_inf: 0.00012207031, time: 1.7404556274414062e-05 s]].
[policy evaluation iteration 95 [d_inf: 0.00012207031, time: 1.7881393432617188e-05 s]].
[policy evaluation iteration 96 [d_inf: 6.1035156e-05, time: 1.8358230590820312e-05 s]].
[policy improvement [policy_stable: False, d_inf: 6.1035156e-05, d_inf < tolerance_v: False, time: 0.0007903575897216797 s]].
---
[main iteration 4:]
[policy evaluation iteration 1 [d_inf: 0.2109375, time: 2.0265579223632812e-05 s]].
[policy evaluation iteration 2 [d_inf: 0.01928711, time: 1.8596649169921875e-05 s]].
[policy evaluation iteration 3 [d_inf: 0.0053710938, time: 1.811981201171875e-05 s]].
[policy evaluation iteration 4 [d_inf: 0.0037841797, time: 1.8596649169921875e-05 s]].
[policy evaluation iteration 5 [d_inf: 0.002746582, time: 1.8596649169921875e-05 s]].
[policy evaluation iteration 6 [d_inf: 0.001953125, time: 1.8596649169921875e-05 s]].
[policy evaluation iteration 7 [d_inf: 0.0014648438, time: 1.811981201171875e-05 s]].
[policy evaluation iteration 8 [d_inf: 0.0010986328, time: 1.7881393432617188e-05 s]].
[policy evaluation iteration 9 [d_inf: 0.0009765625, time: 1.8358230590820312e-05 s]].
[policy evaluation iteration 10 [d_inf: 0.0006713867, time: 1.8596649169921875e-05 s]].
[policy evaluation iteration 11 [d_inf: 0.00061035156, time: 1.7881393432617188e-05 s]].
[policy evaluation iteration 12 [d_inf: 0.0004272461, time: 1.8358230590820312e-05 s]].
[policy evaluation iteration 13 [d_inf: 0.00036621094, time: 1.7642974853515625e-05 s]].
[policy evaluation iteration 14 [d_inf: 0.00030517578, time: 1.7881393432617188e-05 s]].
[policy evaluation iteration 15 [d_inf: 0.00024414062, time: 1.811981201171875e-05 s]].
[policy evaluation iteration 16 [d_inf: 0.00018310547, time: 1.811981201171875e-05 s]].
[policy evaluation iteration 17 [d_inf: 0.00024414062, time: 1.7881393432617188e-05 s]].
[policy evaluation iteration 18 [d_inf: 0.00018310547, time: 1.811981201171875e-05 s]].
[policy evaluation iteration 19 [d_inf: 0.00012207031, time: 1.8358230590820312e-05 s]].
[policy evaluation iteration 20 [d_inf: 0.00012207031, time: 1.7881393432617188e-05 s]].
[policy evaluation iteration 21 [d_inf: 0.00012207031, time: 1.8596649169921875e-05 s]].
[policy evaluation iteration 22 [d_inf: 0.00012207031, time: 1.811981201171875e-05 s]].
[policy evaluation iteration 23 [d_inf: 0.00012207031, time: 1.8358230590820312e-05 s]].
[policy evaluation iteration 24 [d_inf: 0.00012207031, time: 1.7642974853515625e-05 s]].
[policy evaluation iteration 25 [d_inf: 0.00012207031, time: 1.7642974853515625e-05 s]].
[policy evaluation iteration 26 [d_inf: 0.00012207031, time: 1.7881393432617188e-05 s]].
[policy evaluation iteration 27 [d_inf: 0.00012207031, time: 1.7642974853515625e-05 s]].
[policy evaluation iteration 28 [d_inf: 0.00012207031, time: 1.7404556274414062e-05 s]].
[policy evaluation iteration 29 [d_inf: 0.00012207031, time: 2.6702880859375e-05 s]].
[policy evaluation iteration 30 [d_inf: 0.00012207031, time: 1.8596649169921875e-05 s]].
[policy evaluation iteration 31 [d_inf: 0.00012207031, time: 1.811981201171875e-05 s]].
[policy evaluation iteration 32 [d_inf: 6.1035156e-05, time: 1.7881393432617188e-05 s]].
[policy improvement [policy_stable: True, d_inf: 6.1035156e-05, d_inf < tolerance_v: False, time: 0.0007791519165039062 s]].
JCR PI CONTRACTION CUDA REDUCEMAX DONE. [d_inf: 6.1035156e-05, main iterations: 4, evaluation iterations total: 406, time: 0.0480036735534668 s]
JCR PI CONTRACTION CUDA GRIDSYNC... [gamma: 0.9, eps: 0.0001, tolerance_v: 1e-07, tpb: 512, assumed max_bpg_gridsync: None]
[discovered max_bpg_gridsync: 170; time: 9.131431579589844e-05 s]
[kernel eval -> bpg: 170 (cooperative group), tpb: 512, spb: 3]
[kernel improve -> bpg: 441 (implied by number of states), tpb: 512]
---
[main iteration 1:]
[policy evaluation iterations 143 [d_inf: 6.1035156e-05, time: 0.010597944259643555 s]].
[policy improvement [policy_stable: False, d_inf: 6.1035156e-05, d_inf < tolerance_v: False, time: 0.0008139610290527344 s]].
---
[main iteration 2:]
[policy evaluation iterations 135 [d_inf: 6.1035156e-05, time: 0.009927749633789062 s]].
[policy improvement [policy_stable: False, d_inf: 6.1035156e-05, d_inf < tolerance_v: False, time: 0.0007977485656738281 s]].
---
[main iteration 3:]
[policy evaluation iterations 96 [d_inf: 6.1035156e-05, time: 0.007070779800415039 s]].
[policy improvement [policy_stable: False, d_inf: 6.1035156e-05, d_inf < tolerance_v: False, time: 0.0007905960083007812 s]].
---
[main iteration 4:]
[policy evaluation iterations 32 [d_inf: 6.1035156e-05, time: 0.002387523651123047 s]].
[policy improvement [policy_stable: True, d_inf: 6.1035156e-05, d_inf < tolerance_v: False, time: 0.0007810592651367188 s]].
JCR PI CONTRACTION CUDA GRIDSYNC DONE. [d_inf: 6.1035156e-05, main iterations: 4, evaluation iterations total: 406, time: 0.033776044845581055 s]
JACK'S CAR RENTAL DONE. [hash string: TODO, time: 11.83862590789795 s]
